INFO - 05/31/26 00:12:42 - 0:00:00 - Starting DML MVSA training...
INFO - 05/31/26 00:13:06 - 0:00:24 - Epoch 0: Total Loss: 3.1097
INFO - 05/31/26 00:13:25 - 0:00:43 - Validation: Loss: 0.98962 | Acc: 0.51252
INFO - 05/31/26 00:13:25 - 0:00:43 - *** NEW BEST MODEL *** Epoch 0 | Acc: 0.5125
INFO - 05/31/26 00:13:50 - 0:01:08 - Epoch 1: Total Loss: 2.8941
INFO - 05/31/26 00:14:08 - 0:01:27 - Validation: Loss: 0.96154 | Acc: 0.51252
INFO - 05/31/26 00:14:32 - 0:01:50 - Epoch 2: Total Loss: 2.8130
INFO - 05/31/26 00:14:51 - 0:02:09 - Validation: Loss: 0.93386 | Acc: 0.51638
INFO - 05/31/26 00:14:51 - 0:02:09 - *** NEW BEST MODEL *** Epoch 2 | Acc: 0.5164
INFO - 05/31/26 00:15:27 - 0:02:46 - Epoch 3: Total Loss: 2.6758
INFO - 05/31/26 00:15:47 - 0:03:05 - Validation: Loss: 0.82313 | Acc: 0.63584
INFO - 05/31/26 00:15:47 - 0:03:05 - *** NEW BEST MODEL *** Epoch 3 | Acc: 0.6358
INFO - 05/31/26 00:16:28 - 0:03:47 - Epoch 4: Total Loss: 1.8754
INFO - 05/31/26 00:16:50 - 0:04:08 - Validation: Loss: 0.78296 | Acc: 0.66281
INFO - 05/31/26 00:16:50 - 0:04:08 - *** NEW BEST MODEL *** Epoch 4 | Acc: 0.6628
INFO - 05/31/26 00:22:28 - 0:09:46 - Epoch 5: Total Loss: 1.1973
INFO - 05/31/26 00:23:06 - 0:10:24 - Validation: Loss: 0.69679 | Acc: 0.72254
INFO - 05/31/26 00:23:06 - 0:10:24 - *** NEW BEST MODEL *** Epoch 5 | Acc: 0.7225
INFO - 05/31/26 00:28:52 - 0:16:10 - Epoch 6: Total Loss: 0.7008
INFO - 05/31/26 00:29:31 - 0:16:49 - Validation: Loss: 0.62410 | Acc: 0.76686
INFO - 05/31/26 00:29:31 - 0:16:49 - *** NEW BEST MODEL *** Epoch 6 | Acc: 0.7669
INFO - 05/31/26 00:35:08 - 0:22:27 - Epoch 7: Total Loss: 0.5003
INFO - 05/31/26 00:35:36 - 0:22:54 - Validation: Loss: 0.60780 | Acc: 0.78035
INFO - 05/31/26 00:35:36 - 0:22:54 - *** NEW BEST MODEL *** Epoch 7 | Acc: 0.7803
INFO - 05/31/26 00:41:10 - 0:28:28 - Epoch 8: Total Loss: 0.3585
INFO - 05/31/26 00:41:50 - 0:29:08 - Validation: Loss: 0.70070 | Acc: 0.78420
INFO - 05/31/26 00:41:50 - 0:29:08 - *** NEW BEST MODEL *** Epoch 8 | Acc: 0.7842
INFO - 05/31/26 00:47:23 - 0:34:41 - Epoch 9: Total Loss: 0.1871
INFO - 05/31/26 00:48:03 - 0:35:21 - Validation: Loss: 0.68419 | Acc: 0.78227
INFO - 05/31/26 00:53:33 - 0:40:51 - Epoch 10: Total Loss: 0.0934
INFO - 05/31/26 00:54:11 - 0:41:29 - Validation: Loss: 0.69919 | Acc: 0.79769
INFO - 05/31/26 00:54:11 - 0:41:29 - *** NEW BEST MODEL *** Epoch 10 | Acc: 0.7977
INFO - 05/31/26 00:59:46 - 0:47:04 - Epoch 11: Total Loss: 0.0950
INFO - 05/31/26 01:00:26 - 0:47:44 - Validation: Loss: 0.68360 | Acc: 0.79769
INFO - 05/31/26 01:05:56 - 0:53:14 - Epoch 12: Total Loss: 0.0854
INFO - 05/31/26 01:06:24 - 0:53:42 - Validation: Loss: 0.80665 | Acc: 0.78035
INFO - 05/31/26 01:11:55 - 0:59:13 - Epoch 13: Total Loss: 0.0551
INFO - 05/31/26 01:12:34 - 0:59:52 - Validation: Loss: 0.78857 | Acc: 0.78805
INFO - 05/31/26 01:18:03 - 1:05:22 - Epoch 14: Total Loss: 0.0764
INFO - 05/31/26 01:18:42 - 1:06:00 - Validation: Loss: 0.77672 | Acc: 0.79961
INFO - 05/31/26 01:18:42 - 1:06:00 - *** NEW BEST MODEL *** Epoch 14 | Acc: 0.7996
INFO - 05/31/26 01:24:16 - 1:11:34 - Epoch 15: Total Loss: 0.0558
INFO - 05/31/26 01:24:55 - 1:12:13 - Validation: Loss: 0.73655 | Acc: 0.79769
INFO - 05/31/26 01:30:28 - 1:17:46 - Epoch 16: Total Loss: 0.0554
INFO - 05/31/26 01:31:07 - 1:18:25 - Validation: Loss: 0.80615 | Acc: 0.78227
INFO - 05/31/26 01:36:40 - 1:23:58 - Epoch 17: Total Loss: 0.0405
INFO - 05/31/26 01:37:18 - 1:24:36 - Validation: Loss: 0.74333 | Acc: 0.79961
INFO - 05/31/26 01:42:44 - 1:30:03 - Epoch 18: Total Loss: 0.0193
INFO - 05/31/26 01:43:12 - 1:30:30 - Validation: Loss: 0.76550 | Acc: 0.79383
INFO - 05/31/26 01:48:42 - 1:36:00 - Epoch 19: Total Loss: 0.0161
INFO - 05/31/26 01:49:20 - 1:36:38 - Validation: Loss: 0.78828 | Acc: 0.79769
INFO - 05/31/26 01:54:54 - 1:42:12 - Epoch 20: Total Loss: 0.0172
INFO - 05/31/26 01:55:32 - 1:42:50 - Validation: Loss: 0.79972 | Acc: 0.78998
INFO - 05/31/26 02:01:08 - 1:48:26 - Epoch 21: Total Loss: 0.0137
INFO - 05/31/26 02:01:49 - 1:49:07 - Validation: Loss: 0.76984 | Acc: 0.79576
INFO - 05/31/26 02:07:19 - 1:54:37 - Epoch 22: Total Loss: 0.0158
INFO - 05/31/26 02:07:57 - 1:55:16 - Validation: Loss: 0.83629 | Acc: 0.78998
INFO - 05/31/26 02:13:31 - 2:00:49 - Epoch 23: Total Loss: 0.0163
INFO - 05/31/26 02:14:09 - 2:01:27 - Validation: Loss: 0.75167 | Acc: 0.79769
INFO - 05/31/26 02:19:38 - 2:06:56 - Epoch 24: Total Loss: 0.0199
INFO - 05/31/26 02:20:17 - 2:07:35 - Validation: Loss: 0.75997 | Acc: 0.79769
INFO - 05/31/26 02:25:48 - 2:13:06 - Epoch 25: Total Loss: 0.0196
INFO - 05/31/26 02:26:26 - 2:13:44 - Validation: Loss: 0.79698 | Acc: 0.79961
INFO - 05/31/26 02:31:57 - 2:19:15 - Epoch 26: Total Loss: 0.0367
INFO - 05/31/26 02:32:39 - 2:19:57 - Validation: Loss: 0.79344 | Acc: 0.79961
INFO - 05/31/26 02:38:10 - 2:25:28 - Epoch 27: Total Loss: 0.0437
INFO - 05/31/26 02:38:48 - 2:26:06 - Validation: Loss: 0.76992 | Acc: 0.80347
INFO - 05/31/26 02:38:48 - 2:26:06 - *** NEW BEST MODEL *** Epoch 27 | Acc: 0.8035
INFO - 05/31/26 02:44:25 - 2:31:43 - Epoch 28: Total Loss: 0.0223
INFO - 05/31/26 02:45:03 - 2:32:22 - Validation: Loss: 0.77630 | Acc: 0.79383
INFO - 05/31/26 02:50:38 - 2:37:57 - Epoch 29: Total Loss: 0.0190
INFO - 05/31/26 02:51:17 - 2:38:35 - Validation: Loss: 0.77962 | Acc: 0.79769
INFO - 05/31/26 02:56:45 - 2:44:04 - Epoch 30: Total Loss: 0.0370
INFO - 05/31/26 02:57:24 - 2:44:42 - Validation: Loss: 0.78227 | Acc: 0.79191
INFO - 05/31/26 03:02:55 - 2:50:13 - Epoch 31: Total Loss: 0.0493
INFO - 05/31/26 03:03:33 - 2:50:52 - Validation: Loss: 0.80471 | Acc: 0.79383
INFO - 05/31/26 03:09:06 - 2:56:25 - Epoch 32: Total Loss: 0.0244
INFO - 05/31/26 03:09:45 - 2:57:03 - Validation: Loss: 0.77457 | Acc: 0.79961
INFO - 05/31/26 03:15:14 - 3:02:32 - Epoch 33: Total Loss: 0.0120
INFO - 05/31/26 03:15:53 - 3:03:11 - Validation: Loss: 0.78010 | Acc: 0.79576
INFO - 05/31/26 03:21:27 - 3:08:45 - Epoch 34: Total Loss: 0.0158
INFO - 05/31/26 03:22:05 - 3:09:24 - Validation: Loss: 0.79376 | Acc: 0.79769
INFO - 05/31/26 03:27:37 - 3:14:55 - Epoch 35: Total Loss: 0.0122
INFO - 05/31/26 03:28:15 - 3:15:33 - Validation: Loss: 0.77965 | Acc: 0.79769
INFO - 05/31/26 03:33:50 - 3:21:09 - Epoch 36: Total Loss: 0.0691
INFO - 05/31/26 03:34:29 - 3:21:47 - Validation: Loss: 0.79262 | Acc: 0.79769
INFO - 05/31/26 03:39:59 - 3:27:17 - Epoch 37: Total Loss: 0.0146
INFO - 05/31/26 03:40:37 - 3:27:56 - Validation: Loss: 0.78135 | Acc: 0.80154
INFO - 05/31/26 03:46:05 - 3:33:23 - Epoch 38: Total Loss: 0.0624
INFO - 05/31/26 03:46:47 - 3:34:06 - Validation: Loss: 0.80729 | Acc: 0.80347
INFO - 05/31/26 03:52:19 - 3:39:37 - Epoch 39: Total Loss: 0.0512
INFO - 05/31/26 03:52:57 - 3:40:16 - Validation: Loss: 0.80146 | Acc: 0.79383
INFO - 05/31/26 03:58:31 - 3:45:49 - Epoch 40: Total Loss: 0.0355
INFO - 05/31/26 03:59:09 - 3:46:28 - Validation: Loss: 0.77694 | Acc: 0.79961
INFO - 05/31/26 04:04:37 - 3:51:55 - Epoch 41: Total Loss: 0.0121
INFO - 05/31/26 04:05:05 - 3:52:23 - Validation: Loss: 0.77329 | Acc: 0.79383
INFO - 05/31/26 04:10:33 - 3:57:51 - Epoch 42: Total Loss: 0.0173
INFO - 05/31/26 04:11:11 - 3:58:29 - Validation: Loss: 0.78925 | Acc: 0.79576
INFO - 05/31/26 04:11:11 - 3:58:29 - No improvement for 15 epochs. Stopping early.
INFO - 05/31/26 04:11:11 - 3:58:29 - Loading best model for final robust evaluation...
INFO - 05/31/26 04:11:12 - 3:58:30 - --- Evaluating: Clean Test ---
INFO - 05/31/26 04:11:53 - 3:59:11 - Clean Test: Loss: 0.76992 | Acc: 0.80347
INFO - 05/31/26 04:11:53 - 3:59:11 - --- Evaluating: Gaussian (Lvl 5.0) ---
INFO - 05/31/26 04:12:33 - 3:59:51 - Gaussian (Lvl 5.0): Loss: 0.91597 | Acc: 0.72832
INFO - 05/31/26 04:12:33 - 3:59:51 - --- Evaluating: Gaussian (Lvl 10.0) ---
INFO - 05/31/26 04:13:14 - 4:00:32 - Gaussian (Lvl 10.0): Loss: 1.11473 | Acc: 0.64355
INFO - 05/31/26 04:13:14 - 4:00:32 - --- Evaluating: Salt & Pepper (Lvl 5.0) ---
INFO - 05/31/26 04:13:54 - 4:01:12 - Salt & Pepper (Lvl 5.0): Loss: 0.88026 | Acc: 0.75530
INFO - 05/31/26 04:13:54 - 4:01:12 - --- Evaluating: Salt & Pepper (Lvl 10.0) ---
INFO - 05/31/26 04:14:34 - 4:01:52 - Salt & Pepper (Lvl 10.0): Loss: 1.12116 | Acc: 0.63391
INFO - 05/31/26 04:14:34 - 4:01:52 - 
                                     ============================================================
INFO - 05/31/26 04:14:34 - 4:01:52 -       FINAL ROBUSTNESS EVALUATION RESULTS ON TEST SET       
INFO - 05/31/26 04:14:34 - 4:01:52 - ============================================================
INFO - 05/31/26 04:14:34 - 4:01:52 - | Test Scenario                       | Score (Acc)        |
INFO - 05/31/26 04:14:34 - 4:01:52 - |-------------------------------------|--------------------|
INFO - 05/31/26 04:14:34 - 4:01:52 - | Clean Test                          |             0.8035 |
INFO - 05/31/26 04:14:34 - 4:01:52 - | Gaussian (Lvl 5.0)                  |             0.7283 |
INFO - 05/31/26 04:14:34 - 4:01:52 - | Gaussian (Lvl 10.0)                 |             0.6435 |
INFO - 05/31/26 04:14:34 - 4:01:52 - | Salt & Pepper (Lvl 5.0)             |             0.7553 |
INFO - 05/31/26 04:14:34 - 4:01:52 - | Salt & Pepper (Lvl 10.0)            |             0.6339 |
INFO - 05/31/26 04:14:34 - 4:01:52 - ============================================================
                                     
INFO - 05/31/26 04:14:34 - 4:01:52 - Saved final results to e:\Paper_Experiment\DML\DML_v1\MVSA_v1\savepath\dml_mvsa\final_results.json
INFO - 05/31/26 04:14:34 - 4:01:52 - Appended experiment record to e:\Paper_Experiment\DML\DML_v1\MVSA_v1\savepath\all_experiments.json
INFO - 05/31/26 23:47:39 - 0:00:00 - Starting DML MVSA training...
INFO - 05/31/26 23:48:03 - 0:00:25 - Epoch 0: Total Loss: 3.1097
INFO - 05/31/26 23:48:23 - 0:00:44 - Validation: Loss: 0.98962 | Acc: 0.51252
INFO - 05/31/26 23:48:23 - 0:00:44 - *** NEW BEST MODEL *** Epoch 0 | Acc: 0.5125
INFO - 05/31/26 23:48:49 - 0:01:10 - Epoch 1: Total Loss: 2.8941
INFO - 05/31/26 23:49:08 - 0:01:30 - Validation: Loss: 0.96154 | Acc: 0.51252
INFO - 05/31/26 23:49:35 - 0:01:56 - Epoch 2: Total Loss: 2.8130
INFO - 05/31/26 23:49:57 - 0:02:18 - Validation: Loss: 0.93386 | Acc: 0.51638
INFO - 05/31/26 23:49:57 - 0:02:18 - *** NEW BEST MODEL *** Epoch 2 | Acc: 0.5164
INFO - 05/31/26 23:50:37 - 0:02:58 - Epoch 3: Total Loss: 2.6758
INFO - 05/31/26 23:50:59 - 0:03:21 - Validation: Loss: 0.82313 | Acc: 0.63584
INFO - 05/31/26 23:50:59 - 0:03:21 - *** NEW BEST MODEL *** Epoch 3 | Acc: 0.6358
INFO - 05/31/26 23:51:40 - 0:04:01 - Epoch 4: Total Loss: 1.8754
INFO - 05/31/26 23:52:00 - 0:04:21 - Validation: Loss: 0.78296 | Acc: 0.66281
INFO - 05/31/26 23:52:00 - 0:04:21 - *** NEW BEST MODEL *** Epoch 4 | Acc: 0.6628
INFO - 05/31/26 23:57:23 - 0:09:45 - Epoch 5: Total Loss: 1.1964
INFO - 05/31/26 23:58:01 - 0:10:23 - Validation: Loss: 0.71624 | Acc: 0.71098
INFO - 05/31/26 23:58:01 - 0:10:23 - *** NEW BEST MODEL *** Epoch 5 | Acc: 0.7110
INFO - 06/01/26 00:03:25 - 0:15:46 - Epoch 6: Total Loss: 0.7208
INFO - 06/01/26 00:04:03 - 0:16:24 - Validation: Loss: 0.64165 | Acc: 0.74952
INFO - 06/01/26 00:04:03 - 0:16:24 - *** NEW BEST MODEL *** Epoch 6 | Acc: 0.7495
INFO - 06/01/26 00:09:31 - 0:21:53 - Epoch 7: Total Loss: 0.4718
INFO - 06/01/26 00:09:59 - 0:22:20 - Validation: Loss: 0.63129 | Acc: 0.77649
INFO - 06/01/26 00:09:59 - 0:22:20 - *** NEW BEST MODEL *** Epoch 7 | Acc: 0.7765
INFO - 06/01/26 00:15:20 - 0:27:42 - Epoch 8: Total Loss: 0.3054
INFO - 06/01/26 00:16:00 - 0:28:22 - Validation: Loss: 0.68879 | Acc: 0.77071
INFO - 06/01/26 00:21:19 - 0:33:40 - Epoch 9: Total Loss: 0.1741
INFO - 06/01/26 00:21:58 - 0:34:20 - Validation: Loss: 0.63858 | Acc: 0.78805
INFO - 06/01/26 00:21:58 - 0:34:20 - *** NEW BEST MODEL *** Epoch 9 | Acc: 0.7881
INFO - 06/01/26 00:27:19 - 0:39:40 - Epoch 10: Total Loss: 0.0923
INFO - 06/01/26 00:27:57 - 0:40:18 - Validation: Loss: 0.64614 | Acc: 0.79961
INFO - 06/01/26 00:27:57 - 0:40:18 - *** NEW BEST MODEL *** Epoch 10 | Acc: 0.7996
INFO - 06/01/26 00:33:20 - 0:45:41 - Epoch 11: Total Loss: 0.0870
INFO - 06/01/26 00:34:00 - 0:46:21 - Validation: Loss: 0.67594 | Acc: 0.80539
INFO - 06/01/26 00:34:00 - 0:46:21 - *** NEW BEST MODEL *** Epoch 11 | Acc: 0.8054
INFO - 06/01/26 00:39:23 - 0:51:44 - Epoch 12: Total Loss: 0.0822
INFO - 06/01/26 00:39:50 - 0:52:12 - Validation: Loss: 0.71906 | Acc: 0.78420
INFO - 06/01/26 00:45:10 - 0:57:32 - Epoch 13: Total Loss: 0.0761
INFO - 06/01/26 00:45:48 - 0:58:10 - Validation: Loss: 0.80678 | Acc: 0.78420
INFO - 06/01/26 00:51:06 - 1:03:28 - Epoch 14: Total Loss: 0.1500
INFO - 06/01/26 00:51:45 - 1:04:07 - Validation: Loss: 0.66640 | Acc: 0.77842
INFO - 06/01/26 00:57:05 - 1:09:26 - Epoch 15: Total Loss: 0.0785
INFO - 06/01/26 00:57:43 - 1:10:05 - Validation: Loss: 0.67360 | Acc: 0.79961
INFO - 06/01/26 01:03:04 - 1:15:26 - Epoch 16: Total Loss: 0.0589
INFO - 06/01/26 01:03:42 - 1:16:04 - Validation: Loss: 0.73516 | Acc: 0.78805
INFO - 06/01/26 01:09:01 - 1:21:22 - Epoch 17: Total Loss: 0.0433
INFO - 06/01/26 01:09:39 - 1:22:00 - Validation: Loss: 0.70825 | Acc: 0.80154
INFO - 06/01/26 01:14:53 - 1:27:14 - Epoch 18: Total Loss: 0.0212
INFO - 06/01/26 01:15:20 - 1:27:42 - Validation: Loss: 0.72226 | Acc: 0.80539
INFO - 06/01/26 01:20:37 - 1:32:59 - Epoch 19: Total Loss: 0.0294
INFO - 06/01/26 01:21:18 - 1:33:39 - Validation: Loss: 0.80953 | Acc: 0.78420
INFO - 06/01/26 01:26:38 - 1:39:00 - Epoch 20: Total Loss: 0.0180
INFO - 06/01/26 01:27:16 - 1:39:38 - Validation: Loss: 0.79345 | Acc: 0.79191
INFO - 06/01/26 01:32:39 - 1:45:01 - Epoch 21: Total Loss: 0.0152
INFO - 06/01/26 01:33:18 - 1:45:39 - Validation: Loss: 0.75229 | Acc: 0.79383
INFO - 06/01/26 01:38:34 - 1:50:55 - Epoch 22: Total Loss: 0.0127
INFO - 06/01/26 01:39:12 - 1:51:33 - Validation: Loss: 0.80252 | Acc: 0.78998
INFO - 06/01/26 01:44:32 - 1:56:53 - Epoch 23: Total Loss: 0.0138
INFO - 06/01/26 01:45:10 - 1:57:31 - Validation: Loss: 0.73983 | Acc: 0.80154
INFO - 06/01/26 01:50:27 - 2:02:48 - Epoch 24: Total Loss: 0.0171
INFO - 06/01/26 01:51:07 - 2:03:28 - Validation: Loss: 0.75229 | Acc: 0.79383
INFO - 06/01/26 01:56:26 - 2:08:47 - Epoch 25: Total Loss: 0.0226
INFO - 06/01/26 01:57:04 - 2:09:26 - Validation: Loss: 0.79077 | Acc: 0.78998
INFO - 06/01/26 02:02:22 - 2:14:43 - Epoch 26: Total Loss: 0.0327
INFO - 06/01/26 02:03:02 - 2:15:23 - Validation: Loss: 0.78614 | Acc: 0.79191
INFO - 06/01/26 02:03:02 - 2:15:23 - No improvement for 15 epochs. Stopping early.
INFO - 06/01/26 02:03:02 - 2:15:23 - Loading best model for final robust evaluation...
INFO - 06/01/26 02:03:03 - 2:15:24 - --- Evaluating: Clean Test ---
INFO - 06/01/26 02:03:47 - 2:16:08 - Clean Test: Loss: 0.67594 | Acc: 0.80539
INFO - 06/01/26 02:03:47 - 2:16:08 - --- Evaluating: Gaussian (Lvl 5.0) ---
INFO - 06/01/26 02:04:30 - 2:16:51 - Gaussian (Lvl 5.0): Loss: 1.20415 | Acc: 0.64740
INFO - 06/01/26 02:04:30 - 2:16:51 - --- Evaluating: Gaussian (Lvl 10.0) ---
INFO - 06/01/26 02:05:15 - 2:17:36 - Gaussian (Lvl 10.0): Loss: 1.38220 | Acc: 0.59345
INFO - 06/01/26 02:05:15 - 2:17:36 - --- Evaluating: Salt & Pepper (Lvl 5.0) ---
INFO - 06/01/26 02:06:00 - 2:18:22 - Salt & Pepper (Lvl 5.0): Loss: 0.95005 | Acc: 0.71291
INFO - 06/01/26 02:06:00 - 2:18:22 - --- Evaluating: Salt & Pepper (Lvl 10.0) ---
INFO - 06/01/26 02:06:45 - 2:19:07 - Salt & Pepper (Lvl 10.0): Loss: 1.36123 | Acc: 0.59152
INFO - 06/01/26 02:06:45 - 2:19:07 - 
                                     ============================================================
INFO - 06/01/26 02:06:45 - 2:19:07 -       FINAL ROBUSTNESS EVALUATION RESULTS ON TEST SET       
INFO - 06/01/26 02:06:45 - 2:19:07 - ============================================================
INFO - 06/01/26 02:06:45 - 2:19:07 - | Test Scenario                       | Score (Acc)        |
INFO - 06/01/26 02:06:45 - 2:19:07 - |-------------------------------------|--------------------|
INFO - 06/01/26 02:06:45 - 2:19:07 - | Clean Test                          |             0.8054 |
INFO - 06/01/26 02:06:45 - 2:19:07 - | Gaussian (Lvl 5.0)                  |             0.6474 |
INFO - 06/01/26 02:06:45 - 2:19:07 - | Gaussian (Lvl 10.0)                 |             0.5934 |
INFO - 06/01/26 02:06:45 - 2:19:07 - | Salt & Pepper (Lvl 5.0)             |             0.7129 |
INFO - 06/01/26 02:06:45 - 2:19:07 - | Salt & Pepper (Lvl 10.0)            |             0.5915 |
INFO - 06/01/26 02:06:45 - 2:19:07 - ============================================================
                                     
INFO - 06/01/26 02:06:45 - 2:19:07 - Saved final results to e:\Paper_Experiment\DML\DML_v1\MVSA_v1\savepath\dml_mvsa\final_results.json
INFO - 06/01/26 02:06:45 - 2:19:07 - Appended experiment record to e:\Paper_Experiment\DML\DML_v1\MVSA_v1\savepath\all_experiments.json
INFO - 06/01/26 17:30:28 - 0:00:00 - Starting DML MVSA training...
INFO - 06/01/26 17:30:53 - 0:00:25 - Epoch 0: Total Loss: 3.1097
INFO - 06/01/26 17:31:12 - 0:00:44 - Validation: Loss: 0.98962 | Acc: 0.51252
INFO - 06/01/26 17:31:12 - 0:00:44 - *** NEW BEST MODEL *** Epoch 0 | Acc: 0.5125
INFO - 06/01/26 17:31:37 - 0:01:09 - Epoch 1: Total Loss: 2.8941
INFO - 06/01/26 17:31:57 - 0:01:28 - Validation: Loss: 0.96154 | Acc: 0.51252
INFO - 06/01/26 17:32:21 - 0:01:52 - Epoch 2: Total Loss: 2.8130
INFO - 06/01/26 17:32:40 - 0:02:12 - Validation: Loss: 0.93386 | Acc: 0.51638
INFO - 06/01/26 17:32:40 - 0:02:12 - *** NEW BEST MODEL *** Epoch 2 | Acc: 0.5164
INFO - 06/01/26 17:33:23 - 0:02:55 - Epoch 3: Total Loss: 2.6758
INFO - 06/01/26 17:33:44 - 0:03:16 - Validation: Loss: 0.82313 | Acc: 0.63584
INFO - 06/01/26 17:33:44 - 0:03:16 - *** NEW BEST MODEL *** Epoch 3 | Acc: 0.6358
INFO - 06/01/26 17:34:22 - 0:03:54 - Epoch 4: Total Loss: 1.8754
INFO - 06/01/26 17:34:42 - 0:04:14 - Validation: Loss: 0.78296 | Acc: 0.66281
INFO - 06/01/26 17:34:42 - 0:04:14 - *** NEW BEST MODEL *** Epoch 4 | Acc: 0.6628
INFO - 06/01/26 17:40:06 - 0:09:37 - Epoch 5: Total Loss: 1.2135
INFO - 06/01/26 17:40:44 - 0:10:15 - Validation: Loss: 0.69585 | Acc: 0.72062
INFO - 06/01/26 17:40:44 - 0:10:15 - *** NEW BEST MODEL *** Epoch 5 | Acc: 0.7206
INFO - 06/01/26 17:46:09 - 0:15:41 - Epoch 6: Total Loss: 0.7332
INFO - 06/01/26 17:46:50 - 0:16:21 - Validation: Loss: 0.61141 | Acc: 0.76493
INFO - 06/01/26 17:46:50 - 0:16:21 - *** NEW BEST MODEL *** Epoch 6 | Acc: 0.7649
INFO - 06/01/26 17:52:37 - 0:22:08 - Epoch 7: Total Loss: 0.4846
INFO - 06/01/26 17:53:05 - 0:22:36 - Validation: Loss: 0.63300 | Acc: 0.78420
INFO - 06/01/26 17:53:05 - 0:22:36 - *** NEW BEST MODEL *** Epoch 7 | Acc: 0.7842
INFO - 06/01/26 18:05:47 - 0:35:18 - Epoch 8: Total Loss: 0.2849
INFO - 06/01/26 18:06:28 - 0:35:59 - Validation: Loss: 0.62059 | Acc: 0.79769
INFO - 06/01/26 18:06:28 - 0:35:59 - *** NEW BEST MODEL *** Epoch 8 | Acc: 0.7977
INFO - 06/02/26 09:53:58 - 0:00:00 - Starting DML MVSA training...
INFO - 06/02/26 09:54:23 - 0:00:25 - Epoch 0: Total Loss: 3.1097
INFO - 06/02/26 09:54:43 - 0:00:45 - Validation: Loss: 0.98962 | Acc: 0.51252
INFO - 06/02/26 09:54:43 - 0:00:45 - *** NEW BEST MODEL *** Epoch 0 | Acc: 0.5125
INFO - 06/02/26 09:55:09 - 0:01:10 - Epoch 1: Total Loss: 2.8941
INFO - 06/02/26 09:55:28 - 0:01:30 - Validation: Loss: 0.96154 | Acc: 0.51252
INFO - 06/02/26 09:55:53 - 0:01:54 - Epoch 2: Total Loss: 2.8130
INFO - 06/02/26 09:56:12 - 0:02:14 - Validation: Loss: 0.93386 | Acc: 0.51638
INFO - 06/02/26 09:56:12 - 0:02:14 - *** NEW BEST MODEL *** Epoch 2 | Acc: 0.5164
INFO - 06/02/26 09:56:52 - 0:02:54 - Epoch 3: Total Loss: 2.6758
INFO - 06/02/26 09:57:12 - 0:03:13 - Validation: Loss: 0.82313 | Acc: 0.63584
INFO - 06/02/26 09:57:12 - 0:03:13 - *** NEW BEST MODEL *** Epoch 3 | Acc: 0.6358
INFO - 06/02/26 09:57:52 - 0:03:54 - Epoch 4: Total Loss: 1.8754
INFO - 06/02/26 09:58:12 - 0:04:13 - Validation: Loss: 0.78296 | Acc: 0.66281
INFO - 06/02/26 09:58:12 - 0:04:13 - *** NEW BEST MODEL *** Epoch 4 | Acc: 0.6628
INFO - 06/02/26 10:04:47 - 0:10:48 - Epoch 5: Total Loss: 1.1965
INFO - 06/02/26 10:05:29 - 0:11:31 - Validation: Loss: 0.70895 | Acc: 0.71676
INFO - 06/02/26 10:05:29 - 0:11:31 - *** NEW BEST MODEL *** Epoch 5 | Acc: 0.7168
INFO - 06/02/26 10:13:00 - 0:19:01 - Epoch 6: Total Loss: 0.7111
INFO - 06/02/26 10:14:14 - 0:20:15 - Validation: Loss: 0.61994 | Acc: 0.76493
INFO - 06/02/26 10:14:14 - 0:20:15 - *** NEW BEST MODEL *** Epoch 6 | Acc: 0.7649
INFO - 06/02/26 10:28:24 - 0:00:00 - Starting DML MVSA training...
INFO - 06/02/26 10:28:48 - 0:00:25 - Epoch 0: Total Loss: 3.1097
INFO - 06/02/26 10:29:08 - 0:00:44 - Validation: Loss: 0.98962 | Acc: 0.51252
INFO - 06/02/26 10:29:08 - 0:00:44 - *** NEW BEST MODEL *** Epoch 0 | Acc: 0.5125
INFO - 06/02/26 10:29:33 - 0:01:09 - Epoch 1: Total Loss: 2.8941
INFO - 06/02/26 10:29:52 - 0:01:28 - Validation: Loss: 0.96154 | Acc: 0.51252
INFO - 06/02/26 10:30:16 - 0:01:52 - Epoch 2: Total Loss: 2.8130
INFO - 06/02/26 10:30:35 - 0:02:11 - Validation: Loss: 0.93386 | Acc: 0.51638
INFO - 06/02/26 10:30:35 - 0:02:11 - *** NEW BEST MODEL *** Epoch 2 | Acc: 0.5164
INFO - 06/02/26 10:31:16 - 0:02:52 - Epoch 3: Total Loss: 2.6758
INFO - 06/02/26 10:31:35 - 0:03:11 - Validation: Loss: 0.82313 | Acc: 0.63584
INFO - 06/02/26 10:31:35 - 0:03:11 - *** NEW BEST MODEL *** Epoch 3 | Acc: 0.6358
INFO - 06/02/26 10:32:15 - 0:03:52 - Epoch 4: Total Loss: 1.8754
INFO - 06/02/26 10:32:35 - 0:04:12 - Validation: Loss: 0.78296 | Acc: 0.66281
INFO - 06/02/26 10:32:35 - 0:04:12 - *** NEW BEST MODEL *** Epoch 4 | Acc: 0.6628
INFO - 06/02/26 10:42:20 - 0:13:57 - Epoch 5: Total Loss: 1.1931
INFO - 06/02/26 10:43:07 - 0:14:43 - Validation: Loss: 0.73506 | Acc: 0.69750
INFO - 06/02/26 10:43:07 - 0:14:43 - *** NEW BEST MODEL *** Epoch 5 | Acc: 0.6975
INFO - 06/02/26 11:10:34 - 0:00:00 - Starting DML MVSA training...
INFO - 06/02/26 11:10:59 - 0:00:25 - Epoch 0: Total Loss: 3.1035
INFO - 06/02/26 11:11:18 - 0:00:44 - Validation: Loss: 0.98939 | Acc: 0.51252
INFO - 06/02/26 11:11:18 - 0:00:44 - *** NEW BEST MODEL *** Epoch 0 | Acc: 0.5125
INFO - 06/02/26 11:11:43 - 0:01:09 - Epoch 1: Total Loss: 2.9018
INFO - 06/02/26 11:12:02 - 0:01:28 - Validation: Loss: 0.96158 | Acc: 0.51252
INFO - 06/02/26 11:12:26 - 0:01:52 - Epoch 2: Total Loss: 2.8103
INFO - 06/02/26 11:12:45 - 0:02:11 - Validation: Loss: 0.93400 | Acc: 0.51638
INFO - 06/02/26 11:12:45 - 0:02:11 - *** NEW BEST MODEL *** Epoch 2 | Acc: 0.5164
INFO - 06/02/26 11:13:24 - 0:02:50 - Epoch 3: Total Loss: 2.6791
INFO - 06/02/26 11:13:46 - 0:03:12 - Validation: Loss: 0.82320 | Acc: 0.64162
INFO - 06/02/26 11:13:46 - 0:03:12 - *** NEW BEST MODEL *** Epoch 3 | Acc: 0.6416
INFO - 06/02/26 11:14:28 - 0:03:54 - Epoch 4: Total Loss: 1.8739
INFO - 06/02/26 11:14:48 - 0:04:14 - Validation: Loss: 0.78343 | Acc: 0.66089
INFO - 06/02/26 11:14:48 - 0:04:14 - *** NEW BEST MODEL *** Epoch 4 | Acc: 0.6609
INFO - 06/02/26 11:19:18 - 0:08:44 - Epoch 5: Total Loss: 1.2829
INFO - 06/02/26 11:19:39 - 0:09:05 - Validation: Loss: 0.71911 | Acc: 0.70135
INFO - 06/02/26 11:19:39 - 0:09:05 - *** NEW BEST MODEL *** Epoch 5 | Acc: 0.7013
INFO - 06/02/26 11:24:13 - 0:13:39 - Epoch 6: Total Loss: 0.7870
INFO - 06/02/26 11:24:34 - 0:13:59 - Validation: Loss: 0.63802 | Acc: 0.76301
INFO - 06/02/26 11:24:34 - 0:13:59 - *** NEW BEST MODEL *** Epoch 6 | Acc: 0.7630
INFO - 06/02/26 11:29:13 - 0:18:39 - Epoch 7: Total Loss: 0.5179
INFO - 06/02/26 11:29:35 - 0:19:01 - Validation: Loss: 0.62329 | Acc: 0.77457
INFO - 06/02/26 11:29:35 - 0:19:01 - *** NEW BEST MODEL *** Epoch 7 | Acc: 0.7746
INFO - 06/02/26 11:34:13 - 0:23:39 - Epoch 8: Total Loss: 0.3287
INFO - 06/02/26 11:34:36 - 0:24:02 - Validation: Loss: 0.62607 | Acc: 0.77264
INFO - 06/02/26 11:39:14 - 0:28:39 - Epoch 9: Total Loss: 0.2037
INFO - 06/02/26 11:39:34 - 0:29:00 - Validation: Loss: 0.64302 | Acc: 0.79961
INFO - 06/02/26 11:39:34 - 0:29:00 - *** NEW BEST MODEL *** Epoch 9 | Acc: 0.7996
INFO - 06/02/26 11:44:10 - 0:33:36 - Epoch 10: Total Loss: 0.0929
INFO - 06/02/26 11:44:33 - 0:33:59 - Validation: Loss: 0.65289 | Acc: 0.80154
INFO - 06/02/26 11:44:33 - 0:33:59 - *** NEW BEST MODEL *** Epoch 10 | Acc: 0.8015
INFO - 06/02/26 11:49:06 - 0:38:32 - Epoch 11: Total Loss: 0.0990
INFO - 06/02/26 11:49:29 - 0:38:55 - Validation: Loss: 0.76415 | Acc: 0.80154
INFO - 06/02/26 11:53:57 - 0:43:23 - Epoch 12: Total Loss: 0.1200
INFO - 06/02/26 11:54:19 - 0:43:45 - Validation: Loss: 0.64519 | Acc: 0.79191
INFO - 06/02/26 11:58:57 - 0:48:23 - Epoch 13: Total Loss: 0.1223
INFO - 06/02/26 11:59:21 - 0:48:47 - Validation: Loss: 0.66184 | Acc: 0.78998
INFO - 06/02/26 12:04:02 - 0:53:28 - Epoch 14: Total Loss: 0.0985
INFO - 06/02/26 12:04:24 - 0:53:49 - Validation: Loss: 0.73935 | Acc: 0.78998
INFO - 06/02/26 12:08:57 - 0:58:23 - Epoch 15: Total Loss: 0.0499
INFO - 06/02/26 12:09:18 - 0:58:44 - Validation: Loss: 0.71194 | Acc: 0.79576
INFO - 06/02/26 12:16:52 - 1:06:18 - Epoch 16: Total Loss: 0.0389
INFO - 06/02/26 12:17:20 - 1:06:46 - Validation: Loss: 0.83334 | Acc: 0.78420
INFO - 06/02/26 12:28:28 - 1:17:54 - Epoch 17: Total Loss: 0.0265
INFO - 06/02/26 12:28:52 - 1:18:17 - Validation: Loss: 0.73283 | Acc: 0.80539
INFO - 06/02/26 12:28:52 - 1:18:17 - *** NEW BEST MODEL *** Epoch 17 | Acc: 0.8054
INFO - 06/02/26 12:33:50 - 1:23:15 - Epoch 18: Total Loss: 0.0193
INFO - 06/02/26 12:34:11 - 1:23:37 - Validation: Loss: 0.73937 | Acc: 0.80539
INFO - 06/02/26 12:40:07 - 1:29:33 - Epoch 19: Total Loss: 0.0251
INFO - 06/02/26 12:40:27 - 1:29:53 - Validation: Loss: 0.79222 | Acc: 0.77842
INFO - 06/02/26 12:48:49 - 1:38:15 - Epoch 20: Total Loss: 0.0216
INFO - 06/02/26 12:49:14 - 1:38:40 - Validation: Loss: 0.71178 | Acc: 0.79383
INFO - 06/02/26 18:10:26 - 0:00:00 - Starting DML MVSA training...
INFO - 06/02/26 18:10:51 - 0:00:25 - Epoch 0: Total Loss: 3.1035
INFO - 06/02/26 18:11:10 - 0:00:45 - Validation: Loss: 0.98939 | Acc: 0.51252
INFO - 06/02/26 18:11:10 - 0:00:45 - *** NEW BEST MODEL *** Epoch 0 | Acc: 0.5125
INFO - 06/02/26 18:11:35 - 0:01:09 - Epoch 1: Total Loss: 2.9018
INFO - 06/02/26 18:11:54 - 0:01:29 - Validation: Loss: 0.96158 | Acc: 0.51252
INFO - 06/02/26 18:12:18 - 0:01:52 - Epoch 2: Total Loss: 2.8103
INFO - 06/02/26 18:12:37 - 0:02:12 - Validation: Loss: 0.93400 | Acc: 0.51638
INFO - 06/02/26 18:12:37 - 0:02:12 - *** NEW BEST MODEL *** Epoch 2 | Acc: 0.5164
INFO - 06/02/26 18:13:18 - 0:02:52 - Epoch 3: Total Loss: 2.6791
INFO - 06/02/26 18:13:40 - 0:03:14 - Validation: Loss: 0.82320 | Acc: 0.64162
INFO - 06/02/26 18:13:40 - 0:03:14 - *** NEW BEST MODEL *** Epoch 3 | Acc: 0.6416
INFO - 06/02/26 18:14:23 - 0:03:58 - Epoch 4: Total Loss: 1.8739
INFO - 06/02/26 18:14:45 - 0:04:19 - Validation: Loss: 0.78343 | Acc: 0.66089
INFO - 06/02/26 18:14:45 - 0:04:19 - *** NEW BEST MODEL *** Epoch 4 | Acc: 0.6609
INFO - 06/02/26 18:20:49 - 0:10:23 - Epoch 5: Total Loss: 1.2829
INFO - 06/02/26 18:21:10 - 0:10:44 - Validation: Loss: 0.71911 | Acc: 0.70135
INFO - 06/02/26 18:21:10 - 0:10:44 - *** NEW BEST MODEL *** Epoch 5 | Acc: 0.7013
INFO - 06/02/26 18:25:43 - 0:15:18 - Epoch 6: Total Loss: 0.7870
INFO - 06/02/26 18:26:04 - 0:15:39 - Validation: Loss: 0.63802 | Acc: 0.76301
INFO - 06/02/26 18:26:04 - 0:15:39 - *** NEW BEST MODEL *** Epoch 6 | Acc: 0.7630
INFO - 06/02/26 18:30:44 - 0:20:18 - Epoch 7: Total Loss: 0.5179
INFO - 06/02/26 18:31:05 - 0:20:39 - Validation: Loss: 0.62329 | Acc: 0.77457
INFO - 06/02/26 18:31:05 - 0:20:39 - *** NEW BEST MODEL *** Epoch 7 | Acc: 0.7746
INFO - 06/02/26 18:35:39 - 0:25:14 - Epoch 8: Total Loss: 0.3287
INFO - 06/02/26 18:36:02 - 0:25:37 - Validation: Loss: 0.62607 | Acc: 0.77264
INFO - 06/02/26 18:40:39 - 0:30:13 - Epoch 9: Total Loss: 0.2037
INFO - 06/02/26 18:41:00 - 0:30:34 - Validation: Loss: 0.64302 | Acc: 0.79961
INFO - 06/02/26 18:41:00 - 0:30:34 - *** NEW BEST MODEL *** Epoch 9 | Acc: 0.7996
INFO - 06/02/26 18:45:37 - 0:35:11 - Epoch 10: Total Loss: 0.0929
INFO - 06/02/26 18:45:58 - 0:35:32 - Validation: Loss: 0.65289 | Acc: 0.80154
INFO - 06/02/26 18:45:58 - 0:35:32 - *** NEW BEST MODEL *** Epoch 10 | Acc: 0.8015
INFO - 06/02/26 18:50:33 - 0:40:07 - Epoch 11: Total Loss: 0.0990
INFO - 06/02/26 18:50:56 - 0:40:30 - Validation: Loss: 0.76415 | Acc: 0.80154
INFO - 06/02/26 18:55:24 - 0:44:59 - Epoch 12: Total Loss: 0.1200
INFO - 06/02/26 18:55:46 - 0:45:20 - Validation: Loss: 0.64519 | Acc: 0.79191
INFO - 06/02/26 19:00:21 - 0:49:55 - Epoch 13: Total Loss: 0.1223
INFO - 06/02/26 19:00:42 - 0:50:16 - Validation: Loss: 0.66184 | Acc: 0.78998
INFO - 06/02/26 19:05:11 - 0:54:46 - Epoch 14: Total Loss: 0.0985
INFO - 06/02/26 19:05:32 - 0:55:07 - Validation: Loss: 0.73935 | Acc: 0.78998
INFO - 06/02/26 19:10:06 - 0:59:40 - Epoch 15: Total Loss: 0.0499
INFO - 06/02/26 19:10:27 - 1:00:01 - Validation: Loss: 0.71194 | Acc: 0.79576
INFO - 06/02/26 19:10:27 - 1:00:01 - No improvement for 5 epochs. Stopping early.
INFO - 06/02/26 19:10:27 - 1:00:01 - Loading best model for final robust evaluation...
INFO - 06/02/26 19:10:28 - 1:00:02 - --- Evaluating: Clean Test ---
INFO - 06/02/26 19:10:52 - 1:00:26 - Clean Test: Loss: 0.65289 | Acc: 0.80154
INFO - 06/02/26 19:10:52 - 1:00:26 - --- Evaluating: Gaussian (Lvl 5.0) ---
INFO - 06/02/26 19:11:17 - 1:00:51 - Gaussian (Lvl 5.0): Loss: 1.01972 | Acc: 0.67630
INFO - 06/02/26 19:11:17 - 1:00:51 - --- Evaluating: Gaussian (Lvl 10.0) ---
INFO - 06/02/26 19:11:41 - 1:01:16 - Gaussian (Lvl 10.0): Loss: 1.05294 | Acc: 0.57418
INFO - 06/02/26 19:11:41 - 1:01:16 - --- Evaluating: Salt & Pepper (Lvl 5.0) ---
INFO - 06/02/26 19:12:07 - 1:01:41 - Salt & Pepper (Lvl 5.0): Loss: 0.91153 | Acc: 0.70906
INFO - 06/02/26 19:12:07 - 1:01:41 - --- Evaluating: Salt & Pepper (Lvl 10.0) ---
INFO - 06/02/26 19:12:32 - 1:02:06 - Salt & Pepper (Lvl 10.0): Loss: 1.07828 | Acc: 0.59345
INFO - 06/02/26 19:12:32 - 1:02:06 - 
                                     ============================================================
INFO - 06/02/26 19:12:32 - 1:02:06 -       FINAL ROBUSTNESS EVALUATION RESULTS ON TEST SET       
INFO - 06/02/26 19:12:32 - 1:02:06 - ============================================================
INFO - 06/02/26 19:12:32 - 1:02:06 - | Test Scenario                       | Score (Acc)        |
INFO - 06/02/26 19:12:32 - 1:02:06 - |-------------------------------------|--------------------|
INFO - 06/02/26 19:12:32 - 1:02:06 - | Clean Test                          |             0.8015 |
INFO - 06/02/26 19:12:32 - 1:02:06 - | Gaussian (Lvl 5.0)                  |             0.6763 |
INFO - 06/02/26 19:12:32 - 1:02:06 - | Gaussian (Lvl 10.0)                 |             0.5742 |
INFO - 06/02/26 19:12:32 - 1:02:06 - | Salt & Pepper (Lvl 5.0)             |             0.7091 |
INFO - 06/02/26 19:12:32 - 1:02:06 - | Salt & Pepper (Lvl 10.0)            |             0.5934 |
INFO - 06/02/26 19:12:32 - 1:02:06 - ============================================================
                                     
INFO - 06/02/26 19:12:32 - 1:02:06 - Saved final results to e:\Paper_Experiment\DML\DML_v1\MVSA_v1\savepath\dml_mvsa\final_results.json
INFO - 06/02/26 19:12:32 - 1:02:06 - Appended experiment record to e:\Paper_Experiment\DML\DML_v1\MVSA_v1\savepath\all_experiments.json
INFO - 06/03/26 00:02:52 - 0:00:00 - Starting DML MVSA training...
INFO - 06/03/26 00:03:16 - 0:00:24 - Epoch 0: Total Loss: 3.1035
INFO - 06/03/26 00:03:35 - 0:00:43 - Validation: Loss: 0.98939 | Acc: 0.51252
INFO - 06/03/26 00:03:35 - 0:00:43 - *** NEW BEST MODEL *** Epoch 0 | Acc: 0.5125
INFO - 06/03/26 00:03:59 - 0:01:08 - Epoch 1: Total Loss: 2.9018
INFO - 06/03/26 00:04:18 - 0:01:27 - Validation: Loss: 0.96158 | Acc: 0.51252
INFO - 06/03/26 00:04:42 - 0:01:50 - Epoch 2: Total Loss: 2.8103
INFO - 06/03/26 00:05:01 - 0:02:09 - Validation: Loss: 0.93400 | Acc: 0.51638
INFO - 06/03/26 00:05:01 - 0:02:09 - *** NEW BEST MODEL *** Epoch 2 | Acc: 0.5164
INFO - 06/03/26 00:05:38 - 0:02:46 - Epoch 3: Total Loss: 2.6791
INFO - 06/03/26 00:05:57 - 0:03:05 - Validation: Loss: 0.82320 | Acc: 0.64162
INFO - 06/03/26 00:05:57 - 0:03:05 - *** NEW BEST MODEL *** Epoch 3 | Acc: 0.6416
INFO - 06/03/26 00:06:35 - 0:03:43 - Epoch 4: Total Loss: 1.8739
INFO - 06/03/26 00:06:54 - 0:04:02 - Validation: Loss: 0.78343 | Acc: 0.66089
INFO - 06/03/26 00:06:54 - 0:04:02 - *** NEW BEST MODEL *** Epoch 4 | Acc: 0.6609
INFO - 06/03/26 00:11:21 - 0:08:29 - Epoch 5: Total Loss: 1.2829
INFO - 06/03/26 00:11:41 - 0:08:49 - Validation: Loss: 0.71911 | Acc: 0.70135
INFO - 06/03/26 00:11:41 - 0:08:49 - *** NEW BEST MODEL *** Epoch 5 | Acc: 0.7013
INFO - 06/03/26 00:16:09 - 0:13:17 - Epoch 6: Total Loss: 0.7870
INFO - 06/03/26 00:16:30 - 0:13:38 - Validation: Loss: 0.63802 | Acc: 0.76301
INFO - 06/03/26 00:16:30 - 0:13:38 - *** NEW BEST MODEL *** Epoch 6 | Acc: 0.7630
INFO - 06/03/26 00:21:13 - 0:18:21 - Epoch 7: Total Loss: 0.5179
INFO - 06/03/26 00:21:34 - 0:18:42 - Validation: Loss: 0.62329 | Acc: 0.77457
INFO - 06/03/26 00:21:34 - 0:18:42 - *** NEW BEST MODEL *** Epoch 7 | Acc: 0.7746
INFO - 06/03/26 00:26:03 - 0:23:11 - Epoch 8: Total Loss: 0.3287
INFO - 06/03/26 00:26:25 - 0:23:33 - Validation: Loss: 0.62607 | Acc: 0.77264
INFO - 06/03/26 00:30:56 - 0:28:04 - Epoch 9: Total Loss: 0.2037
INFO - 06/03/26 00:31:16 - 0:28:24 - Validation: Loss: 0.64302 | Acc: 0.79961
INFO - 06/03/26 00:31:16 - 0:28:24 - *** NEW BEST MODEL *** Epoch 9 | Acc: 0.7996
INFO - 06/03/26 00:35:46 - 0:32:54 - Epoch 10: Total Loss: 0.0929
INFO - 06/03/26 00:36:07 - 0:33:15 - Validation: Loss: 0.65289 | Acc: 0.80154
INFO - 06/03/26 00:36:07 - 0:33:15 - *** NEW BEST MODEL *** Epoch 10 | Acc: 0.8015
INFO - 06/03/26 00:40:34 - 0:37:42 - Epoch 11: Total Loss: 0.0990
INFO - 06/03/26 00:40:57 - 0:38:05 - Validation: Loss: 0.76415 | Acc: 0.80154
INFO - 06/03/26 00:45:19 - 0:42:27 - Epoch 12: Total Loss: 0.1200
INFO - 06/03/26 00:45:41 - 0:42:49 - Validation: Loss: 0.64519 | Acc: 0.79191
INFO - 06/03/26 00:50:08 - 0:47:16 - Epoch 13: Total Loss: 0.1223
INFO - 06/03/26 00:50:29 - 0:47:37 - Validation: Loss: 0.66184 | Acc: 0.78998
INFO - 06/03/26 00:54:53 - 0:52:01 - Epoch 14: Total Loss: 0.0985
INFO - 06/03/26 00:55:15 - 0:52:23 - Validation: Loss: 0.73935 | Acc: 0.78998
INFO - 06/03/26 00:59:43 - 0:56:51 - Epoch 15: Total Loss: 0.0499
INFO - 06/03/26 01:00:03 - 0:57:11 - Validation: Loss: 0.71194 | Acc: 0.79576
INFO - 06/03/26 01:00:03 - 0:57:11 - No improvement for 5 epochs. Stopping early.
INFO - 06/03/26 01:00:03 - 0:57:11 - Loading best model for final robust evaluation...
INFO - 06/03/26 01:00:04 - 0:57:12 - --- Evaluating: Clean Test ---
INFO - 06/03/26 01:00:28 - 0:57:36 - Clean Test: Loss: 0.65289 | Acc: 0.80154
INFO - 06/03/26 01:00:28 - 0:57:36 - --- Evaluating: Gaussian (Lvl 5.0) ---
INFO - 06/03/26 01:00:52 - 0:58:00 - Gaussian (Lvl 5.0): Loss: 1.01972 | Acc: 0.67630
INFO - 06/03/26 01:00:52 - 0:58:00 - --- Evaluating: Gaussian (Lvl 10.0) ---
INFO - 06/03/26 01:01:16 - 0:58:24 - Gaussian (Lvl 10.0): Loss: 1.05294 | Acc: 0.57418
INFO - 06/03/26 01:01:16 - 0:58:24 - --- Evaluating: Salt & Pepper (Lvl 5.0) ---
INFO - 06/03/26 01:01:40 - 0:58:48 - Salt & Pepper (Lvl 5.0): Loss: 0.91153 | Acc: 0.70906
INFO - 06/03/26 01:01:40 - 0:58:48 - --- Evaluating: Salt & Pepper (Lvl 10.0) ---
INFO - 06/03/26 01:02:04 - 0:59:12 - Salt & Pepper (Lvl 10.0): Loss: 1.07828 | Acc: 0.59345
INFO - 06/03/26 01:02:04 - 0:59:12 - 
                                     ============================================================
INFO - 06/03/26 01:02:04 - 0:59:12 -       FINAL ROBUSTNESS EVALUATION RESULTS ON TEST SET       
INFO - 06/03/26 01:02:04 - 0:59:12 - ============================================================
INFO - 06/03/26 01:02:04 - 0:59:12 - | Test Scenario                       | Score (Acc)        |
INFO - 06/03/26 01:02:04 - 0:59:12 - |-------------------------------------|--------------------|
INFO - 06/03/26 01:02:04 - 0:59:12 - | Clean Test                          |             0.8015 |
INFO - 06/03/26 01:02:04 - 0:59:12 - | Gaussian (Lvl 5.0)                  |             0.6763 |
INFO - 06/03/26 01:02:04 - 0:59:12 - | Gaussian (Lvl 10.0)                 |             0.5742 |
INFO - 06/03/26 01:02:04 - 0:59:12 - | Salt & Pepper (Lvl 5.0)             |             0.7091 |
INFO - 06/03/26 01:02:04 - 0:59:12 - | Salt & Pepper (Lvl 10.0)            |             0.5934 |
INFO - 06/03/26 01:02:04 - 0:59:12 - ============================================================
                                     
INFO - 06/03/26 01:02:04 - 0:59:12 - Saved final results to e:\Paper_Experiment\DML\DML_v1\MVSA_v1\savepath\dml_mvsa\final_results.json
INFO - 06/03/26 01:02:04 - 0:59:12 - Appended experiment record to e:\Paper_Experiment\DML\DML_v1\MVSA_v1\savepath\all_experiments.json
INFO - 06/08/26 22:18:43 - 0:00:00 - Starting DML MVSA training...
INFO - 06/08/26 22:19:08 - 0:00:25 - Epoch 0: Total Loss: 3.1035, loss_fused:1.0083, loss_txt:1.0831, loss_img:1.0121, acc_fused:0.5211, acc_txt:0.4237, acc_img:0.5257
INFO - 06/08/26 22:19:30 - 0:00:47 - Validation: Loss: 0.98939 | Acc: 0.51252
INFO - 06/08/26 22:19:30 - 0:00:47 - *** NEW BEST MODEL *** Epoch 0 | Acc: 0.5125
INFO - 06/08/26 22:19:57 - 0:01:15 - Epoch 1: Total Loss: 2.9018, loss_fused:0.9533, loss_txt:1.0187, loss_img:0.9299, acc_fused:0.5497, acc_txt:0.5270, acc_img:0.5575
INFO - 06/08/26 22:20:19 - 0:01:36 - Validation: Loss: 0.96158 | Acc: 0.51252
INFO - 06/08/26 22:20:19 - 0:01:36 - No validation accuracy improvement for 1/3 epochs.
INFO - 06/08/26 22:20:46 - 0:02:03 - Epoch 2: Total Loss: 2.8103, loss_fused:0.9257, loss_txt:0.9958, loss_img:0.8888, acc_fused:0.5504, acc_txt:0.5439, acc_img:0.5802
INFO - 06/08/26 22:21:05 - 0:02:22 - Validation: Loss: 0.93400 | Acc: 0.51638
INFO - 06/08/26 22:21:05 - 0:02:22 - *** NEW BEST MODEL *** Epoch 2 | Acc: 0.5164
INFO - 06/08/26 22:21:50 - 0:03:07 - Epoch 3: Total Loss: 2.6791, loss_fused:0.8621, loss_txt:0.9917, loss_img:0.8253, acc_fused:0.5997, acc_txt:0.5458, acc_img:0.6218
INFO - 06/08/26 22:22:10 - 0:03:28 - Validation: Loss: 0.82320 | Acc: 0.64162
INFO - 06/08/26 22:22:10 - 0:03:28 - *** NEW BEST MODEL *** Epoch 3 | Acc: 0.6416
INFO - 06/08/26 22:23:04 - 0:04:21 - Epoch 4: Total Loss: 1.8739, loss_fused:0.5332, loss_txt:0.9903, loss_img:0.3504, acc_fused:0.8369, acc_txt:0.5445, acc_img:0.9032
INFO - 06/08/26 22:23:24 - 0:04:41 - Validation: Loss: 0.78343 | Acc: 0.66089
INFO - 06/08/26 22:23:24 - 0:04:41 - *** NEW BEST MODEL *** Epoch 4 | Acc: 0.6609
INFO - 06/08/26 22:28:12 - 0:09:29 - Epoch 5: Total Loss: 1.2829, loss_fused:0.2464, loss_txt:0.9357, loss_img:0.1008, acc_fused:0.9714, acc_txt:0.5634, acc_img:0.9799
INFO - 06/08/26 22:28:34 - 0:09:51 - Validation: Loss: 0.71911 | Acc: 0.70135
INFO - 06/08/26 22:28:34 - 0:09:51 - *** NEW BEST MODEL *** Epoch 5 | Acc: 0.7013
INFO - 06/08/26 22:33:36 - 0:14:53 - Epoch 6: Total Loss: 0.7864, loss_fused:0.0981, loss_txt:0.6557, loss_img:0.0326, acc_fused:0.9948, acc_txt:0.7375, acc_img:0.9981
INFO - 06/08/26 22:33:58 - 0:15:15 - Validation: Loss: 0.63748 | Acc: 0.76493
INFO - 06/08/26 22:33:58 - 0:15:15 - *** NEW BEST MODEL *** Epoch 6 | Acc: 0.7649
INFO - 06/08/26 22:38:54 - 0:20:11 - Epoch 7: Total Loss: 0.5257, loss_fused:0.0486, loss_txt:0.4538, loss_img:0.0233, acc_fused:0.9981, acc_txt:0.8239, acc_img:0.9981
INFO - 06/08/26 22:39:17 - 0:20:34 - Validation: Loss: 0.60559 | Acc: 0.77264
INFO - 06/08/26 22:39:17 - 0:20:34 - *** NEW BEST MODEL *** Epoch 7 | Acc: 0.7726
INFO - 06/08/26 22:44:17 - 0:25:34 - Epoch 8: Total Loss: 0.3476, loss_fused:0.0357, loss_txt:0.2868, loss_img:0.0251, acc_fused:0.9974, acc_txt:0.9019, acc_img:0.9942
INFO - 06/08/26 22:44:42 - 0:25:59 - Validation: Loss: 0.63943 | Acc: 0.77457
INFO - 06/08/26 22:44:42 - 0:25:59 - *** NEW BEST MODEL *** Epoch 8 | Acc: 0.7746
INFO - 06/08/26 22:49:58 - 0:31:15 - Epoch 9: Total Loss: 0.2278, loss_fused:0.0181, loss_txt:0.1969, loss_img:0.0128, acc_fused:0.9981, acc_txt:0.9324, acc_img:0.9974
INFO - 06/08/26 22:50:24 - 0:31:41 - Validation: Loss: 0.69748 | Acc: 0.78613
INFO - 06/08/26 22:50:24 - 0:31:41 - *** NEW BEST MODEL *** Epoch 9 | Acc: 0.7861
INFO - 06/08/26 22:55:19 - 0:36:36 - Epoch 10: Total Loss: 0.0896, loss_fused:0.0101, loss_txt:0.0730, loss_img:0.0065, acc_fused:0.9987, acc_txt:0.9773, acc_img:0.9987
INFO - 06/08/26 22:55:41 - 0:36:58 - Validation: Loss: 0.66881 | Acc: 0.79191
INFO - 06/08/26 22:55:41 - 0:36:58 - *** NEW BEST MODEL *** Epoch 10 | Acc: 0.7919
INFO - 06/08/26 23:00:42 - 0:41:59 - Epoch 11: Total Loss: 0.0835, loss_fused:0.0128, loss_txt:0.0313, loss_img:0.0394, acc_fused:0.9974, acc_txt:0.9883, acc_img:0.9974
INFO - 06/08/26 23:01:06 - 0:42:23 - Validation: Loss: 0.69341 | Acc: 0.79383
INFO - 06/08/26 23:01:06 - 0:42:23 - *** NEW BEST MODEL *** Epoch 11 | Acc: 0.7938
INFO - 06/08/26 23:05:52 - 0:47:09 - Epoch 12: Total Loss: 0.0907, loss_fused:0.0138, loss_txt:0.0442, loss_img:0.0327, acc_fused:0.9955, acc_txt:0.9851, acc_img:0.9903
INFO - 06/08/26 23:06:15 - 0:47:32 - Validation: Loss: 0.79811 | Acc: 0.77649
INFO - 06/08/26 23:06:15 - 0:47:32 - No validation accuracy improvement for 1/3 epochs.
INFO - 06/08/26 23:11:05 - 0:52:22 - Epoch 13: Total Loss: 0.0451, loss_fused:0.0067, loss_txt:0.0208, loss_img:0.0176, acc_fused:0.9987, acc_txt:0.9929, acc_img:0.9981
INFO - 06/08/26 23:11:27 - 0:52:44 - Validation: Loss: 0.82162 | Acc: 0.77264
INFO - 06/08/26 23:11:27 - 0:52:44 - No validation accuracy improvement for 2/3 epochs.
INFO - 06/08/26 23:16:12 - 0:57:29 - Epoch 14: Total Loss: 0.1146, loss_fused:0.0113, loss_txt:0.0313, loss_img:0.0719, acc_fused:0.9968, acc_txt:0.9896, acc_img:0.9929
INFO - 06/08/26 23:16:34 - 0:57:51 - Validation: Loss: 0.72513 | Acc: 0.80539
INFO - 06/08/26 23:16:34 - 0:57:51 - *** NEW BEST MODEL *** Epoch 14 | Acc: 0.8054
INFO - 06/08/26 23:21:26 - 1:02:43 - Epoch 15: Total Loss: 0.0818, loss_fused:0.0081, loss_txt:0.0189, loss_img:0.0548, acc_fused:0.9974, acc_txt:0.9929, acc_img:0.9864
INFO - 06/08/26 23:21:48 - 1:03:05 - Validation: Loss: 0.72160 | Acc: 0.77842
INFO - 06/08/26 23:21:48 - 1:03:05 - No validation accuracy improvement for 1/3 epochs.
INFO - 06/08/26 23:26:29 - 1:07:47 - Epoch 16: Total Loss: 0.0919, loss_fused:0.0080, loss_txt:0.0414, loss_img:0.0425, acc_fused:0.9974, acc_txt:0.9864, acc_img:0.9896
INFO - 06/08/26 23:26:52 - 1:08:09 - Validation: Loss: 0.70736 | Acc: 0.77649
INFO - 06/08/26 23:26:52 - 1:08:09 - No validation accuracy improvement for 2/3 epochs.
INFO - 06/08/26 23:31:30 - 1:12:47 - Epoch 17: Total Loss: 0.0927, loss_fused:0.0094, loss_txt:0.0600, loss_img:0.0234, acc_fused:0.9981, acc_txt:0.9805, acc_img:0.9948
INFO - 06/08/26 23:31:53 - 1:13:10 - Validation: Loss: 0.70785 | Acc: 0.80154
INFO - 06/08/26 23:31:53 - 1:13:10 - No validation accuracy improvement for 3/3 epochs.
INFO - 06/08/26 23:31:53 - 1:13:10 - Stopping early at epoch 17: validation accuracy did not improve by at least 0.0 for 3 epochs.
INFO - 06/08/26 23:31:53 - 1:13:10 - Loading best model for final robust evaluation...
INFO - 06/08/26 23:31:54 - 1:13:11 - --- Evaluating: Clean Test ---
INFO - 06/08/26 23:32:20 - 1:13:37 - Clean Test: Loss: 0.72513 | Acc: 0.80539
INFO - 06/08/26 23:32:20 - 1:13:37 - --- Evaluating: Gaussian (Lvl 5.0) ---
INFO - 06/08/26 23:32:45 - 1:14:02 - Gaussian (Lvl 5.0): Loss: 0.94825 | Acc: 0.71676
INFO - 06/08/26 23:32:45 - 1:14:02 - --- Evaluating: Gaussian (Lvl 10.0) ---
INFO - 06/08/26 23:33:11 - 1:14:29 - Gaussian (Lvl 10.0): Loss: 1.02225 | Acc: 0.64355
INFO - 06/08/26 23:33:11 - 1:14:29 - --- Evaluating: Salt & Pepper (Lvl 5.0) ---
INFO - 06/08/26 23:33:38 - 1:14:55 - Salt & Pepper (Lvl 5.0): Loss: 0.82097 | Acc: 0.75723
INFO - 06/08/26 23:33:38 - 1:14:55 - --- Evaluating: Salt & Pepper (Lvl 10.0) ---
INFO - 06/08/26 23:34:04 - 1:15:21 - Salt & Pepper (Lvl 10.0): Loss: 1.09059 | Acc: 0.69171
INFO - 06/08/26 23:34:04 - 1:15:21 - 
                                     ============================================================
INFO - 06/08/26 23:34:04 - 1:15:21 -       FINAL ROBUSTNESS EVALUATION RESULTS ON TEST SET       
INFO - 06/08/26 23:34:04 - 1:15:21 - ============================================================
INFO - 06/08/26 23:34:04 - 1:15:21 - | Test Scenario                       | Score (Acc)        |
INFO - 06/08/26 23:34:04 - 1:15:21 - |-------------------------------------|--------------------|
INFO - 06/08/26 23:34:04 - 1:15:21 - | Clean Test                          |             0.8054 |
INFO - 06/08/26 23:34:04 - 1:15:21 - | Gaussian (Lvl 5.0)                  |             0.7168 |
INFO - 06/08/26 23:34:04 - 1:15:21 - | Gaussian (Lvl 10.0)                 |             0.6435 |
INFO - 06/08/26 23:34:04 - 1:15:21 - | Salt & Pepper (Lvl 5.0)             |             0.7572 |
INFO - 06/08/26 23:34:04 - 1:15:21 - | Salt & Pepper (Lvl 10.0)            |             0.6917 |
INFO - 06/08/26 23:34:04 - 1:15:21 - ============================================================
                                     
INFO - 06/08/26 23:34:04 - 1:15:21 - Saved final results to e:\Paper_Experiment\DML\DML_v1\MVSA_v1\savepath\dml_mvsa\final_results.json
INFO - 06/08/26 23:34:04 - 1:15:21 - Appended experiment record to e:\Paper_Experiment\DML\DML_v1\MVSA_v1\savepath\all_experiments.json
