INFO - 05/26/26 19:31:59 - 0:00:00 - audio_dim: 74
                                     batch_sz: 32
                                     bert_lr: 2e-05
                                     bert_max_len: 50
                                     bert_model_name: bert-base-uncased
                                     conv_kernel_size: 3
                                     data_path: e:\Paper_Experiment\DML\DML_v1\CMU_v1\data\mosi.pkl
                                     dataset: mosi
                                     dropout: 0.3
                                     freeze_bert: False
                                     grad_clip: 1.0
                                     hidden_sz: 64
                                     lr: 0.0001
                                     lr_factor: 0.3
                                     lr_patience: 5
                                     max_epochs: 30
                                     max_seq_len: 20
                                     n_classes: 1
                                     n_workers: 4
                                     name: dml_mosi_seed0_lr0.0001_blr2e-05
                                     note: 
                                     num_heads: 4
                                     num_layers: 2
                                     pool_strategy: default
                                     savedir: e:\Paper_Experiment\DML\DML_v1\CMU_v1\savepath\mosi\dml_mosi_seed0_lr0.0001_blr2e-05
                                     seed: 0
                                     text_hidden_sz: 768
                                     vision_dim: 47
INFO - 05/26/26 19:32:05 - 0:00:06 - Epoch 0 training started...
INFO - 05/26/26 19:32:25 - 0:00:26 - Epoch 0: Total Loss: 8.3441
INFO - 05/26/26 19:32:40 - 0:00:41 - Epoch 0: MAE: 1.2543 | Corr: 0.6546 | Acc7: 0.1956 | Acc2: 0.6931 | F1: 0.6871
INFO - 05/26/26 19:32:41 - 0:00:42 -  *** NEW BEST CLEAN ACC2 *** Epoch 0 | Acc2: 0.6931
INFO - 05/26/26 19:32:41 - 0:00:42 - Epoch 1 training started...
INFO - 05/26/26 19:33:01 - 0:01:02 - Epoch 1: Total Loss: 6.7644
INFO - 05/26/26 19:33:15 - 0:01:16 - Epoch 1: MAE: 1.1176 | Corr: 0.7440 | Acc7: 0.2175 | Acc2: 0.8275 | F1: 0.8276
INFO - 05/26/26 19:33:17 - 0:01:17 -  *** NEW BEST CLEAN ACC2 *** Epoch 1 | Acc2: 0.8275
INFO - 05/26/26 19:33:17 - 0:01:17 - Epoch 2 training started...
INFO - 05/26/26 19:33:37 - 0:01:37 - Epoch 2: Total Loss: 6.3132
INFO - 05/26/26 19:33:51 - 0:01:52 - Epoch 2: MAE: 1.1821 | Corr: 0.7546 | Acc7: 0.2175 | Acc2: 0.7160 | F1: 0.7085
INFO - 05/26/26 19:33:51 - 0:01:52 - Epoch 3 training started...
INFO - 05/26/26 19:34:11 - 0:02:12 - Epoch 3: Total Loss: 5.5748
INFO - 05/26/26 19:34:25 - 0:02:26 - Epoch 3: MAE: 1.1330 | Corr: 0.7613 | Acc7: 0.2190 | Acc2: 0.7664 | F1: 0.7648
INFO - 05/26/26 19:34:25 - 0:02:26 - Epoch 4 training started...
INFO - 05/26/26 19:34:45 - 0:02:46 - Epoch 4: Total Loss: 5.2712
INFO - 05/26/26 19:35:00 - 0:03:01 - Epoch 4: MAE: 1.0870 | Corr: 0.7594 | Acc7: 0.2423 | Acc2: 0.8244 | F1: 0.8246
INFO - 05/26/26 19:35:00 - 0:03:01 - Epoch 5 training started...
INFO - 05/26/26 19:35:20 - 0:03:21 - Epoch 5: Total Loss: 5.1984
INFO - 05/26/26 19:35:34 - 0:03:35 - Epoch 5: MAE: 1.1186 | Corr: 0.7533 | Acc7: 0.2336 | Acc2: 0.7863 | F1: 0.7873
INFO - 05/26/26 19:35:34 - 0:03:35 - Epoch 6 training started...
INFO - 05/26/26 19:35:54 - 0:03:55 - Epoch 6: Total Loss: 4.8451
INFO - 05/26/26 19:36:08 - 0:04:09 - Epoch 6: MAE: 1.0945 | Corr: 0.7468 | Acc7: 0.2482 | Acc2: 0.7954 | F1: 0.7966
INFO - 05/26/26 19:36:08 - 0:04:09 - Epoch 7 training started...
INFO - 05/26/26 19:36:28 - 0:04:29 - Epoch 7: Total Loss: 4.5949
INFO - 05/26/26 19:36:42 - 0:04:43 - Epoch 7: MAE: 1.0925 | Corr: 0.7305 | Acc7: 0.2467 | Acc2: 0.7985 | F1: 0.7997
INFO - 05/26/26 19:36:42 - 0:04:43 - Epoch 8 training started...
INFO - 05/26/26 19:37:01 - 0:05:02 - Epoch 8: Total Loss: 4.2893
INFO - 05/26/26 19:37:15 - 0:05:16 - Epoch 8: MAE: 1.1028 | Corr: 0.7190 | Acc7: 0.2438 | Acc2: 0.7878 | F1: 0.7889
INFO - 05/26/26 19:37:15 - 0:05:16 - Epoch 9 training started...
INFO - 05/26/26 19:37:35 - 0:05:36 - Epoch 9: Total Loss: 4.2450
INFO - 05/26/26 19:37:50 - 0:05:51 - Epoch 9: MAE: 1.1065 | Corr: 0.7171 | Acc7: 0.2453 | Acc2: 0.7649 | F1: 0.7657
INFO - 05/26/26 19:37:50 - 0:05:51 - Epoch 10 training started...
INFO - 05/26/26 19:38:09 - 0:06:10 - Epoch 10: Total Loss: 3.9214
INFO - 05/26/26 19:38:24 - 0:06:25 - Epoch 10: MAE: 1.1057 | Corr: 0.7073 | Acc7: 0.2365 | Acc2: 0.7649 | F1: 0.7659
INFO - 05/26/26 19:38:24 - 0:06:25 - Epoch 11 training started...
INFO - 05/26/26 19:38:44 - 0:06:45 - Epoch 11: Total Loss: 3.7547
INFO - 05/26/26 19:38:59 - 0:07:00 - Epoch 11: MAE: 1.0995 | Corr: 0.7012 | Acc7: 0.2423 | Acc2: 0.7710 | F1: 0.7721
INFO - 05/26/26 19:38:59 - 0:07:00 - Epoch 12 training started...
INFO - 05/26/26 19:39:19 - 0:07:20 - Epoch 12: Total Loss: 3.6829
INFO - 05/26/26 19:39:33 - 0:07:34 - Epoch 12: MAE: 1.1075 | Corr: 0.6926 | Acc7: 0.2453 | Acc2: 0.7603 | F1: 0.7613
INFO - 05/26/26 19:39:33 - 0:07:34 - Epoch 13 training started...
INFO - 05/26/26 19:39:53 - 0:07:54 - Epoch 13: Total Loss: 3.6047
INFO - 05/26/26 19:40:07 - 0:08:08 - Epoch 13: MAE: 1.1181 | Corr: 0.6811 | Acc7: 0.2394 | Acc2: 0.7527 | F1: 0.7535
INFO - 05/26/26 19:40:07 - 0:08:08 - Epoch 14 training started...
INFO - 05/26/26 19:45:33 - 0:00:00 - audio_dim: 74
                                     batch_sz: 32
                                     bert_lr: 2e-05
                                     bert_max_len: 50
                                     bert_model_name: bert-base-uncased
                                     conv_kernel_size: 3
                                     data_path: e:\Paper_Experiment\DML\DML_v1\CMU_v1\data\mosi.pkl
                                     dataset: mosi
                                     dropout: 0.3
                                     freeze_bert: False
                                     grad_clip: 1.0
                                     hidden_sz: 64
                                     lr: 0.0001
                                     lr_factor: 0.3
                                     lr_patience: 5
                                     max_epochs: 30
                                     max_seq_len: 20
                                     n_classes: 1
                                     n_workers: 4
                                     name: dml_mosi_seed0_lr0.0001_blr2e-05
                                     note: 
                                     num_heads: 4
                                     num_layers: 2
                                     pool_strategy: default
                                     savedir: e:\Paper_Experiment\DML\DML_v1\CMU_v1\savepath\mosi\dml_mosi_seed0_lr0.0001_blr2e-05
                                     seed: 0
                                     text_hidden_sz: 768
                                     vision_dim: 47
INFO - 05/26/26 19:45:39 - 0:00:06 - Epoch 0 training started...
INFO - 05/26/26 19:45:59 - 0:00:26 - Epoch 0: Total Loss: 8.3441
INFO - 05/26/26 19:46:13 - 0:00:40 - Epoch 0: MAE: 1.2543 | Corr: 0.6546 | Acc7: 0.1956 | Acc2: 0.6931 | F1: 0.6871
INFO - 05/26/26 19:46:14 - 0:00:41 -  *** NEW BEST CLEAN ACC2 *** Epoch 0 | Acc2: 0.6931
INFO - 05/26/26 19:46:14 - 0:00:41 - Epoch 1 training started...
INFO - 05/26/26 19:46:34 - 0:01:01 - Epoch 1: Total Loss: 6.7644
INFO - 05/26/26 19:46:48 - 0:01:15 - Epoch 1: MAE: 1.1176 | Corr: 0.7440 | Acc7: 0.2175 | Acc2: 0.8275 | F1: 0.8276
INFO - 05/26/26 19:46:52 - 0:01:19 -  *** NEW BEST CLEAN ACC2 *** Epoch 1 | Acc2: 0.8275
INFO - 05/26/26 19:46:52 - 0:01:19 - Epoch 2 training started...
INFO - 05/26/26 19:47:11 - 0:01:38 - Epoch 2: Total Loss: 6.3132
INFO - 05/26/26 19:47:26 - 0:01:52 - Epoch 2: MAE: 1.1821 | Corr: 0.7546 | Acc7: 0.2175 | Acc2: 0.7160 | F1: 0.7085
INFO - 05/26/26 19:47:26 - 0:01:52 - Epoch 3 training started...
INFO - 05/26/26 19:47:46 - 0:02:13 - Epoch 3: Total Loss: 5.5748
INFO - 05/26/26 19:48:00 - 0:02:27 - Epoch 3: MAE: 1.1330 | Corr: 0.7613 | Acc7: 0.2190 | Acc2: 0.7664 | F1: 0.7648
INFO - 05/26/26 19:48:00 - 0:02:27 - Epoch 4 training started...
INFO - 05/26/26 19:48:20 - 0:02:47 - Epoch 4: Total Loss: 5.2712
INFO - 05/26/26 19:48:35 - 0:03:02 - Epoch 4: MAE: 1.0870 | Corr: 0.7594 | Acc7: 0.2423 | Acc2: 0.8244 | F1: 0.8246
INFO - 05/26/26 19:48:35 - 0:03:02 - Epoch 5 training started...
INFO - 05/26/26 19:48:56 - 0:03:23 - Epoch 5: Total Loss: 5.1984
INFO - 05/26/26 19:49:11 - 0:03:38 - Epoch 5: MAE: 1.1186 | Corr: 0.7533 | Acc7: 0.2336 | Acc2: 0.7863 | F1: 0.7873
INFO - 05/26/26 19:49:11 - 0:03:38 - Epoch 6 training started...
INFO - 05/26/26 19:49:31 - 0:03:58 - Epoch 6: Total Loss: 4.8451
INFO - 05/26/26 19:49:45 - 0:04:12 - Epoch 6: MAE: 1.0945 | Corr: 0.7468 | Acc7: 0.2482 | Acc2: 0.7954 | F1: 0.7966
INFO - 05/26/26 19:49:45 - 0:04:12 - Epoch 7 training started...
INFO - 05/26/26 19:50:05 - 0:04:32 - Epoch 7: Total Loss: 4.5949
INFO - 05/26/26 19:50:19 - 0:04:46 - Epoch 7: MAE: 1.0925 | Corr: 0.7305 | Acc7: 0.2467 | Acc2: 0.7985 | F1: 0.7997
INFO - 05/26/26 19:50:19 - 0:04:46 - Epoch 8 training started...
INFO - 05/26/26 19:50:39 - 0:05:06 - Epoch 8: Total Loss: 4.2893
INFO - 05/26/26 19:50:53 - 0:05:20 - Epoch 8: MAE: 1.1028 | Corr: 0.7190 | Acc7: 0.2438 | Acc2: 0.7878 | F1: 0.7889
INFO - 05/26/26 19:50:53 - 0:05:20 - Epoch 9 training started...
INFO - 05/26/26 19:51:13 - 0:05:40 - Epoch 9: Total Loss: 4.2450
INFO - 05/26/26 19:51:28 - 0:05:55 - Epoch 9: MAE: 1.1065 | Corr: 0.7171 | Acc7: 0.2453 | Acc2: 0.7649 | F1: 0.7657
INFO - 05/26/26 19:51:28 - 0:05:55 - Epoch 10 training started...
INFO - 05/26/26 19:51:48 - 0:06:15 - Epoch 10: Total Loss: 3.9214
INFO - 05/26/26 19:52:03 - 0:06:30 - Epoch 10: MAE: 1.1057 | Corr: 0.7073 | Acc7: 0.2365 | Acc2: 0.7649 | F1: 0.7659
INFO - 05/26/26 19:52:03 - 0:06:30 - Epoch 11 training started...
INFO - 05/26/26 19:52:24 - 0:06:51 - Epoch 11: Total Loss: 3.7547
INFO - 05/26/26 19:52:41 - 0:07:08 - Epoch 11: MAE: 1.0995 | Corr: 0.7012 | Acc7: 0.2423 | Acc2: 0.7710 | F1: 0.7721
INFO - 05/26/26 19:52:41 - 0:07:08 - Epoch 12 training started...
INFO - 05/26/26 19:53:08 - 0:07:35 - Epoch 12: Total Loss: 3.6829
INFO - 05/26/26 19:53:27 - 0:07:54 - Epoch 12: MAE: 1.1075 | Corr: 0.6926 | Acc7: 0.2453 | Acc2: 0.7603 | F1: 0.7613
INFO - 05/26/26 19:53:27 - 0:07:54 - Epoch 13 training started...
INFO - 05/26/26 19:53:55 - 0:08:22 - Epoch 13: Total Loss: 3.6047
INFO - 05/26/26 19:54:13 - 0:08:40 - Epoch 13: MAE: 1.1181 | Corr: 0.6811 | Acc7: 0.2394 | Acc2: 0.7527 | F1: 0.7535
INFO - 05/26/26 19:54:13 - 0:08:40 - Epoch 14 training started...
INFO - 05/26/26 19:54:48 - 0:09:15 - Epoch 14: Total Loss: 3.4712
INFO - 05/26/26 19:55:09 - 0:09:35 - Epoch 14: MAE: 1.1167 | Corr: 0.6821 | Acc7: 0.2409 | Acc2: 0.7511 | F1: 0.7519
INFO - 05/26/26 19:55:09 - 0:09:35 - Epoch 15 training started...
INFO - 05/26/26 19:55:39 - 0:10:05 - Epoch 15: Total Loss: 3.4987
INFO - 05/26/26 19:55:56 - 0:10:23 - Epoch 15: MAE: 1.1190 | Corr: 0.6777 | Acc7: 0.2394 | Acc2: 0.7496 | F1: 0.7504
INFO - 05/26/26 19:55:56 - 0:10:23 - Epoch 16 training started...
INFO - 05/26/26 19:56:27 - 0:10:54 - Epoch 16: Total Loss: 3.4270
INFO - 05/26/26 19:56:45 - 0:11:12 - Epoch 16: MAE: 1.1148 | Corr: 0.6749 | Acc7: 0.2453 | Acc2: 0.7511 | F1: 0.7521
INFO - 05/26/26 19:56:45 - 0:11:12 - Epoch 17 training started...
INFO - 05/26/26 19:57:15 - 0:11:42 - Epoch 17: Total Loss: 3.4168
INFO - 05/26/26 19:57:33 - 0:12:00 - Epoch 17: MAE: 1.1180 | Corr: 0.6731 | Acc7: 0.2482 | Acc2: 0.7496 | F1: 0.7505
INFO - 05/26/26 19:57:33 - 0:12:00 - Epoch 18 training started...
INFO - 05/26/26 19:58:04 - 0:12:31 - Epoch 18: Total Loss: 3.3497
INFO - 05/26/26 19:58:23 - 0:12:50 - Epoch 18: MAE: 1.1171 | Corr: 0.6719 | Acc7: 0.2482 | Acc2: 0.7450 | F1: 0.7458
INFO - 05/26/26 19:58:23 - 0:12:50 - Epoch 19 training started...
INFO - 05/26/26 19:58:54 - 0:13:21 - Epoch 19: Total Loss: 3.3687
INFO - 05/26/26 19:59:54 - 0:00:00 - audio_dim: 74
                                     batch_sz: 32
                                     bert_lr: 2e-05
                                     bert_max_len: 50
                                     bert_model_name: bert-base-uncased
                                     conv_kernel_size: 3
                                     data_path: e:\Paper_Experiment\DML\DML_v1\CMU_v1\data\mosi.pkl
                                     dataset: mosi
                                     dropout: 0.3
                                     freeze_bert: False
                                     grad_clip: 1.0
                                     hidden_sz: 50
                                     lr: 0.0001
                                     lr_factor: 0.3
                                     lr_patience: 5
                                     max_epochs: 30
                                     max_seq_len: 20
                                     n_classes: 1
                                     n_workers: 4
                                     name: dml_mosi_seed0_lr0.0001_blr2e-05
                                     note: 
                                     num_heads: 5
                                     num_layers: 5
                                     pool_strategy: default
                                     savedir: e:\Paper_Experiment\DML\DML_v1\CMU_v1\savepath\mosi\dml_mosi_seed0_lr0.0001_blr2e-05
                                     seed: 0
                                     text_hidden_sz: 768
                                     vision_dim: 47
INFO - 05/26/26 20:00:02 - 0:00:07 - Epoch 0 training started...
INFO - 05/26/26 20:00:33 - 0:00:39 - Epoch 0: Total Loss: 8.2226
INFO - 05/26/26 20:00:50 - 0:00:56 - Epoch 0: MAE: 1.1644 | Corr: 0.6825 | Acc7: 0.2000 | Acc2: 0.8137 | F1: 0.8132
INFO - 05/26/26 20:00:52 - 0:00:58 -  *** NEW BEST CLEAN ACC2 *** Epoch 0 | Acc2: 0.8137
INFO - 05/26/26 20:00:52 - 0:00:58 - Epoch 1 training started...
INFO - 05/26/26 20:01:22 - 0:01:28 - Epoch 1: Total Loss: 6.8470
INFO - 05/26/26 20:01:42 - 0:01:48 - Epoch 1: MAE: 1.0912 | Corr: 0.7524 | Acc7: 0.2307 | Acc2: 0.8122 | F1: 0.8131
INFO - 05/26/26 20:01:42 - 0:01:48 - Epoch 2 training started...
INFO - 05/26/26 20:02:13 - 0:02:18 - Epoch 2: Total Loss: 6.1164
INFO - 05/26/26 20:02:30 - 0:02:36 - Epoch 2: MAE: 1.1332 | Corr: 0.7542 | Acc7: 0.2117 | Acc2: 0.7832 | F1: 0.7841
INFO - 05/26/26 20:02:30 - 0:02:36 - Epoch 3 training started...
INFO - 05/26/26 20:03:00 - 0:03:06 - Epoch 3: Total Loss: 5.8919
INFO - 05/26/26 20:03:17 - 0:03:23 - Epoch 3: MAE: 1.0969 | Corr: 0.7557 | Acc7: 0.2219 | Acc2: 0.8000 | F1: 0.8010
INFO - 05/26/26 20:03:17 - 0:03:23 - Epoch 4 training started...
INFO - 05/26/26 20:03:46 - 0:03:51 - Epoch 4: Total Loss: 5.4649
INFO - 05/26/26 20:04:02 - 0:04:08 - Epoch 4: MAE: 1.0896 | Corr: 0.7455 | Acc7: 0.2336 | Acc2: 0.8107 | F1: 0.8118
INFO - 05/26/26 20:04:02 - 0:04:08 - Epoch 5 training started...
INFO - 05/26/26 20:04:31 - 0:04:37 - Epoch 5: Total Loss: 5.2744
INFO - 05/26/26 20:04:48 - 0:04:54 - Epoch 5: MAE: 1.1015 | Corr: 0.7390 | Acc7: 0.2380 | Acc2: 0.7893 | F1: 0.7903
INFO - 05/26/26 20:04:48 - 0:04:54 - Epoch 6 training started...
INFO - 05/26/26 20:05:17 - 0:05:23 - Epoch 6: Total Loss: 4.8947
INFO - 05/26/26 20:05:34 - 0:05:39 - Epoch 6: MAE: 1.0994 | Corr: 0.7192 | Acc7: 0.2423 | Acc2: 0.7863 | F1: 0.7874
INFO - 05/26/26 20:05:34 - 0:05:39 - Epoch 7 training started...
INFO - 05/26/26 20:06:03 - 0:06:08 - Epoch 7: Total Loss: 4.6601
INFO - 05/26/26 20:06:19 - 0:06:25 - Epoch 7: MAE: 1.1164 | Corr: 0.7069 | Acc7: 0.2336 | Acc2: 0.7618 | F1: 0.7626
INFO - 05/26/26 20:06:19 - 0:06:25 - Epoch 8 training started...
INFO - 05/26/26 20:06:48 - 0:06:53 - Epoch 8: Total Loss: 4.4755
INFO - 05/26/26 20:07:04 - 0:07:09 - Epoch 8: MAE: 1.1116 | Corr: 0.6963 | Acc7: 0.2423 | Acc2: 0.7618 | F1: 0.7628
INFO - 05/26/26 20:07:04 - 0:07:09 - Epoch 9 training started...
INFO - 05/26/26 20:07:32 - 0:07:38 - Epoch 9: Total Loss: 4.3356
INFO - 05/26/26 20:07:50 - 0:07:55 - Epoch 9: MAE: 1.1081 | Corr: 0.6848 | Acc7: 0.2394 | Acc2: 0.7771 | F1: 0.7784
INFO - 05/26/26 20:07:50 - 0:07:55 - Epoch 10 training started...
INFO - 05/26/26 20:08:19 - 0:08:25 - Epoch 10: Total Loss: 4.2109
INFO - 05/26/26 20:08:35 - 0:08:41 - Epoch 10: MAE: 1.1416 | Corr: 0.6759 | Acc7: 0.2380 | Acc2: 0.7282 | F1: 0.7275
INFO - 05/26/26 20:08:35 - 0:08:41 - Epoch 11 training started...
INFO - 05/26/26 20:09:04 - 0:09:10 - Epoch 11: Total Loss: 4.3869
INFO - 05/26/26 20:09:21 - 0:09:26 - Epoch 11: MAE: 1.1233 | Corr: 0.6701 | Acc7: 0.2438 | Acc2: 0.7496 | F1: 0.7505
INFO - 05/26/26 20:09:21 - 0:09:26 - Epoch 12 training started...
INFO - 05/26/26 20:09:49 - 0:09:55 - Epoch 12: Total Loss: 4.0573
INFO - 05/26/26 20:10:06 - 0:10:11 - Epoch 12: MAE: 1.1021 | Corr: 0.6644 | Acc7: 0.2438 | Acc2: 0.7679 | F1: 0.7693
INFO - 05/26/26 20:10:06 - 0:10:11 - Epoch 13 training started...
INFO - 05/26/26 20:10:34 - 0:10:40 - Epoch 13: Total Loss: 4.2393
INFO - 05/26/26 20:10:51 - 0:10:56 - Epoch 13: MAE: 1.1138 | Corr: 0.6647 | Acc7: 0.2394 | Acc2: 0.7557 | F1: 0.7568
INFO - 05/26/26 20:10:51 - 0:10:56 - Epoch 14 training started...
INFO - 05/26/26 20:11:19 - 0:11:25 - Epoch 14: Total Loss: 4.0954
INFO - 05/26/26 20:11:37 - 0:11:42 - Epoch 14: MAE: 1.1200 | Corr: 0.6620 | Acc7: 0.2438 | Acc2: 0.7450 | F1: 0.7458
INFO - 05/26/26 20:11:37 - 0:11:42 - Epoch 15 training started...
INFO - 05/26/26 20:12:06 - 0:12:11 - Epoch 15: Total Loss: 4.0746
INFO - 05/26/26 20:12:22 - 0:12:28 - Epoch 15: MAE: 1.1106 | Corr: 0.6611 | Acc7: 0.2409 | Acc2: 0.7496 | F1: 0.7508
INFO - 05/26/26 20:12:22 - 0:12:28 - Epoch 16 training started...
INFO - 05/26/26 20:12:51 - 0:12:56 - Epoch 16: Total Loss: 3.9985
INFO - 05/26/26 20:13:07 - 0:13:13 - Epoch 16: MAE: 1.1163 | Corr: 0.6573 | Acc7: 0.2394 | Acc2: 0.7435 | F1: 0.7446
INFO - 05/26/26 20:13:07 - 0:13:13 - Epoch 17 training started...
INFO - 05/26/26 20:13:36 - 0:13:41 - Epoch 17: Total Loss: 3.9416
INFO - 05/26/26 20:13:52 - 0:13:58 - Epoch 17: MAE: 1.1210 | Corr: 0.6576 | Acc7: 0.2423 | Acc2: 0.7389 | F1: 0.7397
INFO - 05/26/26 20:13:52 - 0:13:58 - Epoch 18 training started...
INFO - 05/26/26 20:14:21 - 0:14:26 - Epoch 18: Total Loss: 3.9100
INFO - 05/26/26 20:14:37 - 0:14:43 - Epoch 18: MAE: 1.1227 | Corr: 0.6520 | Acc7: 0.2336 | Acc2: 0.7359 | F1: 0.7368
INFO - 05/26/26 20:14:37 - 0:14:43 - Epoch 19 training started...
INFO - 05/26/26 20:15:07 - 0:15:13 - Epoch 19: Total Loss: 3.8971
INFO - 05/26/26 20:15:24 - 0:15:29 - Epoch 19: MAE: 1.1215 | Corr: 0.6521 | Acc7: 0.2321 | Acc2: 0.7359 | F1: 0.7368
INFO - 05/26/26 20:15:24 - 0:15:29 - Epoch 20 training started...
INFO - 05/26/26 20:15:52 - 0:15:58 - Epoch 20: Total Loss: 4.0378
INFO - 05/26/26 20:16:09 - 0:16:14 - Epoch 20: MAE: 1.1163 | Corr: 0.6532 | Acc7: 0.2350 | Acc2: 0.7450 | F1: 0.7461
INFO - 05/26/26 20:16:09 - 0:16:14 - Epoch 21 training started...
INFO - 05/26/26 20:16:37 - 0:16:43 - Epoch 21: Total Loss: 3.8861
INFO - 05/26/26 20:16:53 - 0:16:59 - Epoch 21: MAE: 1.1202 | Corr: 0.6521 | Acc7: 0.2321 | Acc2: 0.7359 | F1: 0.7368
INFO - 05/26/26 20:16:53 - 0:16:59 - Epoch 22 training started...
INFO - 05/26/26 20:17:22 - 0:17:28 - Epoch 22: Total Loss: 3.9542
INFO - 05/26/26 20:17:39 - 0:17:44 - Epoch 22: MAE: 1.1213 | Corr: 0.6504 | Acc7: 0.2321 | Acc2: 0.7374 | F1: 0.7383
INFO - 05/26/26 20:17:39 - 0:17:44 - Epoch 23 training started...
INFO - 05/26/26 20:18:08 - 0:18:13 - Epoch 23: Total Loss: 3.9163
INFO - 05/26/26 20:18:24 - 0:18:30 - Epoch 23: MAE: 1.1226 | Corr: 0.6503 | Acc7: 0.2321 | Acc2: 0.7374 | F1: 0.7383
INFO - 05/26/26 20:18:24 - 0:18:30 - Epoch 24 training started...
INFO - 05/26/26 20:18:53 - 0:18:59 - Epoch 24: Total Loss: 3.8072
INFO - 05/26/26 20:19:10 - 0:19:15 - Epoch 24: MAE: 1.1208 | Corr: 0.6512 | Acc7: 0.2365 | Acc2: 0.7374 | F1: 0.7383
INFO - 05/26/26 20:19:10 - 0:19:15 - Epoch 25 training started...
INFO - 05/26/26 20:19:38 - 0:19:44 - Epoch 25: Total Loss: 3.8150
INFO - 05/26/26 20:19:55 - 0:20:01 - Epoch 25: MAE: 1.1199 | Corr: 0.6506 | Acc7: 0.2321 | Acc2: 0.7359 | F1: 0.7368
INFO - 05/26/26 20:19:55 - 0:20:01 - Epoch 26 training started...
INFO - 05/26/26 20:20:24 - 0:20:29 - Epoch 26: Total Loss: 3.9263
INFO - 05/26/26 20:20:40 - 0:20:46 - Epoch 26: MAE: 1.1207 | Corr: 0.6501 | Acc7: 0.2321 | Acc2: 0.7359 | F1: 0.7368
INFO - 05/26/26 20:20:40 - 0:20:46 - Epoch 27 training started...
INFO - 05/26/26 20:21:09 - 0:21:14 - Epoch 27: Total Loss: 4.0028
INFO - 05/26/26 20:21:26 - 0:21:31 - Epoch 27: MAE: 1.1218 | Corr: 0.6500 | Acc7: 0.2350 | Acc2: 0.7359 | F1: 0.7368
INFO - 05/26/26 20:21:26 - 0:21:31 - Epoch 28 training started...
INFO - 05/26/26 20:21:55 - 0:22:01 - Epoch 28: Total Loss: 4.0029
INFO - 05/26/26 20:22:11 - 0:22:17 - Epoch 28: MAE: 1.1203 | Corr: 0.6498 | Acc7: 0.2321 | Acc2: 0.7374 | F1: 0.7384
INFO - 05/26/26 20:22:11 - 0:22:17 - Epoch 29 training started...
INFO - 05/26/26 20:22:40 - 0:22:46 - Epoch 29: Total Loss: 4.0960
INFO - 05/26/26 20:22:57 - 0:23:03 - Epoch 29: MAE: 1.1195 | Corr: 0.6496 | Acc7: 0.2350 | Acc2: 0.7389 | F1: 0.7399
INFO - 05/26/26 20:22:57 - 0:23:03 - Loading best model for final robust evaluation on Test sets...
INFO - 05/26/26 20:23:02 - 0:23:08 - Generating and Evaluating on dataset for: Clean Test ...
INFO - 05/26/26 20:23:48 - 0:23:53 - Generating and Evaluating on dataset for: Vision Gaussian (Lvl 1.0) ...
INFO - 05/26/26 20:24:33 - 0:24:38 - Generating and Evaluating on dataset for: Vision Gaussian (Lvl 5.0) ...
INFO - 05/26/26 20:25:28 - 0:25:33 - Generating and Evaluating on dataset for: Audio Gaussian (Lvl 1.0) ...
INFO - 05/26/26 20:26:16 - 0:26:22 - Generating and Evaluating on dataset for: Audio Gaussian (Lvl 5.0) ...
INFO - 05/26/26 20:27:02 - 0:27:08 - 
                                     ================================================================================================
INFO - 05/26/26 20:27:02 - 0:27:08 -                         FINAL ROBUSTNESS EVALUATION RESULTS ON TEST SET                         
INFO - 05/26/26 20:27:02 - 0:27:08 - ================================================================================================
INFO - 05/26/26 20:27:02 - 0:27:08 - | Test Scenario                |        MAE |       Corr |       Acc7 |       Acc2 |         F1 |
INFO - 05/26/26 20:27:02 - 0:27:08 - |------------------------------|------------|------------|------------|------------|------------|
INFO - 05/26/26 20:27:02 - 0:27:08 - | Clean Test                   |     1.1644 |     0.6825 |     0.2000 |     0.8137 |     0.8132 |
INFO - 05/26/26 20:27:02 - 0:27:08 - | Vision Gaussian (Lvl 1.0)    |     1.1651 |     0.6803 |     0.1985 |     0.8107 |     0.8104 |
INFO - 05/26/26 20:27:02 - 0:27:08 - | Vision Gaussian (Lvl 5.0)    |     1.1587 |     0.6846 |     0.2044 |     0.8046 |     0.8046 |
INFO - 05/26/26 20:27:02 - 0:27:08 - | Audio Gaussian (Lvl 1.0)     |     1.1671 |     0.6815 |     0.1912 |     0.8061 |     0.8062 |
INFO - 05/26/26 20:27:02 - 0:27:08 - | Audio Gaussian (Lvl 5.0)     |     1.1607 |     0.6827 |     0.2058 |     0.8214 |     0.8206 |
INFO - 05/26/26 20:27:02 - 0:27:08 - ================================================================================================
                                     
INFO - 05/26/26 20:27:02 - 0:27:08 - Saved final results to e:\Paper_Experiment\DML\DML_v1\CMU_v1\savepath\mosi\dml_mosi_seed0_lr0.0001_blr2e-05\final_results.json
INFO - 05/26/26 20:27:02 - 0:27:08 - Best Clean Model: epoch=0, acc2=0.8137
INFO - 05/26/26 20:27:02 - 0:27:08 - Appended experiment record to e:\Paper_Experiment\DML\DML_v1\CMU_v1\savepath\mosi\all_experiments.json
INFO - 05/26/26 21:10:41 - 0:00:00 - audio_dim: 74
                                     batch_sz: 32
                                     bert_lr: 2e-05
                                     bert_max_len: 50
                                     bert_model_name: bert-base-uncased
                                     conv_kernel_size: 3
                                     data_path: e:\Paper_Experiment\DML\DML_v1\CMU_v1\data\mosi.pkl
                                     dataset: mosi
                                     dropout: 0.3
                                     freeze_bert: False
                                     grad_clip: 1.0
                                     hidden_sz: 50
                                     lr: 0.0001
                                     lr_factor: 0.3
                                     lr_patience: 5
                                     max_epochs: 30
                                     max_seq_len: 20
                                     n_classes: 1
                                     n_workers: 4
                                     name: dml_mosi_seed0_lr0.0001_blr2e-05
                                     note: 
                                     num_heads: 5
                                     num_layers: 3
                                     pool_strategy: last
                                     savedir: e:\Paper_Experiment\DML\DML_v1\CMU_v1\savepath\mosi\dml_mosi_seed0_lr0.0001_blr2e-05
                                     seed: 0
                                     text_hidden_sz: 768
                                     vision_dim: 47
INFO - 05/26/26 21:10:49 - 0:00:08 - Epoch 0 training started...
INFO - 05/26/26 21:12:03 - 0:01:22 - Epoch 0: Total Loss: 8.8722
INFO - 05/26/26 21:12:21 - 0:01:40 - Epoch 0: MAE: 1.1687 | Corr: 0.6443 | Acc7: 0.2204 | Acc2: 0.7924 | F1: 0.7935
INFO - 05/26/26 21:12:22 - 0:01:42 -  *** NEW BEST CLEAN ACC2 *** Epoch 0 | Acc2: 0.7924
INFO - 05/26/26 21:12:22 - 0:01:42 - Epoch 1 training started...
INFO - 05/26/26 21:34:03 - 0:00:00 - audio_dim: 74
                                     batch_sz: 32
                                     bert_lr: 2e-05
                                     bert_max_len: 50
                                     bert_model_name: bert-base-uncased
                                     conv_kernel_size: 3
                                     data_path: e:\Paper_Experiment\DML\DML_v1\CMU_v1\data\mosi.pkl
                                     dataset: mosi
                                     dropout: 0.3
                                     freeze_bert: False
                                     grad_clip: 1.0
                                     hidden_sz: 50
                                     lr: 0.0001
                                     lr_factor: 0.3
                                     lr_patience: 5
                                     max_epochs: 30
                                     max_seq_len: 20
                                     n_classes: 1
                                     n_workers: 4
                                     name: dml_mosi_seed0_lr0.0001_blr2e-05
                                     note: 
                                     num_heads: 5
                                     num_layers: 3
                                     pool_strategy: last
                                     savedir: e:\Paper_Experiment\DML\DML_v1\CMU_v1\savepath\mosi\dml_mosi_seed0_lr0.0001_blr2e-05
                                     seed: 0
                                     text_hidden_sz: 768
                                     vision_dim: 47
INFO - 05/26/26 21:34:12 - 0:00:09 - Epoch 0 training started...
INFO - 05/26/26 21:34:56 - 0:00:53 - Epoch 0: Total Loss: 8.8722
INFO - 05/26/26 21:35:11 - 0:01:07 - Epoch 0: MAE: 1.1687 | Corr: 0.6443 | Acc7: 0.2204 | Acc2: 0.7924 | F1: 0.7935
INFO - 05/26/26 21:35:12 - 0:01:09 -  *** NEW BEST CLEAN ACC2 *** Epoch 0 | Acc2: 0.7924
INFO - 05/26/26 21:35:12 - 0:01:09 - Epoch 1 training started...
INFO - 05/26/26 21:35:33 - 0:01:30 - Epoch 1: Total Loss: 6.9639
INFO - 05/26/26 21:35:51 - 0:01:48 - Epoch 1: MAE: 1.1341 | Corr: 0.7239 | Acc7: 0.2219 | Acc2: 0.8015 | F1: 0.8027
INFO - 05/26/26 21:35:52 - 0:01:49 -  *** NEW BEST CLEAN ACC2 *** Epoch 1 | Acc2: 0.8015
INFO - 05/26/26 21:35:52 - 0:01:49 - Epoch 2 training started...
INFO - 05/26/26 21:36:18 - 0:02:15 - Epoch 2: Total Loss: 6.2464
INFO - 05/26/26 21:36:35 - 0:02:32 - Epoch 2: MAE: 1.1030 | Corr: 0.7324 | Acc7: 0.2321 | Acc2: 0.8092 | F1: 0.8102
INFO - 05/26/26 21:36:43 - 0:02:40 -  *** NEW BEST CLEAN ACC2 *** Epoch 2 | Acc2: 0.8092
INFO - 05/26/26 21:36:43 - 0:02:40 - Epoch 3 training started...
INFO - 05/26/26 21:37:05 - 0:03:02 - Epoch 3: Total Loss: 5.9979
INFO - 05/26/26 21:37:21 - 0:03:17 - Epoch 3: MAE: 1.0417 | Corr: 0.7425 | Acc7: 0.2453 | Acc2: 0.8290 | F1: 0.8299
INFO - 05/26/26 21:37:22 - 0:03:19 -  *** NEW BEST CLEAN ACC2 *** Epoch 3 | Acc2: 0.8290
INFO - 05/26/26 21:37:22 - 0:03:19 - Epoch 4 training started...
INFO - 05/26/26 21:37:46 - 0:03:43 - Epoch 4: Total Loss: 5.8910
INFO - 05/26/26 21:38:03 - 0:04:00 - Epoch 4: MAE: 1.1094 | Corr: 0.7316 | Acc7: 0.2263 | Acc2: 0.8229 | F1: 0.8239
INFO - 05/26/26 21:38:03 - 0:04:00 - Epoch 5 training started...
INFO - 05/26/26 21:38:26 - 0:04:23 - Epoch 5: Total Loss: 5.7329
INFO - 05/26/26 21:38:43 - 0:04:40 - Epoch 5: MAE: 1.0676 | Corr: 0.7407 | Acc7: 0.2453 | Acc2: 0.8305 | F1: 0.8313
INFO - 05/26/26 21:38:44 - 0:04:41 -  *** NEW BEST CLEAN ACC2 *** Epoch 5 | Acc2: 0.8305
INFO - 05/26/26 21:38:44 - 0:04:41 - Epoch 6 training started...
INFO - 05/26/26 21:39:08 - 0:05:05 - Epoch 6: Total Loss: 5.8596
INFO - 05/26/26 21:39:25 - 0:05:22 - Epoch 6: MAE: 1.1097 | Corr: 0.7438 | Acc7: 0.2204 | Acc2: 0.7924 | F1: 0.7931
INFO - 05/26/26 21:39:25 - 0:05:22 - Epoch 7 training started...
INFO - 05/26/26 21:39:49 - 0:05:46 - Epoch 7: Total Loss: 5.6407
INFO - 05/26/26 21:40:06 - 0:06:03 - Epoch 7: MAE: 1.1000 | Corr: 0.7416 | Acc7: 0.2248 | Acc2: 0.8000 | F1: 0.8009
INFO - 05/26/26 21:40:06 - 0:06:03 - Epoch 8 training started...
INFO - 05/26/26 21:40:30 - 0:06:27 - Epoch 8: Total Loss: 5.3876
INFO - 05/26/26 21:40:46 - 0:06:43 - Epoch 8: MAE: 1.0856 | Corr: 0.7448 | Acc7: 0.2365 | Acc2: 0.8382 | F1: 0.8391
INFO - 05/26/26 21:40:48 - 0:06:45 -  *** NEW BEST CLEAN ACC2 *** Epoch 8 | Acc2: 0.8382
INFO - 05/26/26 21:40:48 - 0:06:45 - Epoch 9 training started...
INFO - 05/26/26 21:41:12 - 0:07:09 - Epoch 9: Total Loss: 5.6306
INFO - 05/26/26 21:41:29 - 0:07:26 - Epoch 9: MAE: 1.0903 | Corr: 0.7400 | Acc7: 0.2336 | Acc2: 0.8336 | F1: 0.8345
INFO - 05/26/26 21:41:29 - 0:07:26 - Epoch 10 training started...
INFO - 05/26/26 21:41:53 - 0:07:50 - Epoch 10: Total Loss: 5.5649
INFO - 05/26/26 21:42:09 - 0:08:06 - Epoch 10: MAE: 1.1201 | Corr: 0.7306 | Acc7: 0.2307 | Acc2: 0.7985 | F1: 0.7992
INFO - 05/26/26 21:42:09 - 0:08:06 - Epoch 11 training started...
INFO - 05/26/26 21:42:33 - 0:08:30 - Epoch 11: Total Loss: 5.4609
INFO - 05/26/26 21:42:50 - 0:08:47 - Epoch 11: MAE: 1.0788 | Corr: 0.7423 | Acc7: 0.2380 | Acc2: 0.8336 | F1: 0.8342
INFO - 05/26/26 21:42:50 - 0:08:47 - Epoch 12 training started...
INFO - 05/26/26 21:43:15 - 0:09:12 - Epoch 12: Total Loss: 5.3150
INFO - 05/26/26 21:43:32 - 0:09:29 - Epoch 12: MAE: 1.0935 | Corr: 0.7399 | Acc7: 0.2380 | Acc2: 0.8107 | F1: 0.8118
INFO - 05/26/26 21:43:32 - 0:09:29 - Epoch 13 training started...
INFO - 05/26/26 21:43:54 - 0:09:51 - Epoch 13: Total Loss: 5.3888
INFO - 05/26/26 21:44:11 - 0:10:08 - Epoch 13: MAE: 1.0775 | Corr: 0.7414 | Acc7: 0.2394 | Acc2: 0.8305 | F1: 0.8315
INFO - 05/26/26 21:44:11 - 0:10:08 - Epoch 14 training started...
INFO - 05/26/26 21:44:35 - 0:10:32 - Epoch 14: Total Loss: 5.2605
INFO - 05/26/26 21:44:52 - 0:10:49 - Epoch 14: MAE: 1.0734 | Corr: 0.7445 | Acc7: 0.2394 | Acc2: 0.8305 | F1: 0.8313
INFO - 05/26/26 21:44:52 - 0:10:49 - Epoch 15 training started...
INFO - 05/26/26 21:45:15 - 0:11:12 - Epoch 15: Total Loss: 5.2914
INFO - 05/26/26 21:45:32 - 0:11:29 - Epoch 15: MAE: 1.0810 | Corr: 0.7455 | Acc7: 0.2438 | Acc2: 0.8382 | F1: 0.8391
INFO - 05/26/26 21:45:32 - 0:11:29 - Epoch 16 training started...
INFO - 05/26/26 21:45:55 - 0:11:52 - Epoch 16: Total Loss: 5.2850
INFO - 05/26/26 21:46:12 - 0:12:09 - Epoch 16: MAE: 1.0947 | Corr: 0.7423 | Acc7: 0.2394 | Acc2: 0.8260 | F1: 0.8270
INFO - 05/26/26 21:46:12 - 0:12:09 - Epoch 17 training started...
INFO - 05/26/26 21:46:35 - 0:12:32 - Epoch 17: Total Loss: 5.1878
INFO - 05/26/26 21:46:52 - 0:12:49 - Epoch 17: MAE: 1.0921 | Corr: 0.7413 | Acc7: 0.2409 | Acc2: 0.8275 | F1: 0.8285
INFO - 05/26/26 21:46:52 - 0:12:49 - Epoch 18 training started...
INFO - 05/26/26 21:47:14 - 0:13:11 - Epoch 18: Total Loss: 5.1594
INFO - 05/26/26 21:47:30 - 0:13:27 - Epoch 18: MAE: 1.0876 | Corr: 0.7421 | Acc7: 0.2409 | Acc2: 0.8260 | F1: 0.8270
INFO - 05/26/26 21:47:30 - 0:13:27 - Epoch 19 training started...
INFO - 05/26/26 21:47:54 - 0:13:51 - Epoch 19: Total Loss: 5.2537
INFO - 05/26/26 21:48:12 - 0:14:09 - Epoch 19: MAE: 1.0825 | Corr: 0.7422 | Acc7: 0.2380 | Acc2: 0.8321 | F1: 0.8330
INFO - 05/26/26 21:48:12 - 0:14:09 - Epoch 20 training started...
INFO - 05/26/26 21:48:37 - 0:14:34 - Epoch 20: Total Loss: 5.3205
INFO - 05/26/26 21:48:54 - 0:14:51 - Epoch 20: MAE: 1.0854 | Corr: 0.7429 | Acc7: 0.2409 | Acc2: 0.8336 | F1: 0.8345
INFO - 05/26/26 21:48:54 - 0:14:51 - Epoch 21 training started...
INFO - 05/26/26 21:49:18 - 0:15:15 - Epoch 21: Total Loss: 5.1640
INFO - 05/26/26 21:49:35 - 0:15:32 - Epoch 21: MAE: 1.0820 | Corr: 0.7424 | Acc7: 0.2409 | Acc2: 0.8290 | F1: 0.8300
INFO - 05/26/26 21:49:35 - 0:15:32 - Epoch 22 training started...
INFO - 05/26/26 21:50:02 - 0:15:59 - Epoch 22: Total Loss: 5.1069
INFO - 05/26/26 21:50:19 - 0:16:16 - Epoch 22: MAE: 1.0855 | Corr: 0.7416 | Acc7: 0.2409 | Acc2: 0.8305 | F1: 0.8315
INFO - 05/26/26 21:50:19 - 0:16:16 - Epoch 23 training started...
INFO - 05/26/26 21:50:44 - 0:16:41 - Epoch 23: Total Loss: 5.1504
INFO - 05/26/26 21:51:02 - 0:16:59 - Epoch 23: MAE: 1.0873 | Corr: 0.7411 | Acc7: 0.2394 | Acc2: 0.8305 | F1: 0.8315
INFO - 05/26/26 21:51:02 - 0:16:59 - Epoch 24 training started...
INFO - 05/26/26 21:51:27 - 0:17:24 - Epoch 24: Total Loss: 5.2979
INFO - 05/26/26 21:51:44 - 0:17:41 - Epoch 24: MAE: 1.0894 | Corr: 0.7396 | Acc7: 0.2394 | Acc2: 0.8321 | F1: 0.8331
INFO - 05/26/26 21:51:44 - 0:17:41 - Epoch 25 training started...
INFO - 05/26/26 21:52:09 - 0:18:05 - Epoch 25: Total Loss: 5.1137
INFO - 05/26/26 21:52:25 - 0:18:22 - Epoch 25: MAE: 1.0893 | Corr: 0.7398 | Acc7: 0.2409 | Acc2: 0.8290 | F1: 0.8300
INFO - 05/26/26 21:52:25 - 0:18:22 - Epoch 26 training started...
INFO - 05/26/26 21:52:50 - 0:18:47 - Epoch 26: Total Loss: 5.1913
INFO - 05/26/26 21:53:07 - 0:19:04 - Epoch 26: MAE: 1.0895 | Corr: 0.7391 | Acc7: 0.2350 | Acc2: 0.8305 | F1: 0.8315
INFO - 05/26/26 21:53:07 - 0:19:04 - Epoch 27 training started...
INFO - 05/26/26 21:53:31 - 0:19:28 - Epoch 27: Total Loss: 5.3473
INFO - 05/26/26 21:53:48 - 0:19:45 - Epoch 27: MAE: 1.0904 | Corr: 0.7384 | Acc7: 0.2350 | Acc2: 0.8305 | F1: 0.8315
INFO - 05/26/26 21:53:48 - 0:19:45 - Epoch 28 training started...
INFO - 05/26/26 21:54:13 - 0:20:10 - Epoch 28: Total Loss: 5.3163
INFO - 05/26/26 21:54:30 - 0:20:27 - Epoch 28: MAE: 1.0928 | Corr: 0.7386 | Acc7: 0.2394 | Acc2: 0.8305 | F1: 0.8315
INFO - 05/26/26 21:54:30 - 0:20:27 - Epoch 29 training started...
INFO - 05/26/26 21:54:54 - 0:20:51 - Epoch 29: Total Loss: 5.1871
INFO - 05/26/26 21:55:11 - 0:21:08 - Epoch 29: MAE: 1.0881 | Corr: 0.7392 | Acc7: 0.2365 | Acc2: 0.8305 | F1: 0.8315
INFO - 05/26/26 21:55:11 - 0:21:08 - Loading best model for final robust evaluation on Test sets...
INFO - 05/26/26 21:55:17 - 0:21:14 - Generating and Evaluating on dataset for: Clean Test ...
INFO - 05/26/26 21:55:34 - 0:21:31 - Generating and Evaluating on dataset for: Vision Gaussian (Lvl 1.0) ...
INFO - 05/26/26 21:55:52 - 0:21:49 - Generating and Evaluating on dataset for: Vision Gaussian (Lvl 5.0) ...
INFO - 05/26/26 21:56:09 - 0:22:06 - Generating and Evaluating on dataset for: Audio Gaussian (Lvl 1.0) ...
INFO - 05/26/26 21:56:27 - 0:22:24 - Generating and Evaluating on dataset for: Audio Gaussian (Lvl 5.0) ...
INFO - 05/26/26 21:56:45 - 0:22:42 - 
                                     ================================================================================================
INFO - 05/26/26 21:56:45 - 0:22:42 -                         FINAL ROBUSTNESS EVALUATION RESULTS ON TEST SET                         
INFO - 05/26/26 21:56:45 - 0:22:42 - ================================================================================================
INFO - 05/26/26 21:56:45 - 0:22:42 - | Test Scenario                |        MAE |       Corr |       Acc7 |       Acc2 |         F1 |
INFO - 05/26/26 21:56:45 - 0:22:42 - |------------------------------|------------|------------|------------|------------|------------|
INFO - 05/26/26 21:56:45 - 0:22:42 - | Clean Test                   |     1.0856 |     0.7448 |     0.2365 |     0.8382 |     0.8391 |
INFO - 05/26/26 21:56:45 - 0:22:42 - | Vision Gaussian (Lvl 1.0)    |     1.0871 |     0.7412 |     0.2336 |     0.8336 |     0.8346 |
INFO - 05/26/26 21:56:45 - 0:22:42 - | Vision Gaussian (Lvl 5.0)    |     1.0835 |     0.7535 |     0.2321 |     0.8366 |     0.8376 |
INFO - 05/26/26 21:56:45 - 0:22:42 - | Audio Gaussian (Lvl 1.0)     |     1.0850 |     0.7457 |     0.2365 |     0.8366 |     0.8376 |
INFO - 05/26/26 21:56:45 - 0:22:42 - | Audio Gaussian (Lvl 5.0)     |     1.0848 |     0.7496 |     0.2365 |     0.8412 |     0.8422 |
INFO - 05/26/26 21:56:45 - 0:22:42 - ================================================================================================
                                     
INFO - 05/26/26 21:56:45 - 0:22:42 - Saved final results to e:\Paper_Experiment\DML\DML_v1\CMU_v1\savepath\mosi\dml_mosi_seed0_lr0.0001_blr2e-05\final_results.json
INFO - 05/26/26 21:56:45 - 0:22:42 - Best Clean Model: epoch=8, acc2=0.8382
INFO - 05/26/26 21:56:45 - 0:22:42 - Appended experiment record to e:\Paper_Experiment\DML\DML_v1\CMU_v1\savepath\mosi\all_experiments.json
INFO - 05/26/26 22:10:33 - 0:00:00 - audio_dim: 74
                                     batch_sz: 32
                                     bert_lr: 2e-05
                                     bert_max_len: 50
                                     bert_model_name: bert-base-uncased
                                     conv_kernel_size: 3
                                     data_path: e:\Paper_Experiment\DML\DML_v1\CMU_v1\data\mosi.pkl
                                     dataset: mosi
                                     dropout: 0.3
                                     freeze_bert: False
                                     grad_clip: 1.0
                                     hidden_sz: 50
                                     lr: 0.0001
                                     lr_factor: 0.3
                                     lr_patience: 5
                                     max_epochs: 30
                                     max_seq_len: 20
                                     n_classes: 1
                                     n_workers: 4
                                     name: dml_mosi_seed0_lr0.0001_blr2e-05
                                     note: 
                                     num_heads: 5
                                     num_layers: 3
                                     pool_strategy: last
                                     savedir: e:\Paper_Experiment\DML\DML_v1\CMU_v1\savepath\mosi\dml_mosi_seed0_lr0.0001_blr2e-05
                                     seed: 0
                                     text_hidden_sz: 768
                                     vision_dim: 47
INFO - 05/26/26 22:10:41 - 0:00:07 - Epoch 0 training started...
INFO - 05/26/26 22:11:02 - 0:00:29 - Epoch 0: Total Loss: 5.0902
INFO - 05/26/26 22:11:17 - 0:00:44 - Epoch 0: MAE: 1.2247 | Corr: 0.5625 | Acc7: 0.2190 | Acc2: 0.6412 | F1: 0.6319
INFO - 05/26/26 22:11:19 - 0:00:45 -  *** NEW BEST CLEAN ACC2 *** Epoch 0 | Acc2: 0.6412
INFO - 05/26/26 22:11:19 - 0:00:45 - Epoch 1 training started...
INFO - 05/26/26 22:11:40 - 0:01:06 - Epoch 1: Total Loss: 4.4100
INFO - 05/26/26 22:11:55 - 0:01:22 - Epoch 1: MAE: 1.1851 | Corr: 0.6603 | Acc7: 0.2336 | Acc2: 0.7084 | F1: 0.7055
INFO - 05/26/26 22:11:56 - 0:01:23 -  *** NEW BEST CLEAN ACC2 *** Epoch 1 | Acc2: 0.7084
INFO - 05/26/26 22:11:56 - 0:01:23 - Epoch 2 training started...
INFO - 05/26/26 22:12:17 - 0:01:44 - Epoch 2: Total Loss: 4.1301
INFO - 05/26/26 22:12:32 - 0:01:59 - Epoch 2: MAE: 1.1270 | Corr: 0.7008 | Acc7: 0.2307 | Acc2: 0.7466 | F1: 0.7457
INFO - 05/26/26 22:12:33 - 0:02:00 -  *** NEW BEST CLEAN ACC2 *** Epoch 2 | Acc2: 0.7466
INFO - 05/26/26 22:12:33 - 0:02:00 - Epoch 3 training started...
INFO - 05/26/26 22:12:55 - 0:02:22 - Epoch 3: Total Loss: 4.0023
INFO - 05/26/26 22:13:10 - 0:02:37 - Epoch 3: MAE: 1.1029 | Corr: 0.7033 | Acc7: 0.2409 | Acc2: 0.7740 | F1: 0.7746
