INFO - 06/11/26 23:19:57 - 0:00:00 - CONTENT_MODEL_PATH: e:\Paper_Experiment\DML\DML_v1\RGB_v4\checkpoint\resnet18_pretrained.pth
                                     FINE_SIZE: 224
                                     LOAD_SIZE: 256
                                     batch_sz: 64
                                     conformal_alpha: 0.1
                                     data_path: e:\Paper_Experiment\DML\DML_v1\datasets_shared\sunrgbd
                                     dropout: 0.3
                                     ib_beta: 1e-05
                                     ib_eps_scale: 0.0
                                     img_embed_pool_type: avg
                                     img_hidden_sz: 512
                                     lr: 0.00024
                                     lr_factor: 0.3
                                     lr_patience: 10
                                     max_epochs: 50
                                     n_classes: 19
                                     n_workers: 8
                                     name: dml_sun_seed0_lr0.00024
                                     note: 
                                     num_image_embeds: 1
                                     patience: 5
                                     savedir: savepath\sun_rgbd_ablation\B_ib1e-5_eps0_alpha0p1\dml_sun_seed0_lr0.00024
                                     seed: 0
                                     uncertainty_tau: 1.0
                                     val_split_ratio: 0.2
INFO - 06/11/26 23:19:57 - 0:00:00 - Epoch 0 training started...
INFO - 06/11/26 23:21:02 - 0:01:05 - Epoch 0: Total Loss: 4.5464, loss_both:1.4088, loss_rgb:1.4436, loss_depth:1.6934, loss_ib:0.0007, loss_ib_rgb:0.0003, loss_ib_depth:0.0003, beta_rgb:0.000014, beta_depth:0.000015, uncertainty_rgb:0.4129, uncertainty_depth:0.5166, acc_both:0.5885, acc_rgb:0.5697, acc_depth:0.4845
INFO - 06/11/26 23:21:40 - 0:01:43 - Epoch 0: Val - Acc: 0.5372
INFO - 06/11/26 23:21:40 - 0:01:44 -  *** NEW BEST VAL ACC *** Epoch 0 | Val Acc: 0.5372
INFO - 06/11/26 23:21:40 - 0:01:44 - Epoch 1 training started...
INFO - 06/11/26 23:22:46 - 0:02:50 - Epoch 1: Total Loss: 2.3878, loss_both:0.6763, loss_rgb:0.7004, loss_depth:1.0102, loss_ib:0.0009, loss_ib_rgb:0.0005, loss_ib_depth:0.0004, beta_rgb:0.000011, beta_depth:0.000012, uncertainty_rgb:0.1190, uncertainty_depth:0.1779, acc_both:0.8114, acc_rgb:0.7933, acc_depth:0.6912
INFO - 06/11/26 23:23:24 - 0:03:27 - Epoch 1: Val - Acc: 0.5677
INFO - 06/11/26 23:23:24 - 0:03:28 -  *** NEW BEST VAL ACC *** Epoch 1 | Val Acc: 0.5677
INFO - 06/11/26 23:23:24 - 0:03:28 - Epoch 2 training started...
INFO - 06/11/26 23:24:29 - 0:04:32 - Epoch 2: Total Loss: 1.5330, loss_both:0.3905, loss_rgb:0.4051, loss_depth:0.7362, loss_ib:0.0011, loss_ib_rgb:0.0006, loss_ib_depth:0.0005, beta_rgb:0.000011, beta_depth:0.000011, uncertainty_rgb:0.0887, uncertainty_depth:0.1396, acc_both:0.8989, acc_rgb:0.8852, acc_depth:0.7673
INFO - 06/11/26 23:25:06 - 0:05:09 - Epoch 2: Val - Acc: 0.5945
INFO - 06/11/26 23:25:06 - 0:05:10 -  *** NEW BEST VAL ACC *** Epoch 2 | Val Acc: 0.5945
INFO - 06/11/26 23:25:06 - 0:05:10 - Epoch 3 training started...
INFO - 06/11/26 23:26:10 - 0:06:14 - Epoch 3: Total Loss: 0.9301, loss_both:0.2093, loss_rgb:0.2336, loss_depth:0.4859, loss_ib:0.0012, loss_ib_rgb:0.0006, loss_ib_depth:0.0006, beta_rgb:0.000011, beta_depth:0.000011, uncertainty_rgb:0.0728, uncertainty_depth:0.1219, acc_both:0.9543, acc_rgb:0.9355, acc_depth:0.8638
INFO - 06/11/26 23:26:47 - 0:06:51 - Epoch 3: Val - Acc: 0.5991
INFO - 06/11/26 23:26:48 - 0:06:51 -  *** NEW BEST VAL ACC *** Epoch 3 | Val Acc: 0.5991
INFO - 06/11/26 23:26:48 - 0:06:51 - Epoch 4 training started...
INFO - 06/11/26 23:27:52 - 0:07:56 - Epoch 4: Total Loss: 0.5974, loss_both:0.1138, loss_rgb:0.1383, loss_depth:0.3440, loss_ib:0.0013, loss_ib_rgb:0.0007, loss_ib_depth:0.0006, beta_rgb:0.000011, beta_depth:0.000011, uncertainty_rgb:0.0681, uncertainty_depth:0.1119, acc_both:0.9819, acc_rgb:0.9688, acc_depth:0.9033
INFO - 06/11/26 23:28:30 - 0:08:33 - Epoch 4: Val - Acc: 0.5877
INFO - 06/11/26 23:28:30 - 0:08:33 - Epoch 5 training started...
INFO - 06/11/26 23:29:36 - 0:09:39 - Epoch 5: Total Loss: 0.3714, loss_both:0.0618, loss_rgb:0.0910, loss_depth:0.2171, loss_ib:0.0015, loss_ib_rgb:0.0008, loss_ib_depth:0.0007, beta_rgb:0.000011, beta_depth:0.000011, uncertainty_rgb:0.0641, uncertainty_depth:0.1132, acc_both:0.9917, acc_rgb:0.9801, acc_depth:0.9469
INFO - 06/11/26 23:30:18 - 0:10:21 - Epoch 5: Val - Acc: 0.6098
INFO - 06/11/26 23:30:18 - 0:10:22 -  *** NEW BEST VAL ACC *** Epoch 5 | Val Acc: 0.6098
INFO - 06/11/26 23:30:18 - 0:10:22 - Epoch 6 training started...
INFO - 06/11/26 23:31:27 - 0:11:30 - Epoch 6: Total Loss: 0.2410, loss_both:0.0359, loss_rgb:0.0500, loss_depth:0.1535, loss_ib:0.0015, loss_ib_rgb:0.0008, loss_ib_depth:0.0007, beta_rgb:0.000011, beta_depth:0.000011, uncertainty_rgb:0.0604, uncertainty_depth:0.0832, acc_both:0.9972, acc_rgb:0.9930, acc_depth:0.9631
INFO - 06/11/26 23:32:04 - 0:12:07 - Epoch 6: Val - Acc: 0.5903
INFO - 06/11/26 23:32:04 - 0:12:07 - Epoch 7 training started...
INFO - 06/11/26 23:33:08 - 0:13:11 - Epoch 7: Total Loss: 0.1971, loss_both:0.0266, loss_rgb:0.0419, loss_depth:0.1270, loss_ib:0.0016, loss_ib_rgb:0.0009, loss_ib_depth:0.0008, beta_rgb:0.000011, beta_depth:0.000011, uncertainty_rgb:0.0587, uncertainty_depth:0.0809, acc_both:0.9987, acc_rgb:0.9917, acc_depth:0.9683
INFO - 06/11/26 23:33:45 - 0:13:48 - Epoch 7: Val - Acc: 0.6115
INFO - 06/11/26 23:33:45 - 0:13:49 -  *** NEW BEST VAL ACC *** Epoch 7 | Val Acc: 0.6115
INFO - 06/11/26 23:33:45 - 0:13:49 - Epoch 8 training started...
INFO - 06/11/26 23:34:50 - 0:14:54 - Epoch 8: Total Loss: 0.1336, loss_both:0.0176, loss_rgb:0.0265, loss_depth:0.0878, loss_ib:0.0017, loss_ib_rgb:0.0009, loss_ib_depth:0.0008, beta_rgb:0.000011, beta_depth:0.000011, uncertainty_rgb:0.0558, uncertainty_depth:0.0773, acc_both:0.9982, acc_rgb:0.9959, acc_depth:0.9809
INFO - 06/11/26 23:35:27 - 0:15:31 - Epoch 8: Val - Acc: 0.5939
INFO - 06/11/26 23:35:28 - 0:15:31 - Epoch 9 training started...
INFO - 06/11/26 23:36:31 - 0:16:35 - Epoch 9: Total Loss: 0.1146, loss_both:0.0134, loss_rgb:0.0297, loss_depth:0.0697, loss_ib:0.0018, loss_ib_rgb:0.0009, loss_ib_depth:0.0008, beta_rgb:0.000011, beta_depth:0.000011, uncertainty_rgb:0.0564, uncertainty_depth:0.0770, acc_both:0.9995, acc_rgb:0.9938, acc_depth:0.9866
INFO - 06/11/26 23:37:08 - 0:17:12 - Epoch 9: Val - Acc: 0.5851
INFO - 06/11/26 23:37:08 - 0:17:12 - Epoch 10 training started...
INFO - 06/11/26 23:38:13 - 0:18:17 - Epoch 10: Total Loss: 0.0884, loss_both:0.0094, loss_rgb:0.0171, loss_depth:0.0601, loss_ib:0.0019, loss_ib_rgb:0.0010, loss_ib_depth:0.0009, beta_rgb:0.000011, beta_depth:0.000011, uncertainty_rgb:0.0565, uncertainty_depth:0.0714, acc_both:1.0000, acc_rgb:0.9990, acc_depth:0.9856
INFO - 06/11/26 23:38:50 - 0:18:54 - Epoch 10: Val - Acc: 0.6040
INFO - 06/11/26 23:38:50 - 0:18:54 - Epoch 11 training started...
INFO - 06/11/26 23:39:55 - 0:19:59 - Epoch 11: Total Loss: 0.0942, loss_both:0.0087, loss_rgb:0.0147, loss_depth:0.0690, loss_ib:0.0019, loss_ib_rgb:0.0010, loss_ib_depth:0.0009, beta_rgb:0.000011, beta_depth:0.000011, uncertainty_rgb:0.0548, uncertainty_depth:0.0741, acc_both:0.9995, acc_rgb:0.9982, acc_depth:0.9863
INFO - 06/11/26 23:40:33 - 0:20:36 - Epoch 11: Val - Acc: 0.5948
INFO - 06/11/26 23:40:33 - 0:20:36 - Epoch 12 training started...
INFO - 06/11/26 23:41:36 - 0:21:40 - Epoch 12: Total Loss: 0.0820, loss_both:0.0082, loss_rgb:0.0204, loss_depth:0.0514, loss_ib:0.0019, loss_ib_rgb:0.0010, loss_ib_depth:0.0009, beta_rgb:0.000011, beta_depth:0.000011, uncertainty_rgb:0.0557, uncertainty_depth:0.0708, acc_both:0.9992, acc_rgb:0.9966, acc_depth:0.9902
INFO - 06/11/26 23:42:13 - 0:22:17 - Epoch 12: Val - Acc: 0.6137
INFO - 06/11/26 23:42:14 - 0:22:17 -  *** NEW BEST VAL ACC *** Epoch 12 | Val Acc: 0.6137
INFO - 06/11/26 23:42:14 - 0:22:17 - Epoch 13 training started...
INFO - 06/11/26 23:43:18 - 0:23:21 - Epoch 13: Total Loss: 0.0922, loss_both:0.0093, loss_rgb:0.0336, loss_depth:0.0473, loss_ib:0.0020, loss_ib_rgb:0.0010, loss_ib_depth:0.0010, beta_rgb:0.000011, beta_depth:0.000011, uncertainty_rgb:0.0580, uncertainty_depth:0.0682, acc_both:0.9992, acc_rgb:0.9933, acc_depth:0.9902
INFO - 06/11/26 23:43:55 - 0:23:58 - Epoch 13: Val - Acc: 0.5761
INFO - 06/11/26 23:43:55 - 0:23:58 - Epoch 14 training started...
INFO - 06/11/26 23:45:04 - 0:25:07 - Epoch 14: Total Loss: 0.1041, loss_both:0.0114, loss_rgb:0.0424, loss_depth:0.0483, loss_ib:0.0021, loss_ib_rgb:0.0010, loss_ib_depth:0.0010, beta_rgb:0.000011, beta_depth:0.000011, uncertainty_rgb:0.0634, uncertainty_depth:0.0729, acc_both:0.9992, acc_rgb:0.9897, acc_depth:0.9874
INFO - 06/11/26 23:45:46 - 0:25:49 - Epoch 14: Val - Acc: 0.5851
INFO - 06/11/26 23:45:46 - 0:25:49 - Epoch 15 training started...
INFO - 06/11/26 23:46:52 - 0:26:55 - Epoch 15: Total Loss: 0.1238, loss_both:0.0133, loss_rgb:0.0575, loss_depth:0.0510, loss_ib:0.0021, loss_ib_rgb:0.0011, loss_ib_depth:0.0010, beta_rgb:0.000011, beta_depth:0.000011, uncertainty_rgb:0.0639, uncertainty_depth:0.0665, acc_both:0.9995, acc_rgb:0.9858, acc_depth:0.9881
INFO - 06/11/26 23:47:29 - 0:27:32 - Epoch 15: Val - Acc: 0.5748
INFO - 06/11/26 23:47:29 - 0:27:32 - Epoch 16 training started...
INFO - 06/11/26 23:48:33 - 0:28:36 - Epoch 16: Total Loss: 0.1681, loss_both:0.0194, loss_rgb:0.0849, loss_depth:0.0617, loss_ib:0.0022, loss_ib_rgb:0.0011, loss_ib_depth:0.0011, beta_rgb:0.000011, beta_depth:0.000011, uncertainty_rgb:0.0702, uncertainty_depth:0.0839, acc_both:0.9972, acc_rgb:0.9778, acc_depth:0.9850
INFO - 06/11/26 23:49:10 - 0:29:13 - Epoch 16: Val - Acc: 0.5793
INFO - 06/11/26 23:49:10 - 0:29:13 - Epoch 17 training started...
INFO - 06/11/26 23:50:14 - 0:30:18 - Epoch 17: Total Loss: 0.1946, loss_both:0.0198, loss_rgb:0.0694, loss_depth:0.1032, loss_ib:0.0022, loss_ib_rgb:0.0011, loss_ib_depth:0.0011, beta_rgb:0.000011, beta_depth:0.000011, uncertainty_rgb:0.0688, uncertainty_depth:0.0795, acc_both:0.9977, acc_rgb:0.9796, acc_depth:0.9683
INFO - 06/11/26 23:50:51 - 0:30:55 - Epoch 17: Val - Acc: 0.5961
INFO - 06/11/26 23:50:51 - 0:30:55 - No improvement for 5 epochs. Stopping early.
INFO - 06/11/26 23:50:51 - 0:30:55 - Loading best model for final robust evaluation on Test sets...
INFO - 06/11/26 23:51:17 - 0:31:21 - Generating and Evaluating on dataset for: Clean Test ...
INFO - 06/11/26 23:51:55 - 0:31:58 - Generating and Evaluating on dataset for: Salt & Pepper (Lvl 5.0) ...
INFO - 06/11/26 23:52:32 - 0:32:36 - Generating and Evaluating on dataset for: Salt & Pepper (Lvl 10.0) ...
INFO - 06/11/26 23:53:11 - 0:33:14 - Generating and Evaluating on dataset for: Gaussian (Lvl 5.0) ...
INFO - 06/11/26 23:53:50 - 0:33:53 - Generating and Evaluating on dataset for: Gaussian (Lvl 10.0) ...
INFO - 06/11/26 23:54:29 - 0:34:32 - 
                                     ============================================================
INFO - 06/11/26 23:54:29 - 0:34:32 -       FINAL ROBUSTNESS EVALUATION RESULTS ON TEST SET       
INFO - 06/11/26 23:54:29 - 0:34:32 - ============================================================
INFO - 06/11/26 23:54:29 - 0:34:32 - | Test Scenario                       | Score (Acc)        |
INFO - 06/11/26 23:54:29 - 0:34:32 - |-------------------------------------|--------------------|
INFO - 06/11/26 23:54:29 - 0:34:32 - | Clean Test                          |             0.6137 |
INFO - 06/11/26 23:54:29 - 0:34:32 - | Salt & Pepper (Lvl 5.0)             |             0.4904 |
INFO - 06/11/26 23:54:29 - 0:34:32 - | Salt & Pepper (Lvl 10.0)            |             0.3612 |
INFO - 06/11/26 23:54:29 - 0:34:32 - | Gaussian (Lvl 5.0)                  |             0.4995 |
INFO - 06/11/26 23:54:29 - 0:34:32 - | Gaussian (Lvl 10.0)                 |             0.4248 |
INFO - 06/11/26 23:54:29 - 0:34:32 - ============================================================
                                     
INFO - 06/11/26 23:54:29 - 0:34:32 - Saved final results to savepath\sun_rgbd_ablation\B_ib1e-5_eps0_alpha0p1\dml_sun_seed0_lr0.00024\final_results.json
INFO - 06/11/26 23:54:29 - 0:34:32 - Best Val Model: epoch=12, val_acc=0.6137, clean_test_acc=0.6137
INFO - 06/11/26 23:54:29 - 0:34:32 - Appended experiment record to savepath\sun_rgbd_ablation\B_ib1e-5_eps0_alpha0p1\all_experiments.json
