INFO - 05/26/26 18:31:05 - 0:00:00 - audio_dim: 74
                                     batch_sz: 32
                                     bert_max_len: 50
                                     bert_model_name: bert-base-uncased
                                     conv_kernel_size: 3
                                     data_path: e:\Paper_Experiment\DML\DML_v1\CMU_v1\data\mosi.pkl
                                     dataset: mosi
                                     dropout: 0.3
                                     freeze_bert: False
                                     hidden_sz: 64
                                     lr: 0.0001
                                     lr_factor: 0.3
                                     lr_patience: 5
                                     max_epochs: 30
                                     max_seq_len: 50
                                     n_classes: 1
                                     n_workers: 4
                                     name: dml_mosi_seed0_lr0.0001
                                     note: 
                                     num_heads: 4
                                     num_layers: 2
                                     pool_strategy: default
                                     savedir: e:\Paper_Experiment\DML\DML_v1\CMU_v1\savepath\mosi\dml_mosi_seed0_lr0.0001
                                     seed: 0
                                     text_hidden_sz: 768
                                     vision_dim: 47
INFO - 05/26/26 18:31:11 - 0:00:06 - Epoch 0 training started...
INFO - 05/26/26 18:31:33 - 0:00:28 - Epoch 0: Total Loss: 8.0321
INFO - 05/26/26 18:31:49 - 0:00:44 - Epoch 0: MAE: 1.2099 | Corr: 0.7584 | Acc7: 0.2190 | Acc2: 0.6977 | F1: 0.6868
INFO - 05/26/26 18:31:50 - 0:00:45 -  *** NEW BEST CLEAN ACC2 *** Epoch 0 | Acc2: 0.6977
INFO - 05/26/26 18:31:50 - 0:00:45 - Epoch 1 training started...
INFO - 05/26/26 19:02:41 - 0:00:00 - audio_dim: 74
                                     batch_sz: 32
                                     bert_max_len: 50
                                     bert_model_name: bert-base-uncased
                                     conv_kernel_size: 3
                                     data_path: e:\Paper_Experiment\DML\DML_v1\CMU_v1\data\mosi.pkl
                                     dataset: mosi
                                     dropout: 0.3
                                     freeze_bert: False
                                     hidden_sz: 64
                                     lr: 0.0001
                                     lr_factor: 0.3
                                     lr_patience: 5
                                     max_epochs: 30
                                     max_seq_len: 50
                                     n_classes: 1
                                     n_workers: 4
                                     name: dml_mosi_seed0_lr0.0001
                                     note: 
                                     num_heads: 4
                                     num_layers: 2
                                     pool_strategy: default
                                     savedir: e:\Paper_Experiment\DML\DML_v1\CMU_v1\savepath\mosi\dml_mosi_seed0_lr0.0001
                                     seed: 0
                                     text_hidden_sz: 768
                                     vision_dim: 47
INFO - 05/26/26 19:02:48 - 0:00:07 - Epoch 0 training started...
INFO - 05/26/26 19:03:08 - 0:00:27 - Epoch 0: Total Loss: 8.0321
INFO - 05/26/26 19:03:23 - 0:00:41 - Epoch 0: MAE: 1.2099 | Corr: 0.7584 | Acc7: 0.2190 | Acc2: 0.6977 | F1: 0.6868
INFO - 05/26/26 19:03:24 - 0:00:42 -  *** NEW BEST CLEAN ACC2 *** Epoch 0 | Acc2: 0.6977
INFO - 05/26/26 19:03:24 - 0:00:42 - Epoch 1 training started...
INFO - 05/26/26 19:03:43 - 0:01:02 - Epoch 1: Total Loss: 6.4505
INFO - 05/26/26 19:03:57 - 0:01:15 - Epoch 1: MAE: 1.1581 | Corr: 0.7388 | Acc7: 0.2204 | Acc2: 0.8076 | F1: 0.8086
INFO - 05/26/26 19:03:58 - 0:01:17 -  *** NEW BEST CLEAN ACC2 *** Epoch 1 | Acc2: 0.8076
INFO - 05/26/26 19:03:58 - 0:01:17 - Epoch 2 training started...
INFO - 05/26/26 19:04:18 - 0:01:36 - Epoch 2: Total Loss: 6.1651
INFO - 05/26/26 19:04:32 - 0:01:51 - Epoch 2: MAE: 1.1499 | Corr: 0.7372 | Acc7: 0.2350 | Acc2: 0.7603 | F1: 0.7599
INFO - 05/26/26 19:04:32 - 0:01:51 - Epoch 3 training started...
INFO - 05/26/26 19:04:52 - 0:02:10 - Epoch 3: Total Loss: 5.4841
INFO - 05/26/26 19:05:06 - 0:02:24 - Epoch 3: MAE: 1.1262 | Corr: 0.7799 | Acc7: 0.2321 | Acc2: 0.7954 | F1: 0.7963
INFO - 05/26/26 19:05:06 - 0:02:24 - Epoch 4 training started...
INFO - 05/26/26 19:05:25 - 0:02:44 - Epoch 4: Total Loss: 5.2892
INFO - 05/26/26 19:05:39 - 0:02:58 - Epoch 4: MAE: 1.0964 | Corr: 0.7665 | Acc7: 0.2204 | Acc2: 0.8427 | F1: 0.8421
INFO - 05/26/26 19:05:40 - 0:02:59 -  *** NEW BEST CLEAN ACC2 *** Epoch 4 | Acc2: 0.8427
INFO - 05/26/26 19:05:40 - 0:02:59 - Epoch 5 training started...
INFO - 05/26/26 19:06:00 - 0:03:18 - Epoch 5: Total Loss: 5.3377
INFO - 05/26/26 19:06:14 - 0:03:33 - Epoch 5: MAE: 1.0965 | Corr: 0.7436 | Acc7: 0.2423 | Acc2: 0.7985 | F1: 0.7996
INFO - 05/26/26 19:06:14 - 0:03:33 - Epoch 6 training started...
INFO - 05/26/26 19:06:34 - 0:03:52 - Epoch 6: Total Loss: 5.0254
INFO - 05/26/26 19:06:48 - 0:04:07 - Epoch 6: MAE: 1.1209 | Corr: 0.7556 | Acc7: 0.2409 | Acc2: 0.7557 | F1: 0.7557
INFO - 05/26/26 19:06:48 - 0:04:07 - Epoch 7 training started...
INFO - 05/26/26 19:07:08 - 0:04:26 - Epoch 7: Total Loss: 4.8368
INFO - 05/26/26 19:07:21 - 0:04:40 - Epoch 7: MAE: 1.0471 | Corr: 0.7588 | Acc7: 0.2628 | Acc2: 0.8260 | F1: 0.8260
INFO - 05/26/26 19:07:21 - 0:04:40 - Epoch 8 training started...
INFO - 05/26/26 19:07:41 - 0:04:59 - Epoch 8: Total Loss: 4.7673
INFO - 05/26/26 19:07:55 - 0:05:14 - Epoch 8: MAE: 1.1475 | Corr: 0.7413 | Acc7: 0.2336 | Acc2: 0.7420 | F1: 0.7400
INFO - 05/26/26 19:07:55 - 0:05:14 - Epoch 9 training started...
INFO - 05/26/26 19:08:15 - 0:05:34 - Epoch 9: Total Loss: 4.7841
INFO - 05/26/26 19:08:30 - 0:05:49 - Epoch 9: MAE: 1.0920 | Corr: 0.7365 | Acc7: 0.2365 | Acc2: 0.7969 | F1: 0.7980
INFO - 05/26/26 19:08:30 - 0:05:49 - Epoch 10 training started...
INFO - 05/26/26 19:08:50 - 0:06:09 - Epoch 10: Total Loss: 4.2336
INFO - 05/26/26 19:09:05 - 0:06:24 - Epoch 10: MAE: 1.1219 | Corr: 0.7152 | Acc7: 0.2365 | Acc2: 0.7557 | F1: 0.7559
INFO - 05/26/26 19:09:05 - 0:06:24 - Epoch 11 training started...
INFO - 05/26/26 19:09:26 - 0:06:45 - Epoch 11: Total Loss: 3.8780
INFO - 05/26/26 19:09:40 - 0:06:59 - Epoch 11: MAE: 1.1025 | Corr: 0.7031 | Acc7: 0.2350 | Acc2: 0.7878 | F1: 0.7891
INFO - 05/26/26 19:09:40 - 0:06:59 - Epoch 12 training started...
INFO - 05/26/26 19:10:00 - 0:07:18 - Epoch 12: Total Loss: 3.7202
INFO - 05/26/26 19:10:13 - 0:07:32 - Epoch 12: MAE: 1.1148 | Corr: 0.6981 | Acc7: 0.2307 | Acc2: 0.7695 | F1: 0.7705
INFO - 05/26/26 19:10:13 - 0:07:32 - Epoch 13 training started...
INFO - 05/26/26 19:10:33 - 0:07:51 - Epoch 13: Total Loss: 3.6409
INFO - 05/26/26 19:10:47 - 0:08:05 - Epoch 13: MAE: 1.1225 | Corr: 0.6894 | Acc7: 0.2321 | Acc2: 0.7603 | F1: 0.7611
INFO - 05/26/26 19:10:47 - 0:08:05 - Epoch 14 training started...
INFO - 05/26/26 19:11:06 - 0:08:25 - Epoch 14: Total Loss: 3.5479
INFO - 05/26/26 19:11:21 - 0:08:39 - Epoch 14: MAE: 1.1335 | Corr: 0.6868 | Acc7: 0.2277 | Acc2: 0.7511 | F1: 0.7513
INFO - 05/26/26 19:11:21 - 0:08:39 - Epoch 15 training started...
