INFO - 05/25/26 21:28:17 - 0:00:00 - CONTENT_MODEL_PATH: ./checkpoint/resnet18_pretrained.pth
                                     FINE_SIZE: 224
                                     LOAD_SIZE: 256
                                     batch_sz: 2
                                     data_path: ../../CPSC_RGB/data/nyud2_trainvaltest
                                     dropout: 0.3
                                     img_embed_pool_type: avg
                                     img_hidden_sz: 512
                                     lr: 0.00024
                                     lr_factor: 0.3
                                     lr_patience: 10
                                     max_epochs: 1
                                     n_classes: 19
                                     n_workers: 0
                                     name: dml_nyu_seed0_lr0.00024
                                     num_image_embeds: 1
                                     savedir: ./savepath/nyud\dml_nyu_seed0_lr0.00024
                                     seed: 0
INFO - 05/25/26 21:28:17 - 0:00:00 - Epoch 0 training started...
INFO - 05/25/26 21:28:39 - 0:00:22 - Epoch 0: Total Loss: 6.1873
INFO - 05/25/26 21:28:53 - 0:00:36 - Epoch 0: Clean - Acc: 0.4572
INFO - 05/25/26 21:28:53 - 0:00:36 -  *** NEW BEST CLEAN ACC *** Epoch 0 | Clean Acc: 0.4572
INFO - 05/25/26 21:28:53 - 0:00:36 - Loading best model for final robust evaluation on Test sets...
INFO - 05/25/26 21:28:54 - 0:00:37 - Generating and Evaluating on dataset for: Clean Test ...
INFO - 05/25/26 21:29:09 - 0:00:52 - Generating and Evaluating on dataset for: Salt & Pepper (Lvl 5.0) ...
INFO - 05/25/26 21:29:22 - 0:01:06 - Generating and Evaluating on dataset for: Salt & Pepper (Lvl 10.0) ...
INFO - 05/25/26 21:29:38 - 0:01:21 - Generating and Evaluating on dataset for: Gaussian (Lvl 5.0) ...
INFO - 05/25/26 21:29:55 - 0:01:39 - Generating and Evaluating on dataset for: Gaussian (Lvl 10.0) ...
INFO - 05/25/26 21:30:12 - 0:01:56 - 
                                     ============================================================
INFO - 05/25/26 21:30:12 - 0:01:56 -       FINAL ROBUSTNESS EVALUATION RESULTS ON TEST SET       
INFO - 05/25/26 21:30:12 - 0:01:56 - ============================================================
INFO - 05/25/26 21:30:12 - 0:01:56 - | Test Scenario                       | Score (Acc)        |
INFO - 05/25/26 21:30:12 - 0:01:56 - |-------------------------------------|--------------------|
INFO - 05/25/26 21:30:12 - 0:01:56 - | Clean Test                          |             0.4572 |
INFO - 05/25/26 21:30:12 - 0:01:56 - | Salt & Pepper (Lvl 5.0)             |             0.3135 |
INFO - 05/25/26 21:30:12 - 0:01:56 - | Salt & Pepper (Lvl 10.0)            |             0.2309 |
INFO - 05/25/26 21:30:12 - 0:01:56 - | Gaussian (Lvl 5.0)                  |             0.3670 |
INFO - 05/25/26 21:30:12 - 0:01:56 - | Gaussian (Lvl 10.0)                 |             0.3502 |
INFO - 05/25/26 21:30:12 - 0:01:56 - ============================================================
                                     
INFO - 05/25/26 21:30:12 - 0:01:56 - Saved final results to ./savepath/nyud\dml_nyu_seed0_lr0.00024\final_results.json
INFO - 05/25/26 21:30:12 - 0:01:56 - Best Clean Model: epoch=0, clean_acc=0.4572
INFO - 05/26/26 10:23:37 - 0:00:00 - CONTENT_MODEL_PATH: e:\Paper_Experiment\DML\DML_v1\RGB\checkpoint\resnet18_pretrained.pth
                                     FINE_SIZE: 224
                                     LOAD_SIZE: 256
                                     batch_sz: 64
                                     data_path: e:\Paper_Experiment\DML\DML_v1\RGB\data\nyud2_trainvaltest
                                     dropout: 0.3
                                     img_embed_pool_type: avg
                                     img_hidden_sz: 512
                                     lr: 0.00024
                                     lr_factor: 0.3
                                     lr_patience: 10
                                     max_epochs: 50
                                     n_classes: 19
                                     n_workers: 8
                                     name: dml_nyu_seed0_lr0.00024
                                     note: 
                                     num_image_embeds: 1
                                     savedir: e:\Paper_Experiment\DML\DML_v1\RGB\savepath\nyud\dml_nyu_seed0_lr0.00024
                                     seed: 0
INFO - 05/26/26 10:23:38 - 0:00:00 - Epoch 0 training started...
INFO - 05/26/26 10:24:05 - 0:00:27 - Epoch 0: Total Loss: 5.7636
INFO - 05/26/26 10:24:29 - 0:00:52 - Epoch 0: Clean - Acc: 0.5795
INFO - 05/26/26 10:24:30 - 0:00:52 -  *** NEW BEST CLEAN ACC *** Epoch 0 | Clean Acc: 0.5795
INFO - 05/26/26 10:24:30 - 0:00:52 - Epoch 1 training started...
INFO - 05/26/26 10:24:56 - 0:01:19 - Epoch 1: Total Loss: 2.1960
INFO - 05/26/26 10:25:21 - 0:01:44 - Epoch 1: Clean - Acc: 0.6713
INFO - 05/26/26 10:25:21 - 0:01:44 -  *** NEW BEST CLEAN ACC *** Epoch 1 | Clean Acc: 0.6713
INFO - 05/26/26 10:25:21 - 0:01:44 - Epoch 2 training started...
INFO - 05/26/26 10:25:48 - 0:02:11 - Epoch 2: Total Loss: 1.0930
INFO - 05/26/26 10:26:14 - 0:02:36 - Epoch 2: Clean - Acc: 0.6300
INFO - 05/26/26 10:26:14 - 0:02:36 - Epoch 3 training started...
INFO - 05/26/26 10:26:42 - 0:03:04 - Epoch 3: Total Loss: 0.5647
INFO - 05/26/26 10:27:06 - 0:03:29 - Epoch 3: Clean - Acc: 0.6728
INFO - 05/26/26 10:27:07 - 0:03:29 -  *** NEW BEST CLEAN ACC *** Epoch 3 | Clean Acc: 0.6728
INFO - 05/26/26 10:27:07 - 0:03:29 - Epoch 4 training started...
INFO - 05/26/26 10:27:33 - 0:03:56 - Epoch 4: Total Loss: 0.3173
INFO - 05/26/26 10:28:00 - 0:04:23 - Epoch 4: Clean - Acc: 0.6835
INFO - 05/26/26 10:28:00 - 0:04:23 -  *** NEW BEST CLEAN ACC *** Epoch 4 | Clean Acc: 0.6835
INFO - 05/26/26 10:28:00 - 0:04:23 - Epoch 5 training started...
INFO - 05/26/26 10:28:28 - 0:04:51 - Epoch 5: Total Loss: 0.1757
INFO - 05/26/26 10:28:53 - 0:05:16 - Epoch 5: Clean - Acc: 0.6820
INFO - 05/26/26 10:28:53 - 0:05:16 - Epoch 6 training started...
INFO - 05/26/26 10:29:20 - 0:05:42 - Epoch 6: Total Loss: 0.1321
INFO - 05/26/26 10:29:44 - 0:06:07 - Epoch 6: Clean - Acc: 0.6820
INFO - 05/26/26 10:29:44 - 0:06:07 - Epoch 7 training started...
INFO - 05/26/26 10:30:11 - 0:06:33 - Epoch 7: Total Loss: 0.0767
INFO - 05/26/26 10:30:35 - 0:06:58 - Epoch 7: Clean - Acc: 0.6850
INFO - 05/26/26 10:30:35 - 0:06:58 -  *** NEW BEST CLEAN ACC *** Epoch 7 | Clean Acc: 0.6850
INFO - 05/26/26 10:30:35 - 0:06:58 - Epoch 8 training started...
INFO - 05/26/26 10:31:01 - 0:07:24 - Epoch 8: Total Loss: 0.0750
INFO - 05/26/26 10:31:25 - 0:07:48 - Epoch 8: Clean - Acc: 0.6911
INFO - 05/26/26 10:31:26 - 0:07:48 -  *** NEW BEST CLEAN ACC *** Epoch 8 | Clean Acc: 0.6911
INFO - 05/26/26 10:31:26 - 0:07:48 - Epoch 9 training started...
INFO - 05/26/26 10:31:51 - 0:08:14 - Epoch 9: Total Loss: 0.0555
INFO - 05/26/26 10:32:16 - 0:08:38 - Epoch 9: Clean - Acc: 0.6881
INFO - 05/26/26 10:32:16 - 0:08:38 - Epoch 10 training started...
INFO - 05/26/26 10:32:42 - 0:09:04 - Epoch 10: Total Loss: 0.0414
INFO - 05/26/26 10:33:06 - 0:09:29 - Epoch 10: Clean - Acc: 0.6988
INFO - 05/26/26 10:33:06 - 0:09:29 -  *** NEW BEST CLEAN ACC *** Epoch 10 | Clean Acc: 0.6988
INFO - 05/26/26 10:33:06 - 0:09:29 - Epoch 11 training started...
INFO - 05/26/26 10:33:32 - 0:09:55 - Epoch 11: Total Loss: 0.0337
INFO - 05/26/26 10:33:57 - 0:10:20 - Epoch 11: Clean - Acc: 0.7018
INFO - 05/26/26 10:33:57 - 0:10:20 -  *** NEW BEST CLEAN ACC *** Epoch 11 | Clean Acc: 0.7018
INFO - 05/26/26 10:33:57 - 0:10:20 - Epoch 12 training started...
INFO - 05/26/26 10:34:24 - 0:10:47 - Epoch 12: Total Loss: 0.0302
INFO - 05/26/26 10:34:50 - 0:11:13 - Epoch 12: Clean - Acc: 0.6835
INFO - 05/26/26 10:34:50 - 0:11:13 - Epoch 13 training started...
INFO - 05/26/26 10:35:17 - 0:11:39 - Epoch 13: Total Loss: 0.0234
INFO - 05/26/26 10:35:41 - 0:12:03 - Epoch 13: Clean - Acc: 0.7187
INFO - 05/26/26 10:35:41 - 0:12:04 -  *** NEW BEST CLEAN ACC *** Epoch 13 | Clean Acc: 0.7187
INFO - 05/26/26 10:35:41 - 0:12:04 - Epoch 14 training started...
INFO - 05/26/26 10:36:07 - 0:12:30 - Epoch 14: Total Loss: 0.0178
INFO - 05/26/26 10:36:31 - 0:12:54 - Epoch 14: Clean - Acc: 0.7003
INFO - 05/26/26 10:36:31 - 0:12:54 - Epoch 15 training started...
INFO - 05/26/26 10:36:57 - 0:13:20 - Epoch 15: Total Loss: 0.0158
INFO - 05/26/26 10:37:21 - 0:13:44 - Epoch 15: Clean - Acc: 0.7018
INFO - 05/26/26 10:37:21 - 0:13:44 - Epoch 16 training started...
INFO - 05/26/26 10:37:48 - 0:14:10 - Epoch 16: Total Loss: 0.0151
INFO - 05/26/26 10:38:13 - 0:14:35 - Epoch 16: Clean - Acc: 0.6758
INFO - 05/26/26 10:38:13 - 0:14:35 - Epoch 17 training started...
INFO - 05/26/26 10:38:39 - 0:15:02 - Epoch 17: Total Loss: 0.0158
INFO - 05/26/26 10:39:04 - 0:15:27 - Epoch 17: Clean - Acc: 0.7064
INFO - 05/26/26 10:39:04 - 0:15:27 - Epoch 18 training started...
INFO - 05/26/26 10:39:31 - 0:15:53 - Epoch 18: Total Loss: 0.0131
INFO - 05/26/26 10:39:56 - 0:16:19 - Epoch 18: Clean - Acc: 0.7034
INFO - 05/26/26 10:39:56 - 0:16:19 - Epoch 19 training started...
INFO - 05/26/26 10:40:23 - 0:16:45 - Epoch 19: Total Loss: 0.0130
INFO - 05/26/26 10:40:48 - 0:17:11 - Epoch 19: Clean - Acc: 0.7034
INFO - 05/26/26 10:40:48 - 0:17:11 - Epoch 20 training started...
INFO - 05/26/26 10:41:15 - 0:17:37 - Epoch 20: Total Loss: 0.0161
INFO - 05/26/26 10:41:40 - 0:18:02 - Epoch 20: Clean - Acc: 0.7110
INFO - 05/26/26 10:41:40 - 0:18:02 - Epoch 21 training started...
INFO - 05/26/26 10:42:06 - 0:18:29 - Epoch 21: Total Loss: 0.0242
INFO - 05/26/26 10:42:31 - 0:18:53 - Epoch 21: Clean - Acc: 0.7018
INFO - 05/26/26 10:42:31 - 0:18:53 - Epoch 22 training started...
INFO - 05/26/26 10:42:58 - 0:19:20 - Epoch 22: Total Loss: 0.0303
INFO - 05/26/26 10:43:23 - 0:19:45 - Epoch 22: Clean - Acc: 0.7003
INFO - 05/26/26 10:43:23 - 0:19:45 - Epoch 23 training started...
INFO - 05/26/26 10:43:50 - 0:20:12 - Epoch 23: Total Loss: 0.0256
INFO - 05/26/26 10:44:15 - 0:20:38 - Epoch 23: Clean - Acc: 0.6728
INFO - 05/26/26 10:44:15 - 0:20:38 - Epoch 24 training started...
INFO - 05/26/26 10:44:42 - 0:21:05 - Epoch 24: Total Loss: 0.0160
INFO - 05/26/26 10:45:06 - 0:21:29 - Epoch 24: Clean - Acc: 0.6651
INFO - 05/26/26 10:45:06 - 0:21:29 - Epoch 25 training started...
INFO - 05/26/26 10:45:33 - 0:21:55 - Epoch 25: Total Loss: 0.0145
INFO - 05/26/26 10:45:58 - 0:22:21 - Epoch 25: Clean - Acc: 0.6789
INFO - 05/26/26 10:45:58 - 0:22:21 - Epoch 26 training started...
INFO - 05/26/26 10:46:24 - 0:22:47 - Epoch 26: Total Loss: 0.0139
INFO - 05/26/26 10:46:49 - 0:23:12 - Epoch 26: Clean - Acc: 0.6927
INFO - 05/26/26 10:46:49 - 0:23:12 - Epoch 27 training started...
INFO - 05/26/26 10:47:15 - 0:23:38 - Epoch 27: Total Loss: 0.0108
INFO - 05/26/26 10:47:40 - 0:24:03 - Epoch 27: Clean - Acc: 0.7018
INFO - 05/26/26 10:47:40 - 0:24:03 - Epoch 28 training started...
INFO - 05/26/26 10:48:06 - 0:24:29 - Epoch 28: Total Loss: 0.0077
INFO - 05/26/26 10:48:31 - 0:24:53 - Epoch 28: Clean - Acc: 0.6972
INFO - 05/26/26 10:48:31 - 0:24:53 - Epoch 29 training started...
INFO - 05/26/26 10:48:57 - 0:25:20 - Epoch 29: Total Loss: 0.0072
INFO - 05/26/26 10:49:22 - 0:25:44 - Epoch 29: Clean - Acc: 0.6988
INFO - 05/26/26 10:49:22 - 0:25:44 - Epoch 30 training started...
INFO - 05/26/26 10:49:48 - 0:26:11 - Epoch 30: Total Loss: 0.0092
INFO - 05/26/26 10:50:13 - 0:26:36 - Epoch 30: Clean - Acc: 0.6942
INFO - 05/26/26 10:50:13 - 0:26:36 - Epoch 31 training started...
INFO - 05/26/26 10:50:39 - 0:27:02 - Epoch 31: Total Loss: 0.0076
INFO - 05/26/26 10:51:05 - 0:27:27 - Epoch 31: Clean - Acc: 0.6911
INFO - 05/26/26 10:51:05 - 0:27:27 - Epoch 32 training started...
INFO - 05/26/26 10:51:31 - 0:27:54 - Epoch 32: Total Loss: 0.0063
INFO - 05/26/26 10:51:55 - 0:28:18 - Epoch 32: Clean - Acc: 0.7064
INFO - 05/26/26 10:51:55 - 0:28:18 - Epoch 33 training started...
INFO - 05/26/26 10:52:22 - 0:28:44 - Epoch 33: Total Loss: 0.0086
INFO - 05/26/26 10:52:46 - 0:29:09 - Epoch 33: Clean - Acc: 0.7049
INFO - 05/26/26 10:52:46 - 0:29:09 - Epoch 34 training started...
INFO - 05/26/26 10:53:13 - 0:29:36 - Epoch 34: Total Loss: 0.0059
INFO - 05/26/26 10:53:38 - 0:30:01 - Epoch 34: Clean - Acc: 0.7095
INFO - 05/26/26 10:53:38 - 0:30:01 - Epoch 35 training started...
INFO - 05/26/26 10:54:05 - 0:30:28 - Epoch 35: Total Loss: 0.0070
INFO - 05/26/26 10:54:30 - 0:30:53 - Epoch 35: Clean - Acc: 0.7034
INFO - 05/26/26 10:54:30 - 0:30:53 - Epoch 36 training started...
INFO - 05/26/26 10:54:57 - 0:31:19 - Epoch 36: Total Loss: 0.0062
INFO - 05/26/26 10:55:21 - 0:31:44 - Epoch 36: Clean - Acc: 0.7095
INFO - 05/26/26 10:55:21 - 0:31:44 - Epoch 37 training started...
INFO - 05/26/26 10:55:47 - 0:32:10 - Epoch 37: Total Loss: 0.0077
INFO - 05/26/26 10:56:11 - 0:32:34 - Epoch 37: Clean - Acc: 0.7018
INFO - 05/26/26 10:56:11 - 0:32:34 - Epoch 38 training started...
INFO - 05/26/26 10:56:38 - 0:33:00 - Epoch 38: Total Loss: 0.0069
INFO - 05/26/26 10:57:02 - 0:33:24 - Epoch 38: Clean - Acc: 0.7080
INFO - 05/26/26 10:57:02 - 0:33:24 - Epoch 39 training started...
INFO - 05/26/26 10:57:28 - 0:33:51 - Epoch 39: Total Loss: 0.0054
INFO - 05/26/26 10:57:53 - 0:34:16 - Epoch 39: Clean - Acc: 0.7095
INFO - 05/26/26 10:57:53 - 0:34:16 - Epoch 40 training started...
INFO - 05/26/26 10:58:21 - 0:34:44 - Epoch 40: Total Loss: 0.0066
INFO - 05/26/26 10:58:46 - 0:35:08 - Epoch 40: Clean - Acc: 0.7034
INFO - 05/26/26 10:58:46 - 0:35:08 - Epoch 41 training started...
INFO - 05/26/26 10:59:13 - 0:35:35 - Epoch 41: Total Loss: 0.0057
INFO - 05/26/26 10:59:37 - 0:36:00 - Epoch 41: Clean - Acc: 0.7018
INFO - 05/26/26 10:59:37 - 0:36:00 - Epoch 42 training started...
INFO - 05/26/26 11:00:04 - 0:36:27 - Epoch 42: Total Loss: 0.0063
INFO - 05/26/26 11:00:29 - 0:36:51 - Epoch 42: Clean - Acc: 0.7018
INFO - 05/26/26 11:00:29 - 0:36:51 - Epoch 43 training started...
INFO - 05/26/26 11:00:56 - 0:37:18 - Epoch 43: Total Loss: 0.0065
INFO - 05/26/26 11:01:21 - 0:37:44 - Epoch 43: Clean - Acc: 0.6988
INFO - 05/26/26 11:01:21 - 0:37:44 - Epoch 44 training started...
INFO - 05/26/26 11:01:51 - 0:38:13 - Epoch 44: Total Loss: 0.0068
INFO - 05/26/26 11:02:18 - 0:38:40 - Epoch 44: Clean - Acc: 0.7049
INFO - 05/26/26 11:02:18 - 0:38:40 - Epoch 45 training started...
INFO - 05/26/26 11:02:45 - 0:39:08 - Epoch 45: Total Loss: 0.0046
INFO - 05/26/26 11:03:11 - 0:39:33 - Epoch 45: Clean - Acc: 0.7034
INFO - 05/26/26 11:03:11 - 0:39:33 - Epoch 46 training started...
INFO - 05/26/26 11:03:38 - 0:40:01 - Epoch 46: Total Loss: 0.0071
INFO - 05/26/26 11:04:04 - 0:40:26 - Epoch 46: Clean - Acc: 0.7049
INFO - 05/26/26 11:04:04 - 0:40:26 - Epoch 47 training started...
INFO - 05/26/26 11:04:31 - 0:40:54 - Epoch 47: Total Loss: 0.0066
INFO - 05/26/26 11:04:56 - 0:41:19 - Epoch 47: Clean - Acc: 0.7049
INFO - 05/26/26 11:04:56 - 0:41:19 - Epoch 48 training started...
INFO - 05/26/26 11:05:24 - 0:41:47 - Epoch 48: Total Loss: 0.0071
INFO - 05/26/26 11:05:49 - 0:42:12 - Epoch 48: Clean - Acc: 0.7125
INFO - 05/26/26 11:05:49 - 0:42:12 - Epoch 49 training started...
INFO - 05/26/26 11:06:17 - 0:42:39 - Epoch 49: Total Loss: 0.0058
INFO - 05/26/26 11:06:42 - 0:43:05 - Epoch 49: Clean - Acc: 0.7095
INFO - 05/26/26 11:06:42 - 0:43:05 - Loading best model for final robust evaluation on Test sets...
INFO - 05/26/26 11:06:43 - 0:43:05 - Generating and Evaluating on dataset for: Clean Test ...
INFO - 05/26/26 11:07:08 - 0:43:31 - Generating and Evaluating on dataset for: Salt & Pepper (Lvl 5.0) ...
INFO - 05/26/26 11:07:33 - 0:43:56 - Generating and Evaluating on dataset for: Salt & Pepper (Lvl 10.0) ...
INFO - 05/26/26 11:07:59 - 0:44:22 - Generating and Evaluating on dataset for: Gaussian (Lvl 5.0) ...
INFO - 05/26/26 11:08:25 - 0:44:48 - Generating and Evaluating on dataset for: Gaussian (Lvl 10.0) ...
INFO - 05/26/26 11:08:51 - 0:45:14 - 
                                     ============================================================
INFO - 05/26/26 11:08:51 - 0:45:14 -       FINAL ROBUSTNESS EVALUATION RESULTS ON TEST SET       
INFO - 05/26/26 11:08:51 - 0:45:14 - ============================================================
INFO - 05/26/26 11:08:51 - 0:45:14 - | Test Scenario                       | Score (Acc)        |
INFO - 05/26/26 11:08:51 - 0:45:14 - |-------------------------------------|--------------------|
INFO - 05/26/26 11:08:51 - 0:45:14 - | Clean Test                          |             0.7187 |
INFO - 05/26/26 11:08:51 - 0:45:14 - | Salt & Pepper (Lvl 5.0)             |             0.5810 |
INFO - 05/26/26 11:08:51 - 0:45:14 - | Salt & Pepper (Lvl 10.0)            |             0.4404 |
INFO - 05/26/26 11:08:51 - 0:45:14 - | Gaussian (Lvl 5.0)                  |             0.6376 |
INFO - 05/26/26 11:08:51 - 0:45:14 - | Gaussian (Lvl 10.0)                 |             0.5719 |
INFO - 05/26/26 11:08:51 - 0:45:14 - ============================================================
                                     
INFO - 05/26/26 11:08:51 - 0:45:14 - Saved final results to e:\Paper_Experiment\DML\DML_v1\RGB\savepath\nyud\dml_nyu_seed0_lr0.00024\final_results.json
INFO - 05/26/26 11:08:51 - 0:45:14 - Best Clean Model: epoch=13, clean_acc=0.7187
INFO - 05/26/26 11:08:51 - 0:45:14 - Appended experiment record to e:\Paper_Experiment\DML\DML_v1\RGB\savepath\nyud\all_experiments.json
INFO - 05/30/26 22:18:17 - 0:00:00 - CONTENT_MODEL_PATH: e:\Paper_Experiment\DML\DML_v1\RGB_v1\checkpoint\resnet18_pretrained.pth
                                     FINE_SIZE: 224
                                     LOAD_SIZE: 256
                                     batch_sz: 64
                                     data_path: e:\Paper_Experiment\DML\DML_v1\RGB_v1\data\nyud2_trainvaltest
                                     dropout: 0.3
                                     img_embed_pool_type: avg
                                     img_hidden_sz: 512
                                     lr: 0.00024
                                     lr_factor: 0.3
                                     lr_patience: 10
                                     max_epochs: 50
                                     n_classes: 19
                                     n_workers: 8
                                     name: dml_nyu_seed0_lr0.00024
                                     note: 
                                     num_image_embeds: 1
                                     savedir: e:\Paper_Experiment\DML\DML_v1\RGB_v1\savepath\nyud\dml_nyu_seed0_lr0.00024
                                     seed: 0
INFO - 05/30/26 22:18:17 - 0:00:00 - Epoch 0 training started...
INFO - 05/30/26 22:18:45 - 0:00:28 - Epoch 0: Total Loss: 5.7636
INFO - 05/30/26 22:19:10 - 0:00:53 - Epoch 0: Clean - Acc: 0.5795
INFO - 05/30/26 22:19:10 - 0:00:54 -  *** NEW BEST CLEAN ACC *** Epoch 0 | Clean Acc: 0.5795
INFO - 05/30/26 22:19:10 - 0:00:54 - Epoch 1 training started...
INFO - 05/30/26 22:19:37 - 0:01:20 - Epoch 1: Total Loss: 2.1960
INFO - 05/30/26 22:20:01 - 0:01:44 - Epoch 1: Clean - Acc: 0.6713
INFO - 05/30/26 22:20:01 - 0:01:44 -  *** NEW BEST CLEAN ACC *** Epoch 1 | Clean Acc: 0.6713
INFO - 05/30/26 22:20:01 - 0:01:44 - Epoch 2 training started...
INFO - 05/30/26 22:20:27 - 0:02:10 - Epoch 2: Total Loss: 1.0930
INFO - 05/30/26 22:20:51 - 0:02:35 - Epoch 2: Clean - Acc: 0.6300
INFO - 05/30/26 22:20:51 - 0:02:35 - Epoch 3 training started...
INFO - 05/30/26 22:21:17 - 0:03:00 - Epoch 3: Total Loss: 0.5647
INFO - 05/30/26 22:21:41 - 0:03:24 - Epoch 3: Clean - Acc: 0.6728
INFO - 05/30/26 22:21:42 - 0:03:25 -  *** NEW BEST CLEAN ACC *** Epoch 3 | Clean Acc: 0.6728
INFO - 05/30/26 22:21:42 - 0:03:25 - Epoch 4 training started...
INFO - 05/30/26 22:22:08 - 0:03:51 - Epoch 4: Total Loss: 0.3173
INFO - 05/30/26 22:22:32 - 0:04:15 - Epoch 4: Clean - Acc: 0.6835
INFO - 05/30/26 22:22:32 - 0:04:15 -  *** NEW BEST CLEAN ACC *** Epoch 4 | Clean Acc: 0.6835
INFO - 05/30/26 22:22:32 - 0:04:15 - Epoch 5 training started...
INFO - 05/30/26 22:22:58 - 0:04:41 - Epoch 5: Total Loss: 0.1757
INFO - 05/30/26 22:23:23 - 0:05:06 - Epoch 5: Clean - Acc: 0.6820
INFO - 05/30/26 22:23:23 - 0:05:06 - Epoch 6 training started...
INFO - 05/30/26 22:23:50 - 0:05:33 - Epoch 6: Total Loss: 0.1321
INFO - 05/30/26 22:24:14 - 0:05:57 - Epoch 6: Clean - Acc: 0.6820
INFO - 05/30/26 22:24:14 - 0:05:57 - Epoch 7 training started...
INFO - 05/30/26 22:24:40 - 0:06:24 - Epoch 7: Total Loss: 0.0767
INFO - 05/30/26 22:25:05 - 0:06:48 - Epoch 7: Clean - Acc: 0.6850
INFO - 05/30/26 22:25:05 - 0:06:48 -  *** NEW BEST CLEAN ACC *** Epoch 7 | Clean Acc: 0.6850
INFO - 05/30/26 22:25:05 - 0:06:48 - Epoch 8 training started...
INFO - 05/30/26 22:25:31 - 0:07:14 - Epoch 8: Total Loss: 0.0750
INFO - 05/30/26 22:25:56 - 0:07:39 - Epoch 8: Clean - Acc: 0.6911
INFO - 05/30/26 22:25:56 - 0:07:39 -  *** NEW BEST CLEAN ACC *** Epoch 8 | Clean Acc: 0.6911
INFO - 05/30/26 22:25:56 - 0:07:39 - Epoch 9 training started...
INFO - 05/30/26 22:26:22 - 0:08:05 - Epoch 9: Total Loss: 0.0555
INFO - 05/30/26 22:26:46 - 0:08:29 - Epoch 9: Clean - Acc: 0.6881
INFO - 05/30/26 22:26:46 - 0:08:29 - Epoch 10 training started...
INFO - 05/30/26 22:27:12 - 0:08:55 - Epoch 10: Total Loss: 0.0414
INFO - 05/30/26 22:27:36 - 0:09:19 - Epoch 10: Clean - Acc: 0.6988
INFO - 05/30/26 22:27:36 - 0:09:19 -  *** NEW BEST CLEAN ACC *** Epoch 10 | Clean Acc: 0.6988
INFO - 05/30/26 22:27:36 - 0:09:19 - Epoch 11 training started...
INFO - 05/30/26 22:28:02 - 0:09:45 - Epoch 11: Total Loss: 0.0337
INFO - 05/30/26 22:28:26 - 0:10:09 - Epoch 11: Clean - Acc: 0.7018
INFO - 05/30/26 22:28:26 - 0:10:10 -  *** NEW BEST CLEAN ACC *** Epoch 11 | Clean Acc: 0.7018
INFO - 05/30/26 22:28:26 - 0:10:10 - Epoch 12 training started...
INFO - 05/30/26 22:28:53 - 0:10:36 - Epoch 12: Total Loss: 0.0302
INFO - 05/30/26 22:29:17 - 0:11:00 - Epoch 12: Clean - Acc: 0.6835
INFO - 05/30/26 22:29:17 - 0:11:00 - Epoch 13 training started...
INFO - 05/30/26 22:29:43 - 0:11:26 - Epoch 13: Total Loss: 0.0234
INFO - 05/30/26 22:30:07 - 0:11:50 - Epoch 13: Clean - Acc: 0.7187
INFO - 05/30/26 22:30:07 - 0:11:50 -  *** NEW BEST CLEAN ACC *** Epoch 13 | Clean Acc: 0.7187
INFO - 05/30/26 22:30:07 - 0:11:50 - Epoch 14 training started...
INFO - 05/30/26 22:30:33 - 0:12:16 - Epoch 14: Total Loss: 0.0178
INFO - 05/30/26 22:31:00 - 0:12:43 - Epoch 14: Clean - Acc: 0.7003
INFO - 05/30/26 22:31:00 - 0:12:43 - Epoch 15 training started...
INFO - 05/30/26 22:31:29 - 0:13:12 - Epoch 15: Total Loss: 0.0158
INFO - 05/30/26 22:31:56 - 0:13:39 - Epoch 15: Clean - Acc: 0.7018
INFO - 05/30/26 22:31:56 - 0:13:39 - Epoch 16 training started...
INFO - 05/30/26 22:32:25 - 0:14:08 - Epoch 16: Total Loss: 0.0151
INFO - 05/30/26 22:32:51 - 0:14:34 - Epoch 16: Clean - Acc: 0.6758
INFO - 05/30/26 22:32:51 - 0:14:34 - Epoch 17 training started...
INFO - 05/30/26 22:33:17 - 0:15:00 - Epoch 17: Total Loss: 0.0158
INFO - 05/30/26 22:33:41 - 0:15:24 - Epoch 17: Clean - Acc: 0.7064
INFO - 05/30/26 22:33:41 - 0:15:24 - Epoch 18 training started...
INFO - 05/30/26 22:34:07 - 0:15:50 - Epoch 18: Total Loss: 0.0131
INFO - 05/30/26 22:34:31 - 0:16:14 - Epoch 18: Clean - Acc: 0.7034
INFO - 05/30/26 22:34:31 - 0:16:14 - Epoch 19 training started...
INFO - 05/30/26 22:34:57 - 0:16:40 - Epoch 19: Total Loss: 0.0130
INFO - 05/30/26 22:35:21 - 0:17:04 - Epoch 19: Clean - Acc: 0.7034
INFO - 05/30/26 22:35:21 - 0:17:04 - Epoch 20 training started...
INFO - 05/30/26 22:35:47 - 0:17:30 - Epoch 20: Total Loss: 0.0161
INFO - 05/30/26 22:36:11 - 0:17:54 - Epoch 20: Clean - Acc: 0.7110
INFO - 05/30/26 22:36:11 - 0:17:54 - Epoch 21 training started...
INFO - 05/30/26 22:36:37 - 0:18:20 - Epoch 21: Total Loss: 0.0242
INFO - 05/30/26 22:37:01 - 0:18:44 - Epoch 21: Clean - Acc: 0.7018
INFO - 05/30/26 22:37:01 - 0:18:44 - Epoch 22 training started...
INFO - 05/30/26 22:37:27 - 0:19:10 - Epoch 22: Total Loss: 0.0303
INFO - 05/30/26 22:37:51 - 0:19:34 - Epoch 22: Clean - Acc: 0.7003
INFO - 05/30/26 22:37:51 - 0:19:34 - Epoch 23 training started...
INFO - 05/30/26 22:38:17 - 0:20:00 - Epoch 23: Total Loss: 0.0256
INFO - 05/30/26 22:38:41 - 0:20:25 - Epoch 23: Clean - Acc: 0.6728
INFO - 05/30/26 22:38:41 - 0:20:25 - Epoch 24 training started...
INFO - 05/30/26 22:39:08 - 0:20:51 - Epoch 24: Total Loss: 0.0160
INFO - 05/30/26 22:39:32 - 0:21:15 - Epoch 24: Clean - Acc: 0.6651
INFO - 05/30/26 22:39:32 - 0:21:15 - Epoch 25 training started...
INFO - 05/30/26 22:39:58 - 0:21:41 - Epoch 25: Total Loss: 0.0145
INFO - 05/30/26 22:40:22 - 0:22:05 - Epoch 25: Clean - Acc: 0.6789
INFO - 05/30/26 22:40:22 - 0:22:05 - Epoch 26 training started...
INFO - 05/30/26 22:40:48 - 0:22:31 - Epoch 26: Total Loss: 0.0139
INFO - 05/30/26 22:41:12 - 0:22:55 - Epoch 26: Clean - Acc: 0.6927
INFO - 05/30/26 22:41:12 - 0:22:55 - Epoch 27 training started...
INFO - 05/30/26 22:41:38 - 0:23:21 - Epoch 27: Total Loss: 0.0108
INFO - 05/30/26 22:42:02 - 0:23:45 - Epoch 27: Clean - Acc: 0.7018
INFO - 05/30/26 22:42:02 - 0:23:45 - Epoch 28 training started...
INFO - 05/30/26 22:42:28 - 0:24:11 - Epoch 28: Total Loss: 0.0077
INFO - 05/30/26 22:42:52 - 0:24:35 - Epoch 28: Clean - Acc: 0.6972
INFO - 05/30/26 22:42:52 - 0:24:35 - Epoch 29 training started...
INFO - 05/30/26 22:43:18 - 0:25:01 - Epoch 29: Total Loss: 0.0072
INFO - 05/30/26 22:43:42 - 0:25:25 - Epoch 29: Clean - Acc: 0.6988
INFO - 05/30/26 22:43:42 - 0:25:25 - Epoch 30 training started...
INFO - 05/30/26 22:44:08 - 0:25:51 - Epoch 30: Total Loss: 0.0092
INFO - 05/30/26 22:44:32 - 0:26:15 - Epoch 30: Clean - Acc: 0.6942
INFO - 05/30/26 22:44:32 - 0:26:15 - Epoch 31 training started...
INFO - 05/30/26 22:44:58 - 0:26:41 - Epoch 31: Total Loss: 0.0076
INFO - 05/30/26 22:45:22 - 0:27:05 - Epoch 31: Clean - Acc: 0.6911
INFO - 05/30/26 22:45:22 - 0:27:05 - Epoch 32 training started...
INFO - 05/30/26 22:45:49 - 0:27:32 - Epoch 32: Total Loss: 0.0063
INFO - 05/30/26 22:46:16 - 0:27:59 - Epoch 32: Clean - Acc: 0.7064
INFO - 05/30/26 22:46:16 - 0:27:59 - Epoch 33 training started...
INFO - 05/30/26 22:46:45 - 0:28:28 - Epoch 33: Total Loss: 0.0086
INFO - 05/30/26 22:47:13 - 0:28:56 - Epoch 33: Clean - Acc: 0.7049
INFO - 05/30/26 22:47:13 - 0:28:56 - Epoch 34 training started...
INFO - 05/30/26 22:47:42 - 0:29:25 - Epoch 34: Total Loss: 0.0059
INFO - 05/30/26 22:48:06 - 0:29:49 - Epoch 34: Clean - Acc: 0.7095
INFO - 05/30/26 22:48:06 - 0:29:49 - Epoch 35 training started...
INFO - 05/30/26 22:48:32 - 0:30:15 - Epoch 35: Total Loss: 0.0070
INFO - 05/30/26 22:48:56 - 0:30:39 - Epoch 35: Clean - Acc: 0.7034
INFO - 05/30/26 22:48:56 - 0:30:39 - Epoch 36 training started...
INFO - 05/30/26 22:49:22 - 0:31:05 - Epoch 36: Total Loss: 0.0062
INFO - 05/30/26 22:49:46 - 0:31:29 - Epoch 36: Clean - Acc: 0.7095
INFO - 05/30/26 22:49:46 - 0:31:29 - Epoch 37 training started...
INFO - 05/30/26 22:50:12 - 0:31:55 - Epoch 37: Total Loss: 0.0077
INFO - 05/30/26 22:50:36 - 0:32:19 - Epoch 37: Clean - Acc: 0.7018
INFO - 05/30/26 22:50:36 - 0:32:19 - Epoch 38 training started...
INFO - 05/30/26 22:51:02 - 0:32:45 - Epoch 38: Total Loss: 0.0069
INFO - 05/30/26 22:51:26 - 0:33:09 - Epoch 38: Clean - Acc: 0.7080
INFO - 05/30/26 22:51:26 - 0:33:09 - Epoch 39 training started...
INFO - 05/30/26 22:51:52 - 0:33:35 - Epoch 39: Total Loss: 0.0054
INFO - 05/30/26 22:52:16 - 0:33:59 - Epoch 39: Clean - Acc: 0.7095
INFO - 05/30/26 22:52:16 - 0:33:59 - Epoch 40 training started...
INFO - 05/30/26 22:52:42 - 0:34:25 - Epoch 40: Total Loss: 0.0066
INFO - 05/30/26 22:53:06 - 0:34:49 - Epoch 40: Clean - Acc: 0.7034
INFO - 05/30/26 22:53:06 - 0:34:49 - Epoch 41 training started...
INFO - 05/30/26 22:53:32 - 0:35:15 - Epoch 41: Total Loss: 0.0057
INFO - 05/30/26 22:53:56 - 0:35:39 - Epoch 41: Clean - Acc: 0.7018
INFO - 05/30/26 22:53:56 - 0:35:39 - Epoch 42 training started...
INFO - 05/30/26 22:54:22 - 0:36:05 - Epoch 42: Total Loss: 0.0063
INFO - 05/30/26 22:54:46 - 0:36:29 - Epoch 42: Clean - Acc: 0.7018
INFO - 05/30/26 22:54:46 - 0:36:29 - Epoch 43 training started...
INFO - 05/30/26 22:55:12 - 0:36:55 - Epoch 43: Total Loss: 0.0065
INFO - 05/30/26 22:55:36 - 0:37:19 - Epoch 43: Clean - Acc: 0.6988
INFO - 05/30/26 22:55:36 - 0:37:19 - Epoch 44 training started...
INFO - 05/30/26 22:56:02 - 0:37:45 - Epoch 44: Total Loss: 0.0068
INFO - 05/30/26 22:56:26 - 0:38:09 - Epoch 44: Clean - Acc: 0.7049
INFO - 05/30/26 22:56:26 - 0:38:09 - Epoch 45 training started...
INFO - 05/30/26 22:56:52 - 0:38:35 - Epoch 45: Total Loss: 0.0046
INFO - 05/30/26 22:57:16 - 0:38:59 - Epoch 45: Clean - Acc: 0.7034
INFO - 05/30/26 22:57:16 - 0:38:59 - Epoch 46 training started...
INFO - 05/30/26 22:57:42 - 0:39:25 - Epoch 46: Total Loss: 0.0071
INFO - 05/30/26 22:58:06 - 0:39:49 - Epoch 46: Clean - Acc: 0.7049
INFO - 05/30/26 22:58:06 - 0:39:49 - Epoch 47 training started...
INFO - 05/30/26 22:58:32 - 0:40:15 - Epoch 47: Total Loss: 0.0066
INFO - 05/30/26 22:58:56 - 0:40:39 - Epoch 47: Clean - Acc: 0.7049
INFO - 05/30/26 22:58:56 - 0:40:39 - Epoch 48 training started...
INFO - 05/30/26 22:59:22 - 0:41:05 - Epoch 48: Total Loss: 0.0071
INFO - 05/30/26 22:59:46 - 0:41:29 - Epoch 48: Clean - Acc: 0.7125
INFO - 05/30/26 22:59:46 - 0:41:29 - Epoch 49 training started...
INFO - 05/30/26 23:00:12 - 0:41:55 - Epoch 49: Total Loss: 0.0058
INFO - 05/30/26 23:00:36 - 0:42:19 - Epoch 49: Clean - Acc: 0.7095
INFO - 05/30/26 23:00:36 - 0:42:19 - Loading best model for final robust evaluation on Test sets...
INFO - 05/30/26 23:00:37 - 0:42:20 - Generating and Evaluating on dataset for: Clean Test ...
INFO - 05/30/26 23:01:04 - 0:42:47 - Generating and Evaluating on dataset for: Salt & Pepper (Lvl 5.0) ...
INFO - 05/30/26 23:01:31 - 0:43:14 - Generating and Evaluating on dataset for: Salt & Pepper (Lvl 10.0) ...
INFO - 05/30/26 23:01:59 - 0:43:42 - Generating and Evaluating on dataset for: Gaussian (Lvl 5.0) ...
INFO - 05/30/26 23:02:26 - 0:44:09 - Generating and Evaluating on dataset for: Gaussian (Lvl 10.0) ...
INFO - 05/30/26 23:02:52 - 0:44:35 - 
                                     ============================================================
INFO - 05/30/26 23:02:52 - 0:44:35 -       FINAL ROBUSTNESS EVALUATION RESULTS ON TEST SET       
INFO - 05/30/26 23:02:52 - 0:44:35 - ============================================================
INFO - 05/30/26 23:02:52 - 0:44:35 - | Test Scenario                       | Score (Acc)        |
INFO - 05/30/26 23:02:52 - 0:44:35 - |-------------------------------------|--------------------|
INFO - 05/30/26 23:02:52 - 0:44:35 - | Clean Test                          |             0.7187 |
INFO - 05/30/26 23:02:52 - 0:44:35 - | Salt & Pepper (Lvl 5.0)             |             0.5810 |
INFO - 05/30/26 23:02:52 - 0:44:35 - | Salt & Pepper (Lvl 10.0)            |             0.4404 |
INFO - 05/30/26 23:02:52 - 0:44:35 - | Gaussian (Lvl 5.0)                  |             0.6376 |
INFO - 05/30/26 23:02:52 - 0:44:35 - | Gaussian (Lvl 10.0)                 |             0.5719 |
INFO - 05/30/26 23:02:52 - 0:44:35 - ============================================================
                                     
INFO - 05/30/26 23:02:52 - 0:44:35 - Saved final results to e:\Paper_Experiment\DML\DML_v1\RGB_v1\savepath\nyud\dml_nyu_seed0_lr0.00024\final_results.json
INFO - 05/30/26 23:02:52 - 0:44:35 - Best Clean Model: epoch=13, clean_acc=0.7187
INFO - 05/30/26 23:02:52 - 0:44:35 - Appended experiment record to e:\Paper_Experiment\DML\DML_v1\RGB_v1\savepath\nyud\all_experiments.json
INFO - 05/31/26 21:49:25 - 0:00:00 - CONTENT_MODEL_PATH: e:\Paper_Experiment\DML\DML_v1\RGB_v1\checkpoint\resnet18_pretrained.pth
                                     FINE_SIZE: 224
                                     LOAD_SIZE: 256
                                     batch_sz: 64
                                     data_path: e:\Paper_Experiment\DML\DML_v1\RGB_v1\data\nyud2_trainvaltest
                                     dropout: 0.3
                                     img_embed_pool_type: avg
                                     img_hidden_sz: 512
                                     lr: 0.00024
                                     lr_factor: 0.3
                                     lr_patience: 10
                                     max_epochs: 50
                                     n_classes: 19
                                     n_workers: 8
                                     name: dml_nyu_seed0_lr0.00024
                                     note: 
                                     num_image_embeds: 1
                                     savedir: e:\Paper_Experiment\DML\DML_v1\RGB_v1\savepath\nyud\dml_nyu_seed0_lr0.00024
                                     seed: 0
INFO - 05/31/26 21:49:26 - 0:00:01 - Epoch 0 training started...
INFO - 05/31/26 21:50:00 - 0:00:34 - Epoch 0: Total Loss: 5.7636
INFO - 05/31/26 21:50:26 - 0:01:00 - Epoch 0: Clean - Acc: 0.5795
INFO - 05/31/26 21:50:26 - 0:01:01 -  *** NEW BEST CLEAN ACC *** Epoch 0 | Clean Acc: 0.5795
INFO - 05/31/26 21:50:26 - 0:01:01 - Epoch 1 training started...
INFO - 05/31/26 21:50:53 - 0:01:28 - Epoch 1: Total Loss: 2.1960
INFO - 05/31/26 21:51:19 - 0:01:53 - Epoch 1: Clean - Acc: 0.6713
INFO - 05/31/26 21:51:19 - 0:01:54 -  *** NEW BEST CLEAN ACC *** Epoch 1 | Clean Acc: 0.6713
INFO - 05/31/26 21:51:19 - 0:01:54 - Epoch 2 training started...
INFO - 05/31/26 21:51:46 - 0:02:20 - Epoch 2: Total Loss: 1.0930
INFO - 05/31/26 21:52:11 - 0:02:46 - Epoch 2: Clean - Acc: 0.6300
INFO - 05/31/26 21:52:11 - 0:02:46 - Epoch 3 training started...
INFO - 05/31/26 21:52:38 - 0:03:12 - Epoch 3: Total Loss: 0.5647
INFO - 05/31/26 21:53:03 - 0:03:38 - Epoch 3: Clean - Acc: 0.6728
INFO - 05/31/26 21:53:03 - 0:03:38 -  *** NEW BEST CLEAN ACC *** Epoch 3 | Clean Acc: 0.6728
INFO - 05/31/26 21:53:03 - 0:03:38 - Epoch 4 training started...
INFO - 05/31/26 21:53:30 - 0:04:05 - Epoch 4: Total Loss: 0.3173
INFO - 05/31/26 21:53:56 - 0:04:30 - Epoch 4: Clean - Acc: 0.6835
INFO - 05/31/26 21:53:56 - 0:04:31 -  *** NEW BEST CLEAN ACC *** Epoch 4 | Clean Acc: 0.6835
INFO - 05/31/26 21:53:56 - 0:04:31 - Epoch 5 training started...
INFO - 05/31/26 21:54:23 - 0:04:58 - Epoch 5: Total Loss: 0.1757
INFO - 05/31/26 21:54:48 - 0:05:23 - Epoch 5: Clean - Acc: 0.6820
INFO - 05/31/26 21:54:48 - 0:05:23 - Epoch 6 training started...
INFO - 05/31/26 21:55:15 - 0:05:50 - Epoch 6: Total Loss: 0.1321
INFO - 05/31/26 21:55:40 - 0:06:15 - Epoch 6: Clean - Acc: 0.6820
INFO - 05/31/26 21:55:40 - 0:06:15 - Epoch 7 training started...
INFO - 05/31/26 21:56:07 - 0:06:42 - Epoch 7: Total Loss: 0.0767
INFO - 05/31/26 21:56:32 - 0:07:07 - Epoch 7: Clean - Acc: 0.6850
INFO - 05/31/26 21:56:33 - 0:07:07 -  *** NEW BEST CLEAN ACC *** Epoch 7 | Clean Acc: 0.6850
INFO - 05/31/26 21:56:33 - 0:07:07 - Epoch 8 training started...
INFO - 05/31/26 21:56:59 - 0:07:34 - Epoch 8: Total Loss: 0.0750
INFO - 05/31/26 21:57:24 - 0:07:59 - Epoch 8: Clean - Acc: 0.6911
INFO - 05/31/26 21:57:25 - 0:07:59 -  *** NEW BEST CLEAN ACC *** Epoch 8 | Clean Acc: 0.6911
INFO - 05/31/26 21:57:25 - 0:07:59 - Epoch 9 training started...
INFO - 05/31/26 21:57:52 - 0:08:26 - Epoch 9: Total Loss: 0.0555
INFO - 05/31/26 21:58:17 - 0:08:52 - Epoch 9: Clean - Acc: 0.6881
INFO - 05/31/26 21:58:17 - 0:08:52 - Epoch 10 training started...
INFO - 05/31/26 21:58:44 - 0:09:18 - Epoch 10: Total Loss: 0.0414
INFO - 05/31/26 21:59:09 - 0:09:44 - Epoch 10: Clean - Acc: 0.6988
INFO - 05/31/26 21:59:09 - 0:09:44 -  *** NEW BEST CLEAN ACC *** Epoch 10 | Clean Acc: 0.6988
INFO - 05/31/26 21:59:09 - 0:09:44 - Epoch 11 training started...
INFO - 05/31/26 21:59:36 - 0:10:11 - Epoch 11: Total Loss: 0.0337
INFO - 05/31/26 22:00:01 - 0:10:36 - Epoch 11: Clean - Acc: 0.7018
INFO - 05/31/26 22:00:02 - 0:10:36 -  *** NEW BEST CLEAN ACC *** Epoch 11 | Clean Acc: 0.7018
INFO - 05/31/26 22:00:02 - 0:10:36 - Epoch 12 training started...
INFO - 05/31/26 22:00:29 - 0:11:03 - Epoch 12: Total Loss: 0.0302
INFO - 05/31/26 22:00:54 - 0:11:28 - Epoch 12: Clean - Acc: 0.6835
INFO - 05/31/26 22:00:54 - 0:11:28 - Epoch 13 training started...
INFO - 05/31/26 22:01:21 - 0:11:55 - Epoch 13: Total Loss: 0.0234
INFO - 05/31/26 22:01:45 - 0:12:20 - Epoch 13: Clean - Acc: 0.7187
INFO - 05/31/26 22:01:46 - 0:12:20 -  *** NEW BEST CLEAN ACC *** Epoch 13 | Clean Acc: 0.7187
INFO - 05/31/26 22:01:46 - 0:12:20 - Epoch 14 training started...
INFO - 05/31/26 22:02:13 - 0:12:47 - Epoch 14: Total Loss: 0.0178
INFO - 05/31/26 22:02:38 - 0:13:12 - Epoch 14: Clean - Acc: 0.7003
INFO - 05/31/26 22:02:38 - 0:13:12 - Epoch 15 training started...
INFO - 05/31/26 22:03:05 - 0:13:39 - Epoch 15: Total Loss: 0.0158
INFO - 05/31/26 22:03:30 - 0:14:04 - Epoch 15: Clean - Acc: 0.7018
INFO - 05/31/26 22:03:30 - 0:14:04 - Epoch 16 training started...
INFO - 05/31/26 22:03:57 - 0:14:31 - Epoch 16: Total Loss: 0.0151
INFO - 05/31/26 22:04:24 - 0:14:59 - Epoch 16: Clean - Acc: 0.6758
INFO - 05/31/26 22:04:24 - 0:14:59 - Epoch 17 training started...
INFO - 05/31/26 22:04:54 - 0:15:28 - Epoch 17: Total Loss: 0.0158
INFO - 05/31/26 22:05:22 - 0:15:57 - Epoch 17: Clean - Acc: 0.7064
INFO - 05/31/26 22:05:22 - 0:15:57 - Epoch 18 training started...
INFO - 05/31/26 22:05:52 - 0:16:27 - Epoch 18: Total Loss: 0.0131
INFO - 05/31/26 22:06:21 - 0:16:55 - Epoch 18: Clean - Acc: 0.7034
INFO - 05/31/26 22:06:21 - 0:16:55 - Epoch 19 training started...
INFO - 05/31/26 22:06:49 - 0:17:24 - Epoch 19: Total Loss: 0.0130
INFO - 05/31/26 22:07:15 - 0:17:49 - Epoch 19: Clean - Acc: 0.7034
INFO - 05/31/26 22:07:15 - 0:17:49 - Epoch 20 training started...
INFO - 05/31/26 22:07:42 - 0:18:16 - Epoch 20: Total Loss: 0.0161
INFO - 05/31/26 22:08:07 - 0:18:42 - Epoch 20: Clean - Acc: 0.7110
INFO - 05/31/26 22:08:07 - 0:18:42 - Epoch 21 training started...
INFO - 05/31/26 22:08:34 - 0:19:09 - Epoch 21: Total Loss: 0.0242
INFO - 05/31/26 22:09:00 - 0:19:34 - Epoch 21: Clean - Acc: 0.7018
INFO - 05/31/26 22:09:00 - 0:19:34 - Epoch 22 training started...
INFO - 05/31/26 22:09:27 - 0:20:01 - Epoch 22: Total Loss: 0.0303
INFO - 05/31/26 22:09:52 - 0:20:27 - Epoch 22: Clean - Acc: 0.7003
INFO - 05/31/26 22:09:52 - 0:20:27 - Epoch 23 training started...
INFO - 05/31/26 22:10:19 - 0:20:54 - Epoch 23: Total Loss: 0.0256
INFO - 05/31/26 22:10:44 - 0:21:19 - Epoch 23: Clean - Acc: 0.6728
INFO - 05/31/26 22:10:44 - 0:21:19 - Epoch 24 training started...
INFO - 05/31/26 22:11:12 - 0:21:46 - Epoch 24: Total Loss: 0.0160
INFO - 05/31/26 22:11:37 - 0:22:12 - Epoch 24: Clean - Acc: 0.6651
INFO - 05/31/26 22:11:37 - 0:22:12 - Epoch 25 training started...
INFO - 05/31/26 22:12:04 - 0:22:39 - Epoch 25: Total Loss: 0.0145
INFO - 05/31/26 22:12:29 - 0:23:04 - Epoch 25: Clean - Acc: 0.6789
INFO - 05/31/26 22:12:29 - 0:23:04 - Epoch 26 training started...
INFO - 05/31/26 22:12:57 - 0:23:31 - Epoch 26: Total Loss: 0.0139
INFO - 05/31/26 22:13:22 - 0:23:57 - Epoch 26: Clean - Acc: 0.6927
INFO - 05/31/26 22:13:22 - 0:23:57 - Epoch 27 training started...
INFO - 05/31/26 22:13:49 - 0:24:24 - Epoch 27: Total Loss: 0.0108
INFO - 05/31/26 22:14:14 - 0:24:49 - Epoch 27: Clean - Acc: 0.7018
INFO - 05/31/26 22:14:14 - 0:24:49 - Epoch 28 training started...
INFO - 05/31/26 22:14:41 - 0:25:16 - Epoch 28: Total Loss: 0.0077
INFO - 05/31/26 22:15:06 - 0:25:41 - Epoch 28: Clean - Acc: 0.6972
INFO - 05/31/26 22:15:06 - 0:25:41 - Epoch 29 training started...
INFO - 05/31/26 22:15:33 - 0:26:08 - Epoch 29: Total Loss: 0.0072
INFO - 05/31/26 22:15:58 - 0:26:33 - Epoch 29: Clean - Acc: 0.6988
INFO - 05/31/26 22:15:58 - 0:26:33 - Epoch 30 training started...
INFO - 05/31/26 22:16:25 - 0:27:00 - Epoch 30: Total Loss: 0.0092
INFO - 05/31/26 22:16:50 - 0:27:25 - Epoch 30: Clean - Acc: 0.6942
INFO - 05/31/26 22:16:50 - 0:27:25 - Epoch 31 training started...
INFO - 05/31/26 22:17:17 - 0:27:52 - Epoch 31: Total Loss: 0.0076
INFO - 05/31/26 22:17:42 - 0:28:17 - Epoch 31: Clean - Acc: 0.6911
INFO - 05/31/26 22:17:42 - 0:28:17 - Epoch 32 training started...
INFO - 05/31/26 22:18:09 - 0:28:44 - Epoch 32: Total Loss: 0.0063
INFO - 05/31/26 22:18:35 - 0:29:09 - Epoch 32: Clean - Acc: 0.7064
INFO - 05/31/26 22:18:35 - 0:29:09 - Epoch 33 training started...
INFO - 05/31/26 22:19:01 - 0:29:36 - Epoch 33: Total Loss: 0.0086
INFO - 05/31/26 22:19:29 - 0:30:04 - Epoch 33: Clean - Acc: 0.7049
INFO - 05/31/26 22:19:29 - 0:30:04 - Epoch 34 training started...
INFO - 05/31/26 22:19:59 - 0:30:34 - Epoch 34: Total Loss: 0.0059
INFO - 05/31/26 22:20:28 - 0:31:02 - Epoch 34: Clean - Acc: 0.7095
INFO - 05/31/26 22:20:28 - 0:31:02 - Epoch 35 training started...
INFO - 05/31/26 22:20:58 - 0:31:32 - Epoch 35: Total Loss: 0.0070
INFO - 05/31/26 22:21:26 - 0:32:01 - Epoch 35: Clean - Acc: 0.7034
INFO - 05/31/26 22:21:26 - 0:32:01 - Epoch 36 training started...
INFO - 05/31/26 22:21:53 - 0:32:27 - Epoch 36: Total Loss: 0.0062
INFO - 05/31/26 22:22:18 - 0:32:53 - Epoch 36: Clean - Acc: 0.7095
INFO - 05/31/26 22:22:18 - 0:32:53 - Epoch 37 training started...
INFO - 05/31/26 22:22:45 - 0:33:19 - Epoch 37: Total Loss: 0.0077
INFO - 05/31/26 22:23:10 - 0:33:45 - Epoch 37: Clean - Acc: 0.7018
INFO - 05/31/26 22:23:10 - 0:33:45 - Epoch 38 training started...
INFO - 05/31/26 22:23:37 - 0:34:12 - Epoch 38: Total Loss: 0.0069
INFO - 05/31/26 22:24:02 - 0:34:37 - Epoch 38: Clean - Acc: 0.7080
INFO - 05/31/26 22:24:02 - 0:34:37 - Epoch 39 training started...
INFO - 05/31/26 22:24:29 - 0:35:04 - Epoch 39: Total Loss: 0.0054
INFO - 05/31/26 22:24:54 - 0:35:29 - Epoch 39: Clean - Acc: 0.7095
INFO - 05/31/26 22:24:54 - 0:35:29 - Epoch 40 training started...
INFO - 05/31/26 22:25:21 - 0:35:55 - Epoch 40: Total Loss: 0.0066
INFO - 05/31/26 22:25:46 - 0:36:21 - Epoch 40: Clean - Acc: 0.7034
INFO - 05/31/26 22:25:46 - 0:36:21 - Epoch 41 training started...
INFO - 05/31/26 22:26:13 - 0:36:48 - Epoch 41: Total Loss: 0.0057
INFO - 05/31/26 22:26:38 - 0:37:13 - Epoch 41: Clean - Acc: 0.7018
INFO - 05/31/26 22:26:38 - 0:37:13 - Epoch 42 training started...
INFO - 05/31/26 22:27:05 - 0:37:40 - Epoch 42: Total Loss: 0.0063
INFO - 05/31/26 22:27:30 - 0:38:05 - Epoch 42: Clean - Acc: 0.7018
INFO - 05/31/26 22:27:30 - 0:38:05 - Epoch 43 training started...
INFO - 05/31/26 22:27:58 - 0:38:32 - Epoch 43: Total Loss: 0.0065
INFO - 05/31/26 22:28:23 - 0:38:57 - Epoch 43: Clean - Acc: 0.6988
INFO - 05/31/26 22:28:23 - 0:38:57 - Epoch 44 training started...
INFO - 05/31/26 22:28:50 - 0:39:24 - Epoch 44: Total Loss: 0.0068
INFO - 05/31/26 22:29:15 - 0:39:49 - Epoch 44: Clean - Acc: 0.7049
INFO - 05/31/26 22:29:15 - 0:39:49 - Epoch 45 training started...
INFO - 05/31/26 22:29:42 - 0:40:16 - Epoch 45: Total Loss: 0.0046
INFO - 05/31/26 22:30:07 - 0:40:41 - Epoch 45: Clean - Acc: 0.7034
INFO - 05/31/26 22:30:07 - 0:40:41 - Epoch 46 training started...
INFO - 05/31/26 22:30:34 - 0:41:08 - Epoch 46: Total Loss: 0.0071
INFO - 05/31/26 22:30:59 - 0:41:34 - Epoch 46: Clean - Acc: 0.7049
INFO - 05/31/26 22:30:59 - 0:41:34 - Epoch 47 training started...
INFO - 05/31/26 22:31:26 - 0:42:00 - Epoch 47: Total Loss: 0.0066
INFO - 05/31/26 22:31:51 - 0:42:26 - Epoch 47: Clean - Acc: 0.7049
INFO - 05/31/26 22:31:51 - 0:42:26 - Epoch 48 training started...
INFO - 05/31/26 22:32:18 - 0:42:52 - Epoch 48: Total Loss: 0.0071
INFO - 05/31/26 22:32:43 - 0:43:18 - Epoch 48: Clean - Acc: 0.7125
INFO - 05/31/26 22:32:43 - 0:43:18 - Epoch 49 training started...
INFO - 05/31/26 22:33:10 - 0:43:45 - Epoch 49: Total Loss: 0.0058
INFO - 05/31/26 22:33:35 - 0:44:10 - Epoch 49: Clean - Acc: 0.7095
INFO - 05/31/26 22:33:35 - 0:44:10 - Loading best model for final robust evaluation on Test sets...
INFO - 05/31/26 22:33:36 - 0:44:10 - Generating and Evaluating on dataset for: Clean Test ...
INFO - 05/31/26 22:34:01 - 0:44:35 - Generating and Evaluating on dataset for: Salt & Pepper (Lvl 5.0) ...
INFO - 05/31/26 22:34:29 - 0:45:03 - Generating and Evaluating on dataset for: Salt & Pepper (Lvl 10.0) ...
INFO - 05/31/26 22:34:57 - 0:45:32 - Generating and Evaluating on dataset for: Gaussian (Lvl 5.0) ...
INFO - 05/31/26 22:35:26 - 0:46:01 - Generating and Evaluating on dataset for: Gaussian (Lvl 10.0) ...
INFO - 05/31/26 22:35:55 - 0:46:29 - 
                                     ============================================================
INFO - 05/31/26 22:35:55 - 0:46:29 -       FINAL ROBUSTNESS EVALUATION RESULTS ON TEST SET       
INFO - 05/31/26 22:35:55 - 0:46:29 - ============================================================
INFO - 05/31/26 22:35:55 - 0:46:29 - | Test Scenario                       | Score (Acc)        |
INFO - 05/31/26 22:35:55 - 0:46:29 - |-------------------------------------|--------------------|
INFO - 05/31/26 22:35:55 - 0:46:29 - | Clean Test                          |             0.7187 |
INFO - 05/31/26 22:35:55 - 0:46:29 - | Salt & Pepper (Lvl 5.0)             |             0.5810 |
INFO - 05/31/26 22:35:55 - 0:46:29 - | Salt & Pepper (Lvl 10.0)            |             0.4404 |
INFO - 05/31/26 22:35:55 - 0:46:29 - | Gaussian (Lvl 5.0)                  |             0.6376 |
INFO - 05/31/26 22:35:55 - 0:46:29 - | Gaussian (Lvl 10.0)                 |             0.5719 |
INFO - 05/31/26 22:35:55 - 0:46:29 - ============================================================
                                     
INFO - 05/31/26 22:35:55 - 0:46:29 - Saved final results to e:\Paper_Experiment\DML\DML_v1\RGB_v1\savepath\nyud\dml_nyu_seed0_lr0.00024\final_results.json
INFO - 05/31/26 22:35:55 - 0:46:29 - Best Clean Model: epoch=13, clean_acc=0.7187
INFO - 05/31/26 22:35:55 - 0:46:29 - Appended experiment record to e:\Paper_Experiment\DML\DML_v1\RGB_v1\savepath\nyud\all_experiments.json
INFO - 06/01/26 16:34:52 - 0:00:00 - CONTENT_MODEL_PATH: e:\Paper_Experiment\DML\DML_v1\RGB_v1\checkpoint\resnet18_pretrained.pth
                                     FINE_SIZE: 224
                                     LOAD_SIZE: 256
                                     batch_sz: 64
                                     data_path: e:\Paper_Experiment\DML\DML_v1\datasets_shared\nyud2_trainvaltest
                                     dropout: 0.3
                                     img_embed_pool_type: avg
                                     img_hidden_sz: 512
                                     lr: 0.00024
                                     lr_factor: 0.3
                                     lr_patience: 10
                                     max_epochs: 50
                                     n_classes: 19
                                     n_workers: 8
                                     name: dml_nyu_seed0_lr0.00024
                                     note: 
                                     num_image_embeds: 1
                                     savedir: e:\Paper_Experiment\DML\DML_v1\RGB_v1\savepath\nyud\dml_nyu_seed0_lr0.00024
                                     seed: 0
INFO - 06/01/26 16:34:52 - 0:00:01 - Epoch 0 training started...
INFO - 06/01/26 16:35:30 - 0:00:39 - Epoch 0: Total Loss: 5.7636
INFO - 06/01/26 21:14:34 - 0:00:00 - CONTENT_MODEL_PATH: e:\Paper_Experiment\DML\DML_v1\RGB_v1\checkpoint\resnet18_pretrained.pth
                                     FINE_SIZE: 224
                                     LOAD_SIZE: 256
                                     batch_sz: 64
                                     data_path: e:\Paper_Experiment\DML\DML_v1\datasets_shared\nyud2_trainvaltest
                                     dropout: 0.3
                                     img_embed_pool_type: avg
                                     img_hidden_sz: 512
                                     lr: 0.00024
                                     lr_factor: 0.3
                                     lr_patience: 10
                                     max_epochs: 50
                                     n_classes: 19
                                     n_workers: 8
                                     name: dml_nyu_seed0_lr0.00024
                                     note: 
                                     num_image_embeds: 1
                                     savedir: e:\Paper_Experiment\DML\DML_v1\RGB_v1\savepath\nyud\dml_nyu_seed0_lr0.00024
                                     seed: 0
INFO - 06/01/26 21:14:35 - 0:00:01 - Epoch 0 training started...
INFO - 06/01/26 21:15:08 - 0:00:33 - Epoch 0: Total Loss: 5.7636
INFO - 06/01/26 21:15:37 - 0:01:03 - Epoch 0: Clean - Acc: 0.5795
INFO - 06/01/26 21:15:38 - 0:01:03 -  *** NEW BEST CLEAN ACC *** Epoch 0 | Clean Acc: 0.5795
INFO - 06/01/26 21:15:38 - 0:01:03 - Epoch 1 training started...
INFO - 06/01/26 21:16:06 - 0:01:31 - Epoch 1: Total Loss: 2.1960
INFO - 06/01/26 21:16:31 - 0:01:56 - Epoch 1: Clean - Acc: 0.6713
INFO - 06/01/26 21:16:31 - 0:01:57 -  *** NEW BEST CLEAN ACC *** Epoch 1 | Clean Acc: 0.6713
INFO - 06/01/26 21:16:31 - 0:01:57 - Epoch 2 training started...
INFO - 06/01/26 21:16:58 - 0:02:23 - Epoch 2: Total Loss: 1.0930
INFO - 06/01/26 21:17:23 - 0:02:49 - Epoch 2: Clean - Acc: 0.6300
INFO - 06/01/26 21:17:23 - 0:02:49 - Epoch 3 training started...
INFO - 06/01/26 21:17:50 - 0:03:16 - Epoch 3: Total Loss: 0.5647
INFO - 06/01/26 21:18:15 - 0:03:41 - Epoch 3: Clean - Acc: 0.6728
INFO - 06/01/26 21:18:15 - 0:03:41 -  *** NEW BEST CLEAN ACC *** Epoch 3 | Clean Acc: 0.6728
INFO - 06/01/26 21:18:15 - 0:03:41 - Epoch 4 training started...
INFO - 06/01/26 21:18:42 - 0:04:08 - Epoch 4: Total Loss: 0.3173
INFO - 06/01/26 21:19:07 - 0:04:33 - Epoch 4: Clean - Acc: 0.6835
INFO - 06/01/26 21:19:08 - 0:04:33 -  *** NEW BEST CLEAN ACC *** Epoch 4 | Clean Acc: 0.6835
INFO - 06/01/26 21:19:08 - 0:04:33 - Epoch 5 training started...
INFO - 06/01/26 21:19:35 - 0:05:00 - Epoch 5: Total Loss: 0.1757
INFO - 06/01/26 21:20:00 - 0:05:25 - Epoch 5: Clean - Acc: 0.6820
INFO - 06/01/26 21:20:00 - 0:05:25 - Epoch 6 training started...
INFO - 06/01/26 21:20:27 - 0:05:53 - Epoch 6: Total Loss: 0.1321
INFO - 06/01/26 21:20:53 - 0:06:19 - Epoch 6: Clean - Acc: 0.6820
INFO - 06/01/26 21:20:53 - 0:06:19 - Epoch 7 training started...
INFO - 06/01/26 21:21:21 - 0:06:47 - Epoch 7: Total Loss: 0.0767
INFO - 06/01/26 21:21:47 - 0:07:13 - Epoch 7: Clean - Acc: 0.6850
INFO - 06/01/26 21:21:47 - 0:07:13 -  *** NEW BEST CLEAN ACC *** Epoch 7 | Clean Acc: 0.6850
INFO - 06/01/26 21:21:47 - 0:07:13 - Epoch 8 training started...
INFO - 06/01/26 21:22:15 - 0:07:41 - Epoch 8: Total Loss: 0.0750
INFO - 06/01/26 21:22:41 - 0:08:07 - Epoch 8: Clean - Acc: 0.6911
INFO - 06/01/26 21:22:42 - 0:08:07 -  *** NEW BEST CLEAN ACC *** Epoch 8 | Clean Acc: 0.6911
INFO - 06/01/26 21:22:42 - 0:08:07 - Epoch 9 training started...
INFO - 06/01/26 21:23:10 - 0:08:35 - Epoch 9: Total Loss: 0.0555
INFO - 06/01/26 21:23:36 - 0:09:02 - Epoch 9: Clean - Acc: 0.6881
INFO - 06/01/26 21:23:36 - 0:09:02 - Epoch 10 training started...
INFO - 06/01/26 21:24:04 - 0:09:30 - Epoch 10: Total Loss: 0.0414
INFO - 06/01/26 21:24:30 - 0:09:56 - Epoch 10: Clean - Acc: 0.6988
INFO - 06/01/26 21:24:30 - 0:09:56 -  *** NEW BEST CLEAN ACC *** Epoch 10 | Clean Acc: 0.6988
INFO - 06/01/26 21:24:30 - 0:09:56 - Epoch 11 training started...
INFO - 06/01/26 21:24:58 - 0:10:23 - Epoch 11: Total Loss: 0.0337
INFO - 06/01/26 21:25:23 - 0:10:49 - Epoch 11: Clean - Acc: 0.7018
INFO - 06/01/26 21:25:24 - 0:10:49 -  *** NEW BEST CLEAN ACC *** Epoch 11 | Clean Acc: 0.7018
INFO - 06/01/26 21:25:24 - 0:10:49 - Epoch 12 training started...
INFO - 06/01/26 21:25:51 - 0:11:17 - Epoch 12: Total Loss: 0.0302
INFO - 06/01/26 21:26:17 - 0:11:43 - Epoch 12: Clean - Acc: 0.6835
INFO - 06/01/26 21:26:17 - 0:11:43 - Epoch 13 training started...
INFO - 06/01/26 21:26:45 - 0:12:10 - Epoch 13: Total Loss: 0.0234
INFO - 06/01/26 21:27:11 - 0:12:36 - Epoch 13: Clean - Acc: 0.7187
INFO - 06/01/26 21:27:11 - 0:12:37 -  *** NEW BEST CLEAN ACC *** Epoch 13 | Clean Acc: 0.7187
INFO - 06/01/26 21:27:11 - 0:12:37 - Epoch 14 training started...
INFO - 06/01/26 21:27:39 - 0:13:05 - Epoch 14: Total Loss: 0.0178
INFO - 06/01/26 21:28:05 - 0:13:31 - Epoch 14: Clean - Acc: 0.7003
INFO - 06/01/26 21:28:05 - 0:13:31 - Epoch 15 training started...
INFO - 06/01/26 21:28:34 - 0:14:00 - Epoch 15: Total Loss: 0.0158
INFO - 06/01/26 21:29:02 - 0:14:28 - Epoch 15: Clean - Acc: 0.7018
INFO - 06/01/26 21:29:02 - 0:14:28 - Epoch 16 training started...
INFO - 06/01/26 21:29:32 - 0:14:58 - Epoch 16: Total Loss: 0.0151
INFO - 06/01/26 21:29:59 - 0:15:25 - Epoch 16: Clean - Acc: 0.6758
INFO - 06/01/26 21:29:59 - 0:15:25 - Epoch 17 training started...
INFO - 06/01/26 21:30:27 - 0:15:53 - Epoch 17: Total Loss: 0.0158
INFO - 06/01/26 21:30:52 - 0:16:18 - Epoch 17: Clean - Acc: 0.7064
INFO - 06/01/26 21:30:52 - 0:16:18 - Epoch 18 training started...
INFO - 06/01/26 21:31:20 - 0:16:46 - Epoch 18: Total Loss: 0.0131
INFO - 06/01/26 21:31:46 - 0:17:12 - Epoch 18: Clean - Acc: 0.7034
INFO - 06/01/26 21:31:46 - 0:17:12 - Epoch 19 training started...
INFO - 06/01/26 21:32:14 - 0:17:40 - Epoch 19: Total Loss: 0.0130
INFO - 06/01/26 21:32:40 - 0:18:05 - Epoch 19: Clean - Acc: 0.7034
INFO - 06/01/26 21:32:40 - 0:18:05 - Epoch 20 training started...
INFO - 06/01/26 21:33:07 - 0:18:33 - Epoch 20: Total Loss: 0.0161
INFO - 06/01/26 21:33:33 - 0:18:59 - Epoch 20: Clean - Acc: 0.7110
INFO - 06/01/26 21:33:33 - 0:18:59 - Epoch 21 training started...
INFO - 06/01/26 21:34:01 - 0:19:27 - Epoch 21: Total Loss: 0.0242
INFO - 06/01/26 21:34:27 - 0:19:53 - Epoch 21: Clean - Acc: 0.7018
INFO - 06/01/26 21:34:27 - 0:19:53 - Epoch 22 training started...
INFO - 06/01/26 21:34:55 - 0:20:20 - Epoch 22: Total Loss: 0.0303
INFO - 06/01/26 21:35:20 - 0:20:46 - Epoch 22: Clean - Acc: 0.7003
INFO - 06/01/26 21:35:20 - 0:20:46 - Epoch 23 training started...
INFO - 06/01/26 21:35:48 - 0:21:14 - Epoch 23: Total Loss: 0.0256
INFO - 06/01/26 21:36:14 - 0:21:40 - Epoch 23: Clean - Acc: 0.6728
INFO - 06/01/26 21:36:14 - 0:21:40 - Epoch 24 training started...
INFO - 06/01/26 21:36:42 - 0:22:08 - Epoch 24: Total Loss: 0.0160
INFO - 06/01/26 21:37:08 - 0:22:33 - Epoch 24: Clean - Acc: 0.6651
INFO - 06/01/26 21:37:08 - 0:22:33 - Epoch 25 training started...
INFO - 06/01/26 21:37:35 - 0:23:01 - Epoch 25: Total Loss: 0.0145
INFO - 06/01/26 21:38:01 - 0:23:27 - Epoch 25: Clean - Acc: 0.6789
INFO - 06/01/26 21:38:01 - 0:23:27 - Epoch 26 training started...
INFO - 06/01/26 21:38:29 - 0:23:54 - Epoch 26: Total Loss: 0.0139
INFO - 06/01/26 21:38:55 - 0:24:20 - Epoch 26: Clean - Acc: 0.6927
INFO - 06/01/26 21:38:55 - 0:24:20 - Epoch 27 training started...
INFO - 06/01/26 21:39:23 - 0:24:48 - Epoch 27: Total Loss: 0.0108
INFO - 06/01/26 21:39:49 - 0:25:14 - Epoch 27: Clean - Acc: 0.7018
INFO - 06/01/26 21:39:49 - 0:25:14 - Epoch 28 training started...
INFO - 06/01/26 21:40:16 - 0:25:42 - Epoch 28: Total Loss: 0.0077
INFO - 06/01/26 21:40:42 - 0:26:08 - Epoch 28: Clean - Acc: 0.6972
INFO - 06/01/26 21:40:42 - 0:26:08 - Epoch 29 training started...
INFO - 06/01/26 21:41:10 - 0:26:36 - Epoch 29: Total Loss: 0.0072
INFO - 06/01/26 21:41:36 - 0:27:02 - Epoch 29: Clean - Acc: 0.6988
INFO - 06/01/26 21:41:36 - 0:27:02 - Epoch 30 training started...
INFO - 06/01/26 21:42:04 - 0:27:29 - Epoch 30: Total Loss: 0.0092
INFO - 06/01/26 21:42:29 - 0:27:55 - Epoch 30: Clean - Acc: 0.6942
INFO - 06/01/26 21:42:29 - 0:27:55 - Epoch 31 training started...
INFO - 06/01/26 21:42:57 - 0:28:23 - Epoch 31: Total Loss: 0.0076
INFO - 06/01/26 21:43:24 - 0:28:50 - Epoch 31: Clean - Acc: 0.6911
INFO - 06/01/26 21:43:24 - 0:28:50 - Epoch 32 training started...
INFO - 06/01/26 21:43:53 - 0:29:19 - Epoch 32: Total Loss: 0.0063
INFO - 06/01/26 21:44:21 - 0:29:47 - Epoch 32: Clean - Acc: 0.7064
INFO - 06/01/26 21:44:21 - 0:29:47 - Epoch 33 training started...
INFO - 06/01/26 21:44:51 - 0:30:16 - Epoch 33: Total Loss: 0.0086
INFO - 06/01/26 21:45:16 - 0:30:42 - Epoch 33: Clean - Acc: 0.7049
INFO - 06/01/26 21:45:16 - 0:30:42 - Epoch 34 training started...
INFO - 06/01/26 21:45:43 - 0:31:09 - Epoch 34: Total Loss: 0.0059
INFO - 06/01/26 21:46:09 - 0:31:34 - Epoch 34: Clean - Acc: 0.7095
INFO - 06/01/26 21:46:09 - 0:31:34 - Epoch 35 training started...
INFO - 06/01/26 21:46:36 - 0:32:02 - Epoch 35: Total Loss: 0.0070
INFO - 06/01/26 21:47:02 - 0:32:27 - Epoch 35: Clean - Acc: 0.7034
INFO - 06/01/26 21:47:02 - 0:32:27 - Epoch 36 training started...
INFO - 06/01/26 21:47:29 - 0:32:55 - Epoch 36: Total Loss: 0.0062
INFO - 06/01/26 21:47:54 - 0:33:20 - Epoch 36: Clean - Acc: 0.7095
INFO - 06/01/26 21:47:54 - 0:33:20 - Epoch 37 training started...
INFO - 06/01/26 21:48:22 - 0:33:47 - Epoch 37: Total Loss: 0.0077
INFO - 06/01/26 21:48:47 - 0:34:13 - Epoch 37: Clean - Acc: 0.7018
INFO - 06/01/26 21:48:47 - 0:34:13 - Epoch 38 training started...
INFO - 06/01/26 21:49:15 - 0:34:40 - Epoch 38: Total Loss: 0.0069
INFO - 06/01/26 21:49:41 - 0:35:07 - Epoch 38: Clean - Acc: 0.7080
INFO - 06/01/26 21:49:41 - 0:35:07 - Epoch 39 training started...
INFO - 06/01/26 21:50:09 - 0:35:35 - Epoch 39: Total Loss: 0.0054
INFO - 06/01/26 21:50:35 - 0:36:00 - Epoch 39: Clean - Acc: 0.7095
INFO - 06/01/26 21:50:35 - 0:36:00 - Epoch 40 training started...
INFO - 06/01/26 21:51:02 - 0:36:27 - Epoch 40: Total Loss: 0.0066
INFO - 06/01/26 21:51:26 - 0:36:52 - Epoch 40: Clean - Acc: 0.7034
INFO - 06/01/26 21:51:26 - 0:36:52 - Epoch 41 training started...
INFO - 06/01/26 21:51:53 - 0:37:18 - Epoch 41: Total Loss: 0.0057
INFO - 06/01/26 21:52:18 - 0:37:43 - Epoch 41: Clean - Acc: 0.7018
INFO - 06/01/26 21:52:18 - 0:37:43 - Epoch 42 training started...
INFO - 06/01/26 21:52:45 - 0:38:11 - Epoch 42: Total Loss: 0.0063
INFO - 06/01/26 21:53:11 - 0:38:37 - Epoch 42: Clean - Acc: 0.7018
INFO - 06/01/26 21:53:11 - 0:38:37 - Epoch 43 training started...
INFO - 06/01/26 21:53:39 - 0:39:04 - Epoch 43: Total Loss: 0.0065
INFO - 06/01/26 21:54:04 - 0:39:30 - Epoch 43: Clean - Acc: 0.6988
INFO - 06/01/26 21:54:04 - 0:39:30 - Epoch 44 training started...
INFO - 06/01/26 21:54:31 - 0:39:57 - Epoch 44: Total Loss: 0.0068
INFO - 06/01/26 21:54:57 - 0:40:23 - Epoch 44: Clean - Acc: 0.7049
INFO - 06/01/26 21:54:57 - 0:40:23 - Epoch 45 training started...
INFO - 06/01/26 21:55:24 - 0:40:50 - Epoch 45: Total Loss: 0.0046
INFO - 06/01/26 21:55:50 - 0:41:16 - Epoch 45: Clean - Acc: 0.7034
INFO - 06/01/26 21:55:50 - 0:41:16 - Epoch 46 training started...
INFO - 06/01/26 21:56:17 - 0:41:43 - Epoch 46: Total Loss: 0.0071
INFO - 06/01/26 21:56:43 - 0:42:09 - Epoch 46: Clean - Acc: 0.7049
INFO - 06/01/26 21:56:43 - 0:42:09 - Epoch 47 training started...
INFO - 06/01/26 21:57:10 - 0:42:36 - Epoch 47: Total Loss: 0.0066
INFO - 06/01/26 21:57:35 - 0:43:01 - Epoch 47: Clean - Acc: 0.7049
INFO - 06/01/26 21:57:35 - 0:43:01 - Epoch 48 training started...
INFO - 06/01/26 21:58:03 - 0:43:28 - Epoch 48: Total Loss: 0.0071
INFO - 06/01/26 21:58:30 - 0:43:56 - Epoch 48: Clean - Acc: 0.7125
INFO - 06/01/26 21:58:30 - 0:43:56 - Epoch 49 training started...
INFO - 06/01/26 21:58:59 - 0:44:25 - Epoch 49: Total Loss: 0.0058
INFO - 06/01/26 21:59:27 - 0:44:53 - Epoch 49: Clean - Acc: 0.7095
INFO - 06/01/26 21:59:27 - 0:44:53 - Loading best model for final robust evaluation on Test sets...
INFO - 06/01/26 21:59:28 - 0:44:53 - Generating and Evaluating on dataset for: Clean Test ...
INFO - 06/01/26 21:59:55 - 0:45:21 - Generating and Evaluating on dataset for: Salt & Pepper (Lvl 5.0) ...
INFO - 06/01/26 22:00:21 - 0:45:46 - Generating and Evaluating on dataset for: Salt & Pepper (Lvl 10.0) ...
INFO - 06/01/26 22:00:47 - 0:46:12 - Generating and Evaluating on dataset for: Gaussian (Lvl 5.0) ...
INFO - 06/01/26 22:01:12 - 0:46:38 - Generating and Evaluating on dataset for: Gaussian (Lvl 10.0) ...
INFO - 06/01/26 22:01:38 - 0:47:04 - 
                                     ============================================================
INFO - 06/01/26 22:01:38 - 0:47:04 -       FINAL ROBUSTNESS EVALUATION RESULTS ON TEST SET       
INFO - 06/01/26 22:01:38 - 0:47:04 - ============================================================
INFO - 06/01/26 22:01:38 - 0:47:04 - | Test Scenario                       | Score (Acc)        |
INFO - 06/01/26 22:01:38 - 0:47:04 - |-------------------------------------|--------------------|
INFO - 06/01/26 22:01:38 - 0:47:04 - | Clean Test                          |             0.7187 |
INFO - 06/01/26 22:01:38 - 0:47:04 - | Salt & Pepper (Lvl 5.0)             |             0.5810 |
INFO - 06/01/26 22:01:38 - 0:47:04 - | Salt & Pepper (Lvl 10.0)            |             0.4404 |
INFO - 06/01/26 22:01:38 - 0:47:04 - | Gaussian (Lvl 5.0)                  |             0.6376 |
INFO - 06/01/26 22:01:38 - 0:47:04 - | Gaussian (Lvl 10.0)                 |             0.5719 |
INFO - 06/01/26 22:01:38 - 0:47:04 - ============================================================
                                     
INFO - 06/01/26 22:01:38 - 0:47:04 - Saved final results to e:\Paper_Experiment\DML\DML_v1\RGB_v1\savepath\nyud\dml_nyu_seed0_lr0.00024\final_results.json
INFO - 06/01/26 22:01:38 - 0:47:04 - Best Clean Model: epoch=13, clean_acc=0.7187
INFO - 06/01/26 22:01:38 - 0:47:04 - Appended experiment record to e:\Paper_Experiment\DML\DML_v1\RGB_v1\savepath\nyud\all_experiments.json
INFO - 06/02/26 22:09:23 - 0:00:00 - CONTENT_MODEL_PATH: e:\Paper_Experiment\DML\DML_v1\RGB_v1\checkpoint\resnet18_pretrained.pth
                                     FINE_SIZE: 224
                                     LOAD_SIZE: 256
                                     batch_sz: 64
                                     data_path: e:\Paper_Experiment\DML\DML_v1\datasets_shared\nyud2_trainvaltest
                                     dropout: 0.3
                                     img_embed_pool_type: avg
                                     img_hidden_sz: 512
                                     lr: 0.00024
                                     lr_factor: 0.3
                                     lr_patience: 10
                                     max_epochs: 50
                                     n_classes: 19
                                     n_workers: 8
                                     name: dml_nyu_seed0_lr0.00024
                                     note: 
                                     num_image_embeds: 1
                                     savedir: e:\Paper_Experiment\DML\DML_v1\RGB_v1\savepath\nyud\dml_nyu_seed0_lr0.00024
                                     seed: 0
INFO - 06/02/26 22:09:23 - 0:00:00 - Epoch 0 training started...
INFO - 06/02/26 22:09:51 - 0:00:28 - Epoch 0: Total Loss: 5.7636
INFO - 06/02/26 22:10:15 - 0:00:52 - Epoch 0: Clean - Acc: 0.5795
INFO - 06/02/26 22:10:15 - 0:00:53 -  *** NEW BEST CLEAN ACC *** Epoch 0 | Clean Acc: 0.5795
INFO - 06/02/26 22:10:15 - 0:00:53 - Epoch 1 training started...
INFO - 06/02/26 22:10:41 - 0:01:19 - Epoch 1: Total Loss: 2.1960
INFO - 06/02/26 22:11:05 - 0:01:43 - Epoch 1: Clean - Acc: 0.6713
INFO - 06/02/26 22:11:06 - 0:01:43 -  *** NEW BEST CLEAN ACC *** Epoch 1 | Clean Acc: 0.6713
INFO - 06/02/26 22:11:06 - 0:01:43 - Epoch 2 training started...
INFO - 06/02/26 22:11:32 - 0:02:09 - Epoch 2: Total Loss: 1.0930
INFO - 06/02/26 22:11:56 - 0:02:33 - Epoch 2: Clean - Acc: 0.6300
INFO - 06/02/26 22:11:56 - 0:02:33 - Epoch 3 training started...
INFO - 06/02/26 22:12:22 - 0:02:59 - Epoch 3: Total Loss: 0.5647
INFO - 06/02/26 22:12:46 - 0:03:23 - Epoch 3: Clean - Acc: 0.6728
INFO - 06/02/26 22:12:46 - 0:03:24 -  *** NEW BEST CLEAN ACC *** Epoch 3 | Clean Acc: 0.6728
INFO - 06/02/26 22:12:46 - 0:03:24 - Epoch 4 training started...
INFO - 06/02/26 22:13:12 - 0:03:50 - Epoch 4: Total Loss: 0.3173
INFO - 06/02/26 22:13:36 - 0:04:14 - Epoch 4: Clean - Acc: 0.6835
INFO - 06/02/26 22:13:37 - 0:04:14 -  *** NEW BEST CLEAN ACC *** Epoch 4 | Clean Acc: 0.6835
INFO - 06/02/26 22:13:37 - 0:04:14 - Epoch 5 training started...
INFO - 06/02/26 22:14:02 - 0:04:40 - Epoch 5: Total Loss: 0.1757
INFO - 06/02/26 22:14:27 - 0:05:04 - Epoch 5: Clean - Acc: 0.6820
INFO - 06/02/26 22:14:27 - 0:05:04 - Epoch 6 training started...
INFO - 06/02/26 22:14:53 - 0:05:30 - Epoch 6: Total Loss: 0.1321
INFO - 06/02/26 22:15:17 - 0:05:54 - Epoch 6: Clean - Acc: 0.6820
INFO - 06/02/26 22:15:17 - 0:05:54 - Epoch 7 training started...
INFO - 06/02/26 22:15:43 - 0:06:20 - Epoch 7: Total Loss: 0.0767
INFO - 06/02/26 22:16:07 - 0:06:44 - Epoch 7: Clean - Acc: 0.6850
INFO - 06/02/26 22:16:07 - 0:06:45 -  *** NEW BEST CLEAN ACC *** Epoch 7 | Clean Acc: 0.6850
INFO - 06/02/26 22:16:07 - 0:06:45 - Epoch 8 training started...
INFO - 06/02/26 22:16:33 - 0:07:11 - Epoch 8: Total Loss: 0.0750
INFO - 06/02/26 22:16:57 - 0:07:35 - Epoch 8: Clean - Acc: 0.6911
INFO - 06/02/26 22:16:58 - 0:07:35 -  *** NEW BEST CLEAN ACC *** Epoch 8 | Clean Acc: 0.6911
INFO - 06/02/26 22:16:58 - 0:07:35 - Epoch 9 training started...
INFO - 06/02/26 22:17:24 - 0:08:01 - Epoch 9: Total Loss: 0.0555
INFO - 06/02/26 22:17:48 - 0:08:25 - Epoch 9: Clean - Acc: 0.6881
INFO - 06/02/26 22:17:48 - 0:08:25 - Epoch 10 training started...
INFO - 06/02/26 22:18:14 - 0:08:51 - Epoch 10: Total Loss: 0.0414
INFO - 06/02/26 22:18:38 - 0:09:15 - Epoch 10: Clean - Acc: 0.6988
INFO - 06/02/26 22:18:38 - 0:09:15 -  *** NEW BEST CLEAN ACC *** Epoch 10 | Clean Acc: 0.6988
INFO - 06/02/26 22:18:38 - 0:09:15 - Epoch 11 training started...
INFO - 06/02/26 22:19:04 - 0:09:41 - Epoch 11: Total Loss: 0.0337
INFO - 06/02/26 22:19:28 - 0:10:05 - Epoch 11: Clean - Acc: 0.7018
INFO - 06/02/26 22:19:28 - 0:10:05 -  *** NEW BEST CLEAN ACC *** Epoch 11 | Clean Acc: 0.7018
INFO - 06/02/26 22:19:28 - 0:10:05 - Epoch 12 training started...
INFO - 06/02/26 22:19:54 - 0:10:31 - Epoch 12: Total Loss: 0.0302
INFO - 06/02/26 22:20:18 - 0:10:55 - Epoch 12: Clean - Acc: 0.6835
INFO - 06/02/26 22:20:18 - 0:10:55 - Epoch 13 training started...
INFO - 06/02/26 22:20:44 - 0:11:21 - Epoch 13: Total Loss: 0.0234
INFO - 06/02/26 22:21:08 - 0:11:45 - Epoch 13: Clean - Acc: 0.7187
INFO - 06/02/26 22:21:08 - 0:11:45 -  *** NEW BEST CLEAN ACC *** Epoch 13 | Clean Acc: 0.7187
INFO - 06/02/26 22:21:08 - 0:11:45 - Epoch 14 training started...
INFO - 06/02/26 22:21:34 - 0:12:12 - Epoch 14: Total Loss: 0.0178
INFO - 06/02/26 22:21:58 - 0:12:36 - Epoch 14: Clean - Acc: 0.7003
INFO - 06/02/26 22:21:58 - 0:12:36 - Epoch 15 training started...
INFO - 06/02/26 22:22:24 - 0:13:02 - Epoch 15: Total Loss: 0.0158
INFO - 06/02/26 22:22:48 - 0:13:26 - Epoch 15: Clean - Acc: 0.7018
INFO - 06/02/26 22:22:48 - 0:13:26 - Epoch 16 training started...
INFO - 06/02/26 22:23:14 - 0:13:52 - Epoch 16: Total Loss: 0.0151
INFO - 06/02/26 22:23:38 - 0:14:16 - Epoch 16: Clean - Acc: 0.6758
INFO - 06/02/26 22:23:38 - 0:14:16 - Epoch 17 training started...
INFO - 06/02/26 22:24:05 - 0:14:42 - Epoch 17: Total Loss: 0.0158
INFO - 06/02/26 22:24:32 - 0:15:09 - Epoch 17: Clean - Acc: 0.7064
INFO - 06/02/26 22:24:32 - 0:15:09 - Epoch 18 training started...
INFO - 06/02/26 22:25:01 - 0:15:38 - Epoch 18: Total Loss: 0.0131
INFO - 06/02/26 22:25:26 - 0:16:04 - Epoch 18: Clean - Acc: 0.7034
INFO - 06/02/26 22:25:26 - 0:16:04 - Epoch 19 training started...
INFO - 06/02/26 22:25:52 - 0:16:30 - Epoch 19: Total Loss: 0.0130
INFO - 06/02/26 22:26:16 - 0:16:54 - Epoch 19: Clean - Acc: 0.7034
INFO - 06/02/26 22:26:16 - 0:16:54 - Epoch 20 training started...
INFO - 06/02/26 22:26:42 - 0:17:20 - Epoch 20: Total Loss: 0.0161
INFO - 06/02/26 22:27:06 - 0:17:44 - Epoch 20: Clean - Acc: 0.7110
INFO - 06/02/26 22:27:06 - 0:17:44 - Epoch 21 training started...
INFO - 06/02/26 22:27:32 - 0:18:10 - Epoch 21: Total Loss: 0.0242
INFO - 06/02/26 22:27:56 - 0:18:34 - Epoch 21: Clean - Acc: 0.7018
INFO - 06/02/26 22:27:56 - 0:18:34 - Epoch 22 training started...
INFO - 06/02/26 22:28:22 - 0:19:00 - Epoch 22: Total Loss: 0.0303
INFO - 06/02/26 22:28:46 - 0:19:24 - Epoch 22: Clean - Acc: 0.7003
INFO - 06/02/26 22:28:46 - 0:19:24 - Epoch 23 training started...
INFO - 06/02/26 22:29:12 - 0:19:50 - Epoch 23: Total Loss: 0.0256
INFO - 06/02/26 22:29:36 - 0:20:14 - Epoch 23: Clean - Acc: 0.6728
INFO - 06/02/26 22:29:36 - 0:20:14 - Epoch 24 training started...
INFO - 06/02/26 22:30:02 - 0:20:40 - Epoch 24: Total Loss: 0.0160
INFO - 06/02/26 22:30:26 - 0:21:04 - Epoch 24: Clean - Acc: 0.6651
INFO - 06/02/26 22:30:26 - 0:21:04 - Epoch 25 training started...
INFO - 06/02/26 22:30:52 - 0:21:30 - Epoch 25: Total Loss: 0.0145
INFO - 06/02/26 22:31:16 - 0:21:54 - Epoch 25: Clean - Acc: 0.6789
INFO - 06/02/26 22:31:16 - 0:21:54 - Epoch 26 training started...
INFO - 06/02/26 22:31:42 - 0:22:20 - Epoch 26: Total Loss: 0.0139
INFO - 06/02/26 22:32:06 - 0:22:44 - Epoch 26: Clean - Acc: 0.6927
INFO - 06/02/26 22:32:06 - 0:22:44 - Epoch 27 training started...
INFO - 06/02/26 22:32:32 - 0:23:10 - Epoch 27: Total Loss: 0.0108
INFO - 06/02/26 22:32:56 - 0:23:34 - Epoch 27: Clean - Acc: 0.7018
INFO - 06/02/26 22:32:56 - 0:23:34 - Epoch 28 training started...
INFO - 06/02/26 22:33:22 - 0:24:00 - Epoch 28: Total Loss: 0.0077
INFO - 06/02/26 22:33:46 - 0:24:24 - Epoch 28: Clean - Acc: 0.6972
INFO - 06/02/26 22:33:46 - 0:24:24 - Epoch 29 training started...
INFO - 06/02/26 22:34:12 - 0:24:50 - Epoch 29: Total Loss: 0.0072
INFO - 06/02/26 22:34:36 - 0:25:14 - Epoch 29: Clean - Acc: 0.6988
INFO - 06/02/26 22:34:36 - 0:25:14 - Epoch 30 training started...
INFO - 06/02/26 22:35:02 - 0:25:40 - Epoch 30: Total Loss: 0.0092
INFO - 06/02/26 22:35:26 - 0:26:04 - Epoch 30: Clean - Acc: 0.6942
INFO - 06/02/26 22:35:26 - 0:26:04 - Epoch 31 training started...
INFO - 06/02/26 22:35:52 - 0:26:30 - Epoch 31: Total Loss: 0.0076
INFO - 06/02/26 22:36:16 - 0:26:54 - Epoch 31: Clean - Acc: 0.6911
INFO - 06/02/26 22:36:16 - 0:26:54 - Epoch 32 training started...
INFO - 06/02/26 22:36:42 - 0:27:20 - Epoch 32: Total Loss: 0.0063
INFO - 06/02/26 22:37:06 - 0:27:44 - Epoch 32: Clean - Acc: 0.7064
INFO - 06/02/26 22:37:06 - 0:27:44 - Epoch 33 training started...
INFO - 06/02/26 22:37:32 - 0:28:10 - Epoch 33: Total Loss: 0.0086
INFO - 06/02/26 22:37:56 - 0:28:34 - Epoch 33: Clean - Acc: 0.7049
INFO - 06/02/26 22:37:56 - 0:28:34 - Epoch 34 training started...
INFO - 06/02/26 22:38:22 - 0:29:00 - Epoch 34: Total Loss: 0.0059
INFO - 06/02/26 22:38:46 - 0:29:24 - Epoch 34: Clean - Acc: 0.7095
INFO - 06/02/26 22:38:46 - 0:29:24 - Epoch 35 training started...
INFO - 06/02/26 22:39:14 - 0:29:51 - Epoch 35: Total Loss: 0.0070
INFO - 06/02/26 22:39:41 - 0:30:18 - Epoch 35: Clean - Acc: 0.7034
INFO - 06/02/26 22:39:41 - 0:30:18 - Epoch 36 training started...
INFO - 06/02/26 22:40:10 - 0:30:47 - Epoch 36: Total Loss: 0.0062
INFO - 06/02/26 22:40:34 - 0:31:12 - Epoch 36: Clean - Acc: 0.7095
INFO - 06/02/26 22:40:34 - 0:31:12 - Epoch 37 training started...
INFO - 06/02/26 22:41:00 - 0:31:38 - Epoch 37: Total Loss: 0.0077
INFO - 06/02/26 22:41:24 - 0:32:02 - Epoch 37: Clean - Acc: 0.7018
INFO - 06/02/26 22:41:24 - 0:32:02 - Epoch 38 training started...
INFO - 06/02/26 22:41:50 - 0:32:28 - Epoch 38: Total Loss: 0.0069
INFO - 06/02/26 22:42:14 - 0:32:52 - Epoch 38: Clean - Acc: 0.7080
INFO - 06/02/26 22:42:14 - 0:32:52 - Epoch 39 training started...
INFO - 06/02/26 22:42:40 - 0:33:18 - Epoch 39: Total Loss: 0.0054
INFO - 06/02/26 22:43:04 - 0:33:42 - Epoch 39: Clean - Acc: 0.7095
INFO - 06/02/26 22:43:04 - 0:33:42 - Epoch 40 training started...
INFO - 06/02/26 22:43:30 - 0:34:08 - Epoch 40: Total Loss: 0.0066
INFO - 06/02/26 22:43:54 - 0:34:32 - Epoch 40: Clean - Acc: 0.7034
INFO - 06/02/26 22:43:54 - 0:34:32 - Epoch 41 training started...
INFO - 06/02/26 22:44:20 - 0:34:58 - Epoch 41: Total Loss: 0.0057
INFO - 06/02/26 22:44:44 - 0:35:22 - Epoch 41: Clean - Acc: 0.7018
INFO - 06/02/26 22:44:44 - 0:35:22 - Epoch 42 training started...
INFO - 06/02/26 22:45:10 - 0:35:48 - Epoch 42: Total Loss: 0.0063
INFO - 06/02/26 22:45:34 - 0:36:12 - Epoch 42: Clean - Acc: 0.7018
INFO - 06/02/26 22:45:34 - 0:36:12 - Epoch 43 training started...
INFO - 06/02/26 22:46:00 - 0:36:38 - Epoch 43: Total Loss: 0.0065
INFO - 06/02/26 22:46:24 - 0:37:02 - Epoch 43: Clean - Acc: 0.6988
INFO - 06/02/26 22:46:24 - 0:37:02 - Epoch 44 training started...
INFO - 06/02/26 22:46:50 - 0:37:28 - Epoch 44: Total Loss: 0.0068
INFO - 06/02/26 22:47:14 - 0:37:52 - Epoch 44: Clean - Acc: 0.7049
INFO - 06/02/26 22:47:14 - 0:37:52 - Epoch 45 training started...
INFO - 06/02/26 22:47:40 - 0:38:18 - Epoch 45: Total Loss: 0.0046
INFO - 06/02/26 22:48:04 - 0:38:42 - Epoch 45: Clean - Acc: 0.7034
INFO - 06/02/26 22:48:04 - 0:38:42 - Epoch 46 training started...
INFO - 06/02/26 22:48:30 - 0:39:08 - Epoch 46: Total Loss: 0.0071
INFO - 06/02/26 22:48:54 - 0:39:32 - Epoch 46: Clean - Acc: 0.7049
INFO - 06/02/26 22:48:54 - 0:39:32 - Epoch 47 training started...
INFO - 06/02/26 22:49:20 - 0:39:57 - Epoch 47: Total Loss: 0.0066
INFO - 06/02/26 22:49:44 - 0:40:22 - Epoch 47: Clean - Acc: 0.7049
INFO - 06/02/26 22:49:44 - 0:40:22 - Epoch 48 training started...
INFO - 06/02/26 22:50:10 - 0:40:48 - Epoch 48: Total Loss: 0.0071
INFO - 06/02/26 22:50:34 - 0:41:12 - Epoch 48: Clean - Acc: 0.7125
INFO - 06/02/26 22:50:34 - 0:41:12 - Epoch 49 training started...
INFO - 06/02/26 22:51:00 - 0:41:37 - Epoch 49: Total Loss: 0.0058
INFO - 06/02/26 22:51:24 - 0:42:02 - Epoch 49: Clean - Acc: 0.7095
INFO - 06/02/26 22:51:24 - 0:42:02 - Loading best model for final robust evaluation on Test sets...
INFO - 06/02/26 22:51:25 - 0:42:02 - Generating and Evaluating on dataset for: Clean Test ...
INFO - 06/02/26 22:51:49 - 0:42:26 - Generating and Evaluating on dataset for: Salt & Pepper (Lvl 5.0) ...
INFO - 06/02/26 22:52:13 - 0:42:50 - Generating and Evaluating on dataset for: Salt & Pepper (Lvl 10.0) ...
INFO - 06/02/26 22:52:37 - 0:43:14 - Generating and Evaluating on dataset for: Gaussian (Lvl 5.0) ...
INFO - 06/02/26 22:53:01 - 0:43:39 - Generating and Evaluating on dataset for: Gaussian (Lvl 10.0) ...
INFO - 06/02/26 22:53:26 - 0:44:03 - 
                                     ============================================================
INFO - 06/02/26 22:53:26 - 0:44:03 -       FINAL ROBUSTNESS EVALUATION RESULTS ON TEST SET       
INFO - 06/02/26 22:53:26 - 0:44:03 - ============================================================
INFO - 06/02/26 22:53:26 - 0:44:03 - | Test Scenario                       | Score (Acc)        |
INFO - 06/02/26 22:53:26 - 0:44:03 - |-------------------------------------|--------------------|
INFO - 06/02/26 22:53:26 - 0:44:03 - | Clean Test                          |             0.7187 |
INFO - 06/02/26 22:53:26 - 0:44:03 - | Salt & Pepper (Lvl 5.0)             |             0.5810 |
INFO - 06/02/26 22:53:26 - 0:44:03 - | Salt & Pepper (Lvl 10.0)            |             0.4404 |
INFO - 06/02/26 22:53:26 - 0:44:03 - | Gaussian (Lvl 5.0)                  |             0.6376 |
INFO - 06/02/26 22:53:26 - 0:44:03 - | Gaussian (Lvl 10.0)                 |             0.5719 |
INFO - 06/02/26 22:53:26 - 0:44:03 - ============================================================
                                     
INFO - 06/02/26 22:53:26 - 0:44:03 - Saved final results to e:\Paper_Experiment\DML\DML_v1\RGB_v1\savepath\nyud\dml_nyu_seed0_lr0.00024\final_results.json
INFO - 06/02/26 22:53:26 - 0:44:03 - Best Clean Model: epoch=13, clean_acc=0.7187
INFO - 06/02/26 22:53:26 - 0:44:03 - Appended experiment record to e:\Paper_Experiment\DML\DML_v1\RGB_v1\savepath\nyud\all_experiments.json
