INFO - 06/01/26 17:22:15 - 0:00:00 - Starting DML MVSA training...
INFO - 06/01/26 17:22:41 - 0:00:26 - Epoch 0: Total Loss: 3.6101
INFO - 06/01/26 17:23:01 - 0:00:47 - Validation: Loss: 0.98708 | Acc: 0.50674
INFO - 06/01/26 17:23:01 - 0:00:47 - *** NEW BEST MODEL *** Epoch 0 | Acc: 0.5067
INFO - 06/01/26 17:23:27 - 0:01:12 - Epoch 1: Total Loss: 3.1970
INFO - 06/04/26 23:33:38 - 0:00:00 - Starting DML MVSA training...
INFO - 06/04/26 23:34:02 - 0:00:24 - Epoch 0: Total Loss: 3.5456, loss_fused:1.0873, loss_txt:1.3345, loss_img:1.1216, loss_ib:0.0022, acc_fused:0.4418, acc_txt:0.3580, acc_img:0.4834
INFO - 06/04/26 23:34:21 - 0:00:43 - Validation: Loss: 0.98621 | Acc: 0.50674
INFO - 06/04/26 23:34:21 - 0:00:43 - *** NEW BEST MODEL *** Epoch 0 | Acc: 0.5067
INFO - 06/04/26 23:34:46 - 0:01:07 - Epoch 1: Total Loss: 3.2007, loss_fused:1.0147, loss_txt:1.2166, loss_img:0.9657, loss_ib:0.0037, acc_fused:0.5133, acc_txt:0.4081, acc_img:0.5237
INFO - 06/04/26 23:35:04 - 0:01:26 - Validation: Loss: 0.96152 | Acc: 0.51060
INFO - 06/04/26 23:35:04 - 0:01:26 - *** NEW BEST MODEL *** Epoch 1 | Acc: 0.5106
INFO - 06/04/26 23:35:29 - 0:01:51 - Epoch 2: Total Loss: 3.0490, loss_fused:0.9757, loss_txt:1.1413, loss_img:0.9272, loss_ib:0.0048, acc_fused:0.5465, acc_txt:0.4548, acc_img:0.5627
INFO - 06/04/26 23:35:48 - 0:02:09 - Validation: Loss: 0.93637 | Acc: 0.51060
INFO - 06/04/26 23:36:26 - 0:02:47 - Epoch 3: Total Loss: 2.8207, loss_fused:0.8858, loss_txt:1.1003, loss_img:0.8281, loss_ib:0.0066, acc_fused:0.5802, acc_txt:0.4756, acc_img:0.6303
INFO - 06/04/26 23:36:45 - 0:03:07 - Validation: Loss: 0.83137 | Acc: 0.58574
INFO - 06/04/26 23:36:45 - 0:03:07 - *** NEW BEST MODEL *** Epoch 3 | Acc: 0.5857
INFO - 06/04/26 23:37:24 - 0:03:46 - Epoch 4: Total Loss: 2.0503, loss_fused:0.5597, loss_txt:1.1217, loss_img:0.3593, loss_ib:0.0097, acc_fused:0.7953, acc_txt:0.4789, acc_img:0.8882
INFO - 06/04/26 23:37:44 - 0:04:06 - Validation: Loss: 0.78282 | Acc: 0.66281
INFO - 06/04/26 23:37:44 - 0:04:06 - *** NEW BEST MODEL *** Epoch 4 | Acc: 0.6628
INFO - 06/04/26 23:41:57 - 0:08:19 - Epoch 5: Total Loss: 1.3189, loss_fused:0.2481, loss_txt:0.9490, loss_img:0.1055, loss_ib:0.0163, acc_fused:0.9669, acc_txt:0.5608, acc_img:0.9760
INFO - 06/04/26 23:42:22 - 0:08:44 - Validation: Loss: 0.72325 | Acc: 0.70520
INFO - 06/04/26 23:42:22 - 0:08:44 - *** NEW BEST MODEL *** Epoch 5 | Acc: 0.7052
INFO - 06/04/26 23:46:34 - 0:12:56 - Epoch 6: Total Loss: 0.8624, loss_fused:0.0991, loss_txt:0.7191, loss_img:0.0205, loss_ib:0.0237, acc_fused:0.9961, acc_txt:0.7063, acc_img:0.9981
INFO - 06/04/26 23:46:58 - 0:13:20 - Validation: Loss: 0.64299 | Acc: 0.76301
INFO - 06/04/26 23:46:58 - 0:13:20 - *** NEW BEST MODEL *** Epoch 6 | Acc: 0.7630
INFO - 06/04/26 23:50:59 - 0:17:21 - Epoch 7: Total Loss: 0.5098, loss_fused:0.0432, loss_txt:0.4213, loss_img:0.0159, loss_ib:0.0293, acc_fused:0.9974, acc_txt:0.8356, acc_img:0.9974
INFO - 06/04/26 23:51:23 - 0:17:45 - Validation: Loss: 0.62660 | Acc: 0.76879
INFO - 06/04/26 23:51:23 - 0:17:45 - *** NEW BEST MODEL *** Epoch 7 | Acc: 0.7688
INFO - 06/04/26 23:55:33 - 0:21:55 - Epoch 8: Total Loss: 0.4349, loss_fused:0.0429, loss_txt:0.2915, loss_img:0.0686, loss_ib:0.0320, acc_fused:0.9968, acc_txt:0.8954, acc_img:0.9968
INFO - 06/04/26 23:55:58 - 0:22:20 - Validation: Loss: 0.63425 | Acc: 0.77071
INFO - 06/04/26 23:55:58 - 0:22:20 - *** NEW BEST MODEL *** Epoch 8 | Acc: 0.7707
INFO - 06/04/26 23:59:59 - 0:26:21 - Epoch 9: Total Loss: 0.2481, loss_fused:0.0243, loss_txt:0.1596, loss_img:0.0317, loss_ib:0.0324, acc_fused:0.9974, acc_txt:0.9539, acc_img:0.9942
INFO - 06/05/26 00:00:24 - 0:26:46 - Validation: Loss: 0.65574 | Acc: 0.79576
INFO - 06/05/26 00:00:24 - 0:26:46 - *** NEW BEST MODEL *** Epoch 9 | Acc: 0.7958
INFO - 06/05/26 00:04:42 - 0:31:03 - Epoch 10: Total Loss: 0.2221, loss_fused:0.0191, loss_txt:0.1540, loss_img:0.0153, loss_ib:0.0338, acc_fused:0.9987, acc_txt:0.9552, acc_img:0.9987
INFO - 06/05/26 00:05:16 - 0:31:38 - Validation: Loss: 0.77461 | Acc: 0.75145
INFO - 06/05/26 00:09:23 - 0:35:45 - Epoch 11: Total Loss: 0.1618, loss_fused:0.0117, loss_txt:0.0999, loss_img:0.0142, loss_ib:0.0359, acc_fused:0.9987, acc_txt:0.9708, acc_img:0.9974
INFO - 06/05/26 00:09:49 - 0:36:11 - Validation: Loss: 0.73491 | Acc: 0.79191
INFO - 06/05/26 00:13:59 - 0:40:21 - Epoch 12: Total Loss: 0.1025, loss_fused:0.0095, loss_txt:0.0409, loss_img:0.0140, loss_ib:0.0380, acc_fused:0.9987, acc_txt:0.9896, acc_img:0.9981
INFO - 06/05/26 00:14:34 - 0:40:56 - Validation: Loss: 0.70681 | Acc: 0.79191
INFO - 06/05/26 00:18:35 - 0:44:57 - Epoch 13: Total Loss: 0.0876, loss_fused:0.0086, loss_txt:0.0274, loss_img:0.0145, loss_ib:0.0371, acc_fused:0.9987, acc_txt:0.9929, acc_img:0.9961
INFO - 06/05/26 00:19:10 - 0:45:32 - Validation: Loss: 0.66985 | Acc: 0.79769
INFO - 06/05/26 00:19:10 - 0:45:32 - *** NEW BEST MODEL *** Epoch 13 | Acc: 0.7977
INFO - 06/05/26 00:23:19 - 0:49:40 - Epoch 14: Total Loss: 0.0763, loss_fused:0.0077, loss_txt:0.0213, loss_img:0.0091, loss_ib:0.0381, acc_fused:0.9981, acc_txt:0.9948, acc_img:0.9981
INFO - 06/05/26 00:23:43 - 0:50:05 - Validation: Loss: 0.69722 | Acc: 0.78420
INFO - 06/05/26 00:27:45 - 0:54:07 - Epoch 15: Total Loss: 0.0733, loss_fused:0.0073, loss_txt:0.0152, loss_img:0.0130, loss_ib:0.0378, acc_fused:0.9987, acc_txt:0.9968, acc_img:0.9981
INFO - 06/05/26 00:28:20 - 0:54:42 - Validation: Loss: 0.68963 | Acc: 0.80732
INFO - 06/05/26 00:28:20 - 0:54:42 - *** NEW BEST MODEL *** Epoch 15 | Acc: 0.8073
INFO - 06/05/26 00:32:34 - 0:58:56 - Epoch 16: Total Loss: 0.0808, loss_fused:0.0083, loss_txt:0.0125, loss_img:0.0224, loss_ib:0.0376, acc_fused:0.9987, acc_txt:0.9981, acc_img:0.9961
INFO - 06/05/26 00:32:58 - 0:59:20 - Validation: Loss: 0.71944 | Acc: 0.79383
INFO - 06/05/26 00:37:05 - 1:03:27 - Epoch 17: Total Loss: 0.1112, loss_fused:0.0084, loss_txt:0.0114, loss_img:0.0539, loss_ib:0.0375, acc_fused:0.9987, acc_txt:0.9974, acc_img:0.9968
INFO - 06/05/26 00:37:40 - 1:04:02 - Validation: Loss: 0.73986 | Acc: 0.78035
INFO - 06/05/26 00:41:48 - 1:08:10 - Epoch 18: Total Loss: 0.0879, loss_fused:0.0090, loss_txt:0.0151, loss_img:0.0275, loss_ib:0.0363, acc_fused:0.9974, acc_txt:0.9948, acc_img:0.9948
INFO - 06/05/26 00:42:23 - 1:08:45 - Validation: Loss: 0.70289 | Acc: 0.81503
INFO - 06/05/26 00:42:23 - 1:08:45 - *** NEW BEST MODEL *** Epoch 18 | Acc: 0.8150
INFO - 06/05/26 00:46:23 - 1:12:45 - Epoch 19: Total Loss: 0.0714, loss_fused:0.0069, loss_txt:0.0161, loss_img:0.0113, loss_ib:0.0371, acc_fused:0.9981, acc_txt:0.9948, acc_img:0.9968
INFO - 06/05/26 00:46:58 - 1:13:19 - Validation: Loss: 0.71874 | Acc: 0.79576
INFO - 06/05/26 00:51:01 - 1:17:23 - Epoch 20: Total Loss: 0.0723, loss_fused:0.0066, loss_txt:0.0102, loss_img:0.0186, loss_ib:0.0369, acc_fused:0.9981, acc_txt:0.9961, acc_img:0.9974
INFO - 06/05/26 00:51:26 - 1:17:48 - Validation: Loss: 0.74053 | Acc: 0.78805
INFO - 06/05/26 00:55:30 - 1:21:52 - Epoch 21: Total Loss: 0.0651, loss_fused:0.0054, loss_txt:0.0074, loss_img:0.0142, loss_ib:0.0380, acc_fused:0.9987, acc_txt:0.9981, acc_img:0.9981
INFO - 06/05/26 00:55:55 - 1:22:17 - Validation: Loss: 0.74438 | Acc: 0.79576
INFO - 06/05/26 01:00:03 - 1:26:25 - Epoch 22: Total Loss: 0.0641, loss_fused:0.0053, loss_txt:0.0075, loss_img:0.0135, loss_ib:0.0378, acc_fused:0.9987, acc_txt:0.9981, acc_img:0.9974
INFO - 06/05/26 01:00:27 - 1:26:49 - Validation: Loss: 0.69001 | Acc: 0.79383
INFO - 06/05/26 01:04:24 - 1:30:46 - Epoch 23: Total Loss: 0.0597, loss_fused:0.0057, loss_txt:0.0082, loss_img:0.0084, loss_ib:0.0374, acc_fused:0.9974, acc_txt:0.9974, acc_img:0.9987
INFO - 06/05/26 01:04:49 - 1:31:10 - Validation: Loss: 0.72583 | Acc: 0.80347
INFO - 06/05/26 01:08:53 - 1:35:15 - Epoch 24: Total Loss: 0.0583, loss_fused:0.0050, loss_txt:0.0075, loss_img:0.0084, loss_ib:0.0373, acc_fused:0.9981, acc_txt:0.9974, acc_img:0.9987
INFO - 06/05/26 01:09:18 - 1:35:40 - Validation: Loss: 0.72775 | Acc: 0.80539
INFO - 06/05/26 01:13:21 - 1:39:43 - Epoch 25: Total Loss: 0.0547, loss_fused:0.0045, loss_txt:0.0055, loss_img:0.0073, loss_ib:0.0374, acc_fused:0.9994, acc_txt:0.9987, acc_img:0.9987
INFO - 06/05/26 01:13:45 - 1:40:07 - Validation: Loss: 0.73175 | Acc: 0.80154
INFO - 06/05/26 01:17:56 - 1:44:18 - Epoch 26: Total Loss: 0.0743, loss_fused:0.0057, loss_txt:0.0072, loss_img:0.0242, loss_ib:0.0372, acc_fused:0.9981, acc_txt:0.9974, acc_img:0.9974
INFO - 06/05/26 01:18:31 - 1:44:53 - Validation: Loss: 0.72810 | Acc: 0.80539
INFO - 06/05/26 01:22:32 - 1:48:54 - Epoch 27: Total Loss: 0.0609, loss_fused:0.0055, loss_txt:0.0064, loss_img:0.0116, loss_ib:0.0374, acc_fused:0.9974, acc_txt:0.9981, acc_img:0.9974
INFO - 06/05/26 01:22:57 - 1:49:18 - Validation: Loss: 0.73521 | Acc: 0.80154
INFO - 06/05/26 01:27:00 - 1:53:22 - Epoch 28: Total Loss: 0.0593, loss_fused:0.0051, loss_txt:0.0076, loss_img:0.0095, loss_ib:0.0370, acc_fused:0.9981, acc_txt:0.9974, acc_img:0.9987
INFO - 06/05/26 01:27:25 - 1:53:47 - Validation: Loss: 0.71772 | Acc: 0.79769
INFO - 06/05/26 01:31:26 - 1:57:48 - Epoch 29: Total Loss: 0.0650, loss_fused:0.0054, loss_txt:0.0144, loss_img:0.0081, loss_ib:0.0372, acc_fused:0.9987, acc_txt:0.9981, acc_img:0.9987
INFO - 06/05/26 01:32:01 - 1:58:23 - Validation: Loss: 0.72814 | Acc: 0.80347
INFO - 06/05/26 01:36:02 - 2:02:24 - Epoch 30: Total Loss: 0.0755, loss_fused:0.0055, loss_txt:0.0059, loss_img:0.0267, loss_ib:0.0373, acc_fused:0.9994, acc_txt:0.9987, acc_img:0.9974
INFO - 06/05/26 01:36:26 - 2:02:48 - Validation: Loss: 0.72530 | Acc: 0.80539
INFO - 06/05/26 01:40:28 - 2:06:50 - Epoch 31: Total Loss: 0.0610, loss_fused:0.0053, loss_txt:0.0068, loss_img:0.0118, loss_ib:0.0371, acc_fused:0.9987, acc_txt:0.9981, acc_img:0.9987
INFO - 06/05/26 01:40:53 - 2:07:14 - Validation: Loss: 0.73412 | Acc: 0.80154
INFO - 06/05/26 01:45:03 - 2:11:24 - Epoch 32: Total Loss: 0.0589, loss_fused:0.0048, loss_txt:0.0057, loss_img:0.0112, loss_ib:0.0371, acc_fused:0.9987, acc_txt:0.9981, acc_img:0.9981
INFO - 06/05/26 01:45:37 - 2:11:59 - Validation: Loss: 0.72662 | Acc: 0.79576
INFO - 06/05/26 01:49:46 - 2:16:07 - Epoch 33: Total Loss: 0.0560, loss_fused:0.0049, loss_txt:0.0062, loss_img:0.0078, loss_ib:0.0370, acc_fused:0.9987, acc_txt:0.9987, acc_img:0.9981
INFO - 06/05/26 01:50:10 - 2:16:32 - Validation: Loss: 0.72426 | Acc: 0.80154
INFO - 06/05/26 01:50:10 - 2:16:32 - No improvement for 15 epochs. Stopping early.
INFO - 06/05/26 01:50:10 - 2:16:32 - Loading best model for final robust evaluation...
INFO - 06/05/26 01:50:11 - 2:16:33 - --- Evaluating: Clean Test ---
INFO - 06/05/26 01:50:38 - 2:17:00 - Clean Test: Loss: 0.70289 | Acc: 0.81503
INFO - 06/05/26 01:50:38 - 2:17:00 - --- Evaluating: Gaussian (Lvl 5.0) ---
INFO - 06/05/26 01:51:07 - 2:17:29 - Gaussian (Lvl 5.0): Loss: 0.86531 | Acc: 0.73025
INFO - 06/05/26 01:51:07 - 2:17:29 - --- Evaluating: Gaussian (Lvl 10.0) ---
INFO - 06/05/26 01:51:36 - 2:17:58 - Gaussian (Lvl 10.0): Loss: 1.14968 | Acc: 0.56455
INFO - 06/05/26 01:51:36 - 2:17:58 - --- Evaluating: Salt & Pepper (Lvl 5.0) ---
INFO - 06/05/26 01:52:06 - 2:18:27 - Salt & Pepper (Lvl 5.0): Loss: 0.80909 | Acc: 0.74952
INFO - 06/05/26 01:52:06 - 2:18:27 - --- Evaluating: Salt & Pepper (Lvl 10.0) ---
INFO - 06/05/26 01:52:35 - 2:18:57 - Salt & Pepper (Lvl 10.0): Loss: 0.94448 | Acc: 0.60886
INFO - 06/05/26 01:52:35 - 2:18:57 - 
                                     ============================================================
INFO - 06/05/26 01:52:35 - 2:18:57 -       FINAL ROBUSTNESS EVALUATION RESULTS ON TEST SET       
INFO - 06/05/26 01:52:35 - 2:18:57 - ============================================================
INFO - 06/05/26 01:52:35 - 2:18:57 - | Test Scenario                       | Score (Acc)        |
INFO - 06/05/26 01:52:35 - 2:18:57 - |-------------------------------------|--------------------|
INFO - 06/05/26 01:52:35 - 2:18:57 - | Clean Test                          |             0.8150 |
INFO - 06/05/26 01:52:35 - 2:18:57 - | Gaussian (Lvl 5.0)                  |             0.7303 |
INFO - 06/05/26 01:52:35 - 2:18:57 - | Gaussian (Lvl 10.0)                 |             0.5645 |
INFO - 06/05/26 01:52:35 - 2:18:57 - | Salt & Pepper (Lvl 5.0)             |             0.7495 |
INFO - 06/05/26 01:52:35 - 2:18:57 - | Salt & Pepper (Lvl 10.0)            |             0.6089 |
INFO - 06/05/26 01:52:35 - 2:18:57 - ============================================================
                                     
INFO - 06/05/26 01:52:35 - 2:18:57 - Saved final results to e:\Paper_Experiment\DML\DML_v1\MVSA_v2\savepath\dml_mvsa\final_results.json
INFO - 06/05/26 01:52:35 - 2:18:57 - Appended experiment record to e:\Paper_Experiment\DML\DML_v1\MVSA_v2\savepath\all_experiments.json
INFO - 06/09/26 21:34:48 - 0:00:00 - Starting DML MVSA training...
INFO - 06/09/26 21:35:15 - 0:00:27 - Epoch 0: Total Loss: 3.5456, loss_fused:1.0873, loss_txt:1.3345, loss_img:1.1216, loss_ib:0.0022, acc_fused:0.4418, acc_txt:0.3580, acc_img:0.4834
INFO - 06/09/26 22:06:28 - 0:00:00 - Starting DML MVSA training...
INFO - 06/09/26 22:06:54 - 0:00:25 - Epoch 0: Total Loss: 3.5456, loss_fused:1.0873, loss_txt:1.3345, loss_img:1.1216, loss_ib:0.0022, acc_fused:0.4418, acc_txt:0.3580, acc_img:0.4834
INFO - 06/09/26 22:07:13 - 0:00:45 - Validation: Loss: 0.98621 | Acc: 0.50674
INFO - 06/09/26 22:07:13 - 0:00:45 - *** NEW BEST MODEL *** Epoch 0 | Acc: 0.5067
INFO - 06/09/26 22:07:38 - 0:01:10 - Epoch 1: Total Loss: 3.2007, loss_fused:1.0147, loss_txt:1.2166, loss_img:0.9657, loss_ib:0.0037, acc_fused:0.5133, acc_txt:0.4081, acc_img:0.5237
INFO - 06/09/26 22:07:58 - 0:01:29 - Validation: Loss: 0.96152 | Acc: 0.51060
INFO - 06/09/26 22:07:58 - 0:01:29 - *** NEW BEST MODEL *** Epoch 1 | Acc: 0.5106
INFO - 06/09/26 22:08:23 - 0:01:54 - Epoch 2: Total Loss: 3.0490, loss_fused:0.9757, loss_txt:1.1413, loss_img:0.9272, loss_ib:0.0048, acc_fused:0.5465, acc_txt:0.4548, acc_img:0.5627
INFO - 06/09/26 22:08:42 - 0:02:14 - Validation: Loss: 0.93637 | Acc: 0.51060
INFO - 06/09/26 22:09:22 - 0:02:53 - Epoch 3: Total Loss: 2.8207, loss_fused:0.8858, loss_txt:1.1003, loss_img:0.8281, loss_ib:0.0066, acc_fused:0.5802, acc_txt:0.4756, acc_img:0.6303
INFO - 06/09/26 22:09:42 - 0:03:13 - Validation: Loss: 0.83137 | Acc: 0.58574
INFO - 06/09/26 22:09:42 - 0:03:13 - *** NEW BEST MODEL *** Epoch 3 | Acc: 0.5857
INFO - 06/09/26 22:10:22 - 0:03:54 - Epoch 4: Total Loss: 2.0503, loss_fused:0.5597, loss_txt:1.1217, loss_img:0.3593, loss_ib:0.0097, acc_fused:0.7953, acc_txt:0.4789, acc_img:0.8882
INFO - 06/09/26 22:10:43 - 0:04:14 - Validation: Loss: 0.78282 | Acc: 0.66281
INFO - 06/09/26 22:10:43 - 0:04:14 - *** NEW BEST MODEL *** Epoch 4 | Acc: 0.6628
INFO - 06/09/26 22:14:53 - 0:08:25 - Epoch 5: Total Loss: 1.3189, loss_fused:0.2481, loss_txt:0.9490, loss_img:0.1055, loss_ib:0.0163, acc_fused:0.9669, acc_txt:0.5608, acc_img:0.9760
INFO - 06/09/26 22:15:21 - 0:08:53 - Validation: Loss: 0.72325 | Acc: 0.70520
INFO - 06/09/26 22:15:21 - 0:08:53 - *** NEW BEST MODEL *** Epoch 5 | Acc: 0.7052
INFO - 06/09/26 22:19:39 - 0:13:11 - Epoch 6: Total Loss: 0.8624, loss_fused:0.0991, loss_txt:0.7191, loss_img:0.0205, loss_ib:0.0237, acc_fused:0.9961, acc_txt:0.7063, acc_img:0.9981
INFO - 06/09/26 22:20:09 - 0:13:40 - Validation: Loss: 0.64299 | Acc: 0.75915
INFO - 06/09/26 22:20:09 - 0:13:40 - *** NEW BEST MODEL *** Epoch 6 | Acc: 0.7592
INFO - 06/09/26 22:24:18 - 0:17:49 - Epoch 7: Total Loss: 0.5115, loss_fused:0.0433, loss_txt:0.4229, loss_img:0.0160, loss_ib:0.0293, acc_fused:0.9974, acc_txt:0.8382, acc_img:0.9974
INFO - 06/09/26 22:24:46 - 0:18:17 - Validation: Loss: 0.62732 | Acc: 0.76493
INFO - 06/09/26 22:24:46 - 0:18:17 - *** NEW BEST MODEL *** Epoch 7 | Acc: 0.7649
INFO - 06/09/26 22:29:07 - 0:22:39 - Epoch 8: Total Loss: 0.4329, loss_fused:0.0433, loss_txt:0.2895, loss_img:0.0681, loss_ib:0.0320, acc_fused:0.9961, acc_txt:0.8960, acc_img:0.9968
INFO - 06/09/26 22:29:35 - 0:23:06 - Validation: Loss: 0.64948 | Acc: 0.77457
INFO - 06/09/26 22:29:35 - 0:23:06 - *** NEW BEST MODEL *** Epoch 8 | Acc: 0.7746
INFO - 06/09/26 22:33:46 - 0:27:18 - Epoch 9: Total Loss: 0.2613, loss_fused:0.0250, loss_txt:0.1735, loss_img:0.0304, loss_ib:0.0323, acc_fused:0.9974, acc_txt:0.9539, acc_img:0.9942
INFO - 06/09/26 22:34:14 - 0:27:46 - Validation: Loss: 0.67165 | Acc: 0.77649
INFO - 06/09/26 22:34:14 - 0:27:46 - *** NEW BEST MODEL *** Epoch 9 | Acc: 0.7765
INFO - 06/09/26 22:39:26 - 0:32:58 - Epoch 10: Total Loss: 0.1784, loss_fused:0.0171, loss_txt:0.1116, loss_img:0.0157, loss_ib:0.0341, acc_fused:0.9981, acc_txt:0.9695, acc_img:0.9974
INFO - 06/09/26 22:40:06 - 0:33:38 - Validation: Loss: 0.73518 | Acc: 0.77457
INFO - 06/09/26 22:44:46 - 0:38:17 - Epoch 11: Total Loss: 0.1505, loss_fused:0.0126, loss_txt:0.0888, loss_img:0.0133, loss_ib:0.0358, acc_fused:0.9981, acc_txt:0.9753, acc_img:0.9974
INFO - 06/09/26 22:45:14 - 0:38:46 - Validation: Loss: 0.64262 | Acc: 0.80539
INFO - 06/09/26 22:45:14 - 0:38:46 - *** NEW BEST MODEL *** Epoch 11 | Acc: 0.8054
INFO - 06/09/26 22:49:51 - 0:43:23 - Epoch 12: Total Loss: 0.0914, loss_fused:0.0085, loss_txt:0.0307, loss_img:0.0151, loss_ib:0.0371, acc_fused:0.9987, acc_txt:0.9909, acc_img:0.9981
INFO - 06/09/26 22:50:33 - 0:44:05 - Validation: Loss: 0.78699 | Acc: 0.77071
INFO - 06/09/26 22:54:59 - 0:48:31 - Epoch 13: Total Loss: 0.0913, loss_fused:0.0081, loss_txt:0.0212, loss_img:0.0245, loss_ib:0.0375, acc_fused:0.9981, acc_txt:0.9948, acc_img:0.9922
INFO - 06/09/26 22:55:39 - 0:49:11 - Validation: Loss: 0.75089 | Acc: 0.78035
INFO - 06/09/26 23:00:02 - 0:53:34 - Epoch 14: Total Loss: 0.1033, loss_fused:0.0097, loss_txt:0.0346, loss_img:0.0220, loss_ib:0.0369, acc_fused:0.9981, acc_txt:0.9909, acc_img:0.9948
INFO - 06/09/26 23:00:31 - 0:54:03 - Validation: Loss: 0.76899 | Acc: 0.76879
INFO - 06/09/26 23:00:31 - 0:54:03 - No improvement for 3 epochs. Stopping early.
INFO - 06/09/26 23:00:31 - 0:54:03 - Loading best model for final robust evaluation...
INFO - 06/09/26 23:00:32 - 0:54:04 - --- Evaluating: Clean Test ---
INFO - 06/09/26 23:01:05 - 0:54:36 - Clean Test: Loss: 0.64262 | Acc: 0.80539
INFO - 06/09/26 23:01:05 - 0:54:36 - --- Evaluating: Gaussian (Lvl 5.0) ---
INFO - 06/09/26 23:01:37 - 0:55:09 - Gaussian (Lvl 5.0): Loss: 0.82253 | Acc: 0.73025
INFO - 06/09/26 23:01:37 - 0:55:09 - --- Evaluating: Gaussian (Lvl 10.0) ---
INFO - 06/09/26 23:02:09 - 0:55:41 - Gaussian (Lvl 10.0): Loss: 1.04602 | Acc: 0.59152
INFO - 06/09/26 23:02:09 - 0:55:41 - --- Evaluating: Salt & Pepper (Lvl 5.0) ---
INFO - 06/09/26 23:02:41 - 0:56:12 - Salt & Pepper (Lvl 5.0): Loss: 0.72544 | Acc: 0.75145
INFO - 06/09/26 23:02:41 - 0:56:12 - --- Evaluating: Salt & Pepper (Lvl 10.0) ---
INFO - 06/09/26 23:03:15 - 0:56:47 - Salt & Pepper (Lvl 10.0): Loss: 0.83173 | Acc: 0.65318
INFO - 06/09/26 23:03:15 - 0:56:47 - 
                                     ============================================================
INFO - 06/09/26 23:03:15 - 0:56:47 -       FINAL ROBUSTNESS EVALUATION RESULTS ON TEST SET       
INFO - 06/09/26 23:03:15 - 0:56:47 - ============================================================
INFO - 06/09/26 23:03:15 - 0:56:47 - | Test Scenario                       | Score (Acc)        |
INFO - 06/09/26 23:03:15 - 0:56:47 - |-------------------------------------|--------------------|
INFO - 06/09/26 23:03:15 - 0:56:47 - | Clean Test                          |             0.8054 |
INFO - 06/09/26 23:03:15 - 0:56:47 - | Gaussian (Lvl 5.0)                  |             0.7303 |
INFO - 06/09/26 23:03:15 - 0:56:47 - | Gaussian (Lvl 10.0)                 |             0.5915 |
INFO - 06/09/26 23:03:15 - 0:56:47 - | Salt & Pepper (Lvl 5.0)             |             0.7514 |
INFO - 06/09/26 23:03:15 - 0:56:47 - | Salt & Pepper (Lvl 10.0)            |             0.6532 |
INFO - 06/09/26 23:03:15 - 0:56:47 - ============================================================
                                     
INFO - 06/09/26 23:03:15 - 0:56:47 - Saved final results to e:\Paper_Experiment\DML\DML_v1\MVSA_v2\savepath\dml_mvsa\final_results.json
INFO - 06/09/26 23:03:15 - 0:56:47 - Appended experiment record to e:\Paper_Experiment\DML\DML_v1\MVSA_v2\savepath\all_experiments.json
INFO - 06/10/26 08:38:52 - 0:00:00 - Starting DML MVSA training...
INFO - 06/10/26 08:39:17 - 0:00:25 - Epoch 0: Total Loss: 3.5647, loss_fused:1.0887, loss_txt:1.3345, loss_img:1.1209, loss_ib:0.0206, acc_fused:0.4373, acc_txt:0.3567, acc_img:0.4828
INFO - 06/10/26 08:39:37 - 0:00:45 - Validation: Loss: 0.98698 | Acc: 0.50867
INFO - 06/10/26 08:39:37 - 0:00:45 - *** NEW BEST MODEL *** Epoch 0 | Acc: 0.5087
INFO - 06/10/26 08:40:02 - 0:01:10 - Epoch 1: Total Loss: 3.2359, loss_fused:1.0162, loss_txt:1.2170, loss_img:0.9691, loss_ib:0.0337, acc_fused:0.5120, acc_txt:0.4087, acc_img:0.5224
INFO - 06/10/26 08:40:22 - 0:01:29 - Validation: Loss: 0.96145 | Acc: 0.51060
INFO - 06/10/26 08:40:22 - 0:01:29 - *** NEW BEST MODEL *** Epoch 1 | Acc: 0.5106
INFO - 06/10/26 08:40:47 - 0:01:55 - Epoch 2: Total Loss: 3.0954, loss_fused:0.9780, loss_txt:1.1424, loss_img:0.9338, loss_ib:0.0411, acc_fused:0.5445, acc_txt:0.4535, acc_img:0.5595
INFO - 06/10/26 08:41:06 - 0:02:14 - Validation: Loss: 0.93662 | Acc: 0.51060
INFO - 06/10/26 08:41:48 - 0:02:56 - Epoch 3: Total Loss: 2.8802, loss_fused:0.8895, loss_txt:1.1022, loss_img:0.8334, loss_ib:0.0550, acc_fused:0.5783, acc_txt:0.4737, acc_img:0.6296
INFO - 06/10/26 08:42:08 - 0:03:16 - Validation: Loss: 0.83353 | Acc: 0.58382
INFO - 06/10/26 08:42:08 - 0:03:16 - *** NEW BEST MODEL *** Epoch 3 | Acc: 0.5838
INFO - 06/10/26 08:42:51 - 0:03:59 - Epoch 4: Total Loss: 2.1393, loss_fused:0.5701, loss_txt:1.1243, loss_img:0.3674, loss_ib:0.0776, acc_fused:0.7934, acc_txt:0.4789, acc_img:0.8850
INFO - 06/10/26 08:43:11 - 0:04:19 - Validation: Loss: 0.78520 | Acc: 0.66667
INFO - 06/10/26 08:43:11 - 0:04:19 - *** NEW BEST MODEL *** Epoch 4 | Acc: 0.6667
INFO - 06/10/26 08:47:54 - 0:09:02 - Epoch 5: Total Loss: 1.4565, loss_fused:0.2680, loss_txt:0.9483, loss_img:0.1164, loss_ib:0.1237, acc_fused:0.9604, acc_txt:0.5608, acc_img:0.9786
INFO - 06/10/26 08:48:23 - 0:09:30 - Validation: Loss: 0.70272 | Acc: 0.70520
INFO - 06/10/26 08:48:23 - 0:09:30 - *** NEW BEST MODEL *** Epoch 5 | Acc: 0.7052
INFO - 06/10/26 08:52:52 - 0:14:00 - Epoch 6: Total Loss: 1.0401, loss_fused:0.1276, loss_txt:0.7180, loss_img:0.0327, loss_ib:0.1618, acc_fused:0.9948, acc_txt:0.7070, acc_img:0.9974
INFO - 06/10/26 08:53:22 - 0:14:29 - Validation: Loss: 0.60396 | Acc: 0.77264
INFO - 06/10/26 08:53:22 - 0:14:29 - *** NEW BEST MODEL *** Epoch 6 | Acc: 0.7726
INFO - 06/10/26 08:57:51 - 0:18:58 - Epoch 7: Total Loss: 0.7066, loss_fused:0.0704, loss_txt:0.4293, loss_img:0.0290, loss_ib:0.1779, acc_fused:0.9974, acc_txt:0.8532, acc_img:0.9968
INFO - 06/10/26 08:58:19 - 0:19:27 - Validation: Loss: 0.61844 | Acc: 0.76879
INFO - 06/10/26 09:02:54 - 0:24:02 - Epoch 8: Total Loss: 0.5565, loss_fused:0.0594, loss_txt:0.2584, loss_img:0.0625, loss_ib:0.1763, acc_fused:0.9961, acc_txt:0.9116, acc_img:0.9961
INFO - 06/10/26 09:03:21 - 0:24:29 - Validation: Loss: 0.62070 | Acc: 0.76879
INFO - 06/10/26 09:07:49 - 0:28:56 - Epoch 9: Total Loss: 0.4252, loss_fused:0.0445, loss_txt:0.1591, loss_img:0.0529, loss_ib:0.1688, acc_fused:0.9968, acc_txt:0.9513, acc_img:0.9955
INFO - 06/10/26 09:08:17 - 0:29:25 - Validation: Loss: 0.62159 | Acc: 0.77264
INFO - 06/10/26 09:08:17 - 0:29:25 - No improvement for 3 epochs. Stopping early.
INFO - 06/10/26 09:08:17 - 0:29:25 - Loading best model for final robust evaluation...
INFO - 06/10/26 09:08:18 - 0:29:26 - --- Evaluating: Clean Test ---
INFO - 06/10/26 09:08:49 - 0:29:57 - Clean Test: Loss: 0.60396 | Acc: 0.77264
INFO - 06/10/26 09:08:49 - 0:29:57 - --- Evaluating: Gaussian (Lvl 5.0) ---
INFO - 06/10/26 09:09:21 - 0:30:28 - Gaussian (Lvl 5.0): Loss: 0.71908 | Acc: 0.70520
INFO - 06/10/26 09:09:21 - 0:30:28 - --- Evaluating: Gaussian (Lvl 10.0) ---
INFO - 06/10/26 09:09:52 - 0:31:00 - Gaussian (Lvl 10.0): Loss: 1.02709 | Acc: 0.55106
INFO - 06/10/26 09:09:52 - 0:31:00 - --- Evaluating: Salt & Pepper (Lvl 5.0) ---
INFO - 06/10/26 09:10:23 - 0:31:31 - Salt & Pepper (Lvl 5.0): Loss: 0.64242 | Acc: 0.73988
INFO - 06/10/26 09:10:23 - 0:31:31 - --- Evaluating: Salt & Pepper (Lvl 10.0) ---
INFO - 06/10/26 09:10:55 - 0:32:03 - Salt & Pepper (Lvl 10.0): Loss: 0.79236 | Acc: 0.64933
INFO - 06/10/26 09:10:55 - 0:32:03 - 
                                     ============================================================
INFO - 06/10/26 09:10:55 - 0:32:03 -       FINAL ROBUSTNESS EVALUATION RESULTS ON TEST SET       
INFO - 06/10/26 09:10:55 - 0:32:03 - ============================================================
INFO - 06/10/26 09:10:55 - 0:32:03 - | Test Scenario                       | Score (Acc)        |
INFO - 06/10/26 09:10:55 - 0:32:03 - |-------------------------------------|--------------------|
INFO - 06/10/26 09:10:55 - 0:32:03 - | Clean Test                          |             0.7726 |
INFO - 06/10/26 09:10:55 - 0:32:03 - | Gaussian (Lvl 5.0)                  |             0.7052 |
INFO - 06/10/26 09:10:55 - 0:32:03 - | Gaussian (Lvl 10.0)                 |             0.5511 |
INFO - 06/10/26 09:10:55 - 0:32:03 - | Salt & Pepper (Lvl 5.0)             |             0.7399 |
INFO - 06/10/26 09:10:55 - 0:32:03 - | Salt & Pepper (Lvl 10.0)            |             0.6493 |
INFO - 06/10/26 09:10:55 - 0:32:03 - ============================================================
                                     
INFO - 06/10/26 09:10:55 - 0:32:03 - Saved final results to e:\Paper_Experiment\DML\DML_v1\MVSA_v2\savepath\dml_mvsa\final_results.json
INFO - 06/10/26 09:10:55 - 0:32:03 - Appended experiment record to e:\Paper_Experiment\DML\DML_v1\MVSA_v2\savepath\all_experiments.json
