2026-06-10 18:27:34,116 ---------------------Cfg is set as follow--------------------
2026-06-10 18:27:34,117 {'dataset': {'dataset_name': 'CREMA-D', 'data_root': 'E:/Paper_Experiment/DML/DML_v1/datasets_shared/CREMA-D'}, 'visual': {'name': 'resnet18', 'freeze': False, 'pretrain': False, 'hidden_dim': 512}, 'text': {'name': 'resnet18'}, 'loss': {'type': 'CrossEntropy'}, 'head': {'type': 'MLP'}, 'train': {'epoch_dict': 100, 'batch_size': 16, 'num_workers': 0, 'val_size': 16, 'val_batch_size': 16, 'val_num_workers': 0, 'shuffle': True, 'optimizer': {'type': 'SGD', 'lr': 0.005, 'momentum': 0.9, 'wc': 0.0001}, 'lr_scheduler': {'type': 'normal', 'patience': 70}, 'early_stop_patience': 3, 'early_stop_min_delta': 0.0}, 'test': {'batch_size': 16, 'num_workers': 0}, 'setting': {'type': 'CREMA Classification', 'num_class': 6}, 'experiment': {'name': 'dml_cremad_seed0_lr0.005', 'note': ''}, 'save_dir': 'E:/Paper_Experiment/DML/DML_v1/CREMAD_v2/savepath/CREMA-D', 'output_dir': 'e:\\Paper_Experiment\\DML\\DML_v1\\CREMAD_v2', 'seed': 0, 'fps': 3, 'ib_beta': 0.001, 'ib_eps_scale': 0.0, 'use_gpu': True, 'gpu_id': 0, 'debug': False, 'run_dir': 'E:/Paper_Experiment/DML/DML_v1/CREMAD_v2/savepath/CREMA-D\\dml_cremad_seed0_lr0.005', 'log_name': 'training.log'}
2026-06-10 18:27:34,118 -------------------------------------------------------------
2026-06-10 18:27:34,351 Train samples: 5869, Val samples: 16, Test samples: 1557
2026-06-10 18:27:34,710 Epoch 0 is pending...
2026-06-10 18:30:48,494 +++++++++++++++++++++++++++++++++++++++++++++++++++++++
2026-06-10 18:30:48,494 Epoch 0: Average Training Loss: 5.3294, loss_fused:1.6289, loss_audio:1.6831, loss_video:2.0023, loss_ib:0.0151, acc_fused:0.3357, acc_audio:0.3590, acc_video:0.1683
2026-06-10 18:31:28,808 +++++++++++++++++++++++++++++++++++++++++++++++++++++++
2026-06-10 18:31:28,809 Epoch 0: f1:0.1408, acc:0.2498, mAP:0.3310, f1_a:0.1311, acc_a:0.2646, mAP_a:0.3480, f1_v:0.0926, acc_v:0.1773, mAP_v:0.1720
2026-06-10 18:31:28,809 NEW BEST ACC | Epoch 0 | Acc: 0.2498
2026-06-10 18:31:28,902 Model saved to E:/Paper_Experiment/DML/DML_v1/CREMAD_v2/savepath/CREMA-D\dml_cremad_seed0_lr0.005\model_best_clean.pt
2026-06-10 18:31:28,902 Epoch 1 is pending...
2026-06-10 18:34:47,990 +++++++++++++++++++++++++++++++++++++++++++++++++++++++
2026-06-10 18:34:47,990 Epoch 1: Average Training Loss: 4.7180, loss_fused:1.4139, loss_audio:1.4467, loss_video:1.8438, loss_ib:0.0137, acc_fused:0.4278, acc_audio:0.4491, acc_video:0.1709
2026-06-10 18:35:23,385 +++++++++++++++++++++++++++++++++++++++++++++++++++++++
2026-06-10 18:35:23,385 Epoch 1: f1:0.4911, acc:0.5087, mAP:0.5395, f1_a:0.4949, acc_a:0.5061, mAP_a:0.5421, f1_v:0.0486, acc_v:0.1708, mAP_v:0.1758
2026-06-10 18:35:23,386 NEW BEST ACC | Epoch 1 | Acc: 0.5087
2026-06-10 18:35:23,481 Model saved to E:/Paper_Experiment/DML/DML_v1/CREMAD_v2/savepath/CREMA-D\dml_cremad_seed0_lr0.005\model_best_clean.pt
2026-06-10 18:35:23,482 Epoch 2 is pending...
2026-06-10 18:38:35,674 +++++++++++++++++++++++++++++++++++++++++++++++++++++++
2026-06-10 18:38:35,674 Epoch 2: Average Training Loss: 4.4402, loss_fused:1.2978, loss_audio:1.3090, loss_video:1.8193, loss_ib:0.0142, acc_fused:0.4883, acc_audio:0.4899, acc_video:0.1706
2026-06-10 18:39:10,687 +++++++++++++++++++++++++++++++++++++++++++++++++++++++
2026-06-10 18:39:10,687 Epoch 2: f1:0.1461, acc:0.2267, mAP:0.4763, f1_a:0.1500, acc_a:0.2299, mAP_a:0.4558, f1_v:0.0622, acc_v:0.1689, mAP_v:0.1746
2026-06-10 18:39:10,688 No clean accuracy improvement for 1/3 epochs.
2026-06-10 18:39:10,688 Epoch 3 is pending...
2026-06-10 18:42:22,975 +++++++++++++++++++++++++++++++++++++++++++++++++++++++
2026-06-10 18:42:22,976 Epoch 3: Average Training Loss: 4.3004, loss_fused:1.2360, loss_audio:1.2387, loss_video:1.8096, loss_ib:0.0161, acc_fused:0.5299, acc_audio:0.5345, acc_video:0.1666
2026-06-10 18:42:58,102 +++++++++++++++++++++++++++++++++++++++++++++++++++++++
2026-06-10 18:42:58,102 Epoch 3: f1:0.5000, acc:0.5189, mAP:0.5844, f1_a:0.4862, acc_a:0.5048, mAP_a:0.5767, f1_v:0.0486, acc_v:0.1708, mAP_v:0.1752
2026-06-10 18:42:58,102 NEW BEST ACC | Epoch 3 | Acc: 0.5189
2026-06-10 18:42:58,198 Model saved to E:/Paper_Experiment/DML/DML_v1/CREMAD_v2/savepath/CREMA-D\dml_cremad_seed0_lr0.005\model_best_clean.pt
2026-06-10 18:42:58,198 Epoch 4 is pending...
2026-06-10 18:46:13,218 +++++++++++++++++++++++++++++++++++++++++++++++++++++++
2026-06-10 18:46:13,218 Epoch 4: Average Training Loss: 4.1788, loss_fused:1.1799, loss_audio:1.1734, loss_video:1.8087, loss_ib:0.0168, acc_fused:0.5471, acc_audio:0.5601, acc_video:0.1654
2026-06-10 18:46:53,539 +++++++++++++++++++++++++++++++++++++++++++++++++++++++
2026-06-10 18:46:53,539 Epoch 4: f1:0.5318, acc:0.5446, mAP:0.6046, f1_a:0.5357, acc_a:0.5459, mAP_a:0.6063, f1_v:0.0548, acc_v:0.1471, mAP_v:0.1792
2026-06-10 18:46:53,539 NEW BEST ACC | Epoch 4 | Acc: 0.5446
2026-06-10 18:46:53,644 Model saved to E:/Paper_Experiment/DML/DML_v1/CREMAD_v2/savepath/CREMA-D\dml_cremad_seed0_lr0.005\model_best_clean.pt
2026-06-10 18:46:53,654 Epoch 5 is pending...
2026-06-10 18:50:08,791 +++++++++++++++++++++++++++++++++++++++++++++++++++++++
2026-06-10 18:50:08,791 Epoch 5: Average Training Loss: 4.0669, loss_fused:1.1251, loss_audio:1.1201, loss_video:1.8031, loss_ib:0.0186, acc_fused:0.5711, acc_audio:0.5747, acc_video:0.1661
2026-06-10 18:50:44,144 +++++++++++++++++++++++++++++++++++++++++++++++++++++++
2026-06-10 18:50:44,145 Epoch 5: f1:0.3837, acc:0.4374, mAP:0.5696, f1_a:0.3842, acc_a:0.4374, mAP_a:0.5620, f1_v:0.0711, acc_v:0.1760, mAP_v:0.1766
2026-06-10 18:50:44,145 No clean accuracy improvement for 1/3 epochs.
2026-06-10 18:50:44,145 Epoch 6 is pending...
2026-06-10 18:54:01,022 +++++++++++++++++++++++++++++++++++++++++++++++++++++++
2026-06-10 18:54:01,022 Epoch 6: Average Training Loss: 3.9735, loss_fused:1.0740, loss_audio:1.0727, loss_video:1.8059, loss_ib:0.0209, acc_fused:0.5941, acc_audio:0.6032, acc_video:0.1746
2026-06-10 18:54:36,617 +++++++++++++++++++++++++++++++++++++++++++++++++++++++
2026-06-10 18:54:36,617 Epoch 6: f1:0.4617, acc:0.4663, mAP:0.6029, f1_a:0.4567, acc_a:0.4611, mAP_a:0.5908, f1_v:0.0486, acc_v:0.1708, mAP_v:0.1763
2026-06-10 18:54:36,618 No clean accuracy improvement for 2/3 epochs.
2026-06-10 18:54:36,618 Epoch 7 is pending...
2026-06-10 18:57:57,461 +++++++++++++++++++++++++++++++++++++++++++++++++++++++
2026-06-10 18:57:57,461 Epoch 7: Average Training Loss: 3.8255, loss_fused:1.0067, loss_audio:0.9999, loss_video:1.7971, loss_ib:0.0218, acc_fused:0.6294, acc_audio:0.6311, acc_video:0.1682
2026-06-10 18:58:32,473 +++++++++++++++++++++++++++++++++++++++++++++++++++++++
2026-06-10 18:58:32,473 Epoch 7: f1:0.5188, acc:0.5408, mAP:0.6376, f1_a:0.5149, acc_a:0.5369, mAP_a:0.6263, f1_v:0.0485, acc_v:0.1702, mAP_v:0.1813
2026-06-10 18:58:32,474 No clean accuracy improvement for 3/3 epochs.
2026-06-10 18:58:32,474 Stopping early at epoch 7: clean accuracy did not improve by at least 0.0 for 3 epochs.
2026-06-10 18:58:32,475 ============================================================
2026-06-10 18:58:32,475 Training complete. Best epoch: 4, Best acc: 0.5446
2026-06-10 18:58:32,475 Best metrics: Epoch 4: f1:0.5318, acc:0.5446, mAP:0.6046, f1_a:0.5357, acc_a:0.5459, mAP_a:0.6063, f1_v:0.0548, acc_v:0.1471, mAP_v:0.1792
2026-06-10 18:58:32,475 ============================================================
2026-06-10 18:58:32,475 Loading best model for robustness evaluation...
2026-06-10 18:58:32,752 Loaded best model from E:/Paper_Experiment/DML/DML_v1/CREMAD_v2/savepath/CREMA-D\dml_cremad_seed0_lr0.005\model_best_clean.pt
2026-06-10 18:58:32,752 Evaluating scenario: Clean Test ...
2026-06-10 18:59:08,461   Clean Test: Acc = 0.5363
2026-06-10 18:59:08,461 Evaluating scenario: Salt & Pepper (Lvl 5.0) ...
2026-06-10 18:59:50,310   Salt & Pepper (Lvl 5.0): Acc = 0.5401
2026-06-10 18:59:50,310 Evaluating scenario: Salt & Pepper (Lvl 10.0) ...
2026-06-10 19:00:39,507   Salt & Pepper (Lvl 10.0): Acc = 0.5414
2026-06-10 19:00:39,507 Evaluating scenario: Gaussian (Lvl 5.0) ...
2026-06-10 19:01:26,850   Gaussian (Lvl 5.0): Acc = 0.5363
2026-06-10 19:01:26,851 Evaluating scenario: Gaussian (Lvl 10.0) ...
2026-06-10 19:02:17,878   Gaussian (Lvl 10.0): Acc = 0.5363
2026-06-10 19:02:17,878 
============================================================
2026-06-10 19:02:17,878             FINAL ROBUSTNESS EVALUATION RESULTS             
2026-06-10 19:02:17,878 ============================================================
2026-06-10 19:02:17,878 | Test Scenario                       | Accuracy           |
2026-06-10 19:02:17,879 |-------------------------------------|--------------------|
2026-06-10 19:02:17,879 | Clean Test                          |             0.5363 |
2026-06-10 19:02:17,879 | Salt & Pepper (Lvl 5.0)             |             0.5401 |
2026-06-10 19:02:17,879 | Salt & Pepper (Lvl 10.0)            |             0.5414 |
2026-06-10 19:02:17,879 | Gaussian (Lvl 5.0)                  |             0.5363 |
2026-06-10 19:02:17,879 | Gaussian (Lvl 10.0)                 |             0.5363 |
2026-06-10 19:02:17,879 ============================================================

2026-06-10 19:02:17,880 Saved final results to E:/Paper_Experiment/DML/DML_v1/CREMAD_v2/savepath/CREMA-D\dml_cremad_seed0_lr0.005\final_results.json
2026-06-10 19:02:17,881 Appended experiment record to E:/Paper_Experiment/DML/DML_v1/CREMAD_v2/savepath/CREMA-D\all_experiments.json
