INFO - 05/26/26 11:10:21 - 0:00:00 - CONTENT_MODEL_PATH: e:\Paper_Experiment\DML\DML_v1\RGB\checkpoint\resnet18_pretrained.pth
                                     FINE_SIZE: 224
                                     LOAD_SIZE: 256
                                     batch_sz: 64
                                     data_path: e:\Paper_Experiment\DML\DML_v1\RGB\data\sunrgbd
                                     dropout: 0.3
                                     img_embed_pool_type: avg
                                     img_hidden_sz: 512
                                     lr: 0.00024
                                     lr_factor: 0.3
                                     lr_patience: 10
                                     max_epochs: 50
                                     n_classes: 19
                                     n_workers: 8
                                     name: dml_sun_seed0_lr0.00024
                                     note: 
                                     num_image_embeds: 1
                                     savedir: e:\Paper_Experiment\DML\DML_v1\RGB\savepath\sun_rgbd\dml_sun_seed0_lr0.00024
                                     seed: 0
INFO - 05/26/26 11:10:22 - 0:00:00 - Epoch 0 training started...
INFO - 05/26/26 11:11:06 - 0:00:45 - Epoch 0: Total Loss: 4.3274
INFO - 05/26/26 11:11:45 - 0:01:24 - Epoch 0: Clean - Acc: 0.5505
INFO - 05/26/26 11:11:45 - 0:01:24 -  *** NEW BEST CLEAN ACC *** Epoch 0 | Clean Acc: 0.5505
INFO - 05/26/26 11:11:45 - 0:01:24 - Epoch 1 training started...
INFO - 05/26/26 11:12:30 - 0:02:09 - Epoch 1: Total Loss: 2.3126
INFO - 05/26/26 11:13:12 - 0:02:51 - Epoch 1: Clean - Acc: 0.5654
INFO - 05/26/26 11:13:12 - 0:02:51 -  *** NEW BEST CLEAN ACC *** Epoch 1 | Clean Acc: 0.5654
INFO - 05/26/26 11:13:12 - 0:02:51 - Epoch 2 training started...
INFO - 05/26/26 11:14:03 - 0:03:41 - Epoch 2: Total Loss: 1.4992
INFO - 05/26/26 11:14:41 - 0:04:20 - Epoch 2: Clean - Acc: 0.5868
INFO - 05/26/26 11:14:42 - 0:04:20 -  *** NEW BEST CLEAN ACC *** Epoch 2 | Clean Acc: 0.5868
INFO - 05/26/26 11:14:42 - 0:04:20 - Epoch 3 training started...
INFO - 05/26/26 11:15:28 - 0:05:07 - Epoch 3: Total Loss: 0.9671
INFO - 05/26/26 11:16:26 - 0:06:05 - Epoch 3: Clean - Acc: 0.5950
INFO - 05/26/26 11:16:26 - 0:06:05 -  *** NEW BEST CLEAN ACC *** Epoch 3 | Clean Acc: 0.5950
INFO - 05/26/26 11:16:26 - 0:06:05 - Epoch 4 training started...
INFO - 05/26/26 11:18:42 - 0:08:21 - Epoch 4: Total Loss: 0.6037
INFO - 05/26/26 11:19:22 - 0:09:01 - Epoch 4: Clean - Acc: 0.5913
INFO - 05/26/26 11:19:22 - 0:09:01 - Epoch 5 training started...
INFO - 05/26/26 11:20:06 - 0:09:44 - Epoch 5: Total Loss: 0.4216
INFO - 05/26/26 11:20:44 - 0:10:23 - Epoch 5: Clean - Acc: 0.5935
INFO - 05/26/26 11:20:44 - 0:10:23 - Epoch 6 training started...
INFO - 05/26/26 11:21:28 - 0:11:07 - Epoch 6: Total Loss: 0.3036
INFO - 05/26/26 11:22:07 - 0:11:46 - Epoch 6: Clean - Acc: 0.5935
INFO - 05/26/26 11:22:07 - 0:11:46 - Epoch 7 training started...
INFO - 05/26/26 11:22:52 - 0:12:30 - Epoch 7: Total Loss: 0.2123
INFO - 05/26/26 11:23:30 - 0:13:09 - Epoch 7: Clean - Acc: 0.5969
INFO - 05/26/26 11:23:30 - 0:13:09 -  *** NEW BEST CLEAN ACC *** Epoch 7 | Clean Acc: 0.5969
INFO - 05/26/26 11:23:30 - 0:13:09 - Epoch 8 training started...
INFO - 05/26/26 11:24:13 - 0:13:52 - Epoch 8: Total Loss: 0.1742
INFO - 05/26/26 11:24:51 - 0:14:30 - Epoch 8: Clean - Acc: 0.5903
INFO - 05/26/26 11:24:51 - 0:14:30 - Epoch 9 training started...
INFO - 05/26/26 11:25:36 - 0:15:15 - Epoch 9: Total Loss: 0.1226
INFO - 05/26/26 11:26:14 - 0:15:53 - Epoch 9: Clean - Acc: 0.5870
INFO - 05/26/26 11:26:14 - 0:15:53 - Epoch 10 training started...
INFO - 05/26/26 11:26:58 - 0:16:37 - Epoch 10: Total Loss: 0.1022
INFO - 05/26/26 11:27:37 - 0:17:15 - Epoch 10: Clean - Acc: 0.5993
INFO - 05/26/26 11:27:37 - 0:17:16 -  *** NEW BEST CLEAN ACC *** Epoch 10 | Clean Acc: 0.5993
INFO - 05/26/26 11:27:37 - 0:17:16 - Epoch 11 training started...
INFO - 05/26/26 11:28:21 - 0:18:00 - Epoch 11: Total Loss: 0.0840
INFO - 05/26/26 11:29:01 - 0:18:39 - Epoch 11: Clean - Acc: 0.5988
INFO - 05/26/26 11:29:01 - 0:18:39 - Epoch 12 training started...
INFO - 05/26/26 11:29:46 - 0:19:25 - Epoch 12: Total Loss: 0.0802
INFO - 05/26/26 11:30:27 - 0:20:06 - Epoch 12: Clean - Acc: 0.6064
INFO - 05/26/26 11:30:27 - 0:20:06 -  *** NEW BEST CLEAN ACC *** Epoch 12 | Clean Acc: 0.6064
INFO - 05/26/26 11:30:27 - 0:20:06 - Epoch 13 training started...
INFO - 05/26/26 11:31:15 - 0:20:53 - Epoch 13: Total Loss: 0.0609
INFO - 05/26/26 11:31:56 - 0:21:34 - Epoch 13: Clean - Acc: 0.6057
INFO - 05/26/26 11:31:56 - 0:21:34 - Epoch 14 training started...
INFO - 05/26/26 11:32:43 - 0:22:22 - Epoch 14: Total Loss: 0.0565
INFO - 05/26/26 11:33:24 - 0:23:03 - Epoch 14: Clean - Acc: 0.5950
INFO - 05/26/26 11:33:24 - 0:23:03 - Epoch 15 training started...
INFO - 05/26/26 11:34:11 - 0:23:50 - Epoch 15: Total Loss: 0.0779
INFO - 05/26/26 11:34:52 - 0:24:31 - Epoch 15: Clean - Acc: 0.5999
INFO - 05/26/26 11:34:52 - 0:24:31 - Epoch 16 training started...
INFO - 05/26/26 11:35:39 - 0:25:18 - Epoch 16: Total Loss: 0.1075
INFO - 05/26/26 11:36:20 - 0:25:58 - Epoch 16: Clean - Acc: 0.5967
INFO - 05/26/26 11:36:20 - 0:25:58 - Epoch 17 training started...
INFO - 05/26/26 11:37:07 - 0:26:45 - Epoch 17: Total Loss: 0.1750
INFO - 05/26/26 11:37:47 - 0:27:26 - Epoch 17: Clean - Acc: 0.5943
INFO - 05/26/26 11:37:47 - 0:27:26 - Epoch 18 training started...
INFO - 05/26/26 11:38:32 - 0:28:11 - Epoch 18: Total Loss: 0.2988
INFO - 05/26/26 11:39:12 - 0:28:51 - Epoch 18: Clean - Acc: 0.5445
INFO - 05/26/26 11:39:12 - 0:28:51 - Epoch 19 training started...
INFO - 05/26/26 11:39:58 - 0:29:37 - Epoch 19: Total Loss: 0.3551
INFO - 05/26/26 11:40:38 - 0:30:17 - Epoch 19: Clean - Acc: 0.5699
INFO - 05/26/26 11:40:38 - 0:30:17 - Epoch 20 training started...
INFO - 05/26/26 11:41:23 - 0:31:02 - Epoch 20: Total Loss: 0.2636
INFO - 05/26/26 11:42:03 - 0:31:42 - Epoch 20: Clean - Acc: 0.5714
INFO - 05/26/26 11:42:03 - 0:31:42 - Epoch 21 training started...
INFO - 05/26/26 11:42:49 - 0:32:27 - Epoch 21: Total Loss: 0.1950
INFO - 05/26/26 11:43:29 - 0:33:07 - Epoch 21: Clean - Acc: 0.5825
INFO - 05/26/26 11:43:29 - 0:33:07 - Epoch 22 training started...
INFO - 05/26/26 11:44:14 - 0:33:53 - Epoch 22: Total Loss: 0.1075
INFO - 05/26/26 11:44:54 - 0:34:33 - Epoch 22: Clean - Acc: 0.5978
INFO - 05/26/26 11:44:54 - 0:34:33 - Epoch 23 training started...
INFO - 05/26/26 11:45:39 - 0:35:18 - Epoch 23: Total Loss: 0.0570
INFO - 05/26/26 11:46:16 - 0:35:55 - Epoch 23: Clean - Acc: 0.6066
INFO - 05/26/26 11:46:17 - 0:35:55 -  *** NEW BEST CLEAN ACC *** Epoch 23 | Clean Acc: 0.6066
INFO - 05/26/26 11:46:17 - 0:35:55 - Epoch 24 training started...
INFO - 05/26/26 11:47:00 - 0:36:39 - Epoch 24: Total Loss: 0.0498
INFO - 05/26/26 11:47:38 - 0:37:16 - Epoch 24: Clean - Acc: 0.6104
INFO - 05/26/26 11:47:38 - 0:37:17 -  *** NEW BEST CLEAN ACC *** Epoch 24 | Clean Acc: 0.6104
INFO - 05/26/26 11:47:38 - 0:37:17 - Epoch 25 training started...
INFO - 05/26/26 11:48:21 - 0:38:00 - Epoch 25: Total Loss: 0.0294
INFO - 05/26/26 11:48:58 - 0:38:37 - Epoch 25: Clean - Acc: 0.6042
INFO - 05/26/26 11:48:58 - 0:38:37 - Epoch 26 training started...
INFO - 05/26/26 11:49:41 - 0:39:20 - Epoch 26: Total Loss: 0.0205
INFO - 05/26/26 11:50:19 - 0:39:57 - Epoch 26: Clean - Acc: 0.6167
INFO - 05/26/26 11:50:19 - 0:39:58 -  *** NEW BEST CLEAN ACC *** Epoch 26 | Clean Acc: 0.6167
INFO - 05/26/26 11:50:19 - 0:39:58 - Epoch 27 training started...
INFO - 05/26/26 11:51:02 - 0:40:41 - Epoch 27: Total Loss: 0.0224
INFO - 05/26/26 11:51:40 - 0:41:18 - Epoch 27: Clean - Acc: 0.6154
INFO - 05/26/26 11:51:40 - 0:41:18 - Epoch 28 training started...
INFO - 05/26/26 11:52:22 - 0:42:01 - Epoch 28: Total Loss: 0.0193
INFO - 05/26/26 11:53:00 - 0:42:39 - Epoch 28: Clean - Acc: 0.6016
INFO - 05/26/26 11:53:00 - 0:42:39 - Epoch 29 training started...
INFO - 05/26/26 11:53:42 - 0:43:20 - Epoch 29: Total Loss: 0.0234
INFO - 05/26/26 11:54:19 - 0:43:58 - Epoch 29: Clean - Acc: 0.6038
INFO - 05/26/26 11:54:19 - 0:43:58 - Epoch 30 training started...
INFO - 05/26/26 11:55:00 - 0:44:39 - Epoch 30: Total Loss: 0.0133
INFO - 05/26/26 11:55:38 - 0:45:16 - Epoch 30: Clean - Acc: 0.6076
INFO - 05/26/26 11:55:38 - 0:45:16 - Epoch 31 training started...
INFO - 05/26/26 11:56:19 - 0:45:58 - Epoch 31: Total Loss: 0.0176
INFO - 05/26/26 11:56:56 - 0:46:35 - Epoch 31: Clean - Acc: 0.6156
INFO - 05/26/26 11:56:56 - 0:46:35 - Epoch 32 training started...
INFO - 05/26/26 11:57:38 - 0:47:17 - Epoch 32: Total Loss: 0.0279
INFO - 05/26/26 11:58:16 - 0:47:55 - Epoch 32: Clean - Acc: 0.5941
INFO - 05/26/26 11:58:16 - 0:47:55 - Epoch 33 training started...
INFO - 05/26/26 11:58:59 - 0:48:38 - Epoch 33: Total Loss: 0.0363
INFO - 05/26/26 11:59:38 - 0:49:17 - Epoch 33: Clean - Acc: 0.5883
INFO - 05/26/26 11:59:38 - 0:49:17 - Epoch 34 training started...
INFO - 05/26/26 12:00:20 - 0:49:58 - Epoch 34: Total Loss: 0.0842
INFO - 05/26/26 12:00:57 - 0:50:36 - Epoch 34: Clean - Acc: 0.5911
INFO - 05/26/26 12:00:57 - 0:50:36 - Epoch 35 training started...
INFO - 05/26/26 12:01:39 - 0:51:18 - Epoch 35: Total Loss: 0.1500
INFO - 05/26/26 12:02:16 - 0:51:55 - Epoch 35: Clean - Acc: 0.5697
INFO - 05/26/26 12:02:16 - 0:51:55 - Epoch 36 training started...
INFO - 05/26/26 12:02:58 - 0:52:37 - Epoch 36: Total Loss: 0.3364
INFO - 05/26/26 12:03:35 - 0:53:14 - Epoch 36: Clean - Acc: 0.5355
INFO - 05/26/26 12:03:35 - 0:53:14 - Epoch 37 training started...
INFO - 05/26/26 12:04:17 - 0:53:55 - Epoch 37: Total Loss: 0.4658
INFO - 05/26/26 12:04:54 - 0:54:33 - Epoch 37: Clean - Acc: 0.5907
INFO - 05/26/26 12:04:54 - 0:54:33 - Epoch 38 training started...
INFO - 05/26/26 12:05:36 - 0:55:15 - Epoch 38: Total Loss: 0.1416
INFO - 05/26/26 12:06:13 - 0:55:52 - Epoch 38: Clean - Acc: 0.6085
INFO - 05/26/26 12:06:13 - 0:55:52 - Epoch 39 training started...
INFO - 05/26/26 12:06:55 - 0:56:33 - Epoch 39: Total Loss: 0.0447
INFO - 05/26/26 12:07:32 - 0:57:10 - Epoch 39: Clean - Acc: 0.6104
INFO - 05/26/26 12:07:32 - 0:57:10 - Epoch 40 training started...
INFO - 05/26/26 12:08:13 - 0:57:52 - Epoch 40: Total Loss: 0.0239
INFO - 05/26/26 12:08:50 - 0:58:29 - Epoch 40: Clean - Acc: 0.6128
INFO - 05/26/26 12:08:50 - 0:58:29 - Epoch 41 training started...
INFO - 05/26/26 12:09:33 - 0:59:11 - Epoch 41: Total Loss: 0.0159
INFO - 05/26/26 12:10:10 - 0:59:49 - Epoch 41: Clean - Acc: 0.6117
INFO - 05/26/26 12:10:10 - 0:59:49 - Epoch 42 training started...
INFO - 05/26/26 12:10:51 - 1:00:30 - Epoch 42: Total Loss: 0.0133
INFO - 05/26/26 12:11:29 - 1:01:08 - Epoch 42: Clean - Acc: 0.6199
INFO - 05/26/26 12:11:29 - 1:01:08 -  *** NEW BEST CLEAN ACC *** Epoch 42 | Clean Acc: 0.6199
INFO - 05/26/26 12:11:29 - 1:01:08 - Epoch 43 training started...
INFO - 05/26/26 12:12:12 - 1:01:51 - Epoch 43: Total Loss: 0.0109
INFO - 05/26/26 12:12:49 - 1:02:28 - Epoch 43: Clean - Acc: 0.6158
INFO - 05/26/26 12:12:49 - 1:02:28 - Epoch 44 training started...
INFO - 05/26/26 12:13:31 - 1:03:10 - Epoch 44: Total Loss: 0.0091
INFO - 05/26/26 12:14:08 - 1:03:47 - Epoch 44: Clean - Acc: 0.6179
INFO - 05/26/26 12:14:08 - 1:03:47 - Epoch 45 training started...
INFO - 05/26/26 12:14:51 - 1:04:29 - Epoch 45: Total Loss: 0.0085
INFO - 05/26/26 12:15:28 - 1:05:07 - Epoch 45: Clean - Acc: 0.6169
INFO - 05/26/26 12:15:28 - 1:05:07 - Epoch 46 training started...
INFO - 05/26/26 12:16:10 - 1:05:48 - Epoch 46: Total Loss: 0.0066
INFO - 05/26/26 12:16:47 - 1:06:25 - Epoch 46: Clean - Acc: 0.6190
INFO - 05/26/26 12:16:47 - 1:06:25 - Epoch 47 training started...
INFO - 05/26/26 12:17:29 - 1:07:08 - Epoch 47: Total Loss: 0.0064
INFO - 05/26/26 12:18:06 - 1:07:45 - Epoch 47: Clean - Acc: 0.6207
INFO - 05/26/26 12:18:06 - 1:07:45 -  *** NEW BEST CLEAN ACC *** Epoch 47 | Clean Acc: 0.6207
INFO - 05/26/26 12:18:06 - 1:07:45 - Epoch 48 training started...
INFO - 05/26/26 12:18:48 - 1:08:27 - Epoch 48: Total Loss: 0.0053
INFO - 05/26/26 12:19:26 - 1:09:04 - Epoch 48: Clean - Acc: 0.6171
INFO - 05/26/26 12:19:26 - 1:09:04 - Epoch 49 training started...
INFO - 05/26/26 12:20:08 - 1:09:47 - Epoch 49: Total Loss: 0.0049
INFO - 05/26/26 12:20:45 - 1:10:24 - Epoch 49: Clean - Acc: 0.6207
INFO - 05/26/26 12:20:45 - 1:10:24 - Loading best model for final robust evaluation on Test sets...
INFO - 05/26/26 12:20:46 - 1:10:25 - Generating and Evaluating on dataset for: Clean Test ...
INFO - 05/26/26 12:21:23 - 1:11:02 - Generating and Evaluating on dataset for: Salt & Pepper (Lvl 5.0) ...
INFO - 05/26/26 12:22:01 - 1:11:40 - Generating and Evaluating on dataset for: Salt & Pepper (Lvl 10.0) ...
INFO - 05/26/26 12:22:39 - 1:12:18 - Generating and Evaluating on dataset for: Gaussian (Lvl 5.0) ...
INFO - 05/26/26 12:23:18 - 1:12:57 - Generating and Evaluating on dataset for: Gaussian (Lvl 10.0) ...
INFO - 05/26/26 12:23:57 - 1:13:36 - 
                                     ============================================================
INFO - 05/26/26 12:23:57 - 1:13:36 -       FINAL ROBUSTNESS EVALUATION RESULTS ON TEST SET       
INFO - 05/26/26 12:23:57 - 1:13:36 - ============================================================
INFO - 05/26/26 12:23:57 - 1:13:36 - | Test Scenario                       | Score (Acc)        |
INFO - 05/26/26 12:23:57 - 1:13:36 - |-------------------------------------|--------------------|
INFO - 05/26/26 12:23:57 - 1:13:36 - | Clean Test                          |             0.6207 |
INFO - 05/26/26 12:23:57 - 1:13:36 - | Salt & Pepper (Lvl 5.0)             |             0.4769 |
INFO - 05/26/26 12:23:57 - 1:13:36 - | Salt & Pepper (Lvl 10.0)            |             0.3559 |
INFO - 05/26/26 12:23:57 - 1:13:36 - | Gaussian (Lvl 5.0)                  |             0.4997 |
INFO - 05/26/26 12:23:57 - 1:13:36 - | Gaussian (Lvl 10.0)                 |             0.3936 |
INFO - 05/26/26 12:23:57 - 1:13:36 - ============================================================
                                     
INFO - 05/26/26 12:23:57 - 1:13:36 - Saved final results to e:\Paper_Experiment\DML\DML_v1\RGB\savepath\sun_rgbd\dml_sun_seed0_lr0.00024\final_results.json
INFO - 05/26/26 12:23:57 - 1:13:36 - Best Clean Model: epoch=47, clean_acc=0.6207
INFO - 05/26/26 12:23:57 - 1:13:36 - Appended experiment record to e:\Paper_Experiment\DML\DML_v1\RGB\savepath\sun_rgbd\all_experiments.json
INFO - 05/30/26 23:02:55 - 0:00:00 - CONTENT_MODEL_PATH: e:\Paper_Experiment\DML\DML_v1\RGB_v1\checkpoint\resnet18_pretrained.pth
                                     FINE_SIZE: 224
                                     LOAD_SIZE: 256
                                     batch_sz: 64
                                     data_path: e:\Paper_Experiment\DML\DML_v1\RGB_v1\data\sunrgbd
                                     dropout: 0.3
                                     img_embed_pool_type: avg
                                     img_hidden_sz: 512
                                     lr: 0.00024
                                     lr_factor: 0.3
                                     lr_patience: 10
                                     max_epochs: 50
                                     n_classes: 19
                                     n_workers: 8
                                     name: dml_sun_seed0_lr0.00024
                                     note: 
                                     num_image_embeds: 1
                                     savedir: e:\Paper_Experiment\DML\DML_v1\RGB_v1\savepath\sun_rgbd\dml_sun_seed0_lr0.00024
                                     seed: 0
INFO - 05/30/26 23:02:56 - 0:00:00 - Epoch 0 training started...
INFO - 05/30/26 23:03:39 - 0:00:44 - Epoch 0: Total Loss: 4.3274
INFO - 05/30/26 23:04:16 - 0:01:21 - Epoch 0: Clean - Acc: 0.5505
INFO - 05/30/26 23:04:17 - 0:01:21 -  *** NEW BEST CLEAN ACC *** Epoch 0 | Clean Acc: 0.5505
INFO - 05/30/26 23:04:17 - 0:01:21 - Epoch 1 training started...
INFO - 05/30/26 23:04:59 - 0:02:04 - Epoch 1: Total Loss: 2.3126
INFO - 05/30/26 23:05:36 - 0:02:40 - Epoch 1: Clean - Acc: 0.5654
INFO - 05/30/26 23:05:36 - 0:02:40 -  *** NEW BEST CLEAN ACC *** Epoch 1 | Clean Acc: 0.5654
INFO - 05/30/26 23:05:36 - 0:02:40 - Epoch 2 training started...
INFO - 05/30/26 23:06:18 - 0:03:23 - Epoch 2: Total Loss: 1.4992
INFO - 05/30/26 23:06:55 - 0:04:00 - Epoch 2: Clean - Acc: 0.5868
INFO - 05/30/26 23:06:55 - 0:04:00 -  *** NEW BEST CLEAN ACC *** Epoch 2 | Clean Acc: 0.5868
INFO - 05/30/26 23:06:55 - 0:04:00 - Epoch 3 training started...
INFO - 05/30/26 23:07:37 - 0:04:42 - Epoch 3: Total Loss: 0.9671
INFO - 05/30/26 23:08:14 - 0:05:18 - Epoch 3: Clean - Acc: 0.5950
INFO - 05/30/26 23:08:14 - 0:05:19 -  *** NEW BEST CLEAN ACC *** Epoch 3 | Clean Acc: 0.5950
INFO - 05/30/26 23:08:14 - 0:05:19 - Epoch 4 training started...
INFO - 05/30/26 23:08:56 - 0:06:01 - Epoch 4: Total Loss: 0.6037
INFO - 05/30/26 23:09:33 - 0:06:38 - Epoch 4: Clean - Acc: 0.5913
INFO - 05/30/26 23:09:33 - 0:06:38 - Epoch 5 training started...
INFO - 05/30/26 23:10:15 - 0:07:20 - Epoch 5: Total Loss: 0.4216
INFO - 05/30/26 23:10:52 - 0:07:57 - Epoch 5: Clean - Acc: 0.5935
INFO - 05/30/26 23:10:52 - 0:07:57 - Epoch 6 training started...
INFO - 05/30/26 23:11:34 - 0:08:39 - Epoch 6: Total Loss: 0.3036
INFO - 05/30/26 23:12:11 - 0:09:15 - Epoch 6: Clean - Acc: 0.5935
INFO - 05/30/26 23:12:11 - 0:09:15 - Epoch 7 training started...
INFO - 05/30/26 23:12:52 - 0:09:57 - Epoch 7: Total Loss: 0.2123
INFO - 05/30/26 23:13:29 - 0:10:34 - Epoch 7: Clean - Acc: 0.5969
INFO - 05/30/26 23:13:29 - 0:10:34 -  *** NEW BEST CLEAN ACC *** Epoch 7 | Clean Acc: 0.5969
INFO - 05/30/26 23:13:29 - 0:10:34 - Epoch 8 training started...
INFO - 05/30/26 23:14:12 - 0:11:16 - Epoch 8: Total Loss: 0.1742
INFO - 05/30/26 23:14:48 - 0:11:53 - Epoch 8: Clean - Acc: 0.5903
INFO - 05/30/26 23:14:48 - 0:11:53 - Epoch 9 training started...
INFO - 05/30/26 23:15:30 - 0:12:35 - Epoch 9: Total Loss: 0.1226
INFO - 05/30/26 23:16:11 - 0:13:15 - Epoch 9: Clean - Acc: 0.5870
INFO - 05/30/26 23:16:11 - 0:13:15 - Epoch 10 training started...
INFO - 05/30/26 23:16:56 - 0:14:00 - Epoch 10: Total Loss: 0.1022
INFO - 05/30/26 23:17:38 - 0:14:42 - Epoch 10: Clean - Acc: 0.5993
INFO - 05/30/26 23:17:38 - 0:14:43 -  *** NEW BEST CLEAN ACC *** Epoch 10 | Clean Acc: 0.5993
INFO - 05/30/26 23:17:38 - 0:14:43 - Epoch 11 training started...
INFO - 05/30/26 23:18:22 - 0:15:27 - Epoch 11: Total Loss: 0.0840
INFO - 05/30/26 23:18:59 - 0:16:04 - Epoch 11: Clean - Acc: 0.5988
INFO - 05/30/26 23:18:59 - 0:16:04 - Epoch 12 training started...
INFO - 05/30/26 23:19:41 - 0:16:45 - Epoch 12: Total Loss: 0.0802
INFO - 05/30/26 23:20:17 - 0:17:22 - Epoch 12: Clean - Acc: 0.6064
INFO - 05/30/26 23:20:18 - 0:17:22 -  *** NEW BEST CLEAN ACC *** Epoch 12 | Clean Acc: 0.6064
INFO - 05/30/26 23:20:18 - 0:17:22 - Epoch 13 training started...
INFO - 05/30/26 23:20:59 - 0:18:04 - Epoch 13: Total Loss: 0.0609
INFO - 05/30/26 23:21:36 - 0:18:40 - Epoch 13: Clean - Acc: 0.6057
INFO - 05/30/26 23:21:36 - 0:18:40 - Epoch 14 training started...
INFO - 05/30/26 23:22:17 - 0:19:22 - Epoch 14: Total Loss: 0.0565
INFO - 05/30/26 23:22:54 - 0:19:59 - Epoch 14: Clean - Acc: 0.5950
INFO - 05/30/26 23:22:54 - 0:19:59 - Epoch 15 training started...
INFO - 05/30/26 23:23:35 - 0:20:40 - Epoch 15: Total Loss: 0.0779
INFO - 05/30/26 23:24:12 - 0:21:17 - Epoch 15: Clean - Acc: 0.5999
INFO - 05/30/26 23:24:12 - 0:21:17 - Epoch 16 training started...
INFO - 05/30/26 23:24:53 - 0:21:58 - Epoch 16: Total Loss: 0.1075
INFO - 05/30/26 23:25:30 - 0:22:35 - Epoch 16: Clean - Acc: 0.5967
INFO - 05/30/26 23:25:30 - 0:22:35 - Epoch 17 training started...
INFO - 05/30/26 23:26:12 - 0:23:16 - Epoch 17: Total Loss: 0.1750
INFO - 05/30/26 23:26:48 - 0:23:53 - Epoch 17: Clean - Acc: 0.5943
INFO - 05/30/26 23:26:48 - 0:23:53 - Epoch 18 training started...
INFO - 05/30/26 23:27:30 - 0:24:34 - Epoch 18: Total Loss: 0.2988
INFO - 05/30/26 23:28:06 - 0:25:11 - Epoch 18: Clean - Acc: 0.5445
INFO - 05/30/26 23:28:06 - 0:25:11 - Epoch 19 training started...
INFO - 05/30/26 23:28:48 - 0:25:52 - Epoch 19: Total Loss: 0.3551
INFO - 05/30/26 23:29:24 - 0:26:29 - Epoch 19: Clean - Acc: 0.5699
INFO - 05/30/26 23:29:24 - 0:26:29 - Epoch 20 training started...
INFO - 05/30/26 23:30:06 - 0:27:10 - Epoch 20: Total Loss: 0.2636
INFO - 05/30/26 23:30:43 - 0:27:48 - Epoch 20: Clean - Acc: 0.5714
INFO - 05/30/26 23:30:43 - 0:27:48 - Epoch 21 training started...
INFO - 05/30/26 23:31:28 - 0:28:33 - Epoch 21: Total Loss: 0.1950
INFO - 05/30/26 23:32:11 - 0:29:15 - Epoch 21: Clean - Acc: 0.5825
INFO - 05/30/26 23:32:11 - 0:29:15 - Epoch 22 training started...
INFO - 05/30/26 23:32:56 - 0:30:01 - Epoch 22: Total Loss: 0.1075
INFO - 05/30/26 23:33:33 - 0:30:38 - Epoch 22: Clean - Acc: 0.5978
INFO - 05/30/26 23:33:33 - 0:30:38 - Epoch 23 training started...
INFO - 05/30/26 23:34:14 - 0:31:19 - Epoch 23: Total Loss: 0.0570
INFO - 05/30/26 23:34:51 - 0:31:56 - Epoch 23: Clean - Acc: 0.6066
INFO - 05/30/26 23:34:51 - 0:31:56 -  *** NEW BEST CLEAN ACC *** Epoch 23 | Clean Acc: 0.6066
INFO - 05/30/26 23:34:51 - 0:31:56 - Epoch 24 training started...
INFO - 05/30/26 23:35:33 - 0:32:38 - Epoch 24: Total Loss: 0.0498
INFO - 05/30/26 23:36:11 - 0:33:16 - Epoch 24: Clean - Acc: 0.6104
INFO - 05/30/26 23:36:11 - 0:33:16 -  *** NEW BEST CLEAN ACC *** Epoch 24 | Clean Acc: 0.6104
INFO - 05/30/26 23:36:11 - 0:33:16 - Epoch 25 training started...
INFO - 05/30/26 23:36:53 - 0:33:57 - Epoch 25: Total Loss: 0.0294
INFO - 05/30/26 23:37:29 - 0:34:34 - Epoch 25: Clean - Acc: 0.6042
INFO - 05/30/26 23:37:29 - 0:34:34 - Epoch 26 training started...
INFO - 05/30/26 23:38:11 - 0:35:15 - Epoch 26: Total Loss: 0.0205
INFO - 05/30/26 23:38:47 - 0:35:52 - Epoch 26: Clean - Acc: 0.6167
INFO - 05/30/26 23:38:48 - 0:35:52 -  *** NEW BEST CLEAN ACC *** Epoch 26 | Clean Acc: 0.6167
INFO - 05/30/26 23:38:48 - 0:35:52 - Epoch 27 training started...
INFO - 05/30/26 23:39:29 - 0:36:34 - Epoch 27: Total Loss: 0.0224
INFO - 05/30/26 23:40:06 - 0:37:11 - Epoch 27: Clean - Acc: 0.6154
INFO - 05/30/26 23:40:06 - 0:37:11 - Epoch 28 training started...
INFO - 05/30/26 23:40:47 - 0:37:52 - Epoch 28: Total Loss: 0.0193
INFO - 05/30/26 23:41:24 - 0:38:29 - Epoch 28: Clean - Acc: 0.6016
INFO - 05/30/26 23:41:24 - 0:38:29 - Epoch 29 training started...
INFO - 05/30/26 23:42:05 - 0:39:10 - Epoch 29: Total Loss: 0.0234
INFO - 05/30/26 23:42:42 - 0:39:47 - Epoch 29: Clean - Acc: 0.6038
INFO - 05/30/26 23:42:42 - 0:39:47 - Epoch 30 training started...
INFO - 05/30/26 23:43:24 - 0:40:28 - Epoch 30: Total Loss: 0.0133
INFO - 05/30/26 23:44:00 - 0:41:05 - Epoch 30: Clean - Acc: 0.6076
INFO - 05/30/26 23:44:00 - 0:41:05 - Epoch 31 training started...
INFO - 05/30/26 23:44:42 - 0:41:47 - Epoch 31: Total Loss: 0.0176
INFO - 05/30/26 23:45:19 - 0:42:23 - Epoch 31: Clean - Acc: 0.6156
INFO - 05/30/26 23:45:19 - 0:42:23 - Epoch 32 training started...
INFO - 05/30/26 23:46:01 - 0:43:06 - Epoch 32: Total Loss: 0.0279
INFO - 05/30/26 23:46:43 - 0:43:48 - Epoch 32: Clean - Acc: 0.5941
INFO - 05/30/26 23:46:43 - 0:43:48 - Epoch 33 training started...
INFO - 05/30/26 23:47:29 - 0:44:34 - Epoch 33: Total Loss: 0.0363
INFO - 05/30/26 23:48:09 - 0:45:14 - Epoch 33: Clean - Acc: 0.5883
INFO - 05/30/26 23:48:09 - 0:45:14 - Epoch 34 training started...
INFO - 05/30/26 23:48:52 - 0:45:57 - Epoch 34: Total Loss: 0.0842
INFO - 05/30/26 23:49:29 - 0:46:33 - Epoch 34: Clean - Acc: 0.5911
INFO - 05/30/26 23:49:29 - 0:46:33 - Epoch 35 training started...
INFO - 05/30/26 23:50:11 - 0:47:16 - Epoch 35: Total Loss: 0.1500
INFO - 05/30/26 23:50:48 - 0:47:53 - Epoch 35: Clean - Acc: 0.5697
INFO - 05/30/26 23:50:48 - 0:47:53 - Epoch 36 training started...
INFO - 05/30/26 23:51:30 - 0:48:35 - Epoch 36: Total Loss: 0.3364
INFO - 05/30/26 23:52:07 - 0:49:11 - Epoch 36: Clean - Acc: 0.5355
INFO - 05/30/26 23:52:07 - 0:49:11 - Epoch 37 training started...
INFO - 05/30/26 23:52:48 - 0:49:53 - Epoch 37: Total Loss: 0.4658
INFO - 05/30/26 23:53:25 - 0:50:29 - Epoch 37: Clean - Acc: 0.5907
INFO - 05/30/26 23:53:25 - 0:50:29 - Epoch 38 training started...
INFO - 05/30/26 23:54:08 - 0:51:12 - Epoch 38: Total Loss: 0.1416
INFO - 05/30/26 23:54:44 - 0:51:49 - Epoch 38: Clean - Acc: 0.6085
INFO - 05/30/26 23:54:44 - 0:51:49 - Epoch 39 training started...
INFO - 05/30/26 23:55:26 - 0:52:31 - Epoch 39: Total Loss: 0.0447
INFO - 05/30/26 23:56:03 - 0:53:07 - Epoch 39: Clean - Acc: 0.6104
INFO - 05/30/26 23:56:03 - 0:53:07 - Epoch 40 training started...
INFO - 05/30/26 23:56:44 - 0:53:49 - Epoch 40: Total Loss: 0.0239
INFO - 05/30/26 23:57:21 - 0:54:25 - Epoch 40: Clean - Acc: 0.6128
INFO - 05/30/26 23:57:21 - 0:54:25 - Epoch 41 training started...
INFO - 05/30/26 23:58:02 - 0:55:07 - Epoch 41: Total Loss: 0.0159
INFO - 05/30/26 23:58:39 - 0:55:44 - Epoch 41: Clean - Acc: 0.6117
INFO - 05/30/26 23:58:39 - 0:55:44 - Epoch 42 training started...
INFO - 05/30/26 23:59:20 - 0:56:25 - Epoch 42: Total Loss: 0.0133
INFO - 05/30/26 23:59:57 - 0:57:02 - Epoch 42: Clean - Acc: 0.6199
INFO - 05/30/26 23:59:57 - 0:57:02 -  *** NEW BEST CLEAN ACC *** Epoch 42 | Clean Acc: 0.6199
INFO - 05/30/26 23:59:57 - 0:57:02 - Epoch 43 training started...
INFO - 05/31/26 00:00:40 - 0:57:45 - Epoch 43: Total Loss: 0.0109
INFO - 05/31/26 00:01:22 - 0:58:27 - Epoch 43: Clean - Acc: 0.6158
INFO - 05/31/26 00:01:22 - 0:58:27 - Epoch 44 training started...
INFO - 05/31/26 00:02:07 - 0:59:12 - Epoch 44: Total Loss: 0.0091
INFO - 05/31/26 00:02:49 - 0:59:54 - Epoch 44: Clean - Acc: 0.6179
INFO - 05/31/26 00:02:49 - 0:59:54 - Epoch 45 training started...
INFO - 05/31/26 00:03:32 - 1:00:37 - Epoch 45: Total Loss: 0.0085
INFO - 05/31/26 00:04:09 - 1:01:14 - Epoch 45: Clean - Acc: 0.6169
INFO - 05/31/26 00:04:09 - 1:01:14 - Epoch 46 training started...
INFO - 05/31/26 00:04:51 - 1:01:55 - Epoch 46: Total Loss: 0.0066
INFO - 05/31/26 00:05:28 - 1:02:32 - Epoch 46: Clean - Acc: 0.6190
INFO - 05/31/26 00:05:28 - 1:02:32 - Epoch 47 training started...
INFO - 05/31/26 00:06:09 - 1:03:14 - Epoch 47: Total Loss: 0.0064
INFO - 05/31/26 00:06:46 - 1:03:51 - Epoch 47: Clean - Acc: 0.6207
INFO - 05/31/26 00:06:46 - 1:03:51 -  *** NEW BEST CLEAN ACC *** Epoch 47 | Clean Acc: 0.6207
INFO - 05/31/26 00:06:46 - 1:03:51 - Epoch 48 training started...
INFO - 05/31/26 00:07:28 - 1:04:32 - Epoch 48: Total Loss: 0.0053
INFO - 05/31/26 00:08:04 - 1:05:09 - Epoch 48: Clean - Acc: 0.6171
INFO - 05/31/26 00:08:04 - 1:05:09 - Epoch 49 training started...
INFO - 05/31/26 00:08:47 - 1:05:52 - Epoch 49: Total Loss: 0.0049
INFO - 05/31/26 00:09:24 - 1:06:28 - Epoch 49: Clean - Acc: 0.6207
INFO - 05/31/26 00:09:24 - 1:06:28 - Loading best model for final robust evaluation on Test sets...
INFO - 05/31/26 00:09:24 - 1:06:29 - Generating and Evaluating on dataset for: Clean Test ...
INFO - 05/31/26 00:10:01 - 1:07:05 - Generating and Evaluating on dataset for: Salt & Pepper (Lvl 5.0) ...
INFO - 05/31/26 00:10:38 - 1:07:42 - Generating and Evaluating on dataset for: Salt & Pepper (Lvl 10.0) ...
INFO - 05/31/26 00:11:15 - 1:08:20 - Generating and Evaluating on dataset for: Gaussian (Lvl 5.0) ...
INFO - 05/31/26 00:11:54 - 1:08:58 - Generating and Evaluating on dataset for: Gaussian (Lvl 10.0) ...
INFO - 05/31/26 00:12:32 - 1:09:37 - 
                                     ============================================================
INFO - 05/31/26 00:12:32 - 1:09:37 -       FINAL ROBUSTNESS EVALUATION RESULTS ON TEST SET       
INFO - 05/31/26 00:12:32 - 1:09:37 - ============================================================
INFO - 05/31/26 00:12:32 - 1:09:37 - | Test Scenario                       | Score (Acc)        |
INFO - 05/31/26 00:12:32 - 1:09:37 - |-------------------------------------|--------------------|
INFO - 05/31/26 00:12:32 - 1:09:37 - | Clean Test                          |             0.6207 |
INFO - 05/31/26 00:12:32 - 1:09:37 - | Salt & Pepper (Lvl 5.0)             |             0.4769 |
INFO - 05/31/26 00:12:32 - 1:09:37 - | Salt & Pepper (Lvl 10.0)            |             0.3559 |
INFO - 05/31/26 00:12:32 - 1:09:37 - | Gaussian (Lvl 5.0)                  |             0.4997 |
INFO - 05/31/26 00:12:32 - 1:09:37 - | Gaussian (Lvl 10.0)                 |             0.3936 |
INFO - 05/31/26 00:12:32 - 1:09:37 - ============================================================
                                     
INFO - 05/31/26 00:12:32 - 1:09:37 - Saved final results to e:\Paper_Experiment\DML\DML_v1\RGB_v1\savepath\sun_rgbd\dml_sun_seed0_lr0.00024\final_results.json
INFO - 05/31/26 00:12:32 - 1:09:37 - Best Clean Model: epoch=47, clean_acc=0.6207
INFO - 05/31/26 00:12:32 - 1:09:37 - Appended experiment record to e:\Paper_Experiment\DML\DML_v1\RGB_v1\savepath\sun_rgbd\all_experiments.json
INFO - 05/31/26 22:35:58 - 0:00:00 - CONTENT_MODEL_PATH: e:\Paper_Experiment\DML\DML_v1\RGB_v1\checkpoint\resnet18_pretrained.pth
                                     FINE_SIZE: 224
                                     LOAD_SIZE: 256
                                     batch_sz: 64
                                     data_path: e:\Paper_Experiment\DML\DML_v1\RGB_v1\data\sunrgbd
                                     dropout: 0.3
                                     img_embed_pool_type: avg
                                     img_hidden_sz: 512
                                     lr: 0.00024
                                     lr_factor: 0.3
                                     lr_patience: 10
                                     max_epochs: 50
                                     n_classes: 19
                                     n_workers: 8
                                     name: dml_sun_seed0_lr0.00024
                                     note: 
                                     num_image_embeds: 1
                                     savedir: e:\Paper_Experiment\DML\DML_v1\RGB_v1\savepath\sun_rgbd\dml_sun_seed0_lr0.00024
                                     seed: 0
INFO - 05/31/26 22:35:59 - 0:00:00 - Epoch 0 training started...
INFO - 05/31/26 22:36:46 - 0:00:48 - Epoch 0: Total Loss: 4.3274
INFO - 05/31/26 22:37:24 - 0:01:26 - Epoch 0: Clean - Acc: 0.5505
INFO - 05/31/26 22:37:25 - 0:01:26 -  *** NEW BEST CLEAN ACC *** Epoch 0 | Clean Acc: 0.5505
INFO - 05/31/26 22:37:25 - 0:01:26 - Epoch 1 training started...
INFO - 05/31/26 22:38:08 - 0:02:10 - Epoch 1: Total Loss: 2.3126
INFO - 05/31/26 22:38:46 - 0:02:48 - Epoch 1: Clean - Acc: 0.5654
INFO - 05/31/26 22:38:46 - 0:02:48 -  *** NEW BEST CLEAN ACC *** Epoch 1 | Clean Acc: 0.5654
INFO - 05/31/26 22:38:46 - 0:02:48 - Epoch 2 training started...
INFO - 05/31/26 22:39:29 - 0:03:31 - Epoch 2: Total Loss: 1.4992
INFO - 05/31/26 22:40:08 - 0:04:10 - Epoch 2: Clean - Acc: 0.5868
INFO - 05/31/26 22:40:08 - 0:04:10 -  *** NEW BEST CLEAN ACC *** Epoch 2 | Clean Acc: 0.5868
INFO - 05/31/26 22:40:08 - 0:04:10 - Epoch 3 training started...
INFO - 05/31/26 22:40:52 - 0:04:53 - Epoch 3: Total Loss: 0.9671
INFO - 05/31/26 22:41:30 - 0:05:31 - Epoch 3: Clean - Acc: 0.5950
INFO - 05/31/26 22:41:30 - 0:05:32 -  *** NEW BEST CLEAN ACC *** Epoch 3 | Clean Acc: 0.5950
INFO - 05/31/26 22:41:30 - 0:05:32 - Epoch 4 training started...
INFO - 05/31/26 22:42:12 - 0:06:14 - Epoch 4: Total Loss: 0.6037
INFO - 05/31/26 22:42:50 - 0:06:52 - Epoch 4: Clean - Acc: 0.5913
INFO - 05/31/26 22:42:50 - 0:06:52 - Epoch 5 training started...
INFO - 05/31/26 22:43:33 - 0:07:34 - Epoch 5: Total Loss: 0.4216
INFO - 05/31/26 22:44:11 - 0:08:13 - Epoch 5: Clean - Acc: 0.5935
INFO - 05/31/26 22:44:11 - 0:08:13 - Epoch 6 training started...
INFO - 05/31/26 22:44:53 - 0:08:55 - Epoch 6: Total Loss: 0.3036
INFO - 05/31/26 22:45:31 - 0:09:33 - Epoch 6: Clean - Acc: 0.5935
INFO - 05/31/26 22:45:31 - 0:09:33 - Epoch 7 training started...
INFO - 05/31/26 22:46:13 - 0:10:15 - Epoch 7: Total Loss: 0.2123
INFO - 05/31/26 22:46:51 - 0:10:53 - Epoch 7: Clean - Acc: 0.5969
INFO - 05/31/26 22:46:52 - 0:10:53 -  *** NEW BEST CLEAN ACC *** Epoch 7 | Clean Acc: 0.5969
INFO - 05/31/26 22:46:52 - 0:10:53 - Epoch 8 training started...
INFO - 05/31/26 22:47:34 - 0:11:36 - Epoch 8: Total Loss: 0.1742
INFO - 05/31/26 22:48:12 - 0:12:14 - Epoch 8: Clean - Acc: 0.5903
INFO - 05/31/26 22:48:12 - 0:12:14 - Epoch 9 training started...
INFO - 05/31/26 22:48:54 - 0:12:56 - Epoch 9: Total Loss: 0.1226
INFO - 05/31/26 22:49:36 - 0:13:38 - Epoch 9: Clean - Acc: 0.5870
INFO - 05/31/26 22:49:36 - 0:13:38 - Epoch 10 training started...
INFO - 05/31/26 22:50:23 - 0:14:25 - Epoch 10: Total Loss: 0.1022
INFO - 05/31/26 22:51:07 - 0:15:08 - Epoch 10: Clean - Acc: 0.5993
INFO - 05/31/26 22:51:07 - 0:15:09 -  *** NEW BEST CLEAN ACC *** Epoch 10 | Clean Acc: 0.5993
INFO - 05/31/26 22:51:07 - 0:15:09 - Epoch 11 training started...
INFO - 05/31/26 22:51:53 - 0:15:55 - Epoch 11: Total Loss: 0.0840
INFO - 05/31/26 22:52:31 - 0:16:33 - Epoch 11: Clean - Acc: 0.5988
INFO - 05/31/26 22:52:31 - 0:16:33 - Epoch 12 training started...
INFO - 05/31/26 22:53:13 - 0:17:15 - Epoch 12: Total Loss: 0.0802
INFO - 05/31/26 22:53:51 - 0:17:53 - Epoch 12: Clean - Acc: 0.6064
INFO - 05/31/26 22:53:52 - 0:17:53 -  *** NEW BEST CLEAN ACC *** Epoch 12 | Clean Acc: 0.6064
INFO - 05/31/26 22:53:52 - 0:17:53 - Epoch 13 training started...
INFO - 05/31/26 22:54:34 - 0:18:36 - Epoch 13: Total Loss: 0.0609
INFO - 05/31/26 22:55:12 - 0:19:13 - Epoch 13: Clean - Acc: 0.6057
INFO - 05/31/26 22:55:12 - 0:19:13 - Epoch 14 training started...
INFO - 05/31/26 22:55:54 - 0:19:56 - Epoch 14: Total Loss: 0.0565
INFO - 05/31/26 22:56:32 - 0:20:33 - Epoch 14: Clean - Acc: 0.5950
INFO - 05/31/26 22:56:32 - 0:20:33 - Epoch 15 training started...
INFO - 05/31/26 22:57:14 - 0:21:15 - Epoch 15: Total Loss: 0.0779
INFO - 05/31/26 22:57:52 - 0:21:53 - Epoch 15: Clean - Acc: 0.5999
INFO - 05/31/26 22:57:52 - 0:21:53 - Epoch 16 training started...
INFO - 05/31/26 22:58:34 - 0:22:35 - Epoch 16: Total Loss: 0.1075
INFO - 05/31/26 22:59:12 - 0:23:13 - Epoch 16: Clean - Acc: 0.5967
INFO - 05/31/26 22:59:12 - 0:23:13 - Epoch 17 training started...
INFO - 05/31/26 22:59:54 - 0:23:55 - Epoch 17: Total Loss: 0.1750
INFO - 05/31/26 23:00:31 - 0:24:33 - Epoch 17: Clean - Acc: 0.5943
INFO - 05/31/26 23:00:31 - 0:24:33 - Epoch 18 training started...
INFO - 05/31/26 23:01:14 - 0:25:15 - Epoch 18: Total Loss: 0.2988
INFO - 05/31/26 23:01:51 - 0:25:53 - Epoch 18: Clean - Acc: 0.5445
INFO - 05/31/26 23:01:51 - 0:25:53 - Epoch 19 training started...
INFO - 05/31/26 23:02:34 - 0:26:35 - Epoch 19: Total Loss: 0.3551
INFO - 05/31/26 23:03:11 - 0:27:13 - Epoch 19: Clean - Acc: 0.5699
INFO - 05/31/26 23:03:11 - 0:27:13 - Epoch 20 training started...
INFO - 05/31/26 23:03:54 - 0:27:56 - Epoch 20: Total Loss: 0.2636
INFO - 05/31/26 23:04:36 - 0:28:38 - Epoch 20: Clean - Acc: 0.5714
INFO - 05/31/26 23:04:36 - 0:28:38 - Epoch 21 training started...
INFO - 05/31/26 23:05:23 - 0:29:24 - Epoch 21: Total Loss: 0.1950
INFO - 05/31/26 23:06:07 - 0:30:08 - Epoch 21: Clean - Acc: 0.5825
INFO - 05/31/26 23:06:07 - 0:30:08 - Epoch 22 training started...
INFO - 05/31/26 23:06:53 - 0:30:55 - Epoch 22: Total Loss: 0.1075
INFO - 05/31/26 23:07:31 - 0:31:33 - Epoch 22: Clean - Acc: 0.5978
INFO - 05/31/26 23:07:31 - 0:31:33 - Epoch 23 training started...
INFO - 05/31/26 23:08:13 - 0:32:15 - Epoch 23: Total Loss: 0.0570
INFO - 05/31/26 23:08:51 - 0:32:53 - Epoch 23: Clean - Acc: 0.6066
INFO - 05/31/26 23:08:52 - 0:32:53 -  *** NEW BEST CLEAN ACC *** Epoch 23 | Clean Acc: 0.6066
INFO - 05/31/26 23:08:52 - 0:32:53 - Epoch 24 training started...
INFO - 05/31/26 23:09:34 - 0:33:36 - Epoch 24: Total Loss: 0.0498
INFO - 05/31/26 23:10:12 - 0:34:14 - Epoch 24: Clean - Acc: 0.6104
INFO - 05/31/26 23:10:12 - 0:34:14 -  *** NEW BEST CLEAN ACC *** Epoch 24 | Clean Acc: 0.6104
INFO - 05/31/26 23:10:12 - 0:34:14 - Epoch 25 training started...
INFO - 05/31/26 23:10:54 - 0:34:56 - Epoch 25: Total Loss: 0.0294
INFO - 05/31/26 23:11:32 - 0:35:34 - Epoch 25: Clean - Acc: 0.6042
INFO - 05/31/26 23:11:32 - 0:35:34 - Epoch 26 training started...
INFO - 05/31/26 23:12:15 - 0:36:17 - Epoch 26: Total Loss: 0.0205
INFO - 05/31/26 23:12:53 - 0:36:55 - Epoch 26: Clean - Acc: 0.6167
INFO - 05/31/26 23:12:53 - 0:36:55 -  *** NEW BEST CLEAN ACC *** Epoch 26 | Clean Acc: 0.6167
INFO - 05/31/26 23:12:53 - 0:36:55 - Epoch 27 training started...
INFO - 05/31/26 23:13:36 - 0:37:37 - Epoch 27: Total Loss: 0.0224
INFO - 05/31/26 23:14:13 - 0:38:15 - Epoch 27: Clean - Acc: 0.6154
INFO - 05/31/26 23:14:13 - 0:38:15 - Epoch 28 training started...
INFO - 05/31/26 23:14:55 - 0:38:57 - Epoch 28: Total Loss: 0.0193
INFO - 05/31/26 23:15:34 - 0:39:35 - Epoch 28: Clean - Acc: 0.6016
INFO - 05/31/26 23:15:34 - 0:39:35 - Epoch 29 training started...
INFO - 05/31/26 23:16:16 - 0:40:18 - Epoch 29: Total Loss: 0.0234
INFO - 05/31/26 23:16:54 - 0:40:56 - Epoch 29: Clean - Acc: 0.6038
INFO - 05/31/26 23:16:54 - 0:40:56 - Epoch 30 training started...
INFO - 05/31/26 23:17:36 - 0:41:38 - Epoch 30: Total Loss: 0.0133
INFO - 05/31/26 23:18:14 - 0:42:16 - Epoch 30: Clean - Acc: 0.6076
INFO - 05/31/26 23:18:14 - 0:42:16 - Epoch 31 training started...
INFO - 05/31/26 23:18:56 - 0:42:58 - Epoch 31: Total Loss: 0.0176
INFO - 05/31/26 23:19:39 - 0:43:40 - Epoch 31: Clean - Acc: 0.6156
INFO - 05/31/26 23:19:39 - 0:43:40 - Epoch 32 training started...
INFO - 05/31/26 23:20:25 - 0:44:26 - Epoch 32: Total Loss: 0.0279
INFO - 05/31/26 23:21:08 - 0:45:10 - Epoch 32: Clean - Acc: 0.5941
INFO - 05/31/26 23:21:08 - 0:45:10 - Epoch 33 training started...
INFO - 05/31/26 23:21:53 - 0:45:55 - Epoch 33: Total Loss: 0.0363
INFO - 05/31/26 23:22:31 - 0:46:33 - Epoch 33: Clean - Acc: 0.5883
INFO - 05/31/26 23:22:31 - 0:46:33 - Epoch 34 training started...
INFO - 05/31/26 23:23:14 - 0:47:15 - Epoch 34: Total Loss: 0.0842
INFO - 05/31/26 23:23:52 - 0:47:53 - Epoch 34: Clean - Acc: 0.5911
INFO - 05/31/26 23:23:52 - 0:47:53 - Epoch 35 training started...
INFO - 05/31/26 23:24:34 - 0:48:35 - Epoch 35: Total Loss: 0.1500
INFO - 05/31/26 23:25:11 - 0:49:13 - Epoch 35: Clean - Acc: 0.5697
INFO - 05/31/26 23:25:12 - 0:49:13 - Epoch 36 training started...
INFO - 05/31/26 23:25:54 - 0:49:55 - Epoch 36: Total Loss: 0.3364
INFO - 05/31/26 23:26:32 - 0:50:33 - Epoch 36: Clean - Acc: 0.5355
INFO - 05/31/26 23:26:32 - 0:50:33 - Epoch 37 training started...
INFO - 05/31/26 23:27:14 - 0:51:15 - Epoch 37: Total Loss: 0.4658
INFO - 05/31/26 23:27:52 - 0:51:53 - Epoch 37: Clean - Acc: 0.5907
INFO - 05/31/26 23:27:52 - 0:51:53 - Epoch 38 training started...
INFO - 05/31/26 23:28:34 - 0:52:36 - Epoch 38: Total Loss: 0.1416
INFO - 05/31/26 23:29:12 - 0:53:13 - Epoch 38: Clean - Acc: 0.6085
INFO - 05/31/26 23:29:12 - 0:53:13 - Epoch 39 training started...
INFO - 05/31/26 23:29:54 - 0:53:56 - Epoch 39: Total Loss: 0.0447
INFO - 05/31/26 23:30:32 - 0:54:34 - Epoch 39: Clean - Acc: 0.6104
INFO - 05/31/26 23:30:32 - 0:54:34 - Epoch 40 training started...
INFO - 05/31/26 23:31:15 - 0:55:17 - Epoch 40: Total Loss: 0.0239
INFO - 05/31/26 23:31:53 - 0:55:55 - Epoch 40: Clean - Acc: 0.6128
INFO - 05/31/26 23:31:53 - 0:55:55 - Epoch 41 training started...
INFO - 05/31/26 23:32:35 - 0:56:37 - Epoch 41: Total Loss: 0.0159
INFO - 05/31/26 23:33:13 - 0:57:15 - Epoch 41: Clean - Acc: 0.6117
INFO - 05/31/26 23:33:13 - 0:57:15 - Epoch 42 training started...
INFO - 05/31/26 23:33:55 - 0:57:57 - Epoch 42: Total Loss: 0.0133
INFO - 05/31/26 23:34:37 - 0:58:39 - Epoch 42: Clean - Acc: 0.6199
INFO - 05/31/26 23:34:38 - 0:58:39 -  *** NEW BEST CLEAN ACC *** Epoch 42 | Clean Acc: 0.6199
INFO - 05/31/26 23:34:38 - 0:58:39 - Epoch 43 training started...
INFO - 05/31/26 23:35:24 - 0:59:25 - Epoch 43: Total Loss: 0.0109
INFO - 05/31/26 23:36:07 - 1:00:09 - Epoch 43: Clean - Acc: 0.6158
INFO - 05/31/26 23:36:07 - 1:00:09 - Epoch 44 training started...
INFO - 05/31/26 23:36:53 - 1:00:54 - Epoch 44: Total Loss: 0.0091
INFO - 05/31/26 23:37:31 - 1:01:32 - Epoch 44: Clean - Acc: 0.6179
INFO - 05/31/26 23:37:31 - 1:01:32 - Epoch 45 training started...
INFO - 05/31/26 23:38:13 - 1:02:14 - Epoch 45: Total Loss: 0.0085
INFO - 05/31/26 23:38:51 - 1:02:52 - Epoch 45: Clean - Acc: 0.6169
INFO - 05/31/26 23:38:51 - 1:02:52 - Epoch 46 training started...
INFO - 05/31/26 23:39:33 - 1:03:34 - Epoch 46: Total Loss: 0.0066
INFO - 05/31/26 23:40:11 - 1:04:12 - Epoch 46: Clean - Acc: 0.6190
INFO - 05/31/26 23:40:11 - 1:04:12 - Epoch 47 training started...
INFO - 05/31/26 23:40:53 - 1:04:54 - Epoch 47: Total Loss: 0.0064
INFO - 05/31/26 23:41:31 - 1:05:32 - Epoch 47: Clean - Acc: 0.6207
INFO - 05/31/26 23:41:31 - 1:05:33 -  *** NEW BEST CLEAN ACC *** Epoch 47 | Clean Acc: 0.6207
INFO - 05/31/26 23:41:31 - 1:05:33 - Epoch 48 training started...
INFO - 05/31/26 23:42:13 - 1:06:15 - Epoch 48: Total Loss: 0.0053
INFO - 05/31/26 23:42:51 - 1:06:53 - Epoch 48: Clean - Acc: 0.6171
INFO - 05/31/26 23:42:51 - 1:06:53 - Epoch 49 training started...
INFO - 05/31/26 23:43:33 - 1:07:35 - Epoch 49: Total Loss: 0.0049
INFO - 05/31/26 23:44:11 - 1:08:13 - Epoch 49: Clean - Acc: 0.6207
INFO - 05/31/26 23:44:11 - 1:08:13 - Loading best model for final robust evaluation on Test sets...
INFO - 05/31/26 23:44:12 - 1:08:13 - Generating and Evaluating on dataset for: Clean Test ...
INFO - 05/31/26 23:44:50 - 1:08:51 - Generating and Evaluating on dataset for: Salt & Pepper (Lvl 5.0) ...
INFO - 05/31/26 23:45:28 - 1:09:29 - Generating and Evaluating on dataset for: Salt & Pepper (Lvl 10.0) ...
INFO - 05/31/26 23:46:08 - 1:10:10 - Generating and Evaluating on dataset for: Gaussian (Lvl 5.0) ...
INFO - 05/31/26 23:46:48 - 1:10:50 - Generating and Evaluating on dataset for: Gaussian (Lvl 10.0) ...
INFO - 05/31/26 23:47:28 - 1:11:29 - 
                                     ============================================================
INFO - 05/31/26 23:47:28 - 1:11:29 -       FINAL ROBUSTNESS EVALUATION RESULTS ON TEST SET       
INFO - 05/31/26 23:47:28 - 1:11:29 - ============================================================
INFO - 05/31/26 23:47:28 - 1:11:29 - | Test Scenario                       | Score (Acc)        |
INFO - 05/31/26 23:47:28 - 1:11:29 - |-------------------------------------|--------------------|
INFO - 05/31/26 23:47:28 - 1:11:29 - | Clean Test                          |             0.6207 |
INFO - 05/31/26 23:47:28 - 1:11:29 - | Salt & Pepper (Lvl 5.0)             |             0.4769 |
INFO - 05/31/26 23:47:28 - 1:11:29 - | Salt & Pepper (Lvl 10.0)            |             0.3559 |
INFO - 05/31/26 23:47:28 - 1:11:29 - | Gaussian (Lvl 5.0)                  |             0.4997 |
INFO - 05/31/26 23:47:28 - 1:11:29 - | Gaussian (Lvl 10.0)                 |             0.3936 |
INFO - 05/31/26 23:47:28 - 1:11:29 - ============================================================
                                     
INFO - 05/31/26 23:47:28 - 1:11:29 - Saved final results to e:\Paper_Experiment\DML\DML_v1\RGB_v1\savepath\sun_rgbd\dml_sun_seed0_lr0.00024\final_results.json
INFO - 05/31/26 23:47:28 - 1:11:29 - Best Clean Model: epoch=47, clean_acc=0.6207
INFO - 05/31/26 23:47:28 - 1:11:29 - Appended experiment record to e:\Paper_Experiment\DML\DML_v1\RGB_v1\savepath\sun_rgbd\all_experiments.json
INFO - 06/01/26 16:35:53 - 0:00:00 - CONTENT_MODEL_PATH: e:\Paper_Experiment\DML\DML_v1\RGB_v1\checkpoint\resnet18_pretrained.pth
                                     FINE_SIZE: 224
                                     LOAD_SIZE: 256
                                     batch_sz: 64
                                     data_path: e:\Paper_Experiment\DML\DML_v1\datasets_shared\sunrgbd
                                     dropout: 0.3
                                     img_embed_pool_type: avg
                                     img_hidden_sz: 512
                                     lr: 0.00024
                                     lr_factor: 0.3
                                     lr_patience: 10
                                     max_epochs: 50
                                     n_classes: 19
                                     n_workers: 8
                                     name: dml_sun_seed0_lr0.00024
                                     note: 
                                     num_image_embeds: 1
                                     savedir: e:\Paper_Experiment\DML\DML_v1\RGB_v1\savepath\sun_rgbd\dml_sun_seed0_lr0.00024
                                     seed: 0
INFO - 06/01/26 16:35:53 - 0:00:00 - Epoch 0 training started...
INFO - 06/01/26 22:01:42 - 0:00:00 - CONTENT_MODEL_PATH: e:\Paper_Experiment\DML\DML_v1\RGB_v1\checkpoint\resnet18_pretrained.pth
                                     FINE_SIZE: 224
                                     LOAD_SIZE: 256
                                     batch_sz: 64
                                     data_path: e:\Paper_Experiment\DML\DML_v1\datasets_shared\sunrgbd
                                     dropout: 0.3
                                     img_embed_pool_type: avg
                                     img_hidden_sz: 512
                                     lr: 0.00024
                                     lr_factor: 0.3
                                     lr_patience: 10
                                     max_epochs: 50
                                     n_classes: 19
                                     n_workers: 8
                                     name: dml_sun_seed0_lr0.00024
                                     note: 
                                     num_image_embeds: 1
                                     savedir: e:\Paper_Experiment\DML\DML_v1\RGB_v1\savepath\sun_rgbd\dml_sun_seed0_lr0.00024
                                     seed: 0
INFO - 06/01/26 22:01:42 - 0:00:00 - Epoch 0 training started...
INFO - 06/01/26 22:02:28 - 0:00:46 - Epoch 0: Total Loss: 4.3274
INFO - 06/01/26 22:03:07 - 0:01:26 - Epoch 0: Clean - Acc: 0.5505
INFO - 06/01/26 22:03:08 - 0:01:26 -  *** NEW BEST CLEAN ACC *** Epoch 0 | Clean Acc: 0.5505
INFO - 06/01/26 22:03:08 - 0:01:26 - Epoch 1 training started...
INFO - 06/01/26 22:03:53 - 0:02:11 - Epoch 1: Total Loss: 2.3126
INFO - 06/01/26 22:04:30 - 0:02:48 - Epoch 1: Clean - Acc: 0.5654
INFO - 06/01/26 22:04:30 - 0:02:48 -  *** NEW BEST CLEAN ACC *** Epoch 1 | Clean Acc: 0.5654
INFO - 06/01/26 22:04:30 - 0:02:48 - Epoch 2 training started...
INFO - 06/01/26 22:05:13 - 0:03:31 - Epoch 2: Total Loss: 1.4992
INFO - 06/01/26 22:05:50 - 0:04:09 - Epoch 2: Clean - Acc: 0.5868
INFO - 06/01/26 22:05:51 - 0:04:09 -  *** NEW BEST CLEAN ACC *** Epoch 2 | Clean Acc: 0.5868
INFO - 06/01/26 22:05:51 - 0:04:09 - Epoch 3 training started...
INFO - 06/01/26 22:06:33 - 0:04:51 - Epoch 3: Total Loss: 0.9671
INFO - 06/01/26 22:07:10 - 0:05:28 - Epoch 3: Clean - Acc: 0.5950
INFO - 06/01/26 22:07:10 - 0:05:29 -  *** NEW BEST CLEAN ACC *** Epoch 3 | Clean Acc: 0.5950
INFO - 06/01/26 22:07:10 - 0:05:29 - Epoch 4 training started...
INFO - 06/01/26 22:07:53 - 0:06:12 - Epoch 4: Total Loss: 0.6037
INFO - 06/01/26 22:08:30 - 0:06:49 - Epoch 4: Clean - Acc: 0.5913
INFO - 06/01/26 22:08:30 - 0:06:49 - Epoch 5 training started...
INFO - 06/01/26 22:09:13 - 0:07:31 - Epoch 5: Total Loss: 0.4216
INFO - 06/01/26 22:09:50 - 0:08:08 - Epoch 5: Clean - Acc: 0.5935
INFO - 06/01/26 22:09:50 - 0:08:08 - Epoch 6 training started...
INFO - 06/01/26 22:10:31 - 0:08:50 - Epoch 6: Total Loss: 0.3036
INFO - 06/01/26 22:11:08 - 0:09:27 - Epoch 6: Clean - Acc: 0.5935
INFO - 06/01/26 22:11:08 - 0:09:27 - Epoch 7 training started...
INFO - 06/01/26 22:11:52 - 0:10:10 - Epoch 7: Total Loss: 0.2123
INFO - 06/01/26 22:12:29 - 0:10:47 - Epoch 7: Clean - Acc: 0.5969
INFO - 06/01/26 22:12:29 - 0:10:47 -  *** NEW BEST CLEAN ACC *** Epoch 7 | Clean Acc: 0.5969
INFO - 06/01/26 22:12:29 - 0:10:47 - Epoch 8 training started...
INFO - 06/01/26 22:13:13 - 0:11:31 - Epoch 8: Total Loss: 0.1742
INFO - 06/01/26 22:13:53 - 0:12:11 - Epoch 8: Clean - Acc: 0.5903
INFO - 06/01/26 22:13:53 - 0:12:11 - Epoch 9 training started...
INFO - 06/01/26 22:14:37 - 0:12:56 - Epoch 9: Total Loss: 0.1226
INFO - 06/01/26 22:15:16 - 0:13:34 - Epoch 9: Clean - Acc: 0.5870
INFO - 06/01/26 22:15:16 - 0:13:34 - Epoch 10 training started...
INFO - 06/01/26 22:15:58 - 0:14:17 - Epoch 10: Total Loss: 0.1022
INFO - 06/01/26 22:16:35 - 0:14:53 - Epoch 10: Clean - Acc: 0.5993
INFO - 06/01/26 22:16:35 - 0:14:54 -  *** NEW BEST CLEAN ACC *** Epoch 10 | Clean Acc: 0.5993
INFO - 06/01/26 22:16:35 - 0:14:54 - Epoch 11 training started...
INFO - 06/01/26 22:17:17 - 0:15:35 - Epoch 11: Total Loss: 0.0840
INFO - 06/01/26 22:17:54 - 0:16:12 - Epoch 11: Clean - Acc: 0.5988
INFO - 06/01/26 22:17:54 - 0:16:12 - Epoch 12 training started...
INFO - 06/01/26 22:18:37 - 0:16:56 - Epoch 12: Total Loss: 0.0802
INFO - 06/01/26 22:19:14 - 0:17:33 - Epoch 12: Clean - Acc: 0.6064
INFO - 06/01/26 22:19:15 - 0:17:33 -  *** NEW BEST CLEAN ACC *** Epoch 12 | Clean Acc: 0.6064
INFO - 06/01/26 22:19:15 - 0:17:33 - Epoch 13 training started...
INFO - 06/01/26 22:19:56 - 0:18:15 - Epoch 13: Total Loss: 0.0609
INFO - 06/01/26 22:20:33 - 0:18:52 - Epoch 13: Clean - Acc: 0.6057
INFO - 06/01/26 22:20:33 - 0:18:52 - Epoch 14 training started...
INFO - 06/01/26 22:21:15 - 0:19:34 - Epoch 14: Total Loss: 0.0565
INFO - 06/01/26 22:21:52 - 0:20:11 - Epoch 14: Clean - Acc: 0.5950
INFO - 06/01/26 22:21:52 - 0:20:11 - Epoch 15 training started...
INFO - 06/01/26 22:22:36 - 0:20:55 - Epoch 15: Total Loss: 0.0779
INFO - 06/01/26 22:23:14 - 0:21:32 - Epoch 15: Clean - Acc: 0.5999
INFO - 06/01/26 22:23:14 - 0:21:32 - Epoch 16 training started...
INFO - 06/01/26 22:23:56 - 0:22:14 - Epoch 16: Total Loss: 0.1075
INFO - 06/01/26 22:24:33 - 0:22:51 - Epoch 16: Clean - Acc: 0.5967
INFO - 06/01/26 22:24:33 - 0:22:51 - Epoch 17 training started...
INFO - 06/01/26 22:25:17 - 0:23:35 - Epoch 17: Total Loss: 0.1750
INFO - 06/01/26 22:25:54 - 0:24:12 - Epoch 17: Clean - Acc: 0.5943
INFO - 06/01/26 22:25:54 - 0:24:12 - Epoch 18 training started...
INFO - 06/01/26 22:26:37 - 0:24:55 - Epoch 18: Total Loss: 0.2988
INFO - 06/01/26 22:27:14 - 0:25:32 - Epoch 18: Clean - Acc: 0.5445
INFO - 06/01/26 22:27:14 - 0:25:32 - Epoch 19 training started...
INFO - 06/01/26 22:27:57 - 0:26:16 - Epoch 19: Total Loss: 0.3551
INFO - 06/01/26 22:28:36 - 0:26:54 - Epoch 19: Clean - Acc: 0.5699
INFO - 06/01/26 22:28:36 - 0:26:54 - Epoch 20 training started...
INFO - 06/01/26 22:29:20 - 0:27:38 - Epoch 20: Total Loss: 0.2636
INFO - 06/01/26 22:30:00 - 0:28:18 - Epoch 20: Clean - Acc: 0.5714
INFO - 06/01/26 22:30:00 - 0:28:18 - Epoch 21 training started...
INFO - 06/01/26 22:30:42 - 0:29:00 - Epoch 21: Total Loss: 0.1950
INFO - 06/01/26 22:31:19 - 0:29:37 - Epoch 21: Clean - Acc: 0.5825
INFO - 06/01/26 22:31:19 - 0:29:37 - Epoch 22 training started...
INFO - 06/01/26 22:32:02 - 0:30:20 - Epoch 22: Total Loss: 0.1075
INFO - 06/01/26 22:32:39 - 0:30:57 - Epoch 22: Clean - Acc: 0.5978
INFO - 06/01/26 22:32:39 - 0:30:57 - Epoch 23 training started...
INFO - 06/01/26 22:33:21 - 0:31:39 - Epoch 23: Total Loss: 0.0570
INFO - 06/01/26 22:33:58 - 0:32:16 - Epoch 23: Clean - Acc: 0.6066
INFO - 06/01/26 22:33:58 - 0:32:16 -  *** NEW BEST CLEAN ACC *** Epoch 23 | Clean Acc: 0.6066
INFO - 06/01/26 22:33:58 - 0:32:16 - Epoch 24 training started...
INFO - 06/01/26 22:34:40 - 0:32:58 - Epoch 24: Total Loss: 0.0498
INFO - 06/01/26 22:35:17 - 0:33:35 - Epoch 24: Clean - Acc: 0.6104
INFO - 06/01/26 22:35:17 - 0:33:36 -  *** NEW BEST CLEAN ACC *** Epoch 24 | Clean Acc: 0.6104
INFO - 06/01/26 22:35:17 - 0:33:36 - Epoch 25 training started...
INFO - 06/01/26 22:35:59 - 0:34:17 - Epoch 25: Total Loss: 0.0294
INFO - 06/01/26 22:36:36 - 0:34:54 - Epoch 25: Clean - Acc: 0.6042
INFO - 06/01/26 22:36:36 - 0:34:54 - Epoch 26 training started...
INFO - 06/01/26 22:37:17 - 0:35:36 - Epoch 26: Total Loss: 0.0205
INFO - 06/01/26 22:37:54 - 0:36:13 - Epoch 26: Clean - Acc: 0.6167
INFO - 06/01/26 22:37:55 - 0:36:13 -  *** NEW BEST CLEAN ACC *** Epoch 26 | Clean Acc: 0.6167
INFO - 06/01/26 22:37:55 - 0:36:13 - Epoch 27 training started...
INFO - 06/01/26 22:38:36 - 0:36:54 - Epoch 27: Total Loss: 0.0224
INFO - 06/01/26 22:39:13 - 0:37:32 - Epoch 27: Clean - Acc: 0.6154
INFO - 06/01/26 22:39:13 - 0:37:32 - Epoch 28 training started...
INFO - 06/01/26 22:39:55 - 0:38:13 - Epoch 28: Total Loss: 0.0193
INFO - 06/01/26 22:40:32 - 0:38:51 - Epoch 28: Clean - Acc: 0.6016
INFO - 06/01/26 22:40:32 - 0:38:51 - Epoch 29 training started...
INFO - 06/01/26 22:41:15 - 0:39:34 - Epoch 29: Total Loss: 0.0234
INFO - 06/01/26 22:41:52 - 0:40:11 - Epoch 29: Clean - Acc: 0.6038
INFO - 06/01/26 22:41:52 - 0:40:11 - Epoch 30 training started...
INFO - 06/01/26 22:42:34 - 0:40:52 - Epoch 30: Total Loss: 0.0133
INFO - 06/01/26 22:43:11 - 0:41:29 - Epoch 30: Clean - Acc: 0.6076
INFO - 06/01/26 22:43:11 - 0:41:29 - Epoch 31 training started...
INFO - 06/01/26 22:43:55 - 0:42:13 - Epoch 31: Total Loss: 0.0176
INFO - 06/01/26 22:44:35 - 0:42:53 - Epoch 31: Clean - Acc: 0.6156
INFO - 06/01/26 22:44:35 - 0:42:53 - Epoch 32 training started...
INFO - 06/01/26 22:45:18 - 0:43:36 - Epoch 32: Total Loss: 0.0279
INFO - 06/01/26 22:45:55 - 0:44:13 - Epoch 32: Clean - Acc: 0.5941
INFO - 06/01/26 22:45:55 - 0:44:13 - Epoch 33 training started...
INFO - 06/01/26 22:46:36 - 0:44:54 - Epoch 33: Total Loss: 0.0363
INFO - 06/01/26 22:47:13 - 0:45:31 - Epoch 33: Clean - Acc: 0.5883
INFO - 06/01/26 22:47:13 - 0:45:31 - Epoch 34 training started...
INFO - 06/01/26 22:47:54 - 0:46:13 - Epoch 34: Total Loss: 0.0842
INFO - 06/01/26 22:48:31 - 0:46:50 - Epoch 34: Clean - Acc: 0.5911
INFO - 06/01/26 22:48:31 - 0:46:50 - Epoch 35 training started...
INFO - 06/01/26 22:49:13 - 0:47:31 - Epoch 35: Total Loss: 0.1500
INFO - 06/01/26 22:49:50 - 0:48:08 - Epoch 35: Clean - Acc: 0.5697
INFO - 06/01/26 22:49:50 - 0:48:08 - Epoch 36 training started...
INFO - 06/01/26 22:50:32 - 0:48:50 - Epoch 36: Total Loss: 0.3364
INFO - 06/01/26 22:51:09 - 0:49:27 - Epoch 36: Clean - Acc: 0.5355
INFO - 06/01/26 22:51:09 - 0:49:27 - Epoch 37 training started...
INFO - 06/01/26 22:51:50 - 0:50:08 - Epoch 37: Total Loss: 0.4658
INFO - 06/01/26 22:52:27 - 0:50:45 - Epoch 37: Clean - Acc: 0.5907
INFO - 06/01/26 22:52:27 - 0:50:45 - Epoch 38 training started...
INFO - 06/01/26 22:53:08 - 0:51:27 - Epoch 38: Total Loss: 0.1416
INFO - 06/01/26 22:53:45 - 0:52:04 - Epoch 38: Clean - Acc: 0.6085
INFO - 06/01/26 22:53:45 - 0:52:04 - Epoch 39 training started...
INFO - 06/01/26 22:54:27 - 0:52:45 - Epoch 39: Total Loss: 0.0447
INFO - 06/01/26 22:55:04 - 0:53:22 - Epoch 39: Clean - Acc: 0.6104
INFO - 06/01/26 22:55:04 - 0:53:22 - Epoch 40 training started...
INFO - 06/01/26 22:55:45 - 0:54:03 - Epoch 40: Total Loss: 0.0239
INFO - 06/01/26 22:56:22 - 0:54:40 - Epoch 40: Clean - Acc: 0.6128
INFO - 06/01/26 22:56:22 - 0:54:40 - Epoch 41 training started...
INFO - 06/01/26 22:57:04 - 0:55:22 - Epoch 41: Total Loss: 0.0159
INFO - 06/01/26 22:57:41 - 0:55:59 - Epoch 41: Clean - Acc: 0.6117
INFO - 06/01/26 22:57:41 - 0:55:59 - Epoch 42 training started...
INFO - 06/01/26 22:58:22 - 0:56:41 - Epoch 42: Total Loss: 0.0133
INFO - 06/01/26 22:59:02 - 0:57:21 - Epoch 42: Clean - Acc: 0.6199
INFO - 06/01/26 22:59:03 - 0:57:21 -  *** NEW BEST CLEAN ACC *** Epoch 42 | Clean Acc: 0.6199
INFO - 06/01/26 22:59:03 - 0:57:21 - Epoch 43 training started...
INFO - 06/01/26 22:59:47 - 0:58:05 - Epoch 43: Total Loss: 0.0109
INFO - 06/01/26 23:00:24 - 0:58:43 - Epoch 43: Clean - Acc: 0.6158
INFO - 06/01/26 23:00:24 - 0:58:43 - Epoch 44 training started...
INFO - 06/01/26 23:01:06 - 0:59:24 - Epoch 44: Total Loss: 0.0091
INFO - 06/01/26 23:01:43 - 1:00:01 - Epoch 44: Clean - Acc: 0.6179
INFO - 06/01/26 23:01:43 - 1:00:01 - Epoch 45 training started...
INFO - 06/01/26 23:02:25 - 1:00:43 - Epoch 45: Total Loss: 0.0085
INFO - 06/01/26 23:03:02 - 1:01:20 - Epoch 45: Clean - Acc: 0.6169
INFO - 06/01/26 23:03:02 - 1:01:20 - Epoch 46 training started...
INFO - 06/01/26 23:03:43 - 1:02:02 - Epoch 46: Total Loss: 0.0066
INFO - 06/01/26 23:04:20 - 1:02:39 - Epoch 46: Clean - Acc: 0.6190
INFO - 06/01/26 23:04:20 - 1:02:39 - Epoch 47 training started...
INFO - 06/01/26 23:05:02 - 1:03:20 - Epoch 47: Total Loss: 0.0064
INFO - 06/01/26 23:05:39 - 1:03:57 - Epoch 47: Clean - Acc: 0.6207
INFO - 06/01/26 23:05:39 - 1:03:57 -  *** NEW BEST CLEAN ACC *** Epoch 47 | Clean Acc: 0.6207
INFO - 06/01/26 23:05:39 - 1:03:57 - Epoch 48 training started...
INFO - 06/01/26 23:06:21 - 1:04:39 - Epoch 48: Total Loss: 0.0053
INFO - 06/01/26 23:06:57 - 1:05:16 - Epoch 48: Clean - Acc: 0.6171
INFO - 06/01/26 23:06:57 - 1:05:16 - Epoch 49 training started...
INFO - 06/01/26 23:07:39 - 1:05:57 - Epoch 49: Total Loss: 0.0049
INFO - 06/01/26 23:08:16 - 1:06:34 - Epoch 49: Clean - Acc: 0.6207
INFO - 06/01/26 23:08:16 - 1:06:34 - Loading best model for final robust evaluation on Test sets...
INFO - 06/01/26 23:08:16 - 1:06:35 - Generating and Evaluating on dataset for: Clean Test ...
INFO - 06/01/26 23:08:53 - 1:07:12 - Generating and Evaluating on dataset for: Salt & Pepper (Lvl 5.0) ...
INFO - 06/01/26 23:09:31 - 1:07:49 - Generating and Evaluating on dataset for: Salt & Pepper (Lvl 10.0) ...
INFO - 06/01/26 23:10:09 - 1:08:27 - Generating and Evaluating on dataset for: Gaussian (Lvl 5.0) ...
INFO - 06/01/26 23:10:48 - 1:09:06 - Generating and Evaluating on dataset for: Gaussian (Lvl 10.0) ...
INFO - 06/01/26 23:11:26 - 1:09:45 - 
                                     ============================================================
INFO - 06/01/26 23:11:26 - 1:09:45 -       FINAL ROBUSTNESS EVALUATION RESULTS ON TEST SET       
INFO - 06/01/26 23:11:26 - 1:09:45 - ============================================================
INFO - 06/01/26 23:11:26 - 1:09:45 - | Test Scenario                       | Score (Acc)        |
INFO - 06/01/26 23:11:26 - 1:09:45 - |-------------------------------------|--------------------|
INFO - 06/01/26 23:11:26 - 1:09:45 - | Clean Test                          |             0.6207 |
INFO - 06/01/26 23:11:26 - 1:09:45 - | Salt & Pepper (Lvl 5.0)             |             0.4769 |
INFO - 06/01/26 23:11:26 - 1:09:45 - | Salt & Pepper (Lvl 10.0)            |             0.3559 |
INFO - 06/01/26 23:11:26 - 1:09:45 - | Gaussian (Lvl 5.0)                  |             0.4997 |
INFO - 06/01/26 23:11:26 - 1:09:45 - | Gaussian (Lvl 10.0)                 |             0.3936 |
INFO - 06/01/26 23:11:26 - 1:09:45 - ============================================================
                                     
INFO - 06/01/26 23:11:26 - 1:09:45 - Saved final results to e:\Paper_Experiment\DML\DML_v1\RGB_v1\savepath\sun_rgbd\dml_sun_seed0_lr0.00024\final_results.json
INFO - 06/01/26 23:11:26 - 1:09:45 - Best Clean Model: epoch=47, clean_acc=0.6207
INFO - 06/01/26 23:11:26 - 1:09:45 - Appended experiment record to e:\Paper_Experiment\DML\DML_v1\RGB_v1\savepath\sun_rgbd\all_experiments.json
INFO - 06/02/26 22:53:29 - 0:00:00 - CONTENT_MODEL_PATH: e:\Paper_Experiment\DML\DML_v1\RGB_v1\checkpoint\resnet18_pretrained.pth
                                     FINE_SIZE: 224
                                     LOAD_SIZE: 256
                                     batch_sz: 64
                                     data_path: e:\Paper_Experiment\DML\DML_v1\datasets_shared\sunrgbd
                                     dropout: 0.3
                                     img_embed_pool_type: avg
                                     img_hidden_sz: 512
                                     lr: 0.00024
                                     lr_factor: 0.3
                                     lr_patience: 10
                                     max_epochs: 50
                                     n_classes: 19
                                     n_workers: 8
                                     name: dml_sun_seed0_lr0.00024
                                     note: 
                                     num_image_embeds: 1
                                     savedir: e:\Paper_Experiment\DML\DML_v1\RGB_v1\savepath\sun_rgbd\dml_sun_seed0_lr0.00024
                                     seed: 0
INFO - 06/02/26 22:53:29 - 0:00:00 - Epoch 0 training started...
INFO - 06/02/26 22:54:14 - 0:00:45 - Epoch 0: Total Loss: 4.3274
INFO - 06/02/26 22:54:56 - 0:01:27 - Epoch 0: Clean - Acc: 0.5505
INFO - 06/02/26 22:54:56 - 0:01:28 -  *** NEW BEST CLEAN ACC *** Epoch 0 | Clean Acc: 0.5505
INFO - 06/02/26 22:54:56 - 0:01:28 - Epoch 1 training started...
INFO - 06/02/26 22:55:42 - 0:02:13 - Epoch 1: Total Loss: 2.3126
INFO - 06/02/26 22:56:19 - 0:02:50 - Epoch 1: Clean - Acc: 0.5654
INFO - 06/02/26 22:56:19 - 0:02:50 -  *** NEW BEST CLEAN ACC *** Epoch 1 | Clean Acc: 0.5654
INFO - 06/02/26 22:56:19 - 0:02:50 - Epoch 2 training started...
INFO - 06/02/26 22:57:01 - 0:03:33 - Epoch 2: Total Loss: 1.4992
INFO - 06/02/26 22:57:38 - 0:04:09 - Epoch 2: Clean - Acc: 0.5868
INFO - 06/02/26 22:57:38 - 0:04:10 -  *** NEW BEST CLEAN ACC *** Epoch 2 | Clean Acc: 0.5868
INFO - 06/02/26 22:57:38 - 0:04:10 - Epoch 3 training started...
INFO - 06/02/26 22:58:20 - 0:04:51 - Epoch 3: Total Loss: 0.9671
INFO - 06/02/26 22:58:57 - 0:05:28 - Epoch 3: Clean - Acc: 0.5950
INFO - 06/02/26 22:58:57 - 0:05:28 -  *** NEW BEST CLEAN ACC *** Epoch 3 | Clean Acc: 0.5950
INFO - 06/02/26 22:58:57 - 0:05:28 - Epoch 4 training started...
INFO - 06/02/26 22:59:39 - 0:06:11 - Epoch 4: Total Loss: 0.6037
INFO - 06/02/26 23:00:16 - 0:06:47 - Epoch 4: Clean - Acc: 0.5913
INFO - 06/02/26 23:00:16 - 0:06:47 - Epoch 5 training started...
INFO - 06/02/26 23:00:58 - 0:07:29 - Epoch 5: Total Loss: 0.4216
INFO - 06/02/26 23:01:34 - 0:08:06 - Epoch 5: Clean - Acc: 0.5935
INFO - 06/02/26 23:01:34 - 0:08:06 - Epoch 6 training started...
INFO - 06/02/26 23:02:17 - 0:08:48 - Epoch 6: Total Loss: 0.3036
INFO - 06/02/26 23:02:54 - 0:09:25 - Epoch 6: Clean - Acc: 0.5935
INFO - 06/02/26 23:02:54 - 0:09:25 - Epoch 7 training started...
INFO - 06/02/26 23:03:35 - 0:10:06 - Epoch 7: Total Loss: 0.2123
INFO - 06/02/26 23:04:11 - 0:10:43 - Epoch 7: Clean - Acc: 0.5969
INFO - 06/02/26 23:04:12 - 0:10:43 -  *** NEW BEST CLEAN ACC *** Epoch 7 | Clean Acc: 0.5969
INFO - 06/02/26 23:04:12 - 0:10:43 - Epoch 8 training started...
INFO - 06/02/26 23:04:53 - 0:11:24 - Epoch 8: Total Loss: 0.1742
INFO - 06/02/26 23:05:30 - 0:12:01 - Epoch 8: Clean - Acc: 0.5903
INFO - 06/02/26 23:05:30 - 0:12:01 - Epoch 9 training started...
INFO - 06/02/26 23:06:12 - 0:12:44 - Epoch 9: Total Loss: 0.1226
INFO - 06/02/26 23:06:49 - 0:13:20 - Epoch 9: Clean - Acc: 0.5870
INFO - 06/02/26 23:06:49 - 0:13:20 - Epoch 10 training started...
INFO - 06/02/26 23:07:30 - 0:14:01 - Epoch 10: Total Loss: 0.1022
INFO - 06/02/26 23:08:07 - 0:14:38 - Epoch 10: Clean - Acc: 0.5993
INFO - 06/02/26 23:08:07 - 0:14:38 -  *** NEW BEST CLEAN ACC *** Epoch 10 | Clean Acc: 0.5993
INFO - 06/02/26 23:08:07 - 0:14:38 - Epoch 11 training started...
INFO - 06/02/26 23:08:49 - 0:15:20 - Epoch 11: Total Loss: 0.0840
INFO - 06/02/26 23:09:30 - 0:16:01 - Epoch 11: Clean - Acc: 0.5988
INFO - 06/02/26 23:09:30 - 0:16:01 - Epoch 12 training started...
INFO - 06/02/26 23:10:15 - 0:16:46 - Epoch 12: Total Loss: 0.0802
INFO - 06/02/26 23:10:52 - 0:17:24 - Epoch 12: Clean - Acc: 0.6064
INFO - 06/02/26 23:10:53 - 0:17:24 -  *** NEW BEST CLEAN ACC *** Epoch 12 | Clean Acc: 0.6064
INFO - 06/02/26 23:10:53 - 0:17:24 - Epoch 13 training started...
INFO - 06/02/26 23:11:34 - 0:18:06 - Epoch 13: Total Loss: 0.0609
INFO - 06/02/26 23:12:11 - 0:18:42 - Epoch 13: Clean - Acc: 0.6057
INFO - 06/02/26 23:12:11 - 0:18:42 - Epoch 14 training started...
INFO - 06/02/26 23:12:53 - 0:19:24 - Epoch 14: Total Loss: 0.0565
INFO - 06/02/26 23:13:29 - 0:20:00 - Epoch 14: Clean - Acc: 0.5950
INFO - 06/02/26 23:13:29 - 0:20:00 - Epoch 15 training started...
INFO - 06/02/26 23:14:11 - 0:20:43 - Epoch 15: Total Loss: 0.0779
INFO - 06/02/26 23:14:48 - 0:21:19 - Epoch 15: Clean - Acc: 0.5999
INFO - 06/02/26 23:14:48 - 0:21:19 - Epoch 16 training started...
INFO - 06/02/26 23:15:30 - 0:22:01 - Epoch 16: Total Loss: 0.1075
INFO - 06/02/26 23:16:06 - 0:22:37 - Epoch 16: Clean - Acc: 0.5967
INFO - 06/02/26 23:16:06 - 0:22:37 - Epoch 17 training started...
INFO - 06/02/26 23:16:48 - 0:23:19 - Epoch 17: Total Loss: 0.1750
INFO - 06/02/26 23:17:24 - 0:23:55 - Epoch 17: Clean - Acc: 0.5943
INFO - 06/02/26 23:17:24 - 0:23:55 - Epoch 18 training started...
INFO - 06/02/26 23:18:06 - 0:24:37 - Epoch 18: Total Loss: 0.2988
INFO - 06/02/26 23:18:42 - 0:25:13 - Epoch 18: Clean - Acc: 0.5445
INFO - 06/02/26 23:18:42 - 0:25:13 - Epoch 19 training started...
INFO - 06/02/26 23:19:24 - 0:25:55 - Epoch 19: Total Loss: 0.3551
INFO - 06/02/26 23:20:00 - 0:26:31 - Epoch 19: Clean - Acc: 0.5699
INFO - 06/02/26 23:20:00 - 0:26:31 - Epoch 20 training started...
INFO - 06/02/26 23:20:42 - 0:27:13 - Epoch 20: Total Loss: 0.2636
INFO - 06/02/26 23:21:18 - 0:27:49 - Epoch 20: Clean - Acc: 0.5714
INFO - 06/02/26 23:21:18 - 0:27:49 - Epoch 21 training started...
INFO - 06/02/26 23:22:00 - 0:28:31 - Epoch 21: Total Loss: 0.1950
INFO - 06/02/26 23:22:36 - 0:29:07 - Epoch 21: Clean - Acc: 0.5825
INFO - 06/02/26 23:22:36 - 0:29:07 - Epoch 22 training started...
INFO - 06/02/26 23:23:18 - 0:29:49 - Epoch 22: Total Loss: 0.1075
INFO - 06/02/26 23:23:55 - 0:30:26 - Epoch 22: Clean - Acc: 0.5978
INFO - 06/02/26 23:23:55 - 0:30:26 - Epoch 23 training started...
INFO - 06/02/26 23:24:40 - 0:31:11 - Epoch 23: Total Loss: 0.0570
INFO - 06/02/26 23:25:21 - 0:31:52 - Epoch 23: Clean - Acc: 0.6066
INFO - 06/02/26 23:25:21 - 0:31:52 -  *** NEW BEST CLEAN ACC *** Epoch 23 | Clean Acc: 0.6066
INFO - 06/02/26 23:25:21 - 0:31:52 - Epoch 24 training started...
INFO - 06/02/26 23:26:03 - 0:32:34 - Epoch 24: Total Loss: 0.0498
INFO - 06/02/26 23:26:40 - 0:33:11 - Epoch 24: Clean - Acc: 0.6104
INFO - 06/02/26 23:26:40 - 0:33:11 -  *** NEW BEST CLEAN ACC *** Epoch 24 | Clean Acc: 0.6104
INFO - 06/02/26 23:26:40 - 0:33:11 - Epoch 25 training started...
INFO - 06/02/26 23:27:21 - 0:33:53 - Epoch 25: Total Loss: 0.0294
INFO - 06/02/26 23:27:58 - 0:34:29 - Epoch 25: Clean - Acc: 0.6042
INFO - 06/02/26 23:27:58 - 0:34:29 - Epoch 26 training started...
INFO - 06/02/26 23:28:41 - 0:35:12 - Epoch 26: Total Loss: 0.0205
INFO - 06/02/26 23:29:17 - 0:35:48 - Epoch 26: Clean - Acc: 0.6167
INFO - 06/02/26 23:29:18 - 0:35:49 -  *** NEW BEST CLEAN ACC *** Epoch 26 | Clean Acc: 0.6167
INFO - 06/02/26 23:29:18 - 0:35:49 - Epoch 27 training started...
INFO - 06/02/26 23:30:00 - 0:36:31 - Epoch 27: Total Loss: 0.0224
INFO - 06/02/26 23:30:37 - 0:37:08 - Epoch 27: Clean - Acc: 0.6154
INFO - 06/02/26 23:30:37 - 0:37:08 - Epoch 28 training started...
INFO - 06/02/26 23:31:18 - 0:37:49 - Epoch 28: Total Loss: 0.0193
INFO - 06/02/26 23:31:55 - 0:38:26 - Epoch 28: Clean - Acc: 0.6016
INFO - 06/02/26 23:31:55 - 0:38:26 - Epoch 29 training started...
INFO - 06/02/26 23:32:37 - 0:39:08 - Epoch 29: Total Loss: 0.0234
INFO - 06/02/26 23:33:14 - 0:39:45 - Epoch 29: Clean - Acc: 0.6038
INFO - 06/02/26 23:33:14 - 0:39:45 - Epoch 30 training started...
INFO - 06/02/26 23:33:56 - 0:40:27 - Epoch 30: Total Loss: 0.0133
INFO - 06/02/26 23:34:32 - 0:41:04 - Epoch 30: Clean - Acc: 0.6076
INFO - 06/02/26 23:34:32 - 0:41:04 - Epoch 31 training started...
INFO - 06/02/26 23:35:14 - 0:41:45 - Epoch 31: Total Loss: 0.0176
INFO - 06/02/26 23:35:50 - 0:42:21 - Epoch 31: Clean - Acc: 0.6156
INFO - 06/02/26 23:35:50 - 0:42:21 - Epoch 32 training started...
INFO - 06/02/26 23:36:31 - 0:43:03 - Epoch 32: Total Loss: 0.0279
INFO - 06/02/26 23:37:08 - 0:43:39 - Epoch 32: Clean - Acc: 0.5941
INFO - 06/02/26 23:37:08 - 0:43:39 - Epoch 33 training started...
INFO - 06/02/26 23:37:49 - 0:44:21 - Epoch 33: Total Loss: 0.0363
INFO - 06/02/26 23:38:26 - 0:44:57 - Epoch 33: Clean - Acc: 0.5883
INFO - 06/02/26 23:38:26 - 0:44:57 - Epoch 34 training started...
INFO - 06/02/26 23:39:08 - 0:45:39 - Epoch 34: Total Loss: 0.0842
INFO - 06/02/26 23:39:49 - 0:46:21 - Epoch 34: Clean - Acc: 0.5911
INFO - 06/02/26 23:39:49 - 0:46:21 - Epoch 35 training started...
INFO - 06/02/26 23:40:34 - 0:47:05 - Epoch 35: Total Loss: 0.1500
INFO - 06/02/26 23:41:11 - 0:47:42 - Epoch 35: Clean - Acc: 0.5697
INFO - 06/02/26 23:41:11 - 0:47:42 - Epoch 36 training started...
INFO - 06/02/26 23:41:52 - 0:48:23 - Epoch 36: Total Loss: 0.3364
INFO - 06/02/26 23:42:29 - 0:49:00 - Epoch 36: Clean - Acc: 0.5355
INFO - 06/02/26 23:42:29 - 0:49:00 - Epoch 37 training started...
INFO - 06/02/26 23:43:10 - 0:49:41 - Epoch 37: Total Loss: 0.4658
INFO - 06/02/26 23:43:47 - 0:50:18 - Epoch 37: Clean - Acc: 0.5907
INFO - 06/02/26 23:43:47 - 0:50:18 - Epoch 38 training started...
INFO - 06/02/26 23:44:28 - 0:50:59 - Epoch 38: Total Loss: 0.1416
INFO - 06/02/26 23:45:05 - 0:51:36 - Epoch 38: Clean - Acc: 0.6085
INFO - 06/02/26 23:45:05 - 0:51:36 - Epoch 39 training started...
INFO - 06/02/26 23:45:47 - 0:52:18 - Epoch 39: Total Loss: 0.0447
INFO - 06/02/26 23:46:23 - 0:52:54 - Epoch 39: Clean - Acc: 0.6104
INFO - 06/02/26 23:46:23 - 0:52:54 - Epoch 40 training started...
INFO - 06/02/26 23:47:04 - 0:53:36 - Epoch 40: Total Loss: 0.0239
INFO - 06/02/26 23:47:41 - 0:54:12 - Epoch 40: Clean - Acc: 0.6128
INFO - 06/02/26 23:47:41 - 0:54:12 - Epoch 41 training started...
INFO - 06/02/26 23:48:22 - 0:54:54 - Epoch 41: Total Loss: 0.0159
INFO - 06/02/26 23:48:59 - 0:55:30 - Epoch 41: Clean - Acc: 0.6117
INFO - 06/02/26 23:48:59 - 0:55:30 - Epoch 42 training started...
INFO - 06/02/26 23:49:40 - 0:56:12 - Epoch 42: Total Loss: 0.0133
INFO - 06/02/26 23:50:17 - 0:56:48 - Epoch 42: Clean - Acc: 0.6199
INFO - 06/02/26 23:50:17 - 0:56:48 -  *** NEW BEST CLEAN ACC *** Epoch 42 | Clean Acc: 0.6199
INFO - 06/02/26 23:50:17 - 0:56:48 - Epoch 43 training started...
INFO - 06/02/26 23:50:59 - 0:57:30 - Epoch 43: Total Loss: 0.0109
INFO - 06/02/26 23:51:35 - 0:58:07 - Epoch 43: Clean - Acc: 0.6158
INFO - 06/02/26 23:51:35 - 0:58:07 - Epoch 44 training started...
INFO - 06/02/26 23:52:17 - 0:58:49 - Epoch 44: Total Loss: 0.0091
INFO - 06/02/26 23:52:54 - 0:59:25 - Epoch 44: Clean - Acc: 0.6179
INFO - 06/02/26 23:52:54 - 0:59:25 - Epoch 45 training started...
INFO - 06/02/26 23:53:35 - 1:00:07 - Epoch 45: Total Loss: 0.0085
INFO - 06/02/26 23:54:14 - 1:00:45 - Epoch 45: Clean - Acc: 0.6169
INFO - 06/02/26 23:54:14 - 1:00:45 - Epoch 46 training started...
INFO - 06/02/26 23:54:59 - 1:01:30 - Epoch 46: Total Loss: 0.0066
INFO - 06/02/26 23:55:39 - 1:02:10 - Epoch 46: Clean - Acc: 0.6190
INFO - 06/02/26 23:55:39 - 1:02:10 - Epoch 47 training started...
INFO - 06/02/26 23:56:20 - 1:02:51 - Epoch 47: Total Loss: 0.0064
INFO - 06/02/26 23:56:57 - 1:03:28 - Epoch 47: Clean - Acc: 0.6207
INFO - 06/02/26 23:56:57 - 1:03:28 -  *** NEW BEST CLEAN ACC *** Epoch 47 | Clean Acc: 0.6207
INFO - 06/02/26 23:56:57 - 1:03:28 - Epoch 48 training started...
INFO - 06/02/26 23:57:38 - 1:04:10 - Epoch 48: Total Loss: 0.0053
INFO - 06/02/26 23:58:15 - 1:04:46 - Epoch 48: Clean - Acc: 0.6171
INFO - 06/02/26 23:58:15 - 1:04:46 - Epoch 49 training started...
INFO - 06/02/26 23:58:56 - 1:05:28 - Epoch 49: Total Loss: 0.0049
INFO - 06/02/26 23:59:33 - 1:06:04 - Epoch 49: Clean - Acc: 0.6207
INFO - 06/02/26 23:59:33 - 1:06:04 - Loading best model for final robust evaluation on Test sets...
INFO - 06/02/26 23:59:34 - 1:06:05 - Generating and Evaluating on dataset for: Clean Test ...
INFO - 06/03/26 00:00:10 - 1:06:41 - Generating and Evaluating on dataset for: Salt & Pepper (Lvl 5.0) ...
INFO - 06/03/26 00:00:47 - 1:07:18 - Generating and Evaluating on dataset for: Salt & Pepper (Lvl 10.0) ...
INFO - 06/03/26 00:01:25 - 1:07:56 - Generating and Evaluating on dataset for: Gaussian (Lvl 5.0) ...
INFO - 06/03/26 00:02:03 - 1:08:34 - Generating and Evaluating on dataset for: Gaussian (Lvl 10.0) ...
INFO - 06/03/26 00:02:41 - 1:09:12 - 
                                     ============================================================
INFO - 06/03/26 00:02:41 - 1:09:12 -       FINAL ROBUSTNESS EVALUATION RESULTS ON TEST SET       
INFO - 06/03/26 00:02:41 - 1:09:12 - ============================================================
INFO - 06/03/26 00:02:41 - 1:09:12 - | Test Scenario                       | Score (Acc)        |
INFO - 06/03/26 00:02:41 - 1:09:12 - |-------------------------------------|--------------------|
INFO - 06/03/26 00:02:41 - 1:09:12 - | Clean Test                          |             0.6207 |
INFO - 06/03/26 00:02:41 - 1:09:12 - | Salt & Pepper (Lvl 5.0)             |             0.4769 |
INFO - 06/03/26 00:02:41 - 1:09:12 - | Salt & Pepper (Lvl 10.0)            |             0.3559 |
INFO - 06/03/26 00:02:41 - 1:09:12 - | Gaussian (Lvl 5.0)                  |             0.4997 |
INFO - 06/03/26 00:02:41 - 1:09:12 - | Gaussian (Lvl 10.0)                 |             0.3936 |
INFO - 06/03/26 00:02:41 - 1:09:12 - ============================================================
                                     
INFO - 06/03/26 00:02:41 - 1:09:12 - Saved final results to e:\Paper_Experiment\DML\DML_v1\RGB_v1\savepath\sun_rgbd\dml_sun_seed0_lr0.00024\final_results.json
INFO - 06/03/26 00:02:41 - 1:09:12 - Best Clean Model: epoch=47, clean_acc=0.6207
INFO - 06/03/26 00:02:41 - 1:09:12 - Appended experiment record to e:\Paper_Experiment\DML\DML_v1\RGB_v1\savepath\sun_rgbd\all_experiments.json
INFO - 06/08/26 22:05:24 - 0:00:00 - CONTENT_MODEL_PATH: e:\Paper_Experiment\DML\DML_v1\RGB_v1\checkpoint\resnet18_pretrained.pth
                                     FINE_SIZE: 224
                                     LOAD_SIZE: 256
                                     batch_sz: 64
                                     data_path: e:\Paper_Experiment\DML\DML_v1\datasets_shared\sunrgbd
                                     dropout: 0.3
                                     early_stop_min_delta: 0.0
                                     early_stop_patience: 3
                                     img_embed_pool_type: avg
                                     img_hidden_sz: 512
                                     lr: 0.00024
                                     lr_factor: 0.3
                                     lr_patience: 10
                                     max_epochs: 50
                                     n_classes: 19
                                     n_workers: 8
                                     name: dml_sun_seed0_lr0.00024
                                     note: 
                                     num_image_embeds: 1
                                     savedir: e:\Paper_Experiment\DML\DML_v1\RGB_v1\savepath\sun_rgbd\dml_sun_seed0_lr0.00024
                                     seed: 0
INFO - 06/08/26 22:05:25 - 0:00:00 - Epoch 0 training started...
INFO - 06/08/26 22:06:11 - 0:00:46 - Epoch 0: Total Loss: 4.3274, loss_both:1.3329, loss_rgb:1.3607, loss_depth:1.6337, acc_both:0.6088, acc_rgb:0.5889, acc_depth:0.5115
INFO - 06/08/26 22:06:49 - 0:01:25 - Epoch 0: Clean - Acc: 0.5505
INFO - 06/08/26 22:06:49 - 0:01:25 -  *** NEW BEST CLEAN ACC *** Epoch 0 | Clean Acc: 0.5505
INFO - 06/08/26 22:06:49 - 0:01:25 - Epoch 1 training started...
INFO - 06/08/26 22:07:35 - 0:02:10 - Epoch 1: Total Loss: 2.3126, loss_both:0.6504, loss_rgb:0.6651, loss_depth:0.9971, acc_both:0.8151, acc_rgb:0.7945, acc_depth:0.6928
INFO - 06/08/26 22:08:13 - 0:02:49 - Epoch 1: Clean - Acc: 0.5654
INFO - 06/08/26 22:08:13 - 0:02:49 -  *** NEW BEST CLEAN ACC *** Epoch 1 | Clean Acc: 0.5654
INFO - 06/08/26 22:08:13 - 0:02:49 - Epoch 2 training started...
INFO - 06/08/26 22:08:59 - 0:03:34 - Epoch 2: Total Loss: 1.4992, loss_both:0.3806, loss_rgb:0.4027, loss_depth:0.7159, acc_both:0.9031, acc_rgb:0.8794, acc_depth:0.7705
INFO - 06/08/26 22:09:37 - 0:04:13 - Epoch 2: Clean - Acc: 0.5868
INFO - 06/08/26 22:09:38 - 0:04:13 -  *** NEW BEST CLEAN ACC *** Epoch 2 | Clean Acc: 0.5868
INFO - 06/08/26 22:09:38 - 0:04:13 - Epoch 3 training started...
INFO - 06/08/26 22:10:23 - 0:04:59 - Epoch 3: Total Loss: 0.9671, loss_both:0.2150, loss_rgb:0.2409, loss_depth:0.5113, acc_both:0.9512, acc_rgb:0.9318, acc_depth:0.8455
INFO - 06/08/26 22:11:02 - 0:05:37 - Epoch 3: Clean - Acc: 0.5950
INFO - 06/08/26 22:11:02 - 0:05:38 -  *** NEW BEST CLEAN ACC *** Epoch 3 | Clean Acc: 0.5950
INFO - 06/08/26 22:11:02 - 0:05:38 - Epoch 4 training started...
INFO - 06/08/26 22:11:48 - 0:06:23 - Epoch 4: Total Loss: 0.6037, loss_both:0.1144, loss_rgb:0.1384, loss_depth:0.3509, acc_both:0.9814, acc_rgb:0.9659, acc_depth:0.8975
INFO - 06/08/26 22:12:26 - 0:07:02 - Epoch 4: Clean - Acc: 0.5913
INFO - 06/08/26 22:12:26 - 0:07:02 - No clean accuracy improvement for 1/3 epochs.
INFO - 06/08/26 22:12:26 - 0:07:02 - Epoch 5 training started...
INFO - 06/08/26 22:13:12 - 0:07:47 - Epoch 5: Total Loss: 0.4216, loss_both:0.0699, loss_rgb:0.0966, loss_depth:0.2551, acc_both:0.9919, acc_rgb:0.9746, acc_depth:0.9269
INFO - 06/08/26 22:13:50 - 0:08:26 - Epoch 5: Clean - Acc: 0.5935
INFO - 06/08/26 22:13:50 - 0:08:26 - No clean accuracy improvement for 2/3 epochs.
INFO - 06/08/26 22:13:50 - 0:08:26 - Epoch 6 training started...
INFO - 06/08/26 22:14:35 - 0:09:11 - Epoch 6: Total Loss: 0.3036, loss_both:0.0472, loss_rgb:0.0848, loss_depth:0.1716, acc_both:0.9924, acc_rgb:0.9767, acc_depth:0.9572
INFO - 06/08/26 22:15:14 - 0:09:49 - Epoch 6: Clean - Acc: 0.5935
INFO - 06/08/26 22:15:14 - 0:09:49 - No clean accuracy improvement for 3/3 epochs.
INFO - 06/08/26 22:15:14 - 0:09:49 - Stopping early at epoch 6: clean accuracy did not improve by at least 0.0 for 3 epochs.
INFO - 06/08/26 22:15:14 - 0:09:49 - Loading best model for final robust evaluation on Test sets...
INFO - 06/08/26 22:15:14 - 0:09:50 - Generating and Evaluating on dataset for: Clean Test ...
INFO - 06/08/26 22:15:52 - 0:10:28 - Generating and Evaluating on dataset for: Salt & Pepper (Lvl 5.0) ...
INFO - 06/08/26 22:16:31 - 0:11:07 - Generating and Evaluating on dataset for: Salt & Pepper (Lvl 10.0) ...
INFO - 06/08/26 22:17:11 - 0:11:47 - Generating and Evaluating on dataset for: Gaussian (Lvl 5.0) ...
INFO - 06/08/26 22:17:52 - 0:12:27 - Generating and Evaluating on dataset for: Gaussian (Lvl 10.0) ...
INFO - 06/08/26 22:18:32 - 0:13:08 - 
                                     ============================================================
INFO - 06/08/26 22:18:32 - 0:13:08 -       FINAL ROBUSTNESS EVALUATION RESULTS ON TEST SET       
INFO - 06/08/26 22:18:32 - 0:13:08 - ============================================================
INFO - 06/08/26 22:18:32 - 0:13:08 - | Test Scenario                       | Score (Acc)        |
INFO - 06/08/26 22:18:32 - 0:13:08 - |-------------------------------------|--------------------|
INFO - 06/08/26 22:18:32 - 0:13:08 - | Clean Test                          |             0.5950 |
INFO - 06/08/26 22:18:32 - 0:13:08 - | Salt & Pepper (Lvl 5.0)             |             0.5181 |
INFO - 06/08/26 22:18:32 - 0:13:08 - | Salt & Pepper (Lvl 10.0)            |             0.4078 |
INFO - 06/08/26 22:18:32 - 0:13:08 - | Gaussian (Lvl 5.0)                  |             0.4767 |
INFO - 06/08/26 22:18:32 - 0:13:08 - | Gaussian (Lvl 10.0)                 |             0.4037 |
INFO - 06/08/26 22:18:32 - 0:13:08 - ============================================================
                                     
INFO - 06/08/26 22:18:32 - 0:13:08 - Saved final results to e:\Paper_Experiment\DML\DML_v1\RGB_v1\savepath\sun_rgbd\dml_sun_seed0_lr0.00024\final_results.json
INFO - 06/08/26 22:18:32 - 0:13:08 - Best Clean Model: epoch=3, clean_acc=0.5950
INFO - 06/08/26 22:18:32 - 0:13:08 - Appended experiment record to e:\Paper_Experiment\DML\DML_v1\RGB_v1\savepath\sun_rgbd\all_experiments.json
