2026-06-03 18:20:35,440 ---------------------Cfg is set as follow--------------------
2026-06-03 18:20:35,440 {'dataset': {'dataset_name': 'CREMA-D', 'data_root': 'E:/Paper_Experiment/DML/DML_v1/datasets_shared/CREMA-D'}, 'visual': {'name': 'resnet18', 'freeze': False, 'pretrain': False, 'hidden_dim': 512}, 'text': {'name': 'resnet18'}, 'loss': {'type': 'CrossEntropy'}, 'head': {'type': 'MLP'}, 'train': {'epoch_dict': 100, 'batch_size': 16, 'num_workers': 0, 'val_size': 16, 'val_batch_size': 16, 'val_num_workers': 0, 'shuffle': True, 'optimizer': {'type': 'SGD', 'lr': 0.005, 'momentum': 0.9, 'wc': 0.0001}, 'lr_scheduler': {'type': 'normal', 'patience': 70}}, 'test': {'batch_size': 32, 'num_workers': 0}, 'setting': {'type': 'CREMA Classification', 'num_class': 6}, 'experiment': {'name': 'dml_cremad_seed0_lr0.005', 'note': ''}, 'save_dir': 'E:/Paper_Experiment/DML/DML_v1/CREMAD_v1/savepath/CREMA-D', 'output_dir': 'e:\\Paper_Experiment\\DML\\DML_v1\\CREMAD_v1', 'seed': 0, 'fps': 3, 'use_gpu': True, 'gpu_id': 0, 'debug': False, 'run_dir': 'E:/Paper_Experiment/DML/DML_v1/CREMAD_v1/savepath/CREMA-D\\dml_cremad_seed0_lr0.005', 'log_name': 'training.log'}
2026-06-03 18:20:35,440 -------------------------------------------------------------
2026-06-03 18:20:35,852 Train samples: 5869, Val samples: 16, Test samples: 1557
2026-06-03 18:20:36,324 Epoch 0 is pending...
2026-06-03 18:23:57,898 +++++++++++++++++++++++++++++++++++++++++++++++++++++++
2026-06-03 18:23:57,898 Epoch 0: Average Training Loss: 5.3695, loss_fused:1.6517, loss_audio:1.6679, loss_video:2.0499, acc_fused:0.3239, acc_audio:0.3609, acc_video:0.1622
2026-06-03 18:24:33,302 +++++++++++++++++++++++++++++++++++++++++++++++++++++++
2026-06-03 18:24:33,302 Epoch 0: f1:0.0486, acc:0.1708, mAP:0.2574, f1_a:0.0486, acc_a:0.1708, mAP_a:0.2628, f1_v:0.0804, acc_v:0.1657, mAP_v:0.1707
2026-06-03 18:24:33,302 NEW BEST ACC | Epoch 0 | Acc: 0.1708
2026-06-03 18:24:33,396 Model saved to E:/Paper_Experiment/DML/DML_v1/CREMAD_v1/savepath/CREMA-D\dml_cremad_seed0_lr0.005\model_best_clean.pt
2026-06-03 18:24:33,397 Epoch 1 is pending...
2026-06-03 18:27:45,668 +++++++++++++++++++++++++++++++++++++++++++++++++++++++
2026-06-03 18:27:45,668 Epoch 1: Average Training Loss: 4.6572, loss_fused:1.4017, loss_audio:1.4236, loss_video:1.8319, acc_fused:0.4311, acc_audio:0.4442, acc_video:0.1890
2026-06-03 18:28:19,118 +++++++++++++++++++++++++++++++++++++++++++++++++++++++
2026-06-03 18:28:19,118 Epoch 1: f1:0.1597, acc:0.2486, mAP:0.4963, f1_a:0.1586, acc_a:0.2434, mAP_a:0.4626, f1_v:0.1143, acc_v:0.1779, mAP_v:0.1799
2026-06-03 18:28:19,119 NEW BEST ACC | Epoch 1 | Acc: 0.2486
2026-06-03 18:28:19,209 Model saved to E:/Paper_Experiment/DML/DML_v1/CREMAD_v1/savepath/CREMA-D\dml_cremad_seed0_lr0.005\model_best_clean.pt
2026-06-03 18:28:19,209 Epoch 2 is pending...
2026-06-03 18:31:31,370 +++++++++++++++++++++++++++++++++++++++++++++++++++++++
2026-06-03 18:31:31,370 Epoch 2: Average Training Loss: 4.4693, loss_fused:1.3147, loss_audio:1.3748, loss_video:1.7798, acc_fused:0.4836, acc_audio:0.4863, acc_video:0.2235
2026-06-03 18:32:04,995 +++++++++++++++++++++++++++++++++++++++++++++++++++++++
2026-06-03 18:32:04,995 Epoch 2: f1:0.3398, acc:0.3873, mAP:0.5048, f1_a:0.4431, acc_a:0.4676, mAP_a:0.5441, f1_v:0.0910, acc_v:0.1728, mAP_v:0.1926
2026-06-03 18:32:04,995 NEW BEST ACC | Epoch 2 | Acc: 0.3873
2026-06-03 18:32:05,087 Model saved to E:/Paper_Experiment/DML/DML_v1/CREMAD_v1/savepath/CREMA-D\dml_cremad_seed0_lr0.005\model_best_clean.pt
2026-06-03 18:32:05,087 Epoch 3 is pending...
2026-06-03 18:35:20,534 +++++++++++++++++++++++++++++++++++++++++++++++++++++++
2026-06-03 18:35:20,534 Epoch 3: Average Training Loss: 4.1516, loss_fused:1.1833, loss_audio:1.2640, loss_video:1.7043, acc_fused:0.5473, acc_audio:0.5234, acc_video:0.2581
2026-06-03 18:35:55,238 +++++++++++++++++++++++++++++++++++++++++++++++++++++++
2026-06-03 18:35:55,239 Epoch 3: f1:0.4885, acc:0.5067, mAP:0.6250, f1_a:0.5212, acc_a:0.5202, mAP_a:0.5844, f1_v:0.1148, acc_v:0.2177, mAP_v:0.2339
2026-06-03 18:35:55,239 NEW BEST ACC | Epoch 3 | Acc: 0.5067
2026-06-03 18:35:55,325 Model saved to E:/Paper_Experiment/DML/DML_v1/CREMAD_v1/savepath/CREMA-D\dml_cremad_seed0_lr0.005\model_best_clean.pt
2026-06-03 18:35:55,325 Epoch 4 is pending...
2026-06-03 18:39:03,515 +++++++++++++++++++++++++++++++++++++++++++++++++++++++
2026-06-03 18:39:03,515 Epoch 4: Average Training Loss: 3.9375, loss_fused:1.0857, loss_audio:1.2097, loss_video:1.6421, acc_fused:0.5935, acc_audio:0.5493, acc_video:0.2864
2026-06-03 18:39:36,330 +++++++++++++++++++++++++++++++++++++++++++++++++++++++
2026-06-03 18:39:36,330 Epoch 4: f1:0.5146, acc:0.5138, mAP:0.6138, f1_a:0.4898, acc_a:0.4862, mAP_a:0.5899, f1_v:0.1798, acc_v:0.2197, mAP_v:0.2428
2026-06-03 18:39:36,330 NEW BEST ACC | Epoch 4 | Acc: 0.5138
2026-06-03 18:39:36,416 Model saved to E:/Paper_Experiment/DML/DML_v1/CREMAD_v1/savepath/CREMA-D\dml_cremad_seed0_lr0.005\model_best_clean.pt
2026-06-03 18:39:36,417 Epoch 5 is pending...
2026-06-03 18:42:41,741 +++++++++++++++++++++++++++++++++++++++++++++++++++++++
2026-06-03 18:42:41,742 Epoch 5: Average Training Loss: 3.8421, loss_fused:1.0436, loss_audio:1.1891, loss_video:1.6094, acc_fused:0.6125, acc_audio:0.5485, acc_video:0.2885
2026-06-03 18:43:14,835 +++++++++++++++++++++++++++++++++++++++++++++++++++++++
2026-06-03 18:43:14,835 Epoch 5: f1:0.4700, acc:0.4945, mAP:0.5933, f1_a:0.4687, acc_a:0.4836, mAP_a:0.5780, f1_v:0.1657, acc_v:0.1997, mAP_v:0.2212
2026-06-03 18:43:14,835 Epoch 6 is pending...
2026-06-03 18:46:21,064 +++++++++++++++++++++++++++++++++++++++++++++++++++++++
2026-06-03 18:46:21,064 Epoch 6: Average Training Loss: 3.6915, loss_fused:0.9823, loss_audio:1.1237, loss_video:1.5856, acc_fused:0.6417, acc_audio:0.5773, acc_video:0.2978
2026-06-03 18:46:54,283 +++++++++++++++++++++++++++++++++++++++++++++++++++++++
2026-06-03 18:46:54,283 Epoch 6: f1:0.3706, acc:0.4406, mAP:0.6329, f1_a:0.2846, acc_a:0.3654, mAP_a:0.5103, f1_v:0.2491, acc_v:0.2916, mAP_v:0.3276
2026-06-03 18:46:54,284 Epoch 7 is pending...
2026-06-03 18:50:01,610 +++++++++++++++++++++++++++++++++++++++++++++++++++++++
2026-06-03 18:50:01,610 Epoch 7: Average Training Loss: 3.5387, loss_fused:0.9168, loss_audio:1.0800, loss_video:1.5419, acc_fused:0.6712, acc_audio:0.5981, acc_video:0.3316
2026-06-03 18:50:35,916 +++++++++++++++++++++++++++++++++++++++++++++++++++++++
2026-06-03 18:50:35,916 Epoch 7: f1:0.6126, acc:0.6204, mAP:0.7134, f1_a:0.5629, acc_a:0.5755, mAP_a:0.6369, f1_v:0.2203, acc_v:0.2787, mAP_v:0.3225
2026-06-03 18:50:35,916 NEW BEST ACC | Epoch 7 | Acc: 0.6204
2026-06-03 18:50:36,005 Model saved to E:/Paper_Experiment/DML/DML_v1/CREMAD_v1/savepath/CREMA-D\dml_cremad_seed0_lr0.005\model_best_clean.pt
2026-06-03 18:50:36,005 Epoch 8 is pending...
2026-06-03 18:53:39,422 +++++++++++++++++++++++++++++++++++++++++++++++++++++++
2026-06-03 18:53:39,422 Epoch 8: Average Training Loss: 3.3644, loss_fused:0.8497, loss_audio:1.0240, loss_video:1.4907, acc_fused:0.6918, acc_audio:0.6180, acc_video:0.3469
2026-06-03 18:54:12,005 +++++++++++++++++++++++++++++++++++++++++++++++++++++++
2026-06-03 18:54:12,005 Epoch 8: f1:0.5648, acc:0.5620, mAP:0.7027, f1_a:0.5567, acc_a:0.5607, mAP_a:0.6439, f1_v:0.2089, acc_v:0.2665, mAP_v:0.3100
2026-06-03 18:54:12,005 Epoch 9 is pending...
2026-06-03 18:57:19,057 +++++++++++++++++++++++++++++++++++++++++++++++++++++++
2026-06-03 18:57:19,057 Epoch 9: Average Training Loss: 3.1571, loss_fused:0.7713, loss_audio:0.9379, loss_video:1.4479, acc_fused:0.7291, acc_audio:0.6531, acc_video:0.3783
2026-06-03 18:57:51,724 +++++++++++++++++++++++++++++++++++++++++++++++++++++++
2026-06-03 18:57:51,725 Epoch 9: f1:0.4734, acc:0.5151, mAP:0.7126, f1_a:0.4524, acc_a:0.4804, mAP_a:0.6206, f1_v:0.2611, acc_v:0.3404, mAP_v:0.3610
2026-06-03 18:57:51,725 Epoch 10 is pending...
2026-06-03 19:00:57,266 +++++++++++++++++++++++++++++++++++++++++++++++++++++++
2026-06-03 19:00:57,266 Epoch 10: Average Training Loss: 3.0443, loss_fused:0.7224, loss_audio:0.8970, loss_video:1.4250, acc_fused:0.7436, acc_audio:0.6664, acc_video:0.3917
2026-06-03 19:01:30,076 +++++++++++++++++++++++++++++++++++++++++++++++++++++++
2026-06-03 19:01:30,076 Epoch 10: f1:0.5771, acc:0.5941, mAP:0.7030, f1_a:0.5268, acc_a:0.5434, mAP_a:0.6184, f1_v:0.2098, acc_v:0.2929, mAP_v:0.3560
2026-06-03 19:01:30,077 Epoch 11 is pending...
2026-06-03 19:04:36,407 +++++++++++++++++++++++++++++++++++++++++++++++++++++++
2026-06-03 19:04:36,407 Epoch 11: Average Training Loss: 2.8616, loss_fused:0.6533, loss_audio:0.8416, loss_video:1.3667, acc_fused:0.7717, acc_audio:0.6925, acc_video:0.4280
2026-06-03 19:05:11,514 +++++++++++++++++++++++++++++++++++++++++++++++++++++++
2026-06-03 19:05:11,515 Epoch 11: f1:0.5031, acc:0.5087, mAP:0.7090, f1_a:0.4388, acc_a:0.4676, mAP_a:0.5902, f1_v:0.2398, acc_v:0.3314, mAP_v:0.3900
2026-06-03 19:05:11,515 Epoch 12 is pending...
2026-06-03 19:08:17,308 +++++++++++++++++++++++++++++++++++++++++++++++++++++++
2026-06-03 19:08:17,309 Epoch 12: Average Training Loss: 2.6911, loss_fused:0.5885, loss_audio:0.7636, loss_video:1.3391, acc_fused:0.7925, acc_audio:0.7212, acc_video:0.4384
2026-06-03 19:08:50,103 +++++++++++++++++++++++++++++++++++++++++++++++++++++++
2026-06-03 19:08:50,104 Epoch 12: f1:0.6173, acc:0.6198, mAP:0.7324, f1_a:0.5213, acc_a:0.5440, mAP_a:0.6291, f1_v:0.3113, acc_v:0.3712, mAP_v:0.4065
2026-06-03 19:08:50,104 Epoch 13 is pending...
2026-06-03 19:11:53,206 +++++++++++++++++++++++++++++++++++++++++++++++++++++++
2026-06-03 19:11:53,206 Epoch 13: Average Training Loss: 2.5133, loss_fused:0.5239, loss_audio:0.6817, loss_video:1.3076, acc_fused:0.8218, acc_audio:0.7543, acc_video:0.4583
2026-06-03 19:12:25,531 +++++++++++++++++++++++++++++++++++++++++++++++++++++++
2026-06-03 19:12:25,531 Epoch 13: f1:0.5401, acc:0.5556, mAP:0.6931, f1_a:0.4989, acc_a:0.5132, mAP_a:0.6123, f1_v:0.2567, acc_v:0.3134, mAP_v:0.3531
2026-06-03 19:12:25,532 Epoch 14 is pending...
2026-06-03 19:15:37,413 +++++++++++++++++++++++++++++++++++++++++++++++++++++++
2026-06-03 19:15:37,413 Epoch 14: Average Training Loss: 2.3492, loss_fused:0.4578, loss_audio:0.6072, loss_video:1.2842, acc_fused:0.8422, acc_audio:0.7739, acc_video:0.4682
2026-06-03 19:16:13,337 +++++++++++++++++++++++++++++++++++++++++++++++++++++++
2026-06-03 19:16:13,338 Epoch 14: f1:0.5562, acc:0.5671, mAP:0.7255, f1_a:0.5593, acc_a:0.5543, mAP_a:0.6262, f1_v:0.3020, acc_v:0.3815, mAP_v:0.4379
2026-06-03 19:16:13,338 Epoch 15 is pending...
2026-06-03 19:19:51,136 +++++++++++++++++++++++++++++++++++++++++++++++++++++++
2026-06-03 19:19:51,136 Epoch 15: Average Training Loss: 2.1979, loss_fused:0.4093, loss_audio:0.5365, loss_video:1.2520, acc_fused:0.8603, acc_audio:0.8066, acc_video:0.4829
2026-06-03 19:20:28,389 +++++++++++++++++++++++++++++++++++++++++++++++++++++++
2026-06-03 19:20:28,389 Epoch 15: f1:0.4972, acc:0.5209, mAP:0.7144, f1_a:0.4202, acc_a:0.4611, mAP_a:0.5735, f1_v:0.3577, acc_v:0.3995, mAP_v:0.4492
2026-06-03 19:20:28,390 Epoch 16 is pending...
2026-06-03 19:24:50,025 +++++++++++++++++++++++++++++++++++++++++++++++++++++++
2026-06-03 19:24:50,025 Epoch 16: Average Training Loss: 2.0458, loss_fused:0.3567, loss_audio:0.4671, loss_video:1.2220, acc_fused:0.8828, acc_audio:0.8375, acc_video:0.5074
2026-06-03 19:25:32,508 +++++++++++++++++++++++++++++++++++++++++++++++++++++++
2026-06-03 19:25:32,508 Epoch 16: f1:0.3779, acc:0.4162, mAP:0.6527, f1_a:0.4215, acc_a:0.4522, mAP_a:0.5840, f1_v:0.1942, acc_v:0.2800, mAP_v:0.3720
2026-06-03 19:25:32,508 Epoch 17 is pending...
2026-06-03 19:28:53,354 +++++++++++++++++++++++++++++++++++++++++++++++++++++++
2026-06-03 19:28:53,354 Epoch 17: Average Training Loss: 1.8627, loss_fused:0.2877, loss_audio:0.3694, loss_video:1.2055, acc_fused:0.9094, acc_audio:0.8710, acc_video:0.5110
2026-06-03 19:29:27,655 +++++++++++++++++++++++++++++++++++++++++++++++++++++++
2026-06-03 19:29:27,655 Epoch 17: f1:0.4704, acc:0.5234, mAP:0.6823, f1_a:0.3945, acc_a:0.4566, mAP_a:0.5747, f1_v:0.2985, acc_v:0.3577, mAP_v:0.4532
2026-06-03 19:29:27,656 Epoch 18 is pending...
2026-06-03 19:32:57,593 +++++++++++++++++++++++++++++++++++++++++++++++++++++++
2026-06-03 19:32:57,593 Epoch 18: Average Training Loss: 1.6991, loss_fused:0.2312, loss_audio:0.2950, loss_video:1.1730, acc_fused:0.9271, acc_audio:0.8962, acc_video:0.5209
2026-06-03 19:33:34,150 +++++++++++++++++++++++++++++++++++++++++++++++++++++++
2026-06-03 19:33:34,150 Epoch 18: f1:0.5235, acc:0.5363, mAP:0.7048, f1_a:0.4526, acc_a:0.4920, mAP_a:0.5896, f1_v:0.2574, acc_v:0.3378, mAP_v:0.4297
2026-06-03 19:33:34,150 Epoch 19 is pending...
2026-06-03 19:36:54,238 +++++++++++++++++++++++++++++++++++++++++++++++++++++++
2026-06-03 19:36:54,238 Epoch 19: Average Training Loss: 1.6275, loss_fused:0.2067, loss_audio:0.2829, loss_video:1.1378, acc_fused:0.9376, acc_audio:0.9022, acc_video:0.5444
2026-06-03 19:37:29,761 +++++++++++++++++++++++++++++++++++++++++++++++++++++++
2026-06-03 19:37:29,761 Epoch 19: f1:0.6115, acc:0.6166, mAP:0.7180, f1_a:0.4280, acc_a:0.4342, mAP_a:0.5843, f1_v:0.4486, acc_v:0.4496, mAP_v:0.5046
2026-06-03 19:37:29,762 Epoch 20 is pending...
2026-06-03 19:40:36,600 +++++++++++++++++++++++++++++++++++++++++++++++++++++++
2026-06-03 19:40:36,600 Epoch 20: Average Training Loss: 1.5752, loss_fused:0.1901, loss_audio:0.2573, loss_video:1.1277, acc_fused:0.9409, acc_audio:0.9112, acc_video:0.5440
2026-06-03 19:41:11,008 +++++++++++++++++++++++++++++++++++++++++++++++++++++++
2026-06-03 19:41:11,008 Epoch 20: f1:0.5851, acc:0.5967, mAP:0.7008, f1_a:0.4775, acc_a:0.4965, mAP_a:0.5934, f1_v:0.3435, acc_v:0.4021, mAP_v:0.4752
2026-06-03 19:41:11,009 Epoch 21 is pending...
2026-06-03 19:44:19,992 +++++++++++++++++++++++++++++++++++++++++++++++++++++++
2026-06-03 19:44:19,993 Epoch 21: Average Training Loss: 1.4337, loss_fused:0.1500, loss_audio:0.1908, loss_video:1.0929, acc_fused:0.9562, acc_audio:0.9346, acc_video:0.5696
2026-06-03 19:44:54,911 +++++++++++++++++++++++++++++++++++++++++++++++++++++++
2026-06-03 19:44:54,912 Epoch 21: f1:0.5915, acc:0.5890, mAP:0.7313, f1_a:0.4942, acc_a:0.4978, mAP_a:0.5958, f1_v:0.3287, acc_v:0.3899, mAP_v:0.4822
2026-06-03 19:44:54,912 Epoch 22 is pending...
2026-06-03 19:48:14,196 +++++++++++++++++++++++++++++++++++++++++++++++++++++++
2026-06-03 19:48:14,197 Epoch 22: Average Training Loss: 1.3359, loss_fused:0.1197, loss_audio:0.1512, loss_video:1.0651, acc_fused:0.9686, acc_audio:0.9518, acc_video:0.5786
2026-06-03 19:48:48,436 +++++++++++++++++++++++++++++++++++++++++++++++++++++++
2026-06-03 19:48:48,436 Epoch 22: f1:0.5974, acc:0.6224, mAP:0.7392, f1_a:0.4727, acc_a:0.5016, mAP_a:0.5962, f1_v:0.4235, acc_v:0.4560, mAP_v:0.5134
2026-06-03 19:48:48,436 NEW BEST ACC | Epoch 22 | Acc: 0.6224
2026-06-03 19:48:48,539 Model saved to E:/Paper_Experiment/DML/DML_v1/CREMAD_v1/savepath/CREMA-D\dml_cremad_seed0_lr0.005\model_best_clean.pt
2026-06-03 19:48:48,539 Epoch 23 is pending...
2026-06-03 19:52:10,504 +++++++++++++++++++++++++++++++++++++++++++++++++++++++
2026-06-03 19:52:10,504 Epoch 23: Average Training Loss: 1.3072, loss_fused:0.1102, loss_audio:0.1324, loss_video:1.0646, acc_fused:0.9675, acc_audio:0.9569, acc_video:0.5798
2026-06-03 19:52:47,830 +++++++++++++++++++++++++++++++++++++++++++++++++++++++
2026-06-03 19:52:47,831 Epoch 23: f1:0.6464, acc:0.6461, mAP:0.7438, f1_a:0.5699, acc_a:0.5748, mAP_a:0.6454, f1_v:0.4659, acc_v:0.4599, mAP_v:0.5302
2026-06-03 19:52:47,831 NEW BEST ACC | Epoch 23 | Acc: 0.6461
2026-06-03 19:52:47,924 Model saved to E:/Paper_Experiment/DML/DML_v1/CREMAD_v1/savepath/CREMA-D\dml_cremad_seed0_lr0.005\model_best_clean.pt
2026-06-03 19:52:47,924 Epoch 24 is pending...
2026-06-03 19:56:00,572 +++++++++++++++++++++++++++++++++++++++++++++++++++++++
2026-06-03 19:56:00,572 Epoch 24: Average Training Loss: 1.2102, loss_fused:0.0797, loss_audio:0.0953, loss_video:1.0352, acc_fused:0.9789, acc_audio:0.9676, acc_video:0.5943
2026-06-03 19:56:35,152 +++++++++++++++++++++++++++++++++++++++++++++++++++++++
2026-06-03 19:56:35,153 Epoch 24: f1:0.6478, acc:0.6487, mAP:0.7445, f1_a:0.5694, acc_a:0.5678, mAP_a:0.6310, f1_v:0.4567, acc_v:0.4971, mAP_v:0.5469
2026-06-03 19:56:35,153 NEW BEST ACC | Epoch 24 | Acc: 0.6487
2026-06-03 19:56:35,245 Model saved to E:/Paper_Experiment/DML/DML_v1/CREMAD_v1/savepath/CREMA-D\dml_cremad_seed0_lr0.005\model_best_clean.pt
2026-06-03 19:56:35,245 Epoch 25 is pending...
2026-06-03 20:00:51,652 +++++++++++++++++++++++++++++++++++++++++++++++++++++++
2026-06-03 20:00:51,652 Epoch 25: Average Training Loss: 1.1886, loss_fused:0.0764, loss_audio:0.0921, loss_video:1.0202, acc_fused:0.9797, acc_audio:0.9692, acc_video:0.6035
2026-06-03 20:01:48,767 +++++++++++++++++++++++++++++++++++++++++++++++++++++++
2026-06-03 20:01:48,767 Epoch 25: f1:0.6555, acc:0.6564, mAP:0.7319, f1_a:0.5691, acc_a:0.5735, mAP_a:0.6331, f1_v:0.4178, acc_v:0.4213, mAP_v:0.4855
2026-06-03 20:01:48,767 NEW BEST ACC | Epoch 25 | Acc: 0.6564
2026-06-03 20:01:48,853 Model saved to E:/Paper_Experiment/DML/DML_v1/CREMAD_v1/savepath/CREMA-D\dml_cremad_seed0_lr0.005\model_best_clean.pt
2026-06-03 20:01:48,854 Epoch 26 is pending...
2026-06-03 20:07:10,826 +++++++++++++++++++++++++++++++++++++++++++++++++++++++
2026-06-03 20:07:10,826 Epoch 26: Average Training Loss: 1.1219, loss_fused:0.0541, loss_audio:0.0657, loss_video:1.0021, acc_fused:0.9877, acc_audio:0.9780, acc_video:0.6102
2026-06-03 20:07:55,412 +++++++++++++++++++++++++++++++++++++++++++++++++++++++
2026-06-03 20:07:55,412 Epoch 26: f1:0.6749, acc:0.6763, mAP:0.7635, f1_a:0.5916, acc_a:0.5915, mAP_a:0.6409, f1_v:0.4018, acc_v:0.4464, mAP_v:0.5325
2026-06-03 20:07:55,412 NEW BEST ACC | Epoch 26 | Acc: 0.6763
2026-06-03 20:07:55,499 Model saved to E:/Paper_Experiment/DML/DML_v1/CREMAD_v1/savepath/CREMA-D\dml_cremad_seed0_lr0.005\model_best_clean.pt
2026-06-03 20:07:55,499 Epoch 27 is pending...
2026-06-03 20:11:47,977 +++++++++++++++++++++++++++++++++++++++++++++++++++++++
2026-06-03 20:11:47,977 Epoch 27: Average Training Loss: 1.1376, loss_fused:0.0627, loss_audio:0.0915, loss_video:0.9834, acc_fused:0.9835, acc_audio:0.9688, acc_video:0.6142
2026-06-03 20:12:20,967 +++++++++++++++++++++++++++++++++++++++++++++++++++++++
2026-06-03 20:12:20,967 Epoch 27: f1:0.5629, acc:0.5723, mAP:0.7170, f1_a:0.5073, acc_a:0.5228, mAP_a:0.6195, f1_v:0.4052, acc_v:0.4143, mAP_v:0.5059
2026-06-03 20:12:20,967 Epoch 28 is pending...
2026-06-03 20:15:43,730 +++++++++++++++++++++++++++++++++++++++++++++++++++++++
2026-06-03 20:15:43,730 Epoch 28: Average Training Loss: 1.0931, loss_fused:0.0546, loss_audio:0.0656, loss_video:0.9730, acc_fused:0.9871, acc_audio:0.9782, acc_video:0.6221
2026-06-03 20:16:18,589 +++++++++++++++++++++++++++++++++++++++++++++++++++++++
2026-06-03 20:16:18,590 Epoch 28: f1:0.4886, acc:0.5209, mAP:0.7047, f1_a:0.4854, acc_a:0.5003, mAP_a:0.6182, f1_v:0.3175, acc_v:0.3764, mAP_v:0.4928
2026-06-03 20:16:18,590 Epoch 29 is pending...
2026-06-03 20:20:05,220 +++++++++++++++++++++++++++++++++++++++++++++++++++++++
2026-06-03 20:20:05,220 Epoch 29: Average Training Loss: 1.0462, loss_fused:0.0448, loss_audio:0.0538, loss_video:0.9476, acc_fused:0.9896, acc_audio:0.9843, acc_video:0.6361
2026-06-03 20:20:39,707 +++++++++++++++++++++++++++++++++++++++++++++++++++++++
2026-06-03 20:20:39,707 Epoch 29: f1:0.6548, acc:0.6583, mAP:0.7430, f1_a:0.5835, acc_a:0.5864, mAP_a:0.6367, f1_v:0.4393, acc_v:0.4605, mAP_v:0.5415
2026-06-03 20:20:39,707 Epoch 30 is pending...
2026-06-03 20:24:08,607 +++++++++++++++++++++++++++++++++++++++++++++++++++++++
2026-06-03 20:24:08,607 Epoch 30: Average Training Loss: 1.0717, loss_fused:0.0494, loss_audio:0.0646, loss_video:0.9577, acc_fused:0.9884, acc_audio:0.9797, acc_video:0.6243
2026-06-03 20:24:45,135 +++++++++++++++++++++++++++++++++++++++++++++++++++++++
2026-06-03 20:24:45,135 Epoch 30: f1:0.6560, acc:0.6570, mAP:0.7230, f1_a:0.5626, acc_a:0.5626, mAP_a:0.6183, f1_v:0.4466, acc_v:0.4644, mAP_v:0.5258
2026-06-03 20:24:45,136 Epoch 31 is pending...
2026-06-03 20:28:11,223 +++++++++++++++++++++++++++++++++++++++++++++++++++++++
2026-06-03 20:28:11,224 Epoch 31: Average Training Loss: 1.0151, loss_fused:0.0315, loss_audio:0.0373, loss_video:0.9462, acc_fused:0.9945, acc_audio:0.9896, acc_video:0.6335
2026-06-03 20:28:45,233 +++++++++++++++++++++++++++++++++++++++++++++++++++++++
2026-06-03 20:28:45,233 Epoch 31: f1:0.6684, acc:0.6712, mAP:0.7443, f1_a:0.5983, acc_a:0.5992, mAP_a:0.6503, f1_v:0.4350, acc_v:0.4605, mAP_v:0.5202
2026-06-03 20:28:45,234 Epoch 32 is pending...
2026-06-03 20:31:59,416 +++++++++++++++++++++++++++++++++++++++++++++++++++++++
2026-06-03 20:31:59,417 Epoch 32: Average Training Loss: 0.9838, loss_fused:0.0299, loss_audio:0.0336, loss_video:0.9203, acc_fused:0.9942, acc_audio:0.9879, acc_video:0.6395
2026-06-03 20:32:33,245 +++++++++++++++++++++++++++++++++++++++++++++++++++++++
2026-06-03 20:32:33,245 Epoch 32: f1:0.6263, acc:0.6352, mAP:0.7217, f1_a:0.5211, acc_a:0.5363, mAP_a:0.6104, f1_v:0.4699, acc_v:0.4965, mAP_v:0.5319
2026-06-03 20:32:33,246 Epoch 33 is pending...
2026-06-03 20:35:50,072 +++++++++++++++++++++++++++++++++++++++++++++++++++++++
2026-06-03 20:35:50,073 Epoch 33: Average Training Loss: 0.9713, loss_fused:0.0268, loss_audio:0.0326, loss_video:0.9119, acc_fused:0.9949, acc_audio:0.9913, acc_video:0.6483
2026-06-03 20:36:23,378 +++++++++++++++++++++++++++++++++++++++++++++++++++++++
2026-06-03 20:36:23,378 Epoch 33: f1:0.5811, acc:0.5851, mAP:0.7177, f1_a:0.5414, acc_a:0.5485, mAP_a:0.6224, f1_v:0.4168, acc_v:0.4290, mAP_v:0.5010
2026-06-03 20:36:23,379 Epoch 34 is pending...
2026-06-03 20:39:59,465 +++++++++++++++++++++++++++++++++++++++++++++++++++++++
2026-06-03 20:39:59,465 Epoch 34: Average Training Loss: 0.9516, loss_fused:0.0233, loss_audio:0.0268, loss_video:0.9015, acc_fused:0.9957, acc_audio:0.9927, acc_video:0.6464
2026-06-03 20:40:44,123 +++++++++++++++++++++++++++++++++++++++++++++++++++++++
2026-06-03 20:40:44,123 Epoch 34: f1:0.6673, acc:0.6699, mAP:0.7492, f1_a:0.5824, acc_a:0.5890, mAP_a:0.6478, f1_v:0.4283, acc_v:0.4573, mAP_v:0.5395
2026-06-03 20:40:44,123 Epoch 35 is pending...
2026-06-03 20:44:17,466 +++++++++++++++++++++++++++++++++++++++++++++++++++++++
2026-06-03 20:44:17,466 Epoch 35: Average Training Loss: 0.9388, loss_fused:0.0219, loss_audio:0.0215, loss_video:0.8954, acc_fused:0.9951, acc_audio:0.9939, acc_video:0.6562
2026-06-03 20:44:51,873 +++++++++++++++++++++++++++++++++++++++++++++++++++++++
2026-06-03 20:44:51,873 Epoch 35: f1:0.6803, acc:0.6814, mAP:0.7528, f1_a:0.5935, acc_a:0.5941, mAP_a:0.6502, f1_v:0.4252, acc_v:0.4444, mAP_v:0.4980
2026-06-03 20:44:51,873 NEW BEST ACC | Epoch 35 | Acc: 0.6814
2026-06-03 20:44:51,966 Model saved to E:/Paper_Experiment/DML/DML_v1/CREMAD_v1/savepath/CREMA-D\dml_cremad_seed0_lr0.005\model_best_clean.pt
2026-06-03 20:44:51,966 Epoch 36 is pending...
2026-06-03 20:48:34,590 +++++++++++++++++++++++++++++++++++++++++++++++++++++++
2026-06-03 20:48:34,590 Epoch 36: Average Training Loss: 0.9152, loss_fused:0.0149, loss_audio:0.0133, loss_video:0.8870, acc_fused:0.9976, acc_audio:0.9971, acc_video:0.6589
2026-06-03 20:49:07,879 +++++++++++++++++++++++++++++++++++++++++++++++++++++++
2026-06-03 20:49:07,879 Epoch 36: f1:0.6357, acc:0.6371, mAP:0.7299, f1_a:0.5688, acc_a:0.5671, mAP_a:0.6307, f1_v:0.4388, acc_v:0.4644, mAP_v:0.5154
2026-06-03 20:49:07,879 Epoch 37 is pending...
2026-06-03 20:53:24,219 +++++++++++++++++++++++++++++++++++++++++++++++++++++++
2026-06-03 20:53:24,219 Epoch 37: Average Training Loss: 0.8930, loss_fused:0.0137, loss_audio:0.0121, loss_video:0.8672, acc_fused:0.9974, acc_audio:0.9976, acc_video:0.6674
2026-06-03 20:53:58,477 +++++++++++++++++++++++++++++++++++++++++++++++++++++++
2026-06-03 20:53:58,477 Epoch 37: f1:0.6513, acc:0.6590, mAP:0.7504, f1_a:0.5682, acc_a:0.5761, mAP_a:0.6479, f1_v:0.4191, acc_v:0.4515, mAP_v:0.5279
2026-06-03 20:53:58,478 Epoch 38 is pending...
2026-06-03 20:57:27,083 +++++++++++++++++++++++++++++++++++++++++++++++++++++++
2026-06-03 20:57:27,083 Epoch 38: Average Training Loss: 0.8864, loss_fused:0.0089, loss_audio:0.0061, loss_video:0.8714, acc_fused:0.9988, acc_audio:0.9990, acc_video:0.6662
2026-06-03 20:58:03,852 +++++++++++++++++++++++++++++++++++++++++++++++++++++++
2026-06-03 20:58:03,853 Epoch 38: f1:0.6787, acc:0.6834, mAP:0.7577, f1_a:0.6109, acc_a:0.6159, mAP_a:0.6584, f1_v:0.4319, acc_v:0.4541, mAP_v:0.5363
2026-06-03 20:58:03,853 NEW BEST ACC | Epoch 38 | Acc: 0.6834
2026-06-03 20:58:03,947 Model saved to E:/Paper_Experiment/DML/DML_v1/CREMAD_v1/savepath/CREMA-D\dml_cremad_seed0_lr0.005\model_best_clean.pt
2026-06-03 20:58:03,947 Epoch 39 is pending...
2026-06-03 21:01:45,494 +++++++++++++++++++++++++++++++++++++++++++++++++++++++
2026-06-03 21:01:45,494 Epoch 39: Average Training Loss: 0.8826, loss_fused:0.0088, loss_audio:0.0069, loss_video:0.8668, acc_fused:0.9988, acc_audio:0.9976, acc_video:0.6705
2026-06-03 21:02:19,092 +++++++++++++++++++++++++++++++++++++++++++++++++++++++
2026-06-03 21:02:19,093 Epoch 39: f1:0.6777, acc:0.6795, mAP:0.7541, f1_a:0.6161, acc_a:0.6172, mAP_a:0.6693, f1_v:0.4773, acc_v:0.5029, mAP_v:0.5561
2026-06-03 21:02:19,093 Epoch 40 is pending...
2026-06-03 21:08:03,241 +++++++++++++++++++++++++++++++++++++++++++++++++++++++
2026-06-03 21:08:03,241 Epoch 40: Average Training Loss: 0.8601, loss_fused:0.0068, loss_audio:0.0039, loss_video:0.8494, acc_fused:0.9991, acc_audio:0.9988, acc_video:0.6710
2026-06-03 21:08:47,161 +++++++++++++++++++++++++++++++++++++++++++++++++++++++
2026-06-03 21:08:47,161 Epoch 40: f1:0.6959, acc:0.6962, mAP:0.7734, f1_a:0.6148, acc_a:0.6153, mAP_a:0.6712, f1_v:0.4230, acc_v:0.4554, mAP_v:0.5468
2026-06-03 21:08:47,161 NEW BEST ACC | Epoch 40 | Acc: 0.6962
2026-06-03 21:08:47,245 Model saved to E:/Paper_Experiment/DML/DML_v1/CREMAD_v1/savepath/CREMA-D\dml_cremad_seed0_lr0.005\model_best_clean.pt
2026-06-03 21:08:47,246 Epoch 41 is pending...
2026-06-03 21:12:28,883 +++++++++++++++++++++++++++++++++++++++++++++++++++++++
2026-06-03 21:12:28,884 Epoch 41: Average Training Loss: 0.8514, loss_fused:0.0059, loss_audio:0.0054, loss_video:0.8401, acc_fused:0.9990, acc_audio:0.9986, acc_video:0.6741
2026-06-03 21:13:15,395 +++++++++++++++++++++++++++++++++++++++++++++++++++++++
2026-06-03 21:13:15,395 Epoch 41: f1:0.6975, acc:0.6969, mAP:0.7664, f1_a:0.6142, acc_a:0.6146, mAP_a:0.6765, f1_v:0.4716, acc_v:0.4778, mAP_v:0.5498
2026-06-03 21:13:15,395 NEW BEST ACC | Epoch 41 | Acc: 0.6969
2026-06-03 21:13:15,496 Model saved to E:/Paper_Experiment/DML/DML_v1/CREMAD_v1/savepath/CREMA-D\dml_cremad_seed0_lr0.005\model_best_clean.pt
2026-06-03 21:13:15,496 Epoch 42 is pending...
2026-06-03 21:16:54,733 +++++++++++++++++++++++++++++++++++++++++++++++++++++++
2026-06-03 21:16:54,733 Epoch 42: Average Training Loss: 0.8445, loss_fused:0.0100, loss_audio:0.0104, loss_video:0.8241, acc_fused:0.9981, acc_audio:0.9969, acc_video:0.6863
2026-06-03 21:17:27,650 +++++++++++++++++++++++++++++++++++++++++++++++++++++++
2026-06-03 21:17:27,650 Epoch 42: f1:0.6793, acc:0.6840, mAP:0.7536, f1_a:0.6114, acc_a:0.6121, mAP_a:0.6574, f1_v:0.4344, acc_v:0.4791, mAP_v:0.5452
2026-06-03 21:17:27,651 Epoch 43 is pending...
2026-06-03 21:20:51,796 +++++++++++++++++++++++++++++++++++++++++++++++++++++++
2026-06-03 21:20:51,796 Epoch 43: Average Training Loss: 0.8670, loss_fused:0.0176, loss_audio:0.0237, loss_video:0.8257, acc_fused:0.9954, acc_audio:0.9920, acc_video:0.6798
2026-06-03 21:21:45,770 +++++++++++++++++++++++++++++++++++++++++++++++++++++++
2026-06-03 21:21:45,770 Epoch 43: f1:0.6632, acc:0.6596, mAP:0.7460, f1_a:0.5865, acc_a:0.5902, mAP_a:0.6441, f1_v:0.4751, acc_v:0.4939, mAP_v:0.5614
2026-06-03 21:21:45,771 Epoch 44 is pending...
2026-06-03 21:26:13,024 +++++++++++++++++++++++++++++++++++++++++++++++++++++++
2026-06-03 21:26:13,024 Epoch 44: Average Training Loss: 0.8645, loss_fused:0.0199, loss_audio:0.0271, loss_video:0.8175, acc_fused:0.9947, acc_audio:0.9917, acc_video:0.6792
2026-06-03 21:26:47,577 +++++++++++++++++++++++++++++++++++++++++++++++++++++++
2026-06-03 21:26:47,578 Epoch 44: f1:0.6315, acc:0.6480, mAP:0.7322, f1_a:0.5450, acc_a:0.5575, mAP_a:0.6118, f1_v:0.4431, acc_v:0.4727, mAP_v:0.5526
2026-06-03 21:26:47,578 Epoch 45 is pending...
2026-06-03 21:30:10,033 +++++++++++++++++++++++++++++++++++++++++++++++++++++++
2026-06-03 21:30:10,033 Epoch 45: Average Training Loss: 0.8888, loss_fused:0.0304, loss_audio:0.0472, loss_video:0.8112, acc_fused:0.9922, acc_audio:0.9821, acc_video:0.6834
2026-06-03 21:30:44,572 +++++++++++++++++++++++++++++++++++++++++++++++++++++++
2026-06-03 21:30:44,572 Epoch 45: f1:0.5928, acc:0.6005, mAP:0.7102, f1_a:0.5276, acc_a:0.5234, mAP_a:0.5898, f1_v:0.3995, acc_v:0.4335, mAP_v:0.5297
2026-06-03 21:30:44,573 Epoch 46 is pending...
2026-06-03 21:34:48,699 +++++++++++++++++++++++++++++++++++++++++++++++++++++++
2026-06-03 21:34:48,699 Epoch 46: Average Training Loss: 0.8623, loss_fused:0.0240, loss_audio:0.0312, loss_video:0.8070, acc_fused:0.9942, acc_audio:0.9910, acc_video:0.6858
2026-06-03 21:35:31,984 +++++++++++++++++++++++++++++++++++++++++++++++++++++++
2026-06-03 21:35:31,984 Epoch 46: f1:0.6643, acc:0.6654, mAP:0.7500, f1_a:0.5774, acc_a:0.5832, mAP_a:0.6264, f1_v:0.4880, acc_v:0.5010, mAP_v:0.5676
2026-06-03 21:35:31,985 Epoch 47 is pending...
2026-06-03 21:39:04,082 +++++++++++++++++++++++++++++++++++++++++++++++++++++++
2026-06-03 21:39:04,082 Epoch 47: Average Training Loss: 0.8682, loss_fused:0.0243, loss_audio:0.0356, loss_video:0.8084, acc_fused:0.9942, acc_audio:0.9879, acc_video:0.6865
2026-06-03 21:39:37,527 +++++++++++++++++++++++++++++++++++++++++++++++++++++++
2026-06-03 21:39:37,527 Epoch 47: f1:0.6813, acc:0.6853, mAP:0.7566, f1_a:0.5839, acc_a:0.5909, mAP_a:0.6437, f1_v:0.4832, acc_v:0.4855, mAP_v:0.5770
2026-06-03 21:39:37,527 Epoch 48 is pending...
2026-06-03 21:42:41,367 +++++++++++++++++++++++++++++++++++++++++++++++++++++++
2026-06-03 21:42:41,368 Epoch 48: Average Training Loss: 0.8325, loss_fused:0.0182, loss_audio:0.0188, loss_video:0.7955, acc_fused:0.9959, acc_audio:0.9939, acc_video:0.6969
2026-06-03 21:43:14,033 +++++++++++++++++++++++++++++++++++++++++++++++++++++++
2026-06-03 21:43:14,033 Epoch 48: f1:0.6525, acc:0.6551, mAP:0.7472, f1_a:0.5719, acc_a:0.5748, mAP_a:0.6392, f1_v:0.4152, acc_v:0.4342, mAP_v:0.5143
2026-06-03 21:43:14,034 Epoch 49 is pending...
2026-06-03 21:46:17,286 +++++++++++++++++++++++++++++++++++++++++++++++++++++++
2026-06-03 21:46:17,286 Epoch 49: Average Training Loss: 0.8606, loss_fused:0.0179, loss_audio:0.0261, loss_video:0.8166, acc_fused:0.9956, acc_audio:0.9918, acc_video:0.6843
2026-06-03 21:46:49,902 +++++++++++++++++++++++++++++++++++++++++++++++++++++++
2026-06-03 21:46:49,902 Epoch 49: f1:0.5949, acc:0.6076, mAP:0.7255, f1_a:0.5422, acc_a:0.5556, mAP_a:0.6239, f1_v:0.4103, acc_v:0.4509, mAP_v:0.5386
2026-06-03 21:46:49,903 Epoch 50 is pending...
2026-06-03 21:50:05,788 +++++++++++++++++++++++++++++++++++++++++++++++++++++++
2026-06-03 21:50:05,789 Epoch 50: Average Training Loss: 0.8114, loss_fused:0.0145, loss_audio:0.0157, loss_video:0.7812, acc_fused:0.9969, acc_audio:0.9949, acc_video:0.6942
2026-06-03 21:50:50,670 +++++++++++++++++++++++++++++++++++++++++++++++++++++++
2026-06-03 21:50:50,670 Epoch 50: f1:0.6878, acc:0.6866, mAP:0.7622, f1_a:0.5927, acc_a:0.5922, mAP_a:0.6364, f1_v:0.4288, acc_v:0.4464, mAP_v:0.5262
2026-06-03 21:50:50,670 Epoch 51 is pending...
2026-06-03 21:54:22,837 +++++++++++++++++++++++++++++++++++++++++++++++++++++++
2026-06-03 21:54:22,837 Epoch 51: Average Training Loss: 0.7947, loss_fused:0.0077, loss_audio:0.0071, loss_video:0.7800, acc_fused:0.9991, acc_audio:0.9978, acc_video:0.7059
2026-06-03 21:54:56,404 +++++++++++++++++++++++++++++++++++++++++++++++++++++++
2026-06-03 21:54:56,404 Epoch 51: f1:0.6884, acc:0.6917, mAP:0.7644, f1_a:0.5969, acc_a:0.6018, mAP_a:0.6448, f1_v:0.4883, acc_v:0.5093, mAP_v:0.5703
2026-06-03 21:54:56,405 Epoch 52 is pending...
2026-06-03 21:58:29,924 +++++++++++++++++++++++++++++++++++++++++++++++++++++++
2026-06-03 21:58:29,924 Epoch 52: Average Training Loss: 0.7744, loss_fused:0.0062, loss_audio:0.0041, loss_video:0.7641, acc_fused:0.9985, acc_audio:0.9990, acc_video:0.7117
2026-06-03 21:59:05,279 +++++++++++++++++++++++++++++++++++++++++++++++++++++++
2026-06-03 21:59:05,279 Epoch 52: f1:0.6835, acc:0.6846, mAP:0.7582, f1_a:0.6007, acc_a:0.6024, mAP_a:0.6451, f1_v:0.4915, acc_v:0.4997, mAP_v:0.5829
2026-06-03 21:59:05,280 Epoch 53 is pending...
2026-06-03 22:02:14,360 +++++++++++++++++++++++++++++++++++++++++++++++++++++++
2026-06-03 22:02:14,360 Epoch 53: Average Training Loss: 0.7930, loss_fused:0.0126, loss_audio:0.0130, loss_video:0.7674, acc_fused:0.9968, acc_audio:0.9952, acc_video:0.7035
2026-06-03 22:02:47,712 +++++++++++++++++++++++++++++++++++++++++++++++++++++++
2026-06-03 22:02:47,713 Epoch 53: f1:0.6623, acc:0.6673, mAP:0.7464, f1_a:0.5846, acc_a:0.5902, mAP_a:0.6286, f1_v:0.4621, acc_v:0.4689, mAP_v:0.5535
2026-06-03 22:02:47,713 Epoch 54 is pending...
2026-06-03 22:05:57,767 +++++++++++++++++++++++++++++++++++++++++++++++++++++++
2026-06-03 22:05:57,767 Epoch 54: Average Training Loss: 0.7651, loss_fused:0.0091, loss_audio:0.0064, loss_video:0.7496, acc_fused:0.9981, acc_audio:0.9985, acc_video:0.7189
2026-06-03 22:06:31,043 +++++++++++++++++++++++++++++++++++++++++++++++++++++++
2026-06-03 22:06:31,043 Epoch 54: f1:0.6811, acc:0.6821, mAP:0.7542, f1_a:0.6025, acc_a:0.6063, mAP_a:0.6420, f1_v:0.4443, acc_v:0.4515, mAP_v:0.5389
2026-06-03 22:06:31,044 Epoch 55 is pending...
2026-06-03 22:09:34,809 +++++++++++++++++++++++++++++++++++++++++++++++++++++++
2026-06-03 22:09:34,809 Epoch 55: Average Training Loss: 0.7875, loss_fused:0.0122, loss_audio:0.0138, loss_video:0.7615, acc_fused:0.9973, acc_audio:0.9939, acc_video:0.7115
2026-06-03 22:10:08,152 +++++++++++++++++++++++++++++++++++++++++++++++++++++++
2026-06-03 22:10:08,153 Epoch 55: f1:0.5848, acc:0.6089, mAP:0.7088, f1_a:0.5131, acc_a:0.5324, mAP_a:0.6123, f1_v:0.4825, acc_v:0.4997, mAP_v:0.5517
2026-06-03 22:10:08,153 Epoch 56 is pending...
2026-06-03 22:13:12,159 +++++++++++++++++++++++++++++++++++++++++++++++++++++++
2026-06-03 22:13:12,159 Epoch 56: Average Training Loss: 0.7656, loss_fused:0.0090, loss_audio:0.0106, loss_video:0.7461, acc_fused:0.9986, acc_audio:0.9963, acc_video:0.7151
2026-06-03 22:13:45,589 +++++++++++++++++++++++++++++++++++++++++++++++++++++++
2026-06-03 22:13:45,590 Epoch 56: f1:0.6726, acc:0.6744, mAP:0.7570, f1_a:0.6167, acc_a:0.6134, mAP_a:0.6493, f1_v:0.4623, acc_v:0.4952, mAP_v:0.5476
2026-06-03 22:13:45,590 Epoch 57 is pending...
2026-06-03 22:16:49,834 +++++++++++++++++++++++++++++++++++++++++++++++++++++++
2026-06-03 22:16:49,834 Epoch 57: Average Training Loss: 0.7684, loss_fused:0.0089, loss_audio:0.0115, loss_video:0.7479, acc_fused:0.9983, acc_audio:0.9963, acc_video:0.7201
2026-06-03 22:17:23,107 +++++++++++++++++++++++++++++++++++++++++++++++++++++++
2026-06-03 22:17:23,108 Epoch 57: f1:0.6622, acc:0.6622, mAP:0.7553, f1_a:0.6140, acc_a:0.6121, mAP_a:0.6485, f1_v:0.3793, acc_v:0.4213, mAP_v:0.5201
2026-06-03 22:17:23,109 Epoch 58 is pending...
2026-06-03 22:20:33,179 +++++++++++++++++++++++++++++++++++++++++++++++++++++++
2026-06-03 22:20:33,179 Epoch 58: Average Training Loss: 0.7600, loss_fused:0.0071, loss_audio:0.0058, loss_video:0.7472, acc_fused:0.9988, acc_audio:0.9981, acc_video:0.7228
2026-06-03 22:21:06,457 +++++++++++++++++++++++++++++++++++++++++++++++++++++++
2026-06-03 22:21:06,457 Epoch 58: f1:0.6405, acc:0.6397, mAP:0.7383, f1_a:0.5786, acc_a:0.5793, mAP_a:0.6333, f1_v:0.4798, acc_v:0.5048, mAP_v:0.5550
2026-06-03 22:21:06,458 Epoch 59 is pending...
2026-06-03 22:24:10,188 +++++++++++++++++++++++++++++++++++++++++++++++++++++++
2026-06-03 22:24:10,188 Epoch 59: Average Training Loss: 0.7634, loss_fused:0.0050, loss_audio:0.0048, loss_video:0.7537, acc_fused:0.9995, acc_audio:0.9983, acc_video:0.7109
2026-06-03 22:24:43,454 +++++++++++++++++++++++++++++++++++++++++++++++++++++++
2026-06-03 22:24:43,454 Epoch 59: f1:0.6689, acc:0.6757, mAP:0.7656, f1_a:0.6039, acc_a:0.6050, mAP_a:0.6516, f1_v:0.4130, acc_v:0.4483, mAP_v:0.5317
2026-06-03 22:24:43,455 Epoch 60 is pending...
2026-06-03 22:27:47,245 +++++++++++++++++++++++++++++++++++++++++++++++++++++++
2026-06-03 22:27:47,245 Epoch 60: Average Training Loss: 0.7337, loss_fused:0.0044, loss_audio:0.0028, loss_video:0.7264, acc_fused:0.9991, acc_audio:0.9990, acc_video:0.7233
2026-06-03 22:28:20,596 +++++++++++++++++++++++++++++++++++++++++++++++++++++++
2026-06-03 22:28:20,596 Epoch 60: f1:0.6872, acc:0.6898, mAP:0.7712, f1_a:0.6091, acc_a:0.6108, mAP_a:0.6527, f1_v:0.4657, acc_v:0.4759, mAP_v:0.5421
2026-06-03 22:28:20,596 Epoch 61 is pending...
2026-06-03 22:31:24,576 +++++++++++++++++++++++++++++++++++++++++++++++++++++++
2026-06-03 22:31:24,576 Epoch 61: Average Training Loss: 0.7223, loss_fused:0.0041, loss_audio:0.0020, loss_video:0.7163, acc_fused:0.9993, acc_audio:0.9993, acc_video:0.7260
2026-06-03 22:31:58,051 +++++++++++++++++++++++++++++++++++++++++++++++++++++++
2026-06-03 22:31:58,051 Epoch 61: f1:0.6657, acc:0.6705, mAP:0.7652, f1_a:0.6067, acc_a:0.6063, mAP_a:0.6549, f1_v:0.3917, acc_v:0.4207, mAP_v:0.5181
2026-06-03 22:31:58,051 Epoch 62 is pending...
2026-06-03 22:35:07,373 +++++++++++++++++++++++++++++++++++++++++++++++++++++++
2026-06-03 22:35:07,373 Epoch 62: Average Training Loss: 0.7312, loss_fused:0.0028, loss_audio:0.0019, loss_video:0.7265, acc_fused:0.9993, acc_audio:0.9993, acc_video:0.7296
2026-06-03 22:35:42,105 +++++++++++++++++++++++++++++++++++++++++++++++++++++++
2026-06-03 22:35:42,106 Epoch 62: f1:0.6974, acc:0.6988, mAP:0.7731, f1_a:0.6086, acc_a:0.6114, mAP_a:0.6621, f1_v:0.4583, acc_v:0.4753, mAP_v:0.5571
2026-06-03 22:35:42,106 NEW BEST ACC | Epoch 62 | Acc: 0.6988
2026-06-03 22:35:42,199 Model saved to E:/Paper_Experiment/DML/DML_v1/CREMAD_v1/savepath/CREMA-D\dml_cremad_seed0_lr0.005\model_best_clean.pt
2026-06-03 22:35:42,199 Epoch 63 is pending...
2026-06-03 22:38:46,588 +++++++++++++++++++++++++++++++++++++++++++++++++++++++
2026-06-03 22:38:46,588 Epoch 63: Average Training Loss: 0.7277, loss_fused:0.0029, loss_audio:0.0019, loss_video:0.7229, acc_fused:0.9993, acc_audio:0.9991, acc_video:0.7276
2026-06-03 22:39:19,830 +++++++++++++++++++++++++++++++++++++++++++++++++++++++
2026-06-03 22:39:19,830 Epoch 63: f1:0.6902, acc:0.6917, mAP:0.7711, f1_a:0.6099, acc_a:0.6108, mAP_a:0.6612, f1_v:0.4853, acc_v:0.5080, mAP_v:0.5590
2026-06-03 22:39:19,831 Epoch 64 is pending...
2026-06-03 22:42:23,667 +++++++++++++++++++++++++++++++++++++++++++++++++++++++
2026-06-03 22:42:23,667 Epoch 64: Average Training Loss: 0.7207, loss_fused:0.0030, loss_audio:0.0018, loss_video:0.7159, acc_fused:0.9991, acc_audio:0.9991, acc_video:0.7347
2026-06-03 22:42:57,081 +++++++++++++++++++++++++++++++++++++++++++++++++++++++
2026-06-03 22:42:57,081 Epoch 64: f1:0.6880, acc:0.6891, mAP:0.7670, f1_a:0.6098, acc_a:0.6108, mAP_a:0.6535, f1_v:0.4871, acc_v:0.5048, mAP_v:0.5702
2026-06-03 22:42:57,082 Epoch 65 is pending...
2026-06-03 22:46:01,148 +++++++++++++++++++++++++++++++++++++++++++++++++++++++
2026-06-03 22:46:01,148 Epoch 65: Average Training Loss: 0.7195, loss_fused:0.0029, loss_audio:0.0017, loss_video:0.7149, acc_fused:0.9995, acc_audio:0.9995, acc_video:0.7315
2026-06-03 22:46:34,442 +++++++++++++++++++++++++++++++++++++++++++++++++++++++
2026-06-03 22:46:34,442 Epoch 65: f1:0.6872, acc:0.6879, mAP:0.7778, f1_a:0.6183, acc_a:0.6191, mAP_a:0.6593, f1_v:0.4312, acc_v:0.4522, mAP_v:0.5406
2026-06-03 22:46:34,443 Epoch 66 is pending...
2026-06-03 22:49:41,495 +++++++++++++++++++++++++++++++++++++++++++++++++++++++
2026-06-03 22:49:41,496 Epoch 66: Average Training Loss: 0.7039, loss_fused:0.0024, loss_audio:0.0015, loss_video:0.7000, acc_fused:0.9995, acc_audio:0.9993, acc_video:0.7340
2026-06-03 22:50:18,718 +++++++++++++++++++++++++++++++++++++++++++++++++++++++
2026-06-03 22:50:18,719 Epoch 66: f1:0.6968, acc:0.7007, mAP:0.7783, f1_a:0.6196, acc_a:0.6204, mAP_a:0.6602, f1_v:0.4474, acc_v:0.4849, mAP_v:0.5646
2026-06-03 22:50:18,719 NEW BEST ACC | Epoch 66 | Acc: 0.7007
2026-06-03 22:50:18,816 Model saved to E:/Paper_Experiment/DML/DML_v1/CREMAD_v1/savepath/CREMA-D\dml_cremad_seed0_lr0.005\model_best_clean.pt
2026-06-03 22:50:18,816 Epoch 67 is pending...
2026-06-03 22:53:23,387 +++++++++++++++++++++++++++++++++++++++++++++++++++++++
2026-06-03 22:53:23,387 Epoch 67: Average Training Loss: 0.7011, loss_fused:0.0030, loss_audio:0.0013, loss_video:0.6968, acc_fused:0.9993, acc_audio:0.9993, acc_video:0.7323
2026-06-03 22:53:56,670 +++++++++++++++++++++++++++++++++++++++++++++++++++++++
2026-06-03 22:53:56,670 Epoch 67: f1:0.6840, acc:0.6853, mAP:0.7684, f1_a:0.6201, acc_a:0.6211, mAP_a:0.6598, f1_v:0.4368, acc_v:0.4798, mAP_v:0.5587
2026-06-03 22:53:56,671 Epoch 68 is pending...
2026-06-03 22:57:00,537 +++++++++++++++++++++++++++++++++++++++++++++++++++++++
2026-06-03 22:57:00,537 Epoch 68: Average Training Loss: 0.6991, loss_fused:0.0046, loss_audio:0.0025, loss_video:0.6920, acc_fused:0.9985, acc_audio:0.9991, acc_video:0.7432
2026-06-03 22:57:33,908 +++++++++++++++++++++++++++++++++++++++++++++++++++++++
2026-06-03 22:57:33,908 Epoch 68: f1:0.6596, acc:0.6596, mAP:0.7449, f1_a:0.5784, acc_a:0.5857, mAP_a:0.6475, f1_v:0.4663, acc_v:0.4759, mAP_v:0.5419
2026-06-03 22:57:33,909 Epoch 69 is pending...
2026-06-03 23:00:37,818 +++++++++++++++++++++++++++++++++++++++++++++++++++++++
2026-06-03 23:00:37,818 Epoch 69: Average Training Loss: 0.6920, loss_fused:0.0039, loss_audio:0.0022, loss_video:0.6858, acc_fused:0.9993, acc_audio:0.9991, acc_video:0.7454
2026-06-03 23:01:11,029 +++++++++++++++++++++++++++++++++++++++++++++++++++++++
2026-06-03 23:01:11,029 Epoch 69: f1:0.6894, acc:0.6911, mAP:0.7643, f1_a:0.6172, acc_a:0.6198, mAP_a:0.6585, f1_v:0.4957, acc_v:0.5048, mAP_v:0.5702
2026-06-03 23:01:11,030 Epoch 70 is pending...
2026-06-03 23:04:15,684 +++++++++++++++++++++++++++++++++++++++++++++++++++++++
2026-06-03 23:04:15,684 Epoch 70: Average Training Loss: 0.5982, loss_fused:0.0023, loss_audio:0.0015, loss_video:0.5945, acc_fused:0.9995, acc_audio:0.9993, acc_video:0.7797
2026-06-03 23:04:52,646 +++++++++++++++++++++++++++++++++++++++++++++++++++++++
2026-06-03 23:04:52,646 Epoch 70: f1:0.6945, acc:0.6956, mAP:0.7741, f1_a:0.6091, acc_a:0.6108, mAP_a:0.6572, f1_v:0.5030, acc_v:0.5119, mAP_v:0.5714
2026-06-03 23:04:52,646 Epoch 71 is pending...
2026-06-03 23:07:58,194 +++++++++++++++++++++++++++++++++++++++++++++++++++++++
2026-06-03 23:07:58,194 Epoch 71: Average Training Loss: 0.5745, loss_fused:0.0023, loss_audio:0.0013, loss_video:0.5709, acc_fused:0.9993, acc_audio:0.9995, acc_video:0.7908
2026-06-03 23:08:31,548 +++++++++++++++++++++++++++++++++++++++++++++++++++++++
2026-06-03 23:08:31,549 Epoch 71: f1:0.7024, acc:0.7033, mAP:0.7767, f1_a:0.6172, acc_a:0.6198, mAP_a:0.6587, f1_v:0.4848, acc_v:0.4971, mAP_v:0.5717
2026-06-03 23:08:31,549 NEW BEST ACC | Epoch 71 | Acc: 0.7033
2026-06-03 23:08:31,643 Model saved to E:/Paper_Experiment/DML/DML_v1/CREMAD_v1/savepath/CREMA-D\dml_cremad_seed0_lr0.005\model_best_clean.pt
2026-06-03 23:08:31,644 Epoch 72 is pending...
2026-06-03 23:11:34,971 +++++++++++++++++++++++++++++++++++++++++++++++++++++++
2026-06-03 23:11:34,972 Epoch 72: Average Training Loss: 0.5593, loss_fused:0.0025, loss_audio:0.0012, loss_video:0.5556, acc_fused:0.9993, acc_audio:0.9993, acc_video:0.7928
2026-06-03 23:12:08,233 +++++++++++++++++++++++++++++++++++++++++++++++++++++++
2026-06-03 23:12:08,234 Epoch 72: f1:0.7029, acc:0.7052, mAP:0.7787, f1_a:0.6162, acc_a:0.6179, mAP_a:0.6591, f1_v:0.4856, acc_v:0.4978, mAP_v:0.5659
2026-06-03 23:12:08,234 NEW BEST ACC | Epoch 72 | Acc: 0.7052
2026-06-03 23:12:08,326 Model saved to E:/Paper_Experiment/DML/DML_v1/CREMAD_v1/savepath/CREMA-D\dml_cremad_seed0_lr0.005\model_best_clean.pt
2026-06-03 23:12:08,326 Epoch 73 is pending...
2026-06-03 23:15:11,739 +++++++++++++++++++++++++++++++++++++++++++++++++++++++
2026-06-03 23:15:11,739 Epoch 73: Average Training Loss: 0.5493, loss_fused:0.0024, loss_audio:0.0013, loss_video:0.5457, acc_fused:0.9991, acc_audio:0.9993, acc_video:0.7932
2026-06-03 23:15:45,165 +++++++++++++++++++++++++++++++++++++++++++++++++++++++
2026-06-03 23:15:45,166 Epoch 73: f1:0.6947, acc:0.6975, mAP:0.7750, f1_a:0.6119, acc_a:0.6134, mAP_a:0.6573, f1_v:0.4900, acc_v:0.5022, mAP_v:0.5664
2026-06-03 23:15:45,166 Epoch 74 is pending...
2026-06-03 23:18:48,552 +++++++++++++++++++++++++++++++++++++++++++++++++++++++
2026-06-03 23:18:48,552 Epoch 74: Average Training Loss: 0.5441, loss_fused:0.0021, loss_audio:0.0012, loss_video:0.5408, acc_fused:0.9993, acc_audio:0.9993, acc_video:0.7996
2026-06-03 23:19:24,757 +++++++++++++++++++++++++++++++++++++++++++++++++++++++
2026-06-03 23:19:24,757 Epoch 74: f1:0.6874, acc:0.6904, mAP:0.7741, f1_a:0.6088, acc_a:0.6101, mAP_a:0.6572, f1_v:0.4640, acc_v:0.4766, mAP_v:0.5505
2026-06-03 23:19:24,758 Epoch 75 is pending...
2026-06-03 23:22:32,618 +++++++++++++++++++++++++++++++++++++++++++++++++++++++
2026-06-03 23:22:32,618 Epoch 75: Average Training Loss: 0.5531, loss_fused:0.0030, loss_audio:0.0014, loss_video:0.5488, acc_fused:0.9993, acc_audio:0.9995, acc_video:0.7962
2026-06-03 23:23:05,899 +++++++++++++++++++++++++++++++++++++++++++++++++++++++
2026-06-03 23:23:05,900 Epoch 75: f1:0.6923, acc:0.6924, mAP:0.7703, f1_a:0.6154, acc_a:0.6166, mAP_a:0.6570, f1_v:0.4646, acc_v:0.4791, mAP_v:0.5608
2026-06-03 23:23:05,900 Epoch 76 is pending...
2026-06-03 23:26:09,357 +++++++++++++++++++++++++++++++++++++++++++++++++++++++
2026-06-03 23:26:09,357 Epoch 76: Average Training Loss: 0.5450, loss_fused:0.0020, loss_audio:0.0010, loss_video:0.5419, acc_fused:0.9997, acc_audio:0.9995, acc_video:0.7991
2026-06-03 23:26:42,560 +++++++++++++++++++++++++++++++++++++++++++++++++++++++
2026-06-03 23:26:42,560 Epoch 76: f1:0.6925, acc:0.6949, mAP:0.7720, f1_a:0.6095, acc_a:0.6108, mAP_a:0.6571, f1_v:0.4775, acc_v:0.4945, mAP_v:0.5590
2026-06-03 23:26:42,561 Epoch 77 is pending...
2026-06-03 23:29:46,043 +++++++++++++++++++++++++++++++++++++++++++++++++++++++
2026-06-03 23:29:46,043 Epoch 77: Average Training Loss: 0.5344, loss_fused:0.0024, loss_audio:0.0011, loss_video:0.5310, acc_fused:0.9993, acc_audio:0.9993, acc_video:0.8035
2026-06-03 23:30:19,262 +++++++++++++++++++++++++++++++++++++++++++++++++++++++
2026-06-03 23:30:19,262 Epoch 77: f1:0.6936, acc:0.6956, mAP:0.7721, f1_a:0.6152, acc_a:0.6185, mAP_a:0.6584, f1_v:0.4865, acc_v:0.4958, mAP_v:0.5561
2026-06-03 23:30:19,262 Epoch 78 is pending...
2026-06-03 23:33:22,425 +++++++++++++++++++++++++++++++++++++++++++++++++++++++
2026-06-03 23:33:22,425 Epoch 78: Average Training Loss: 0.5265, loss_fused:0.0023, loss_audio:0.0011, loss_video:0.5231, acc_fused:0.9993, acc_audio:0.9995, acc_video:0.8054
2026-06-03 23:33:55,683 +++++++++++++++++++++++++++++++++++++++++++++++++++++++
2026-06-03 23:33:55,683 Epoch 78: f1:0.6985, acc:0.7020, mAP:0.7766, f1_a:0.6088, acc_a:0.6108, mAP_a:0.6569, f1_v:0.4682, acc_v:0.4804, mAP_v:0.5459
2026-06-03 23:33:55,684 Epoch 79 is pending...
2026-06-03 23:37:05,129 +++++++++++++++++++++++++++++++++++++++++++++++++++++++
2026-06-03 23:37:05,129 Epoch 79: Average Training Loss: 0.5424, loss_fused:0.0030, loss_audio:0.0010, loss_video:0.5384, acc_fused:0.9995, acc_audio:0.9997, acc_video:0.8018
2026-06-03 23:37:38,491 +++++++++++++++++++++++++++++++++++++++++++++++++++++++
2026-06-03 23:37:38,491 Epoch 79: f1:0.6923, acc:0.6924, mAP:0.7750, f1_a:0.6177, acc_a:0.6179, mAP_a:0.6585, f1_v:0.4788, acc_v:0.4907, mAP_v:0.5595
2026-06-03 23:37:38,492 Epoch 80 is pending...
2026-06-03 23:40:41,752 +++++++++++++++++++++++++++++++++++++++++++++++++++++++
2026-06-03 23:40:41,752 Epoch 80: Average Training Loss: 0.5250, loss_fused:0.0022, loss_audio:0.0011, loss_video:0.5217, acc_fused:0.9995, acc_audio:0.9993, acc_video:0.8073
2026-06-03 23:41:14,949 +++++++++++++++++++++++++++++++++++++++++++++++++++++++
2026-06-03 23:41:14,949 Epoch 80: f1:0.7033, acc:0.7058, mAP:0.7751, f1_a:0.6129, acc_a:0.6159, mAP_a:0.6576, f1_v:0.4848, acc_v:0.4939, mAP_v:0.5587
2026-06-03 23:41:14,949 NEW BEST ACC | Epoch 80 | Acc: 0.7058
2026-06-03 23:41:15,054 Model saved to E:/Paper_Experiment/DML/DML_v1/CREMAD_v1/savepath/CREMA-D\dml_cremad_seed0_lr0.005\model_best_clean.pt
2026-06-03 23:41:15,054 Epoch 81 is pending...
2026-06-03 23:44:18,599 +++++++++++++++++++++++++++++++++++++++++++++++++++++++
2026-06-03 23:44:18,599 Epoch 81: Average Training Loss: 0.5287, loss_fused:0.0022, loss_audio:0.0012, loss_video:0.5253, acc_fused:0.9993, acc_audio:0.9993, acc_video:0.8029
2026-06-03 23:44:51,894 +++++++++++++++++++++++++++++++++++++++++++++++++++++++
2026-06-03 23:44:51,894 Epoch 81: f1:0.6918, acc:0.6936, mAP:0.7775, f1_a:0.6168, acc_a:0.6179, mAP_a:0.6597, f1_v:0.4782, acc_v:0.4926, mAP_v:0.5663
2026-06-03 23:44:51,895 Epoch 82 is pending...
2026-06-03 23:47:55,357 +++++++++++++++++++++++++++++++++++++++++++++++++++++++
2026-06-03 23:47:55,357 Epoch 82: Average Training Loss: 0.5175, loss_fused:0.0025, loss_audio:0.0010, loss_video:0.5141, acc_fused:0.9991, acc_audio:0.9995, acc_video:0.8068
2026-06-03 23:48:28,576 +++++++++++++++++++++++++++++++++++++++++++++++++++++++
2026-06-03 23:48:28,577 Epoch 82: f1:0.6892, acc:0.6904, mAP:0.7712, f1_a:0.6111, acc_a:0.6121, mAP_a:0.6579, f1_v:0.4740, acc_v:0.4836, mAP_v:0.5529
2026-06-03 23:48:28,577 Epoch 83 is pending...
2026-06-03 23:51:37,798 +++++++++++++++++++++++++++++++++++++++++++++++++++++++
2026-06-03 23:51:37,798 Epoch 83: Average Training Loss: 0.5250, loss_fused:0.0019, loss_audio:0.0009, loss_video:0.5222, acc_fused:0.9995, acc_audio:0.9993, acc_video:0.8044
2026-06-03 23:52:11,027 +++++++++++++++++++++++++++++++++++++++++++++++++++++++
2026-06-03 23:52:11,027 Epoch 83: f1:0.6915, acc:0.6930, mAP:0.7734, f1_a:0.6171, acc_a:0.6185, mAP_a:0.6590, f1_v:0.4769, acc_v:0.4913, mAP_v:0.5662
2026-06-03 23:52:11,028 Epoch 84 is pending...
2026-06-03 23:55:14,592 +++++++++++++++++++++++++++++++++++++++++++++++++++++++
2026-06-03 23:55:14,592 Epoch 84: Average Training Loss: 0.5326, loss_fused:0.0027, loss_audio:0.0009, loss_video:0.5291, acc_fused:0.9991, acc_audio:0.9995, acc_video:0.7972
2026-06-03 23:55:47,905 +++++++++++++++++++++++++++++++++++++++++++++++++++++++
2026-06-03 23:55:47,905 Epoch 84: f1:0.6920, acc:0.6949, mAP:0.7724, f1_a:0.6118, acc_a:0.6140, mAP_a:0.6563, f1_v:0.4704, acc_v:0.4830, mAP_v:0.5550
2026-06-03 23:55:47,906 Epoch 85 is pending...
2026-06-03 23:58:51,763 +++++++++++++++++++++++++++++++++++++++++++++++++++++++
2026-06-03 23:58:51,763 Epoch 85: Average Training Loss: 0.5050, loss_fused:0.0015, loss_audio:0.0009, loss_video:0.5025, acc_fused:0.9997, acc_audio:0.9995, acc_video:0.8126
2026-06-03 23:59:24,988 +++++++++++++++++++++++++++++++++++++++++++++++++++++++
2026-06-03 23:59:24,988 Epoch 85: f1:0.6938, acc:0.6969, mAP:0.7734, f1_a:0.6096, acc_a:0.6121, mAP_a:0.6550, f1_v:0.4853, acc_v:0.4971, mAP_v:0.5574
2026-06-03 23:59:24,989 Epoch 86 is pending...
2026-06-04 00:02:28,365 +++++++++++++++++++++++++++++++++++++++++++++++++++++++
2026-06-04 00:02:28,365 Epoch 86: Average Training Loss: 0.5292, loss_fused:0.0024, loss_audio:0.0009, loss_video:0.5258, acc_fused:0.9995, acc_audio:0.9995, acc_video:0.8030
2026-06-04 00:03:01,696 +++++++++++++++++++++++++++++++++++++++++++++++++++++++
2026-06-04 00:03:01,696 Epoch 86: f1:0.6823, acc:0.6846, mAP:0.7729, f1_a:0.6126, acc_a:0.6146, mAP_a:0.6575, f1_v:0.4734, acc_v:0.4875, mAP_v:0.5520
2026-06-04 00:03:01,697 Epoch 87 is pending...
2026-06-04 00:06:11,305 +++++++++++++++++++++++++++++++++++++++++++++++++++++++
2026-06-04 00:06:11,306 Epoch 87: Average Training Loss: 0.5129, loss_fused:0.0017, loss_audio:0.0008, loss_video:0.5104, acc_fused:0.9997, acc_audio:0.9997, acc_video:0.8078
2026-06-04 00:06:44,549 +++++++++++++++++++++++++++++++++++++++++++++++++++++++
2026-06-04 00:06:44,549 Epoch 87: f1:0.6841, acc:0.6866, mAP:0.7760, f1_a:0.6137, acc_a:0.6159, mAP_a:0.6581, f1_v:0.4950, acc_v:0.5055, mAP_v:0.5688
2026-06-04 00:06:44,550 Epoch 88 is pending...
2026-06-04 00:09:47,973 +++++++++++++++++++++++++++++++++++++++++++++++++++++++
2026-06-04 00:09:47,973 Epoch 88: Average Training Loss: 0.5061, loss_fused:0.0020, loss_audio:0.0008, loss_video:0.5034, acc_fused:0.9995, acc_audio:0.9997, acc_video:0.8141
2026-06-04 00:10:21,299 +++++++++++++++++++++++++++++++++++++++++++++++++++++++
2026-06-04 00:10:21,299 Epoch 88: f1:0.6924, acc:0.6949, mAP:0.7773, f1_a:0.6167, acc_a:0.6179, mAP_a:0.6589, f1_v:0.4779, acc_v:0.4907, mAP_v:0.5549
2026-06-04 00:10:21,299 Epoch 89 is pending...
2026-06-04 00:13:24,458 +++++++++++++++++++++++++++++++++++++++++++++++++++++++
2026-06-04 00:13:24,459 Epoch 89: Average Training Loss: 0.5210, loss_fused:0.0022, loss_audio:0.0011, loss_video:0.5177, acc_fused:0.9993, acc_audio:0.9995, acc_video:0.8087
2026-06-04 00:13:57,665 +++++++++++++++++++++++++++++++++++++++++++++++++++++++
2026-06-04 00:13:57,665 Epoch 89: f1:0.6850, acc:0.6891, mAP:0.7764, f1_a:0.6085, acc_a:0.6101, mAP_a:0.6569, f1_v:0.4931, acc_v:0.5048, mAP_v:0.5620
2026-06-04 00:13:57,666 Epoch 90 is pending...
2026-06-04 00:17:00,983 +++++++++++++++++++++++++++++++++++++++++++++++++++++++
2026-06-04 00:17:00,983 Epoch 90: Average Training Loss: 0.5231, loss_fused:0.0024, loss_audio:0.0010, loss_video:0.5198, acc_fused:0.9995, acc_audio:0.9995, acc_video:0.8066
2026-06-04 00:17:34,278 +++++++++++++++++++++++++++++++++++++++++++++++++++++++
2026-06-04 00:17:34,278 Epoch 90: f1:0.6894, acc:0.6904, mAP:0.7748, f1_a:0.6199, acc_a:0.6217, mAP_a:0.6619, f1_v:0.4960, acc_v:0.5055, mAP_v:0.5601
2026-06-04 00:17:34,279 Epoch 91 is pending...
2026-06-04 00:20:43,517 +++++++++++++++++++++++++++++++++++++++++++++++++++++++
2026-06-04 00:20:43,517 Epoch 91: Average Training Loss: 0.5041, loss_fused:0.0019, loss_audio:0.0011, loss_video:0.5011, acc_fused:0.9995, acc_audio:0.9995, acc_video:0.8136
2026-06-04 00:21:16,823 +++++++++++++++++++++++++++++++++++++++++++++++++++++++
2026-06-04 00:21:16,824 Epoch 91: f1:0.6980, acc:0.7007, mAP:0.7804, f1_a:0.6150, acc_a:0.6159, mAP_a:0.6597, f1_v:0.4881, acc_v:0.4990, mAP_v:0.5605
2026-06-04 00:21:16,824 Epoch 92 is pending...
2026-06-04 00:24:20,295 +++++++++++++++++++++++++++++++++++++++++++++++++++++++
2026-06-04 00:24:20,295 Epoch 92: Average Training Loss: 0.5084, loss_fused:0.0018, loss_audio:0.0010, loss_video:0.5056, acc_fused:0.9995, acc_audio:0.9995, acc_video:0.8136
2026-06-04 00:24:53,640 +++++++++++++++++++++++++++++++++++++++++++++++++++++++
2026-06-04 00:24:53,640 Epoch 92: f1:0.6919, acc:0.6936, mAP:0.7770, f1_a:0.6162, acc_a:0.6191, mAP_a:0.6602, f1_v:0.4734, acc_v:0.4830, mAP_v:0.5483
2026-06-04 00:24:53,641 Epoch 93 is pending...
2026-06-04 00:27:57,009 +++++++++++++++++++++++++++++++++++++++++++++++++++++++
2026-06-04 00:27:57,009 Epoch 93: Average Training Loss: 0.5071, loss_fused:0.0016, loss_audio:0.0009, loss_video:0.5046, acc_fused:0.9997, acc_audio:0.9997, acc_video:0.8126
2026-06-04 00:28:30,264 +++++++++++++++++++++++++++++++++++++++++++++++++++++++
2026-06-04 00:28:30,264 Epoch 93: f1:0.6897, acc:0.6936, mAP:0.7795, f1_a:0.6113, acc_a:0.6127, mAP_a:0.6573, f1_v:0.4746, acc_v:0.4862, mAP_v:0.5510
2026-06-04 00:28:30,265 Epoch 94 is pending...
2026-06-04 00:31:33,728 +++++++++++++++++++++++++++++++++++++++++++++++++++++++
2026-06-04 00:31:33,729 Epoch 94: Average Training Loss: 0.5005, loss_fused:0.0019, loss_audio:0.0011, loss_video:0.4975, acc_fused:0.9991, acc_audio:0.9993, acc_video:0.8177
2026-06-04 00:32:07,002 +++++++++++++++++++++++++++++++++++++++++++++++++++++++
2026-06-04 00:32:07,003 Epoch 94: f1:0.6956, acc:0.6962, mAP:0.7771, f1_a:0.6102, acc_a:0.6108, mAP_a:0.6597, f1_v:0.4888, acc_v:0.4984, mAP_v:0.5561
2026-06-04 00:32:07,003 Epoch 95 is pending...
2026-06-04 00:35:16,637 +++++++++++++++++++++++++++++++++++++++++++++++++++++++
2026-06-04 00:35:16,638 Epoch 95: Average Training Loss: 0.5003, loss_fused:0.0024, loss_audio:0.0009, loss_video:0.4970, acc_fused:0.9995, acc_audio:0.9997, acc_video:0.8179
2026-06-04 00:35:50,365 +++++++++++++++++++++++++++++++++++++++++++++++++++++++
2026-06-04 00:35:50,365 Epoch 95: f1:0.6782, acc:0.6814, mAP:0.7722, f1_a:0.6081, acc_a:0.6114, mAP_a:0.6573, f1_v:0.4721, acc_v:0.4798, mAP_v:0.5487
2026-06-04 00:35:50,365 Epoch 96 is pending...
2026-06-04 00:38:53,838 +++++++++++++++++++++++++++++++++++++++++++++++++++++++
2026-06-04 00:38:53,838 Epoch 96: Average Training Loss: 0.4946, loss_fused:0.0020, loss_audio:0.0010, loss_video:0.4916, acc_fused:0.9993, acc_audio:0.9995, acc_video:0.8179
2026-06-04 00:39:27,229 +++++++++++++++++++++++++++++++++++++++++++++++++++++++
2026-06-04 00:39:27,229 Epoch 96: f1:0.6956, acc:0.6962, mAP:0.7772, f1_a:0.6126, acc_a:0.6153, mAP_a:0.6584, f1_v:0.4794, acc_v:0.4868, mAP_v:0.5559
2026-06-04 00:39:27,230 Epoch 97 is pending...
2026-06-04 00:42:30,674 +++++++++++++++++++++++++++++++++++++++++++++++++++++++
2026-06-04 00:42:30,674 Epoch 97: Average Training Loss: 0.4931, loss_fused:0.0020, loss_audio:0.0009, loss_video:0.4902, acc_fused:0.9995, acc_audio:0.9995, acc_video:0.8179
2026-06-04 00:43:04,029 +++++++++++++++++++++++++++++++++++++++++++++++++++++++
2026-06-04 00:43:04,029 Epoch 97: f1:0.6973, acc:0.6981, mAP:0.7760, f1_a:0.6145, acc_a:0.6159, mAP_a:0.6608, f1_v:0.4862, acc_v:0.4933, mAP_v:0.5585
2026-06-04 00:43:04,030 Epoch 98 is pending...
2026-06-04 00:46:07,218 +++++++++++++++++++++++++++++++++++++++++++++++++++++++
2026-06-04 00:46:07,218 Epoch 98: Average Training Loss: 0.5102, loss_fused:0.0020, loss_audio:0.0011, loss_video:0.5071, acc_fused:0.9993, acc_audio:0.9993, acc_video:0.8160
2026-06-04 00:46:40,453 +++++++++++++++++++++++++++++++++++++++++++++++++++++++
2026-06-04 00:46:40,454 Epoch 98: f1:0.6927, acc:0.6956, mAP:0.7780, f1_a:0.6173, acc_a:0.6191, mAP_a:0.6607, f1_v:0.4980, acc_v:0.5087, mAP_v:0.5626
2026-06-04 00:46:40,454 Epoch 99 is pending...
2026-06-04 00:49:47,393 +++++++++++++++++++++++++++++++++++++++++++++++++++++++
2026-06-04 00:49:47,393 Epoch 99: Average Training Loss: 0.4988, loss_fused:0.0022, loss_audio:0.0008, loss_video:0.4958, acc_fused:0.9997, acc_audio:0.9997, acc_video:0.8177
2026-06-04 00:50:24,362 +++++++++++++++++++++++++++++++++++++++++++++++++++++++
2026-06-04 00:50:24,362 Epoch 99: f1:0.6922, acc:0.6956, mAP:0.7775, f1_a:0.6166, acc_a:0.6179, mAP_a:0.6592, f1_v:0.4871, acc_v:0.4984, mAP_v:0.5486
2026-06-04 00:50:24,363 ============================================================
2026-06-04 00:50:24,363 Training complete. Best epoch: 80, Best acc: 0.7058
2026-06-04 00:50:24,363 Best metrics: Epoch 80: f1:0.7033, acc:0.7058, mAP:0.7751, f1_a:0.6129, acc_a:0.6159, mAP_a:0.6576, f1_v:0.4848, acc_v:0.4939, mAP_v:0.5587
2026-06-04 00:50:24,363 ============================================================
2026-06-04 00:50:24,363 Loading best model for robustness evaluation...
2026-06-04 00:50:24,644 Loaded best model from E:/Paper_Experiment/DML/DML_v1/CREMAD_v1/savepath/CREMA-D\dml_cremad_seed0_lr0.005\model_best_clean.pt
2026-06-04 00:50:24,645 Evaluating scenario: Clean Test ...
2026-06-04 00:50:58,179   Clean Test: Acc = 0.7091
2026-06-04 00:50:58,179 Evaluating scenario: Salt & Pepper (Lvl 5.0) ...
2026-06-04 00:51:37,360   Salt & Pepper (Lvl 5.0): Acc = 0.6249
2026-06-04 00:51:37,360 Evaluating scenario: Salt & Pepper (Lvl 10.0) ...
2026-06-04 00:52:21,724   Salt & Pepper (Lvl 10.0): Acc = 0.5145
2026-06-04 00:52:21,724 Evaluating scenario: Gaussian (Lvl 5.0) ...
2026-06-04 00:53:02,114   Gaussian (Lvl 5.0): Acc = 0.7200
2026-06-04 00:53:02,114 Evaluating scenario: Gaussian (Lvl 10.0) ...
2026-06-04 00:53:42,660   Gaussian (Lvl 10.0): Acc = 0.7116
2026-06-04 00:53:42,660 
============================================================
2026-06-04 00:53:42,660             FINAL ROBUSTNESS EVALUATION RESULTS             
2026-06-04 00:53:42,660 ============================================================
2026-06-04 00:53:42,660 | Test Scenario                       | Accuracy           |
2026-06-04 00:53:42,661 |-------------------------------------|--------------------|
2026-06-04 00:53:42,661 | Clean Test                          |             0.7091 |
2026-06-04 00:53:42,661 | Salt & Pepper (Lvl 5.0)             |             0.6249 |
2026-06-04 00:53:42,661 | Salt & Pepper (Lvl 10.0)            |             0.5145 |
2026-06-04 00:53:42,661 | Gaussian (Lvl 5.0)                  |             0.7200 |
2026-06-04 00:53:42,661 | Gaussian (Lvl 10.0)                 |             0.7116 |
2026-06-04 00:53:42,661 ============================================================

2026-06-04 00:53:42,662 Saved final results to E:/Paper_Experiment/DML/DML_v1/CREMAD_v1/savepath/CREMA-D\dml_cremad_seed0_lr0.005\final_results.json
2026-06-04 00:53:42,662 Appended experiment record to E:/Paper_Experiment/DML/DML_v1/CREMAD_v1/savepath/CREMA-D\all_experiments.json
2026-06-09 06:17:29,093 ---------------------Cfg is set as follow--------------------
2026-06-09 06:17:29,094 {'dataset': {'dataset_name': 'CREMA-D', 'data_root': 'E:/Paper_Experiment/DML/DML_v1/datasets_shared/CREMA-D'}, 'visual': {'name': 'resnet18', 'freeze': False, 'pretrain': False, 'hidden_dim': 512}, 'text': {'name': 'resnet18'}, 'loss': {'type': 'CrossEntropy'}, 'head': {'type': 'MLP'}, 'train': {'epoch_dict': 100, 'batch_size': 16, 'num_workers': 0, 'val_size': 16, 'val_batch_size': 16, 'val_num_workers': 0, 'shuffle': True, 'optimizer': {'type': 'SGD', 'lr': 0.005, 'momentum': 0.9, 'wc': 0.0001}, 'lr_scheduler': {'type': 'normal', 'patience': 70}, 'early_stop_patience': 3, 'early_stop_min_delta': 0.0}, 'test': {'batch_size': 16, 'num_workers': 0}, 'setting': {'type': 'CREMA Classification', 'num_class': 6}, 'experiment': {'name': 'dml_cremad_seed0_lr0.005', 'note': ''}, 'save_dir': 'E:/Paper_Experiment/DML/DML_v1/CREMAD_v1/savepath/CREMA-D', 'output_dir': 'e:\\Paper_Experiment\\DML\\DML_v1\\CREMAD_v1', 'seed': 0, 'fps': 3, 'use_gpu': True, 'gpu_id': 0, 'debug': False, 'run_dir': 'E:/Paper_Experiment/DML/DML_v1/CREMAD_v1/savepath/CREMA-D\\dml_cremad_seed0_lr0.005', 'log_name': 'training.log'}
2026-06-09 06:17:29,094 -------------------------------------------------------------
2026-06-09 06:17:29,398 Train samples: 5869, Val samples: 16, Test samples: 1557
2026-06-09 06:17:29,715 Epoch 0 is pending...
2026-06-09 06:20:59,190 +++++++++++++++++++++++++++++++++++++++++++++++++++++++
2026-06-09 06:20:59,190 Epoch 0: Average Training Loss: 5.3695, loss_fused:1.6517, loss_audio:1.6679, loss_video:2.0499, acc_fused:0.3239, acc_audio:0.3609, acc_video:0.1622
2026-06-09 06:21:35,202 +++++++++++++++++++++++++++++++++++++++++++++++++++++++
2026-06-09 06:21:35,202 Epoch 0: f1:0.0486, acc:0.1708, mAP:0.2574, f1_a:0.0486, acc_a:0.1708, mAP_a:0.2628, f1_v:0.0804, acc_v:0.1657, mAP_v:0.1707
2026-06-09 06:21:35,202 NEW BEST ACC | Epoch 0 | Acc: 0.1708
2026-06-09 06:21:35,289 Model saved to E:/Paper_Experiment/DML/DML_v1/CREMAD_v1/savepath/CREMA-D\dml_cremad_seed0_lr0.005\model_best_clean.pt
2026-06-09 06:21:35,290 Epoch 1 is pending...
2026-06-09 06:24:52,371 +++++++++++++++++++++++++++++++++++++++++++++++++++++++
2026-06-09 06:24:52,371 Epoch 1: Average Training Loss: 4.6572, loss_fused:1.4017, loss_audio:1.4236, loss_video:1.8319, acc_fused:0.4311, acc_audio:0.4442, acc_video:0.1890
2026-06-09 06:25:27,171 +++++++++++++++++++++++++++++++++++++++++++++++++++++++
2026-06-09 06:25:27,171 Epoch 1: f1:0.1597, acc:0.2486, mAP:0.4963, f1_a:0.1586, acc_a:0.2434, mAP_a:0.4626, f1_v:0.1143, acc_v:0.1779, mAP_v:0.1799
2026-06-09 06:25:27,171 NEW BEST ACC | Epoch 1 | Acc: 0.2486
2026-06-09 06:25:27,264 Model saved to E:/Paper_Experiment/DML/DML_v1/CREMAD_v1/savepath/CREMA-D\dml_cremad_seed0_lr0.005\model_best_clean.pt
2026-06-09 06:25:27,265 Epoch 2 is pending...
2026-06-09 06:28:43,053 +++++++++++++++++++++++++++++++++++++++++++++++++++++++
2026-06-09 06:28:43,053 Epoch 2: Average Training Loss: 4.4693, loss_fused:1.3147, loss_audio:1.3748, loss_video:1.7798, acc_fused:0.4836, acc_audio:0.4863, acc_video:0.2235
2026-06-09 06:29:18,047 +++++++++++++++++++++++++++++++++++++++++++++++++++++++
2026-06-09 06:29:18,047 Epoch 2: f1:0.3398, acc:0.3873, mAP:0.5048, f1_a:0.4431, acc_a:0.4676, mAP_a:0.5441, f1_v:0.0910, acc_v:0.1728, mAP_v:0.1925
2026-06-09 06:29:18,048 NEW BEST ACC | Epoch 2 | Acc: 0.3873
2026-06-09 06:29:18,140 Model saved to E:/Paper_Experiment/DML/DML_v1/CREMAD_v1/savepath/CREMA-D\dml_cremad_seed0_lr0.005\model_best_clean.pt
2026-06-09 06:29:18,141 Epoch 3 is pending...
2026-06-09 06:32:31,566 +++++++++++++++++++++++++++++++++++++++++++++++++++++++
2026-06-09 06:32:31,566 Epoch 3: Average Training Loss: 4.1516, loss_fused:1.1833, loss_audio:1.2640, loss_video:1.7043, acc_fused:0.5473, acc_audio:0.5234, acc_video:0.2581
2026-06-09 06:33:06,400 +++++++++++++++++++++++++++++++++++++++++++++++++++++++
2026-06-09 06:33:06,401 Epoch 3: f1:0.4885, acc:0.5067, mAP:0.6250, f1_a:0.5212, acc_a:0.5202, mAP_a:0.5844, f1_v:0.1148, acc_v:0.2177, mAP_v:0.2339
2026-06-09 06:33:06,401 NEW BEST ACC | Epoch 3 | Acc: 0.5067
2026-06-09 06:33:06,497 Model saved to E:/Paper_Experiment/DML/DML_v1/CREMAD_v1/savepath/CREMA-D\dml_cremad_seed0_lr0.005\model_best_clean.pt
2026-06-09 06:33:06,497 Epoch 4 is pending...
2026-06-09 06:36:26,789 +++++++++++++++++++++++++++++++++++++++++++++++++++++++
2026-06-09 06:36:26,789 Epoch 4: Average Training Loss: 3.9375, loss_fused:1.0857, loss_audio:1.2097, loss_video:1.6421, acc_fused:0.5935, acc_audio:0.5493, acc_video:0.2864
2026-06-09 06:37:01,332 +++++++++++++++++++++++++++++++++++++++++++++++++++++++
2026-06-09 06:37:01,332 Epoch 4: f1:0.5146, acc:0.5138, mAP:0.6138, f1_a:0.4902, acc_a:0.4868, mAP_a:0.5899, f1_v:0.1798, acc_v:0.2197, mAP_v:0.2428
2026-06-09 06:37:01,332 NEW BEST ACC | Epoch 4 | Acc: 0.5138
2026-06-09 06:37:01,425 Model saved to E:/Paper_Experiment/DML/DML_v1/CREMAD_v1/savepath/CREMA-D\dml_cremad_seed0_lr0.005\model_best_clean.pt
2026-06-09 06:37:01,425 Epoch 5 is pending...
2026-06-09 06:40:13,606 +++++++++++++++++++++++++++++++++++++++++++++++++++++++
2026-06-09 06:40:13,606 Epoch 5: Average Training Loss: 3.8421, loss_fused:1.0436, loss_audio:1.1891, loss_video:1.6094, acc_fused:0.6125, acc_audio:0.5485, acc_video:0.2885
2026-06-09 06:40:47,802 +++++++++++++++++++++++++++++++++++++++++++++++++++++++
2026-06-09 06:40:47,802 Epoch 5: f1:0.4700, acc:0.4945, mAP:0.5933, f1_a:0.4687, acc_a:0.4836, mAP_a:0.5780, f1_v:0.1657, acc_v:0.1997, mAP_v:0.2212
2026-06-09 06:40:47,802 No clean accuracy improvement for 1/3 epochs.
2026-06-09 06:40:47,803 Epoch 6 is pending...
2026-06-09 06:43:58,653 +++++++++++++++++++++++++++++++++++++++++++++++++++++++
2026-06-09 06:43:58,654 Epoch 6: Average Training Loss: 3.6915, loss_fused:0.9823, loss_audio:1.1237, loss_video:1.5856, acc_fused:0.6417, acc_audio:0.5773, acc_video:0.2978
2026-06-09 06:44:33,194 +++++++++++++++++++++++++++++++++++++++++++++++++++++++
2026-06-09 06:44:33,194 Epoch 6: f1:0.3695, acc:0.4399, mAP:0.6329, f1_a:0.2846, acc_a:0.3654, mAP_a:0.5102, f1_v:0.2491, acc_v:0.2916, mAP_v:0.3276
2026-06-09 06:44:33,195 No clean accuracy improvement for 2/3 epochs.
2026-06-09 06:44:33,195 Epoch 7 is pending...
2026-06-09 06:47:43,836 +++++++++++++++++++++++++++++++++++++++++++++++++++++++
2026-06-09 06:47:43,836 Epoch 7: Average Training Loss: 3.5387, loss_fused:0.9168, loss_audio:1.0800, loss_video:1.5419, acc_fused:0.6712, acc_audio:0.5981, acc_video:0.3316
2026-06-09 06:48:18,171 +++++++++++++++++++++++++++++++++++++++++++++++++++++++
2026-06-09 06:48:18,171 Epoch 7: f1:0.6126, acc:0.6204, mAP:0.7134, f1_a:0.5629, acc_a:0.5755, mAP_a:0.6369, f1_v:0.2203, acc_v:0.2787, mAP_v:0.3225
2026-06-09 06:48:18,171 NEW BEST ACC | Epoch 7 | Acc: 0.6204
2026-06-09 06:48:18,272 Model saved to E:/Paper_Experiment/DML/DML_v1/CREMAD_v1/savepath/CREMA-D\dml_cremad_seed0_lr0.005\model_best_clean.pt
2026-06-09 06:48:18,273 Epoch 8 is pending...
2026-06-09 06:51:36,314 +++++++++++++++++++++++++++++++++++++++++++++++++++++++
2026-06-09 06:51:36,314 Epoch 8: Average Training Loss: 3.3644, loss_fused:0.8497, loss_audio:1.0240, loss_video:1.4907, acc_fused:0.6918, acc_audio:0.6180, acc_video:0.3469
2026-06-09 06:52:10,856 +++++++++++++++++++++++++++++++++++++++++++++++++++++++
2026-06-09 06:52:10,856 Epoch 8: f1:0.5648, acc:0.5620, mAP:0.7027, f1_a:0.5567, acc_a:0.5607, mAP_a:0.6439, f1_v:0.2089, acc_v:0.2665, mAP_v:0.3100
2026-06-09 06:52:10,857 No clean accuracy improvement for 1/3 epochs.
2026-06-09 06:52:10,857 Epoch 9 is pending...
2026-06-09 06:55:20,844 +++++++++++++++++++++++++++++++++++++++++++++++++++++++
2026-06-09 06:55:20,844 Epoch 9: Average Training Loss: 3.1571, loss_fused:0.7713, loss_audio:0.9379, loss_video:1.4479, acc_fused:0.7291, acc_audio:0.6531, acc_video:0.3783
2026-06-09 06:55:55,360 +++++++++++++++++++++++++++++++++++++++++++++++++++++++
2026-06-09 06:55:55,360 Epoch 9: f1:0.4734, acc:0.5151, mAP:0.7126, f1_a:0.4524, acc_a:0.4804, mAP_a:0.6206, f1_v:0.2611, acc_v:0.3404, mAP_v:0.3610
2026-06-09 06:55:55,361 No clean accuracy improvement for 2/3 epochs.
2026-06-09 06:55:55,361 Epoch 10 is pending...
2026-06-09 06:59:05,028 +++++++++++++++++++++++++++++++++++++++++++++++++++++++
2026-06-09 06:59:05,028 Epoch 10: Average Training Loss: 3.0443, loss_fused:0.7224, loss_audio:0.8970, loss_video:1.4250, acc_fused:0.7436, acc_audio:0.6664, acc_video:0.3917
2026-06-09 06:59:39,512 +++++++++++++++++++++++++++++++++++++++++++++++++++++++
2026-06-09 06:59:39,512 Epoch 10: f1:0.5771, acc:0.5941, mAP:0.7030, f1_a:0.5268, acc_a:0.5434, mAP_a:0.6184, f1_v:0.2098, acc_v:0.2929, mAP_v:0.3560
2026-06-09 06:59:39,513 No clean accuracy improvement for 3/3 epochs.
2026-06-09 06:59:39,513 Stopping early at epoch 10: clean accuracy did not improve by at least 0.0 for 3 epochs.
2026-06-09 06:59:39,513 ============================================================
2026-06-09 06:59:39,513 Training complete. Best epoch: 7, Best acc: 0.6204
2026-06-09 06:59:39,513 Best metrics: Epoch 7: f1:0.6126, acc:0.6204, mAP:0.7134, f1_a:0.5629, acc_a:0.5755, mAP_a:0.6369, f1_v:0.2203, acc_v:0.2787, mAP_v:0.3225
2026-06-09 06:59:39,513 ============================================================
2026-06-09 06:59:39,513 Loading best model for robustness evaluation...
2026-06-09 06:59:39,789 Loaded best model from E:/Paper_Experiment/DML/DML_v1/CREMAD_v1/savepath/CREMA-D\dml_cremad_seed0_lr0.005\model_best_clean.pt
2026-06-09 06:59:39,790 Evaluating scenario: Clean Test ...
2026-06-09 07:00:14,541   Clean Test: Acc = 0.6339
2026-06-09 07:00:14,541 Evaluating scenario: Salt & Pepper (Lvl 5.0) ...
2026-06-09 07:00:55,569   Salt & Pepper (Lvl 5.0): Acc = 0.4663
2026-06-09 07:00:55,569 Evaluating scenario: Salt & Pepper (Lvl 10.0) ...
2026-06-09 07:01:42,001   Salt & Pepper (Lvl 10.0): Acc = 0.2916
2026-06-09 07:01:42,001 Evaluating scenario: Gaussian (Lvl 5.0) ...
2026-06-09 07:02:24,330   Gaussian (Lvl 5.0): Acc = 0.6320
2026-06-09 07:02:24,330 Evaluating scenario: Gaussian (Lvl 10.0) ...
2026-06-09 07:03:06,446   Gaussian (Lvl 10.0): Acc = 0.6339
2026-06-09 07:03:06,446 
============================================================
2026-06-09 07:03:06,446             FINAL ROBUSTNESS EVALUATION RESULTS             
2026-06-09 07:03:06,447 ============================================================
2026-06-09 07:03:06,447 | Test Scenario                       | Accuracy           |
2026-06-09 07:03:06,447 |-------------------------------------|--------------------|
2026-06-09 07:03:06,447 | Clean Test                          |             0.6339 |
2026-06-09 07:03:06,447 | Salt & Pepper (Lvl 5.0)             |             0.4663 |
2026-06-09 07:03:06,447 | Salt & Pepper (Lvl 10.0)            |             0.2916 |
2026-06-09 07:03:06,447 | Gaussian (Lvl 5.0)                  |             0.6320 |
2026-06-09 07:03:06,447 | Gaussian (Lvl 10.0)                 |             0.6339 |
2026-06-09 07:03:06,447 ============================================================

2026-06-09 07:03:06,448 Saved final results to E:/Paper_Experiment/DML/DML_v1/CREMAD_v1/savepath/CREMA-D\dml_cremad_seed0_lr0.005\final_results.json
2026-06-09 07:03:06,449 Appended experiment record to E:/Paper_Experiment/DML/DML_v1/CREMAD_v1/savepath/CREMA-D\all_experiments.json
