INFO - 05/25/26 21:28:17 - 0:00:00 - CONTENT_MODEL_PATH: ./checkpoint/resnet18_pretrained.pth
                                     FINE_SIZE: 224
                                     LOAD_SIZE: 256
                                     batch_sz: 2
                                     data_path: ../../CPSC_RGB/data/nyud2_trainvaltest
                                     dropout: 0.3
                                     img_embed_pool_type: avg
                                     img_hidden_sz: 512
                                     lr: 0.00024
                                     lr_factor: 0.3
                                     lr_patience: 10
                                     max_epochs: 1
                                     n_classes: 19
                                     n_workers: 0
                                     name: dml_nyu_seed0_lr0.00024
                                     num_image_embeds: 1
                                     savedir: ./savepath/nyud\dml_nyu_seed0_lr0.00024
                                     seed: 0
INFO - 05/25/26 21:28:17 - 0:00:00 - Epoch 0 training started...
INFO - 05/25/26 21:28:39 - 0:00:22 - Epoch 0: Total Loss: 6.1873
INFO - 05/25/26 21:28:53 - 0:00:36 - Epoch 0: Clean - Acc: 0.4572
INFO - 05/25/26 21:28:53 - 0:00:36 -  *** NEW BEST CLEAN ACC *** Epoch 0 | Clean Acc: 0.4572
INFO - 05/25/26 21:28:53 - 0:00:36 - Loading best model for final robust evaluation on Test sets...
INFO - 05/25/26 21:28:54 - 0:00:37 - Generating and Evaluating on dataset for: Clean Test ...
INFO - 05/25/26 21:29:09 - 0:00:52 - Generating and Evaluating on dataset for: Salt & Pepper (Lvl 5.0) ...
INFO - 05/25/26 21:29:22 - 0:01:06 - Generating and Evaluating on dataset for: Salt & Pepper (Lvl 10.0) ...
INFO - 05/25/26 21:29:38 - 0:01:21 - Generating and Evaluating on dataset for: Gaussian (Lvl 5.0) ...
INFO - 05/25/26 21:29:55 - 0:01:39 - Generating and Evaluating on dataset for: Gaussian (Lvl 10.0) ...
INFO - 05/25/26 21:30:12 - 0:01:56 - 
                                     ============================================================
INFO - 05/25/26 21:30:12 - 0:01:56 -       FINAL ROBUSTNESS EVALUATION RESULTS ON TEST SET       
INFO - 05/25/26 21:30:12 - 0:01:56 - ============================================================
INFO - 05/25/26 21:30:12 - 0:01:56 - | Test Scenario                       | Score (Acc)        |
INFO - 05/25/26 21:30:12 - 0:01:56 - |-------------------------------------|--------------------|
INFO - 05/25/26 21:30:12 - 0:01:56 - | Clean Test                          |             0.4572 |
INFO - 05/25/26 21:30:12 - 0:01:56 - | Salt & Pepper (Lvl 5.0)             |             0.3135 |
INFO - 05/25/26 21:30:12 - 0:01:56 - | Salt & Pepper (Lvl 10.0)            |             0.2309 |
INFO - 05/25/26 21:30:12 - 0:01:56 - | Gaussian (Lvl 5.0)                  |             0.3670 |
INFO - 05/25/26 21:30:12 - 0:01:56 - | Gaussian (Lvl 10.0)                 |             0.3502 |
INFO - 05/25/26 21:30:12 - 0:01:56 - ============================================================
                                     
INFO - 05/25/26 21:30:12 - 0:01:56 - Saved final results to ./savepath/nyud\dml_nyu_seed0_lr0.00024\final_results.json
INFO - 05/25/26 21:30:12 - 0:01:56 - Best Clean Model: epoch=0, clean_acc=0.4572
INFO - 05/26/26 10:23:37 - 0:00:00 - CONTENT_MODEL_PATH: e:\Paper_Experiment\DML\DML_v1\RGB\checkpoint\resnet18_pretrained.pth
                                     FINE_SIZE: 224
                                     LOAD_SIZE: 256
                                     batch_sz: 64
                                     data_path: e:\Paper_Experiment\DML\DML_v1\RGB\data\nyud2_trainvaltest
                                     dropout: 0.3
                                     img_embed_pool_type: avg
                                     img_hidden_sz: 512
                                     lr: 0.00024
                                     lr_factor: 0.3
                                     lr_patience: 10
                                     max_epochs: 50
                                     n_classes: 19
                                     n_workers: 8
                                     name: dml_nyu_seed0_lr0.00024
                                     note: 
                                     num_image_embeds: 1
                                     savedir: e:\Paper_Experiment\DML\DML_v1\RGB\savepath\nyud\dml_nyu_seed0_lr0.00024
                                     seed: 0
INFO - 05/26/26 10:23:38 - 0:00:00 - Epoch 0 training started...
INFO - 05/26/26 10:24:05 - 0:00:27 - Epoch 0: Total Loss: 5.7636
INFO - 05/26/26 10:24:29 - 0:00:52 - Epoch 0: Clean - Acc: 0.5795
INFO - 05/26/26 10:24:30 - 0:00:52 -  *** NEW BEST CLEAN ACC *** Epoch 0 | Clean Acc: 0.5795
INFO - 05/26/26 10:24:30 - 0:00:52 - Epoch 1 training started...
INFO - 05/26/26 10:24:56 - 0:01:19 - Epoch 1: Total Loss: 2.1960
INFO - 05/26/26 10:25:21 - 0:01:44 - Epoch 1: Clean - Acc: 0.6713
INFO - 05/26/26 10:25:21 - 0:01:44 -  *** NEW BEST CLEAN ACC *** Epoch 1 | Clean Acc: 0.6713
INFO - 05/26/26 10:25:21 - 0:01:44 - Epoch 2 training started...
INFO - 05/26/26 10:25:48 - 0:02:11 - Epoch 2: Total Loss: 1.0930
INFO - 05/26/26 10:26:14 - 0:02:36 - Epoch 2: Clean - Acc: 0.6300
INFO - 05/26/26 10:26:14 - 0:02:36 - Epoch 3 training started...
INFO - 05/26/26 10:26:42 - 0:03:04 - Epoch 3: Total Loss: 0.5647
INFO - 05/26/26 10:27:06 - 0:03:29 - Epoch 3: Clean - Acc: 0.6728
INFO - 05/26/26 10:27:07 - 0:03:29 -  *** NEW BEST CLEAN ACC *** Epoch 3 | Clean Acc: 0.6728
INFO - 05/26/26 10:27:07 - 0:03:29 - Epoch 4 training started...
INFO - 05/26/26 10:27:33 - 0:03:56 - Epoch 4: Total Loss: 0.3173
INFO - 05/26/26 10:28:00 - 0:04:23 - Epoch 4: Clean - Acc: 0.6835
INFO - 05/26/26 10:28:00 - 0:04:23 -  *** NEW BEST CLEAN ACC *** Epoch 4 | Clean Acc: 0.6835
INFO - 05/26/26 10:28:00 - 0:04:23 - Epoch 5 training started...
INFO - 05/26/26 10:28:28 - 0:04:51 - Epoch 5: Total Loss: 0.1757
INFO - 05/26/26 10:28:53 - 0:05:16 - Epoch 5: Clean - Acc: 0.6820
INFO - 05/26/26 10:28:53 - 0:05:16 - Epoch 6 training started...
INFO - 05/26/26 10:29:20 - 0:05:42 - Epoch 6: Total Loss: 0.1321
INFO - 05/26/26 10:29:44 - 0:06:07 - Epoch 6: Clean - Acc: 0.6820
INFO - 05/26/26 10:29:44 - 0:06:07 - Epoch 7 training started...
INFO - 05/26/26 10:30:11 - 0:06:33 - Epoch 7: Total Loss: 0.0767
INFO - 05/26/26 10:30:35 - 0:06:58 - Epoch 7: Clean - Acc: 0.6850
INFO - 05/26/26 10:30:35 - 0:06:58 -  *** NEW BEST CLEAN ACC *** Epoch 7 | Clean Acc: 0.6850
INFO - 05/26/26 10:30:35 - 0:06:58 - Epoch 8 training started...
INFO - 05/26/26 10:31:01 - 0:07:24 - Epoch 8: Total Loss: 0.0750
INFO - 05/26/26 10:31:25 - 0:07:48 - Epoch 8: Clean - Acc: 0.6911
INFO - 05/26/26 10:31:26 - 0:07:48 -  *** NEW BEST CLEAN ACC *** Epoch 8 | Clean Acc: 0.6911
INFO - 05/26/26 10:31:26 - 0:07:48 - Epoch 9 training started...
INFO - 05/26/26 10:31:51 - 0:08:14 - Epoch 9: Total Loss: 0.0555
INFO - 05/26/26 10:32:16 - 0:08:38 - Epoch 9: Clean - Acc: 0.6881
INFO - 05/26/26 10:32:16 - 0:08:38 - Epoch 10 training started...
INFO - 05/26/26 10:32:42 - 0:09:04 - Epoch 10: Total Loss: 0.0414
INFO - 05/26/26 10:33:06 - 0:09:29 - Epoch 10: Clean - Acc: 0.6988
INFO - 05/26/26 10:33:06 - 0:09:29 -  *** NEW BEST CLEAN ACC *** Epoch 10 | Clean Acc: 0.6988
INFO - 05/26/26 10:33:06 - 0:09:29 - Epoch 11 training started...
INFO - 05/26/26 10:33:32 - 0:09:55 - Epoch 11: Total Loss: 0.0337
INFO - 05/26/26 10:33:57 - 0:10:20 - Epoch 11: Clean - Acc: 0.7018
INFO - 05/26/26 10:33:57 - 0:10:20 -  *** NEW BEST CLEAN ACC *** Epoch 11 | Clean Acc: 0.7018
INFO - 05/26/26 10:33:57 - 0:10:20 - Epoch 12 training started...
INFO - 05/26/26 10:34:24 - 0:10:47 - Epoch 12: Total Loss: 0.0302
INFO - 05/26/26 10:34:50 - 0:11:13 - Epoch 12: Clean - Acc: 0.6835
INFO - 05/26/26 10:34:50 - 0:11:13 - Epoch 13 training started...
INFO - 05/26/26 10:35:17 - 0:11:39 - Epoch 13: Total Loss: 0.0234
INFO - 05/26/26 10:35:41 - 0:12:03 - Epoch 13: Clean - Acc: 0.7187
INFO - 05/26/26 10:35:41 - 0:12:04 -  *** NEW BEST CLEAN ACC *** Epoch 13 | Clean Acc: 0.7187
INFO - 05/26/26 10:35:41 - 0:12:04 - Epoch 14 training started...
INFO - 05/26/26 10:36:07 - 0:12:30 - Epoch 14: Total Loss: 0.0178
INFO - 05/26/26 10:36:31 - 0:12:54 - Epoch 14: Clean - Acc: 0.7003
INFO - 05/26/26 10:36:31 - 0:12:54 - Epoch 15 training started...
INFO - 05/26/26 10:36:57 - 0:13:20 - Epoch 15: Total Loss: 0.0158
INFO - 05/26/26 10:37:21 - 0:13:44 - Epoch 15: Clean - Acc: 0.7018
INFO - 05/26/26 10:37:21 - 0:13:44 - Epoch 16 training started...
INFO - 05/26/26 10:37:48 - 0:14:10 - Epoch 16: Total Loss: 0.0151
INFO - 05/26/26 10:38:13 - 0:14:35 - Epoch 16: Clean - Acc: 0.6758
INFO - 05/26/26 10:38:13 - 0:14:35 - Epoch 17 training started...
INFO - 05/26/26 10:38:39 - 0:15:02 - Epoch 17: Total Loss: 0.0158
INFO - 05/26/26 10:39:04 - 0:15:27 - Epoch 17: Clean - Acc: 0.7064
INFO - 05/26/26 10:39:04 - 0:15:27 - Epoch 18 training started...
INFO - 05/26/26 10:39:31 - 0:15:53 - Epoch 18: Total Loss: 0.0131
INFO - 05/26/26 10:39:56 - 0:16:19 - Epoch 18: Clean - Acc: 0.7034
INFO - 05/26/26 10:39:56 - 0:16:19 - Epoch 19 training started...
INFO - 05/26/26 10:40:23 - 0:16:45 - Epoch 19: Total Loss: 0.0130
INFO - 05/26/26 10:40:48 - 0:17:11 - Epoch 19: Clean - Acc: 0.7034
INFO - 05/26/26 10:40:48 - 0:17:11 - Epoch 20 training started...
INFO - 05/26/26 10:41:15 - 0:17:37 - Epoch 20: Total Loss: 0.0161
INFO - 05/26/26 10:41:40 - 0:18:02 - Epoch 20: Clean - Acc: 0.7110
INFO - 05/26/26 10:41:40 - 0:18:02 - Epoch 21 training started...
INFO - 05/26/26 10:42:06 - 0:18:29 - Epoch 21: Total Loss: 0.0242
INFO - 05/26/26 10:42:31 - 0:18:53 - Epoch 21: Clean - Acc: 0.7018
INFO - 05/26/26 10:42:31 - 0:18:53 - Epoch 22 training started...
INFO - 05/26/26 10:42:58 - 0:19:20 - Epoch 22: Total Loss: 0.0303
INFO - 05/26/26 10:43:23 - 0:19:45 - Epoch 22: Clean - Acc: 0.7003
INFO - 05/26/26 10:43:23 - 0:19:45 - Epoch 23 training started...
INFO - 05/26/26 10:43:50 - 0:20:12 - Epoch 23: Total Loss: 0.0256
INFO - 05/26/26 10:44:15 - 0:20:38 - Epoch 23: Clean - Acc: 0.6728
INFO - 05/26/26 10:44:15 - 0:20:38 - Epoch 24 training started...
INFO - 05/26/26 10:44:42 - 0:21:05 - Epoch 24: Total Loss: 0.0160
INFO - 05/26/26 10:45:06 - 0:21:29 - Epoch 24: Clean - Acc: 0.6651
INFO - 05/26/26 10:45:06 - 0:21:29 - Epoch 25 training started...
INFO - 05/26/26 10:45:33 - 0:21:55 - Epoch 25: Total Loss: 0.0145
INFO - 05/26/26 10:45:58 - 0:22:21 - Epoch 25: Clean - Acc: 0.6789
INFO - 05/26/26 10:45:58 - 0:22:21 - Epoch 26 training started...
INFO - 05/26/26 10:46:24 - 0:22:47 - Epoch 26: Total Loss: 0.0139
INFO - 05/26/26 10:46:49 - 0:23:12 - Epoch 26: Clean - Acc: 0.6927
INFO - 05/26/26 10:46:49 - 0:23:12 - Epoch 27 training started...
INFO - 05/26/26 10:47:15 - 0:23:38 - Epoch 27: Total Loss: 0.0108
INFO - 05/26/26 10:47:40 - 0:24:03 - Epoch 27: Clean - Acc: 0.7018
INFO - 05/26/26 10:47:40 - 0:24:03 - Epoch 28 training started...
INFO - 05/26/26 10:48:06 - 0:24:29 - Epoch 28: Total Loss: 0.0077
INFO - 05/26/26 10:48:31 - 0:24:53 - Epoch 28: Clean - Acc: 0.6972
INFO - 05/26/26 10:48:31 - 0:24:53 - Epoch 29 training started...
INFO - 05/26/26 10:48:57 - 0:25:20 - Epoch 29: Total Loss: 0.0072
INFO - 05/26/26 10:49:22 - 0:25:44 - Epoch 29: Clean - Acc: 0.6988
INFO - 05/26/26 10:49:22 - 0:25:44 - Epoch 30 training started...
INFO - 05/26/26 10:49:48 - 0:26:11 - Epoch 30: Total Loss: 0.0092
INFO - 05/26/26 10:50:13 - 0:26:36 - Epoch 30: Clean - Acc: 0.6942
INFO - 05/26/26 10:50:13 - 0:26:36 - Epoch 31 training started...
INFO - 05/26/26 10:50:39 - 0:27:02 - Epoch 31: Total Loss: 0.0076
INFO - 05/26/26 10:51:05 - 0:27:27 - Epoch 31: Clean - Acc: 0.6911
INFO - 05/26/26 10:51:05 - 0:27:27 - Epoch 32 training started...
INFO - 05/26/26 10:51:31 - 0:27:54 - Epoch 32: Total Loss: 0.0063
INFO - 05/26/26 10:51:55 - 0:28:18 - Epoch 32: Clean - Acc: 0.7064
INFO - 05/26/26 10:51:55 - 0:28:18 - Epoch 33 training started...
INFO - 05/26/26 10:52:22 - 0:28:44 - Epoch 33: Total Loss: 0.0086
INFO - 05/26/26 10:52:46 - 0:29:09 - Epoch 33: Clean - Acc: 0.7049
INFO - 05/26/26 10:52:46 - 0:29:09 - Epoch 34 training started...
INFO - 05/26/26 10:53:13 - 0:29:36 - Epoch 34: Total Loss: 0.0059
INFO - 05/26/26 10:53:38 - 0:30:01 - Epoch 34: Clean - Acc: 0.7095
INFO - 05/26/26 10:53:38 - 0:30:01 - Epoch 35 training started...
INFO - 05/26/26 10:54:05 - 0:30:28 - Epoch 35: Total Loss: 0.0070
INFO - 05/26/26 10:54:30 - 0:30:53 - Epoch 35: Clean - Acc: 0.7034
INFO - 05/26/26 10:54:30 - 0:30:53 - Epoch 36 training started...
INFO - 05/26/26 10:54:57 - 0:31:19 - Epoch 36: Total Loss: 0.0062
INFO - 05/26/26 10:55:21 - 0:31:44 - Epoch 36: Clean - Acc: 0.7095
INFO - 05/26/26 10:55:21 - 0:31:44 - Epoch 37 training started...
INFO - 05/26/26 10:55:47 - 0:32:10 - Epoch 37: Total Loss: 0.0077
INFO - 05/26/26 10:56:11 - 0:32:34 - Epoch 37: Clean - Acc: 0.7018
INFO - 05/26/26 10:56:11 - 0:32:34 - Epoch 38 training started...
INFO - 05/26/26 10:56:38 - 0:33:00 - Epoch 38: Total Loss: 0.0069
INFO - 05/26/26 10:57:02 - 0:33:24 - Epoch 38: Clean - Acc: 0.7080
INFO - 05/26/26 10:57:02 - 0:33:24 - Epoch 39 training started...
INFO - 05/26/26 10:57:28 - 0:33:51 - Epoch 39: Total Loss: 0.0054
INFO - 05/26/26 10:57:53 - 0:34:16 - Epoch 39: Clean - Acc: 0.7095
INFO - 05/26/26 10:57:53 - 0:34:16 - Epoch 40 training started...
INFO - 05/26/26 10:58:21 - 0:34:44 - Epoch 40: Total Loss: 0.0066
INFO - 05/26/26 10:58:46 - 0:35:08 - Epoch 40: Clean - Acc: 0.7034
INFO - 05/26/26 10:58:46 - 0:35:08 - Epoch 41 training started...
INFO - 05/26/26 10:59:13 - 0:35:35 - Epoch 41: Total Loss: 0.0057
INFO - 05/26/26 10:59:37 - 0:36:00 - Epoch 41: Clean - Acc: 0.7018
INFO - 05/26/26 10:59:37 - 0:36:00 - Epoch 42 training started...
INFO - 05/26/26 11:00:04 - 0:36:27 - Epoch 42: Total Loss: 0.0063
INFO - 05/26/26 11:00:29 - 0:36:51 - Epoch 42: Clean - Acc: 0.7018
INFO - 05/26/26 11:00:29 - 0:36:51 - Epoch 43 training started...
INFO - 05/26/26 11:00:56 - 0:37:18 - Epoch 43: Total Loss: 0.0065
INFO - 05/26/26 11:01:21 - 0:37:44 - Epoch 43: Clean - Acc: 0.6988
INFO - 05/26/26 11:01:21 - 0:37:44 - Epoch 44 training started...
INFO - 05/26/26 11:01:51 - 0:38:13 - Epoch 44: Total Loss: 0.0068
INFO - 05/26/26 11:02:18 - 0:38:40 - Epoch 44: Clean - Acc: 0.7049
INFO - 05/26/26 11:02:18 - 0:38:40 - Epoch 45 training started...
INFO - 05/26/26 11:02:45 - 0:39:08 - Epoch 45: Total Loss: 0.0046
INFO - 05/26/26 11:03:11 - 0:39:33 - Epoch 45: Clean - Acc: 0.7034
INFO - 05/26/26 11:03:11 - 0:39:33 - Epoch 46 training started...
INFO - 05/26/26 11:03:38 - 0:40:01 - Epoch 46: Total Loss: 0.0071
INFO - 05/26/26 11:04:04 - 0:40:26 - Epoch 46: Clean - Acc: 0.7049
INFO - 05/26/26 11:04:04 - 0:40:26 - Epoch 47 training started...
INFO - 05/26/26 11:04:31 - 0:40:54 - Epoch 47: Total Loss: 0.0066
INFO - 05/26/26 11:04:56 - 0:41:19 - Epoch 47: Clean - Acc: 0.7049
INFO - 05/26/26 11:04:56 - 0:41:19 - Epoch 48 training started...
INFO - 05/26/26 11:05:24 - 0:41:47 - Epoch 48: Total Loss: 0.0071
INFO - 05/26/26 11:05:49 - 0:42:12 - Epoch 48: Clean - Acc: 0.7125
INFO - 05/26/26 11:05:49 - 0:42:12 - Epoch 49 training started...
INFO - 05/26/26 11:06:17 - 0:42:39 - Epoch 49: Total Loss: 0.0058
INFO - 05/26/26 11:06:42 - 0:43:05 - Epoch 49: Clean - Acc: 0.7095
INFO - 05/26/26 11:06:42 - 0:43:05 - Loading best model for final robust evaluation on Test sets...
INFO - 05/26/26 11:06:43 - 0:43:05 - Generating and Evaluating on dataset for: Clean Test ...
INFO - 05/26/26 11:07:08 - 0:43:31 - Generating and Evaluating on dataset for: Salt & Pepper (Lvl 5.0) ...
INFO - 05/26/26 11:07:33 - 0:43:56 - Generating and Evaluating on dataset for: Salt & Pepper (Lvl 10.0) ...
INFO - 05/26/26 11:07:59 - 0:44:22 - Generating and Evaluating on dataset for: Gaussian (Lvl 5.0) ...
INFO - 05/26/26 11:08:25 - 0:44:48 - Generating and Evaluating on dataset for: Gaussian (Lvl 10.0) ...
INFO - 05/26/26 11:08:51 - 0:45:14 - 
                                     ============================================================
INFO - 05/26/26 11:08:51 - 0:45:14 -       FINAL ROBUSTNESS EVALUATION RESULTS ON TEST SET       
INFO - 05/26/26 11:08:51 - 0:45:14 - ============================================================
INFO - 05/26/26 11:08:51 - 0:45:14 - | Test Scenario                       | Score (Acc)        |
INFO - 05/26/26 11:08:51 - 0:45:14 - |-------------------------------------|--------------------|
INFO - 05/26/26 11:08:51 - 0:45:14 - | Clean Test                          |             0.7187 |
INFO - 05/26/26 11:08:51 - 0:45:14 - | Salt & Pepper (Lvl 5.0)             |             0.5810 |
INFO - 05/26/26 11:08:51 - 0:45:14 - | Salt & Pepper (Lvl 10.0)            |             0.4404 |
INFO - 05/26/26 11:08:51 - 0:45:14 - | Gaussian (Lvl 5.0)                  |             0.6376 |
INFO - 05/26/26 11:08:51 - 0:45:14 - | Gaussian (Lvl 10.0)                 |             0.5719 |
INFO - 05/26/26 11:08:51 - 0:45:14 - ============================================================
                                     
INFO - 05/26/26 11:08:51 - 0:45:14 - Saved final results to e:\Paper_Experiment\DML\DML_v1\RGB\savepath\nyud\dml_nyu_seed0_lr0.00024\final_results.json
INFO - 05/26/26 11:08:51 - 0:45:14 - Best Clean Model: epoch=13, clean_acc=0.7187
INFO - 05/26/26 11:08:51 - 0:45:14 - Appended experiment record to e:\Paper_Experiment\DML\DML_v1\RGB\savepath\nyud\all_experiments.json
INFO - 05/30/26 21:16:39 - 0:00:00 - CONTENT_MODEL_PATH: e:\Paper_Experiment\DML\DML_v1\RGB_v2\checkpoint\resnet18_pretrained.pth
                                     FINE_SIZE: 224
                                     LOAD_SIZE: 256
                                     batch_sz: 64
                                     data_path: e:\Paper_Experiment\DML\DML_v1\RGB_v2\data\nyud2_trainvaltest
                                     dropout: 0.3
                                     ib_beta: 0.001
                                     ib_eps_scale: 1.0
                                     img_embed_pool_type: avg
                                     img_hidden_sz: 512
                                     lr: 0.00024
                                     lr_factor: 0.3
                                     lr_patience: 10
                                     max_epochs: 50
                                     n_classes: 19
                                     n_workers: 8
                                     name: dml_nyu_seed0_lr0.00024
                                     note: 
                                     num_image_embeds: 1
                                     savedir: e:\Paper_Experiment\DML\DML_v1\RGB_v2\savepath\nyud\dml_nyu_seed0_lr0.00024
                                     seed: 0
INFO - 05/30/26 21:16:40 - 0:00:01 - Epoch 0 training started...
INFO - 05/30/26 21:17:12 - 0:00:32 - Epoch 0: Total Loss: 6.7762
INFO - 05/30/26 21:17:40 - 0:01:01 - Epoch 0: Clean - Acc: 0.5749
INFO - 05/30/26 21:17:41 - 0:01:01 -  *** NEW BEST CLEAN ACC *** Epoch 0 | Clean Acc: 0.5749
INFO - 05/30/26 21:17:41 - 0:01:01 - Epoch 1 training started...
INFO - 06/01/26 16:32:10 - 0:00:00 - CONTENT_MODEL_PATH: e:\Paper_Experiment\DML\DML_v1\RGB_v2\checkpoint\resnet18_pretrained.pth
                                     FINE_SIZE: 224
                                     LOAD_SIZE: 256
                                     batch_sz: 64
                                     data_path: e:\Paper_Experiment\DML\DML_v1\datasets_shared\nyud2_trainvaltest
                                     dropout: 0.3
                                     ib_beta: 0.001
                                     ib_eps_scale: 1.0
                                     img_embed_pool_type: avg
                                     img_hidden_sz: 512
                                     lr: 0.00024
                                     lr_factor: 0.3
                                     lr_patience: 10
                                     max_epochs: 50
                                     n_classes: 19
                                     n_workers: 8
                                     name: dml_nyu_seed0_lr0.00024
                                     note: 
                                     num_image_embeds: 1
                                     savedir: e:\Paper_Experiment\DML\DML_v1\RGB_v2\savepath\nyud\dml_nyu_seed0_lr0.00024
                                     seed: 0
INFO - 06/01/26 16:32:11 - 0:00:01 - Epoch 0 training started...
INFO - 06/01/26 16:32:46 - 0:00:36 - Epoch 0: Total Loss: 6.7762
INFO - 06/04/26 21:40:09 - 0:00:00 - CONTENT_MODEL_PATH: e:\Paper_Experiment\DML\DML_v1\RGB_v2\checkpoint\resnet18_pretrained.pth
                                     FINE_SIZE: 224
                                     LOAD_SIZE: 256
                                     batch_sz: 64
                                     data_path: e:\Paper_Experiment\DML\DML_v1\datasets_shared\nyud2_trainvaltest
                                     dropout: 0.3
                                     ib_beta: 0.001
                                     ib_eps_scale: 1.0
                                     img_embed_pool_type: avg
                                     img_hidden_sz: 512
                                     lr: 0.00024
                                     lr_factor: 0.3
                                     lr_patience: 10
                                     max_epochs: 50
                                     n_classes: 19
                                     n_workers: 8
                                     name: dml_nyu_seed0_lr0.00024
                                     note: 
                                     num_image_embeds: 1
                                     savedir: e:\Paper_Experiment\DML\DML_v1\RGB_v2\savepath\nyud\dml_nyu_seed0_lr0.00024
                                     seed: 0
INFO - 06/04/26 21:40:09 - 0:00:00 - Epoch 0 training started...
INFO - 06/04/26 21:40:37 - 0:00:28 - Epoch 0: Total Loss: 6.7762, loss_both:2.0761, loss_rgb:2.2737, loss_depth:2.3997, loss_ib:0.0268, acc_both:0.3477, acc_rgb:0.3135, acc_depth:0.2781
INFO - 06/04/26 21:41:01 - 0:00:53 - Epoch 0: Clean - Acc: 0.5749
INFO - 06/04/26 21:41:01 - 0:00:53 -  *** NEW BEST CLEAN ACC *** Epoch 0 | Clean Acc: 0.5749
INFO - 06/04/26 21:41:01 - 0:00:53 - Epoch 1 training started...
INFO - 06/04/26 21:41:28 - 0:01:19 - Epoch 1: Total Loss: 2.7689, loss_both:0.7666, loss_rgb:0.7929, loss_depth:1.1344, loss_ib:0.0750, acc_both:0.7826, acc_rgb:0.7434, acc_depth:0.6346
INFO - 06/04/26 21:41:52 - 0:01:43 - Epoch 1: Clean - Acc: 0.6208
INFO - 06/04/26 21:41:52 - 0:01:44 -  *** NEW BEST CLEAN ACC *** Epoch 1 | Clean Acc: 0.6208
INFO - 06/04/26 21:41:52 - 0:01:44 - Epoch 2 training started...
INFO - 06/04/26 21:42:18 - 0:02:10 - Epoch 2: Total Loss: 1.5665, loss_both:0.3716, loss_rgb:0.3444, loss_depth:0.7439, loss_ib:0.1066, acc_both:0.9305, acc_rgb:0.9204, acc_depth:0.7788
INFO - 06/04/26 21:42:42 - 0:02:34 - Epoch 2: Clean - Acc: 0.6865
INFO - 06/04/26 21:42:42 - 0:02:34 -  *** NEW BEST CLEAN ACC *** Epoch 2 | Clean Acc: 0.6865
INFO - 06/04/26 21:42:42 - 0:02:34 - Epoch 3 training started...
INFO - 06/04/26 21:43:08 - 0:03:00 - Epoch 3: Total Loss: 0.9681, loss_both:0.1886, loss_rgb:0.1677, loss_depth:0.4911, loss_ib:0.1207, acc_both:0.9785, acc_rgb:0.9722, acc_depth:0.8685
INFO - 06/04/26 21:43:32 - 0:03:24 - Epoch 3: Clean - Acc: 0.6682
INFO - 06/04/26 21:43:32 - 0:03:24 - Epoch 4 training started...
INFO - 06/04/26 21:43:58 - 0:03:50 - Epoch 4: Total Loss: 0.5988, loss_both:0.0954, loss_rgb:0.0989, loss_depth:0.2782, loss_ib:0.1263, acc_both:0.9949, acc_rgb:0.9848, acc_depth:0.9444
INFO - 06/04/26 21:44:23 - 0:04:14 - Epoch 4: Clean - Acc: 0.6957
INFO - 06/04/26 21:44:23 - 0:04:15 -  *** NEW BEST CLEAN ACC *** Epoch 4 | Clean Acc: 0.6957
INFO - 06/04/26 21:44:23 - 0:04:15 - Epoch 5 training started...
INFO - 06/04/26 21:44:50 - 0:04:41 - Epoch 5: Total Loss: 0.4447, loss_both:0.0570, loss_rgb:0.0524, loss_depth:0.2080, loss_ib:0.1272, acc_both:0.9975, acc_rgb:0.9949, acc_depth:0.9659
INFO - 06/04/26 21:45:14 - 0:05:06 - Epoch 5: Clean - Acc: 0.6758
INFO - 06/04/26 21:45:14 - 0:05:06 - Epoch 6 training started...
INFO - 06/04/26 21:45:41 - 0:05:32 - Epoch 6: Total Loss: 0.3303, loss_both:0.0344, loss_rgb:0.0354, loss_depth:0.1344, loss_ib:0.1261, acc_both:1.0000, acc_rgb:0.9962, acc_depth:0.9760
INFO - 06/04/26 21:46:05 - 0:05:57 - Epoch 6: Clean - Acc: 0.6835
INFO - 06/04/26 21:46:05 - 0:05:57 - Epoch 7 training started...
INFO - 06/04/26 21:46:32 - 0:06:23 - Epoch 7: Total Loss: 0.2882, loss_both:0.0259, loss_rgb:0.0291, loss_depth:0.1092, loss_ib:0.1240, acc_both:1.0000, acc_rgb:0.9962, acc_depth:0.9836
INFO - 06/04/26 21:46:56 - 0:06:47 - Epoch 7: Clean - Acc: 0.6804
INFO - 06/04/26 21:46:56 - 0:06:47 - Epoch 8 training started...
INFO - 06/04/26 21:47:22 - 0:07:13 - Epoch 8: Total Loss: 0.2257, loss_both:0.0176, loss_rgb:0.0195, loss_depth:0.0672, loss_ib:0.1214, acc_both:1.0000, acc_rgb:1.0000, acc_depth:0.9937
INFO - 06/04/26 21:47:46 - 0:07:37 - Epoch 8: Clean - Acc: 0.6988
INFO - 06/04/26 21:47:46 - 0:07:37 -  *** NEW BEST CLEAN ACC *** Epoch 8 | Clean Acc: 0.6988
INFO - 06/04/26 21:47:46 - 0:07:37 - Epoch 9 training started...
INFO - 06/04/26 21:48:12 - 0:08:03 - Epoch 9: Total Loss: 0.2034, loss_both:0.0154, loss_rgb:0.0158, loss_depth:0.0539, loss_ib:0.1184, acc_both:1.0000, acc_rgb:1.0000, acc_depth:0.9962
INFO - 06/04/26 21:48:36 - 0:08:27 - Epoch 9: Clean - Acc: 0.6957
INFO - 06/04/26 21:48:36 - 0:08:27 - Epoch 10 training started...
INFO - 06/04/26 21:49:02 - 0:08:53 - Epoch 10: Total Loss: 0.1734, loss_both:0.0102, loss_rgb:0.0121, loss_depth:0.0339, loss_ib:0.1172, acc_both:1.0000, acc_rgb:1.0000, acc_depth:0.9987
INFO - 06/04/26 21:49:26 - 0:09:17 - Epoch 10: Clean - Acc: 0.7003
INFO - 06/04/26 21:49:26 - 0:09:18 -  *** NEW BEST CLEAN ACC *** Epoch 10 | Clean Acc: 0.7003
INFO - 06/04/26 21:49:26 - 0:09:18 - Epoch 11 training started...
INFO - 06/04/26 21:49:52 - 0:09:43 - Epoch 11: Total Loss: 0.1574, loss_both:0.0080, loss_rgb:0.0097, loss_depth:0.0257, loss_ib:0.1140, acc_both:1.0000, acc_rgb:1.0000, acc_depth:1.0000
INFO - 06/04/26 21:50:16 - 0:10:08 - Epoch 11: Clean - Acc: 0.6927
INFO - 06/04/26 21:50:16 - 0:10:08 - Epoch 12 training started...
INFO - 06/04/26 21:50:42 - 0:10:33 - Epoch 12: Total Loss: 0.1563, loss_both:0.0090, loss_rgb:0.0128, loss_depth:0.0237, loss_ib:0.1108, acc_both:1.0000, acc_rgb:0.9987, acc_depth:1.0000
INFO - 06/04/26 21:51:06 - 0:10:57 - Epoch 12: Clean - Acc: 0.6881
INFO - 06/04/26 21:51:06 - 0:10:57 - Epoch 13 training started...
INFO - 06/04/26 21:51:32 - 0:11:23 - Epoch 13: Total Loss: 0.1452, loss_both:0.0077, loss_rgb:0.0107, loss_depth:0.0181, loss_ib:0.1087, acc_both:1.0000, acc_rgb:1.0000, acc_depth:1.0000
INFO - 06/04/26 21:51:56 - 0:11:47 - Epoch 13: Clean - Acc: 0.7064
INFO - 06/04/26 21:51:56 - 0:11:48 -  *** NEW BEST CLEAN ACC *** Epoch 13 | Clean Acc: 0.7064
INFO - 06/04/26 21:51:56 - 0:11:48 - Epoch 14 training started...
INFO - 06/04/26 21:52:22 - 0:12:13 - Epoch 14: Total Loss: 0.1496, loss_both:0.0082, loss_rgb:0.0120, loss_depth:0.0231, loss_ib:0.1064, acc_both:1.0000, acc_rgb:1.0000, acc_depth:1.0000
INFO - 06/04/26 21:52:46 - 0:12:37 - Epoch 14: Clean - Acc: 0.7018
INFO - 06/04/26 21:52:46 - 0:12:37 - Epoch 15 training started...
INFO - 06/04/26 21:53:12 - 0:13:03 - Epoch 15: Total Loss: 0.1381, loss_both:0.0068, loss_rgb:0.0099, loss_depth:0.0164, loss_ib:0.1049, acc_both:1.0000, acc_rgb:1.0000, acc_depth:1.0000
INFO - 06/04/26 21:53:36 - 0:13:27 - Epoch 15: Clean - Acc: 0.6865
INFO - 06/04/26 21:53:36 - 0:13:27 - Epoch 16 training started...
INFO - 06/04/26 21:54:02 - 0:13:53 - Epoch 16: Total Loss: 0.1389, loss_both:0.0074, loss_rgb:0.0095, loss_depth:0.0188, loss_ib:0.1032, acc_both:1.0000, acc_rgb:1.0000, acc_depth:1.0000
INFO - 06/04/26 21:54:29 - 0:14:20 - Epoch 16: Clean - Acc: 0.6743
INFO - 06/04/26 21:54:29 - 0:14:20 - Epoch 17 training started...
INFO - 06/04/26 21:54:58 - 0:14:49 - Epoch 17: Total Loss: 0.1378, loss_both:0.0076, loss_rgb:0.0100, loss_depth:0.0185, loss_ib:0.1017, acc_both:1.0000, acc_rgb:1.0000, acc_depth:1.0000
INFO - 06/04/26 21:55:25 - 0:15:16 - Epoch 17: Clean - Acc: 0.6972
INFO - 06/04/26 21:55:25 - 0:15:16 - Epoch 18 training started...
INFO - 06/04/26 21:55:51 - 0:15:42 - Epoch 18: Total Loss: 0.1352, loss_both:0.0075, loss_rgb:0.0095, loss_depth:0.0181, loss_ib:0.1000, acc_both:1.0000, acc_rgb:1.0000, acc_depth:0.9987
INFO - 06/04/26 21:56:15 - 0:16:06 - Epoch 18: Clean - Acc: 0.6988
INFO - 06/04/26 21:56:15 - 0:16:06 - Epoch 19 training started...
INFO - 06/04/26 21:56:41 - 0:16:32 - Epoch 19: Total Loss: 0.1298, loss_both:0.0062, loss_rgb:0.0077, loss_depth:0.0164, loss_ib:0.0996, acc_both:1.0000, acc_rgb:1.0000, acc_depth:1.0000
INFO - 06/04/26 21:57:05 - 0:16:56 - Epoch 19: Clean - Acc: 0.6942
INFO - 06/04/26 21:57:05 - 0:16:56 - Epoch 20 training started...
INFO - 06/04/26 21:57:31 - 0:17:22 - Epoch 20: Total Loss: 0.1288, loss_both:0.0068, loss_rgb:0.0091, loss_depth:0.0149, loss_ib:0.0980, acc_both:1.0000, acc_rgb:1.0000, acc_depth:1.0000
INFO - 06/04/26 21:57:55 - 0:17:46 - Epoch 20: Clean - Acc: 0.7003
INFO - 06/04/26 21:57:55 - 0:17:46 - Epoch 21 training started...
INFO - 06/04/26 21:58:21 - 0:18:12 - Epoch 21: Total Loss: 0.1261, loss_both:0.0062, loss_rgb:0.0087, loss_depth:0.0132, loss_ib:0.0979, acc_both:1.0000, acc_rgb:1.0000, acc_depth:1.0000
INFO - 06/04/26 21:58:45 - 0:18:36 - Epoch 21: Clean - Acc: 0.7018
INFO - 06/04/26 21:58:45 - 0:18:36 - Epoch 22 training started...
INFO - 06/04/26 21:59:11 - 0:19:02 - Epoch 22: Total Loss: 0.1212, loss_both:0.0053, loss_rgb:0.0081, loss_depth:0.0105, loss_ib:0.0973, acc_both:1.0000, acc_rgb:1.0000, acc_depth:1.0000
INFO - 06/04/26 21:59:35 - 0:19:26 - Epoch 22: Clean - Acc: 0.6972
INFO - 06/04/26 21:59:35 - 0:19:26 - Epoch 23 training started...
INFO - 06/04/26 22:00:01 - 0:19:52 - Epoch 23: Total Loss: 0.1191, loss_both:0.0052, loss_rgb:0.0076, loss_depth:0.0103, loss_ib:0.0960, acc_both:1.0000, acc_rgb:1.0000, acc_depth:1.0000
INFO - 06/04/26 22:00:25 - 0:20:16 - Epoch 23: Clean - Acc: 0.7034
INFO - 06/04/26 22:00:25 - 0:20:16 - Epoch 24 training started...
INFO - 06/04/26 22:00:51 - 0:20:42 - Epoch 24: Total Loss: 0.1257, loss_both:0.0065, loss_rgb:0.0089, loss_depth:0.0167, loss_ib:0.0936, acc_both:1.0000, acc_rgb:1.0000, acc_depth:0.9987
INFO - 06/04/26 22:01:15 - 0:21:06 - Epoch 24: Clean - Acc: 0.7095
INFO - 06/04/26 22:01:15 - 0:21:07 -  *** NEW BEST CLEAN ACC *** Epoch 24 | Clean Acc: 0.7095
INFO - 06/04/26 22:01:15 - 0:21:07 - Epoch 25 training started...
INFO - 06/04/26 22:01:41 - 0:21:32 - Epoch 25: Total Loss: 0.1285, loss_both:0.0071, loss_rgb:0.0084, loss_depth:0.0204, loss_ib:0.0926, acc_both:1.0000, acc_rgb:1.0000, acc_depth:0.9975
INFO - 06/04/26 22:02:05 - 0:21:56 - Epoch 25: Clean - Acc: 0.7018
INFO - 06/04/26 22:02:05 - 0:21:56 - Epoch 26 training started...
INFO - 06/04/26 22:02:31 - 0:22:22 - Epoch 26: Total Loss: 0.1273, loss_both:0.0069, loss_rgb:0.0085, loss_depth:0.0195, loss_ib:0.0924, acc_both:1.0000, acc_rgb:1.0000, acc_depth:0.9987
INFO - 06/04/26 22:02:55 - 0:22:46 - Epoch 26: Clean - Acc: 0.6850
INFO - 06/04/26 22:02:55 - 0:22:46 - Epoch 27 training started...
INFO - 06/04/26 22:03:21 - 0:23:12 - Epoch 27: Total Loss: 0.1275, loss_both:0.0071, loss_rgb:0.0095, loss_depth:0.0182, loss_ib:0.0928, acc_both:1.0000, acc_rgb:1.0000, acc_depth:1.0000
INFO - 06/04/26 22:03:45 - 0:23:36 - Epoch 27: Clean - Acc: 0.7064
INFO - 06/04/26 22:03:45 - 0:23:36 - Epoch 28 training started...
INFO - 06/04/26 22:04:11 - 0:24:02 - Epoch 28: Total Loss: 0.1261, loss_both:0.0067, loss_rgb:0.0099, loss_depth:0.0163, loss_ib:0.0933, acc_both:1.0000, acc_rgb:1.0000, acc_depth:1.0000
INFO - 06/04/26 22:04:35 - 0:24:26 - Epoch 28: Clean - Acc: 0.6911
INFO - 06/04/26 22:04:35 - 0:24:26 - Epoch 29 training started...
INFO - 06/04/26 22:05:01 - 0:24:52 - Epoch 29: Total Loss: 0.1201, loss_both:0.0055, loss_rgb:0.0088, loss_depth:0.0117, loss_ib:0.0940, acc_both:1.0000, acc_rgb:1.0000, acc_depth:1.0000
INFO - 06/04/26 22:05:25 - 0:25:16 - Epoch 29: Clean - Acc: 0.6957
INFO - 06/04/26 22:05:25 - 0:25:16 - Epoch 30 training started...
INFO - 06/04/26 22:05:51 - 0:25:42 - Epoch 30: Total Loss: 0.1218, loss_both:0.0063, loss_rgb:0.0090, loss_depth:0.0132, loss_ib:0.0933, acc_both:1.0000, acc_rgb:1.0000, acc_depth:1.0000
INFO - 06/04/26 22:06:15 - 0:26:06 - Epoch 30: Clean - Acc: 0.6927
INFO - 06/04/26 22:06:15 - 0:26:06 - Epoch 31 training started...
INFO - 06/04/26 22:06:41 - 0:26:32 - Epoch 31: Total Loss: 0.1185, loss_both:0.0058, loss_rgb:0.0091, loss_depth:0.0108, loss_ib:0.0927, acc_both:1.0000, acc_rgb:1.0000, acc_depth:1.0000
INFO - 06/04/26 22:07:05 - 0:26:56 - Epoch 31: Clean - Acc: 0.6972
INFO - 06/04/26 22:07:05 - 0:26:56 - Epoch 32 training started...
INFO - 06/04/26 22:07:31 - 0:27:22 - Epoch 32: Total Loss: 0.1239, loss_both:0.0067, loss_rgb:0.0108, loss_depth:0.0145, loss_ib:0.0920, acc_both:1.0000, acc_rgb:1.0000, acc_depth:0.9987
INFO - 06/04/26 22:07:55 - 0:27:46 - Epoch 32: Clean - Acc: 0.7003
INFO - 06/04/26 22:07:55 - 0:27:46 - Epoch 33 training started...
INFO - 06/04/26 22:08:20 - 0:28:12 - Epoch 33: Total Loss: 0.1267, loss_both:0.0060, loss_rgb:0.0133, loss_depth:0.0150, loss_ib:0.0923, acc_both:1.0000, acc_rgb:0.9987, acc_depth:0.9987
INFO - 06/04/26 22:08:45 - 0:28:36 - Epoch 33: Clean - Acc: 0.6682
INFO - 06/04/26 22:08:45 - 0:28:36 - Epoch 34 training started...
INFO - 06/04/26 22:09:11 - 0:29:02 - Epoch 34: Total Loss: 0.1357, loss_both:0.0071, loss_rgb:0.0237, loss_depth:0.0146, loss_ib:0.0902, acc_both:1.0000, acc_rgb:0.9975, acc_depth:0.9987
INFO - 06/04/26 22:09:38 - 0:29:30 - Epoch 34: Clean - Acc: 0.6575
INFO - 06/04/26 22:09:38 - 0:29:30 - Epoch 35 training started...
INFO - 06/04/26 22:10:07 - 0:29:59 - Epoch 35: Total Loss: 0.1286, loss_both:0.0078, loss_rgb:0.0180, loss_depth:0.0131, loss_ib:0.0896, acc_both:1.0000, acc_rgb:0.9987, acc_depth:1.0000
INFO - 06/04/26 22:10:33 - 0:30:24 - Epoch 35: Clean - Acc: 0.6881
INFO - 06/04/26 22:10:33 - 0:30:24 - Epoch 36 training started...
INFO - 06/04/26 22:10:59 - 0:30:50 - Epoch 36: Total Loss: 0.1216, loss_both:0.0067, loss_rgb:0.0136, loss_depth:0.0105, loss_ib:0.0909, acc_both:1.0000, acc_rgb:1.0000, acc_depth:1.0000
INFO - 06/04/26 22:11:23 - 0:31:14 - Epoch 36: Clean - Acc: 0.6820
INFO - 06/04/26 22:11:23 - 0:31:14 - Epoch 37 training started...
INFO - 06/04/26 22:11:49 - 0:31:40 - Epoch 37: Total Loss: 0.1314, loss_both:0.0091, loss_rgb:0.0163, loss_depth:0.0149, loss_ib:0.0911, acc_both:1.0000, acc_rgb:1.0000, acc_depth:1.0000
INFO - 06/04/26 22:12:13 - 0:32:04 - Epoch 37: Clean - Acc: 0.6865
INFO - 06/04/26 22:12:13 - 0:32:04 - Epoch 38 training started...
INFO - 06/04/26 22:12:39 - 0:32:30 - Epoch 38: Total Loss: 0.1194, loss_both:0.0060, loss_rgb:0.0105, loss_depth:0.0107, loss_ib:0.0922, acc_both:1.0000, acc_rgb:1.0000, acc_depth:1.0000
INFO - 06/04/26 22:13:03 - 0:32:54 - Epoch 38: Clean - Acc: 0.6758
INFO - 06/04/26 22:13:03 - 0:32:54 - Epoch 39 training started...
INFO - 06/04/26 22:13:29 - 0:33:20 - Epoch 39: Total Loss: 0.1148, loss_both:0.0051, loss_rgb:0.0088, loss_depth:0.0081, loss_ib:0.0929, acc_both:1.0000, acc_rgb:1.0000, acc_depth:1.0000
INFO - 06/04/26 22:13:53 - 0:33:44 - Epoch 39: Clean - Acc: 0.6774
INFO - 06/04/26 22:13:53 - 0:33:44 - Epoch 40 training started...
INFO - 06/04/26 22:14:19 - 0:34:10 - Epoch 40: Total Loss: 0.1140, loss_both:0.0052, loss_rgb:0.0082, loss_depth:0.0086, loss_ib:0.0919, acc_both:1.0000, acc_rgb:1.0000, acc_depth:1.0000
INFO - 06/04/26 22:14:43 - 0:34:34 - Epoch 40: Clean - Acc: 0.6881
INFO - 06/04/26 22:14:43 - 0:34:34 - Epoch 41 training started...
INFO - 06/04/26 22:15:09 - 0:35:00 - Epoch 41: Total Loss: 0.1119, loss_both:0.0046, loss_rgb:0.0074, loss_depth:0.0076, loss_ib:0.0923, acc_both:1.0000, acc_rgb:1.0000, acc_depth:1.0000
INFO - 06/04/26 22:15:33 - 0:35:24 - Epoch 41: Clean - Acc: 0.6942
INFO - 06/04/26 22:15:33 - 0:35:24 - Epoch 42 training started...
INFO - 06/04/26 22:15:59 - 0:35:50 - Epoch 42: Total Loss: 0.1103, loss_both:0.0045, loss_rgb:0.0069, loss_depth:0.0073, loss_ib:0.0917, acc_both:1.0000, acc_rgb:1.0000, acc_depth:1.0000
INFO - 06/04/26 22:16:23 - 0:36:14 - Epoch 42: Clean - Acc: 0.6774
INFO - 06/04/26 22:16:23 - 0:36:14 - Epoch 43 training started...
INFO - 06/04/26 22:16:49 - 0:36:40 - Epoch 43: Total Loss: 0.1100, loss_both:0.0046, loss_rgb:0.0076, loss_depth:0.0075, loss_ib:0.0903, acc_both:1.0000, acc_rgb:1.0000, acc_depth:1.0000
INFO - 06/04/26 22:17:13 - 0:37:04 - Epoch 43: Clean - Acc: 0.6758
INFO - 06/04/26 22:17:13 - 0:37:04 - Epoch 44 training started...
INFO - 06/04/26 22:17:39 - 0:37:30 - Epoch 44: Total Loss: 0.1140, loss_both:0.0057, loss_rgb:0.0089, loss_depth:0.0093, loss_ib:0.0900, acc_both:1.0000, acc_rgb:1.0000, acc_depth:1.0000
INFO - 06/04/26 22:18:03 - 0:37:54 - Epoch 44: Clean - Acc: 0.6728
INFO - 06/04/26 22:18:03 - 0:37:54 - Epoch 45 training started...
INFO - 06/04/26 22:18:29 - 0:38:20 - Epoch 45: Total Loss: 0.1089, loss_both:0.0044, loss_rgb:0.0068, loss_depth:0.0072, loss_ib:0.0905, acc_both:1.0000, acc_rgb:1.0000, acc_depth:1.0000
INFO - 06/04/26 22:18:53 - 0:38:44 - Epoch 45: Clean - Acc: 0.6774
INFO - 06/04/26 22:18:53 - 0:38:44 - Epoch 46 training started...
INFO - 06/04/26 22:19:19 - 0:39:10 - Epoch 46: Total Loss: 0.1095, loss_both:0.0051, loss_rgb:0.0076, loss_depth:0.0076, loss_ib:0.0893, acc_both:1.0000, acc_rgb:1.0000, acc_depth:1.0000
INFO - 06/04/26 22:19:43 - 0:39:34 - Epoch 46: Clean - Acc: 0.6850
INFO - 06/04/26 22:19:43 - 0:39:34 - Epoch 47 training started...
INFO - 06/04/26 22:20:09 - 0:40:00 - Epoch 47: Total Loss: 0.1078, loss_both:0.0045, loss_rgb:0.0070, loss_depth:0.0069, loss_ib:0.0894, acc_both:1.0000, acc_rgb:1.0000, acc_depth:1.0000
INFO - 06/04/26 22:20:33 - 0:40:24 - Epoch 47: Clean - Acc: 0.6942
INFO - 06/04/26 22:20:33 - 0:40:24 - Epoch 48 training started...
INFO - 06/04/26 22:20:59 - 0:40:50 - Epoch 48: Total Loss: 0.1097, loss_both:0.0048, loss_rgb:0.0075, loss_depth:0.0078, loss_ib:0.0895, acc_both:1.0000, acc_rgb:1.0000, acc_depth:1.0000
INFO - 06/04/26 22:21:23 - 0:41:14 - Epoch 48: Clean - Acc: 0.6927
INFO - 06/04/26 22:21:23 - 0:41:14 - Epoch 49 training started...
INFO - 06/04/26 22:21:49 - 0:41:40 - Epoch 49: Total Loss: 0.1104, loss_both:0.0053, loss_rgb:0.0083, loss_depth:0.0080, loss_ib:0.0889, acc_both:1.0000, acc_rgb:1.0000, acc_depth:1.0000
INFO - 06/04/26 22:22:13 - 0:42:04 - Epoch 49: Clean - Acc: 0.6896
INFO - 06/04/26 22:22:13 - 0:42:04 - Loading best model for final robust evaluation on Test sets...
INFO - 06/04/26 22:22:13 - 0:42:05 - Generating and Evaluating on dataset for: Clean Test ...
INFO - 06/04/26 22:22:37 - 0:42:29 - Generating and Evaluating on dataset for: Salt & Pepper (Lvl 5.0) ...
INFO - 06/04/26 22:23:01 - 0:42:53 - Generating and Evaluating on dataset for: Salt & Pepper (Lvl 10.0) ...
INFO - 06/04/26 22:23:25 - 0:43:17 - Generating and Evaluating on dataset for: Gaussian (Lvl 5.0) ...
INFO - 06/04/26 22:23:50 - 0:43:41 - Generating and Evaluating on dataset for: Gaussian (Lvl 10.0) ...
INFO - 06/04/26 22:24:15 - 0:44:07 - 
                                     ============================================================
INFO - 06/04/26 22:24:15 - 0:44:07 -       FINAL ROBUSTNESS EVALUATION RESULTS ON TEST SET       
INFO - 06/04/26 22:24:15 - 0:44:07 - ============================================================
INFO - 06/04/26 22:24:15 - 0:44:07 - | Test Scenario                       | Score (Acc)        |
INFO - 06/04/26 22:24:15 - 0:44:07 - |-------------------------------------|--------------------|
INFO - 06/04/26 22:24:15 - 0:44:07 - | Clean Test                          |             0.7095 |
INFO - 06/04/26 22:24:15 - 0:44:07 - | Salt & Pepper (Lvl 5.0)             |             0.6040 |
INFO - 06/04/26 22:24:15 - 0:44:07 - | Salt & Pepper (Lvl 10.0)            |             0.4557 |
INFO - 06/04/26 22:24:15 - 0:44:07 - | Gaussian (Lvl 5.0)                  |             0.6208 |
INFO - 06/04/26 22:24:15 - 0:44:07 - | Gaussian (Lvl 10.0)                 |             0.5306 |
INFO - 06/04/26 22:24:15 - 0:44:07 - ============================================================
                                     
INFO - 06/04/26 22:24:15 - 0:44:07 - Saved final results to e:\Paper_Experiment\DML\DML_v1\RGB_v2\savepath\nyud\dml_nyu_seed0_lr0.00024\final_results.json
INFO - 06/04/26 22:24:15 - 0:44:07 - Best Clean Model: epoch=24, clean_acc=0.7095
INFO - 06/04/26 22:24:15 - 0:44:07 - Appended experiment record to e:\Paper_Experiment\DML\DML_v1\RGB_v2\savepath\nyud\all_experiments.json
INFO - 06/09/26 21:32:25 - 0:00:00 - CONTENT_MODEL_PATH: e:\Paper_Experiment\DML\DML_v1\RGB_v2\checkpoint\resnet18_pretrained.pth
                                     FINE_SIZE: 224
                                     LOAD_SIZE: 256
                                     batch_sz: 64
                                     data_path: e:\Paper_Experiment\DML\DML_v1\datasets_shared\nyud2_trainvaltest
                                     dropout: 0.3
                                     early_stop_min_delta: 0.0
                                     early_stop_patience: 3
                                     ib_beta: 0.001
                                     ib_eps_scale: 1.0
                                     img_embed_pool_type: avg
                                     img_hidden_sz: 512
                                     lr: 0.00024
                                     lr_factor: 0.3
                                     lr_patience: 10
                                     max_epochs: 50
                                     n_classes: 19
                                     n_workers: 8
                                     name: dml_nyu_seed0_lr0.00024
                                     note: 
                                     num_image_embeds: 1
                                     savedir: e:\Paper_Experiment\DML\DML_v1\RGB_v2\savepath\nyud\dml_nyu_seed0_lr0.00024
                                     seed: 0
INFO - 06/09/26 21:32:26 - 0:00:01 - Epoch 0 training started...
INFO - 06/09/26 21:32:54 - 0:00:29 - Epoch 0: Total Loss: 6.7762, loss_both:2.0761, loss_rgb:2.2737, loss_depth:2.3997, loss_ib:0.0268, acc_both:0.3477, acc_rgb:0.3135, acc_depth:0.2781
INFO - 06/09/26 21:36:41 - 0:00:00 - CONTENT_MODEL_PATH: e:\Paper_Experiment\DML\DML_v1\RGB_v2\checkpoint\resnet18_pretrained.pth
                                     FINE_SIZE: 224
                                     LOAD_SIZE: 256
                                     batch_sz: 64
                                     data_path: e:\Paper_Experiment\DML\DML_v1\datasets_shared\nyud2_trainvaltest
                                     dropout: 0.3
                                     early_stop_min_delta: 0.0
                                     early_stop_patience: 3
                                     ib_beta: 0.001
                                     ib_eps_scale: 1.0
                                     img_embed_pool_type: avg
                                     img_hidden_sz: 512
                                     lr: 0.00024
                                     lr_factor: 0.3
                                     lr_patience: 10
                                     max_epochs: 50
                                     n_classes: 19
                                     n_workers: 8
                                     name: dml_nyu_seed0_lr0.00024
                                     note: 
                                     num_image_embeds: 1
                                     savedir: e:\Paper_Experiment\DML\DML_v1\RGB_v2\savepath\nyud\dml_nyu_seed0_lr0.00024
                                     seed: 0
INFO - 06/09/26 21:36:42 - 0:00:00 - Epoch 0 training started...
INFO - 06/09/26 21:37:09 - 0:00:28 - Epoch 0: Total Loss: 6.7762, loss_both:2.0761, loss_rgb:2.2737, loss_depth:2.3997, loss_ib:0.0268, acc_both:0.3477, acc_rgb:0.3135, acc_depth:0.2781
INFO - 06/09/26 21:37:34 - 0:00:53 - Epoch 0: Clean - Acc: 0.5749
INFO - 06/09/26 21:37:34 - 0:00:53 -  *** NEW BEST CLEAN ACC *** Epoch 0 | Clean Acc: 0.5749
INFO - 06/09/26 21:37:34 - 0:00:53 - Epoch 1 training started...
INFO - 06/09/26 21:38:01 - 0:01:20 - Epoch 1: Total Loss: 2.7689, loss_both:0.7666, loss_rgb:0.7929, loss_depth:1.1344, loss_ib:0.0750, acc_both:0.7826, acc_rgb:0.7434, acc_depth:0.6346
INFO - 06/09/26 21:38:26 - 0:01:45 - Epoch 1: Clean - Acc: 0.6208
INFO - 06/09/26 21:38:26 - 0:01:45 -  *** NEW BEST CLEAN ACC *** Epoch 1 | Clean Acc: 0.6208
INFO - 06/09/26 21:38:26 - 0:01:45 - Epoch 2 training started...
INFO - 06/09/26 21:38:53 - 0:02:12 - Epoch 2: Total Loss: 1.5665, loss_both:0.3716, loss_rgb:0.3444, loss_depth:0.7439, loss_ib:0.1066, acc_both:0.9305, acc_rgb:0.9204, acc_depth:0.7788
INFO - 06/09/26 21:39:18 - 0:02:36 - Epoch 2: Clean - Acc: 0.6865
INFO - 06/09/26 21:39:18 - 0:02:37 -  *** NEW BEST CLEAN ACC *** Epoch 2 | Clean Acc: 0.6865
INFO - 06/09/26 21:39:18 - 0:02:37 - Epoch 3 training started...
INFO - 06/09/26 21:39:44 - 0:03:03 - Epoch 3: Total Loss: 0.9681, loss_both:0.1886, loss_rgb:0.1677, loss_depth:0.4911, loss_ib:0.1207, acc_both:0.9785, acc_rgb:0.9722, acc_depth:0.8685
INFO - 06/09/26 21:40:09 - 0:03:28 - Epoch 3: Clean - Acc: 0.6682
INFO - 06/09/26 21:40:09 - 0:03:28 - No clean accuracy improvement for 1/3 epochs.
INFO - 06/09/26 21:40:09 - 0:03:28 - Epoch 4 training started...
INFO - 06/09/26 21:40:36 - 0:03:55 - Epoch 4: Total Loss: 0.5988, loss_both:0.0954, loss_rgb:0.0989, loss_depth:0.2782, loss_ib:0.1263, acc_both:0.9949, acc_rgb:0.9848, acc_depth:0.9444
INFO - 06/09/26 21:41:01 - 0:04:20 - Epoch 4: Clean - Acc: 0.6957
INFO - 06/09/26 21:41:01 - 0:04:20 -  *** NEW BEST CLEAN ACC *** Epoch 4 | Clean Acc: 0.6957
INFO - 06/09/26 21:41:01 - 0:04:20 - Epoch 5 training started...
INFO - 06/09/26 21:41:28 - 0:04:46 - Epoch 5: Total Loss: 0.4447, loss_both:0.0570, loss_rgb:0.0524, loss_depth:0.2080, loss_ib:0.1272, acc_both:0.9975, acc_rgb:0.9949, acc_depth:0.9659
INFO - 06/09/26 21:41:54 - 0:05:13 - Epoch 5: Clean - Acc: 0.6758
INFO - 06/09/26 21:41:54 - 0:05:13 - No clean accuracy improvement for 1/3 epochs.
INFO - 06/09/26 21:41:54 - 0:05:13 - Epoch 6 training started...
INFO - 06/09/26 21:42:22 - 0:05:41 - Epoch 6: Total Loss: 0.3303, loss_both:0.0344, loss_rgb:0.0354, loss_depth:0.1344, loss_ib:0.1261, acc_both:1.0000, acc_rgb:0.9962, acc_depth:0.9760
INFO - 06/09/26 21:42:47 - 0:06:06 - Epoch 6: Clean - Acc: 0.6835
INFO - 06/09/26 21:42:47 - 0:06:06 - No clean accuracy improvement for 2/3 epochs.
INFO - 06/09/26 21:42:47 - 0:06:06 - Epoch 7 training started...
INFO - 06/09/26 21:43:15 - 0:06:33 - Epoch 7: Total Loss: 0.2882, loss_both:0.0259, loss_rgb:0.0291, loss_depth:0.1092, loss_ib:0.1240, acc_both:1.0000, acc_rgb:0.9962, acc_depth:0.9836
INFO - 06/09/26 21:43:40 - 0:06:59 - Epoch 7: Clean - Acc: 0.6804
INFO - 06/09/26 21:43:40 - 0:06:59 - No clean accuracy improvement for 3/3 epochs.
INFO - 06/09/26 21:43:40 - 0:06:59 - Stopping early at epoch 7: clean accuracy did not improve by at least 0.0 for 3 epochs.
INFO - 06/09/26 21:43:40 - 0:06:59 - Loading best model for final robust evaluation on Test sets...
INFO - 06/09/26 21:43:41 - 0:06:59 - Generating and Evaluating on dataset for: Clean Test ...
INFO - 06/09/26 21:44:06 - 0:07:25 - Generating and Evaluating on dataset for: Salt & Pepper (Lvl 5.0) ...
INFO - 06/09/26 21:44:32 - 0:07:51 - Generating and Evaluating on dataset for: Salt & Pepper (Lvl 10.0) ...
INFO - 06/09/26 21:44:58 - 0:08:17 - Generating and Evaluating on dataset for: Gaussian (Lvl 5.0) ...
INFO - 06/09/26 21:45:24 - 0:08:43 - Generating and Evaluating on dataset for: Gaussian (Lvl 10.0) ...
INFO - 06/09/26 21:45:50 - 0:09:09 - 
                                     ============================================================
INFO - 06/09/26 21:45:50 - 0:09:09 -       FINAL ROBUSTNESS EVALUATION RESULTS ON TEST SET       
INFO - 06/09/26 21:45:50 - 0:09:09 - ============================================================
INFO - 06/09/26 21:45:50 - 0:09:09 - | Test Scenario                       | Score (Acc)        |
INFO - 06/09/26 21:45:50 - 0:09:09 - |-------------------------------------|--------------------|
INFO - 06/09/26 21:45:50 - 0:09:09 - | Clean Test                          |             0.6957 |
INFO - 06/09/26 21:45:50 - 0:09:09 - | Salt & Pepper (Lvl 5.0)             |             0.5550 |
INFO - 06/09/26 21:45:50 - 0:09:09 - | Salt & Pepper (Lvl 10.0)            |             0.4480 |
INFO - 06/09/26 21:45:50 - 0:09:09 - | Gaussian (Lvl 5.0)                  |             0.5948 |
INFO - 06/09/26 21:45:50 - 0:09:09 - | Gaussian (Lvl 10.0)                 |             0.4969 |
INFO - 06/09/26 21:45:50 - 0:09:09 - ============================================================
                                     
INFO - 06/09/26 21:45:50 - 0:09:09 - Saved final results to e:\Paper_Experiment\DML\DML_v1\RGB_v2\savepath\nyud\dml_nyu_seed0_lr0.00024\final_results.json
INFO - 06/09/26 21:45:50 - 0:09:09 - Best Clean Model: epoch=4, clean_acc=0.6957
INFO - 06/09/26 21:45:50 - 0:09:09 - Appended experiment record to e:\Paper_Experiment\DML\DML_v1\RGB_v2\savepath\nyud\all_experiments.json
INFO - 06/10/26 08:14:00 - 0:00:00 - CONTENT_MODEL_PATH: e:\Paper_Experiment\DML\DML_v1\RGB_v2\checkpoint\resnet18_pretrained.pth
                                     FINE_SIZE: 224
                                     LOAD_SIZE: 256
                                     batch_sz: 64
                                     data_path: e:\Paper_Experiment\DML\DML_v1\datasets_shared\nyud2_trainvaltest
                                     dropout: 0.3
                                     early_stop_min_delta: 0.0
                                     early_stop_patience: 3
                                     ib_beta: 0.01
                                     ib_eps_scale: 1.0
                                     img_embed_pool_type: avg
                                     img_hidden_sz: 512
                                     lr: 0.00024
                                     lr_factor: 0.3
                                     lr_patience: 10
                                     max_epochs: 50
                                     n_classes: 19
                                     n_workers: 8
                                     name: dml_nyu_seed0_lr0.00024
                                     note: 
                                     num_image_embeds: 1
                                     savedir: e:\Paper_Experiment\DML\DML_v1\RGB_v2\savepath\nyud\dml_nyu_seed0_lr0.00024
                                     seed: 0
INFO - 06/10/26 08:14:00 - 0:00:00 - Epoch 0 training started...
INFO - 06/10/26 08:14:28 - 0:00:28 - Epoch 0: Total Loss: 7.0100, loss_both:2.0801, loss_rgb:2.2770, loss_depth:2.4013, loss_ib:0.2515, acc_both:0.3502, acc_rgb:0.3135, acc_depth:0.2769
INFO - 06/10/26 08:14:53 - 0:00:53 - Epoch 0: Clean - Acc: 0.5765
INFO - 06/10/26 08:14:53 - 0:00:53 -  *** NEW BEST CLEAN ACC *** Epoch 0 | Clean Acc: 0.5765
INFO - 06/10/26 08:14:53 - 0:00:53 - Epoch 1 training started...
INFO - 06/10/26 08:15:20 - 0:01:20 - Epoch 1: Total Loss: 3.3411, loss_both:0.7868, loss_rgb:0.8011, loss_depth:1.1607, loss_ib:0.5925, acc_both:0.7901, acc_rgb:0.7509, acc_depth:0.6308
INFO - 06/10/26 08:15:45 - 0:01:45 - Epoch 1: Clean - Acc: 0.5994
INFO - 06/10/26 08:15:46 - 0:01:46 -  *** NEW BEST CLEAN ACC *** Epoch 1 | Clean Acc: 0.5994
INFO - 06/10/26 08:15:46 - 0:01:46 - Epoch 2 training started...
INFO - 06/10/26 08:16:12 - 0:02:12 - Epoch 2: Total Loss: 2.2232, loss_both:0.4011, loss_rgb:0.3626, loss_depth:0.7877, loss_ib:0.6719, acc_both:0.9381, acc_rgb:0.9204, acc_depth:0.7699
INFO - 06/10/26 08:16:37 - 0:02:37 - Epoch 2: Clean - Acc: 0.6820
INFO - 06/10/26 08:16:37 - 0:02:37 -  *** NEW BEST CLEAN ACC *** Epoch 2 | Clean Acc: 0.6820
INFO - 06/10/26 08:16:37 - 0:02:37 - Epoch 3 training started...
INFO - 06/10/26 08:17:04 - 0:03:04 - Epoch 3: Total Loss: 1.6145, loss_both:0.2249, loss_rgb:0.2003, loss_depth:0.5400, loss_ib:0.6494, acc_both:0.9810, acc_rgb:0.9709, acc_depth:0.8723
INFO - 06/10/26 08:17:29 - 0:03:29 - Epoch 3: Clean - Acc: 0.6758
INFO - 06/10/26 08:17:29 - 0:03:29 - No clean accuracy improvement for 1/3 epochs.
INFO - 06/10/26 08:17:29 - 0:03:29 - Epoch 4 training started...
INFO - 06/10/26 08:17:55 - 0:03:56 - Epoch 4: Total Loss: 1.2447, loss_both:0.1343, loss_rgb:0.1319, loss_depth:0.3474, loss_ib:0.6312, acc_both:0.9924, acc_rgb:0.9848, acc_depth:0.9418
INFO - 06/10/26 08:18:20 - 0:04:21 - Epoch 4: Clean - Acc: 0.6942
INFO - 06/10/26 08:18:21 - 0:04:21 -  *** NEW BEST CLEAN ACC *** Epoch 4 | Clean Acc: 0.6942
INFO - 06/10/26 08:18:21 - 0:04:21 - Epoch 5 training started...
INFO - 06/10/26 08:18:48 - 0:04:48 - Epoch 5: Total Loss: 1.0637, loss_both:0.0980, loss_rgb:0.0988, loss_depth:0.2541, loss_ib:0.6129, acc_both:0.9987, acc_rgb:0.9962, acc_depth:0.9671
INFO - 06/10/26 08:19:14 - 0:05:14 - Epoch 5: Clean - Acc: 0.6544
INFO - 06/10/26 08:19:14 - 0:05:14 - No clean accuracy improvement for 1/3 epochs.
INFO - 06/10/26 08:19:14 - 0:05:14 - Epoch 6 training started...
INFO - 06/10/26 08:19:41 - 0:05:41 - Epoch 6: Total Loss: 0.9317, loss_both:0.0713, loss_rgb:0.0812, loss_depth:0.1813, loss_ib:0.5978, acc_both:1.0000, acc_rgb:0.9987, acc_depth:0.9798
INFO - 06/10/26 08:20:10 - 0:06:10 - Epoch 6: Clean - Acc: 0.6820
INFO - 06/10/26 08:20:10 - 0:06:10 - No clean accuracy improvement for 2/3 epochs.
INFO - 06/10/26 08:20:10 - 0:06:10 - Epoch 7 training started...
INFO - 06/10/26 08:20:40 - 0:06:40 - Epoch 7: Total Loss: 0.8826, loss_both:0.0667, loss_rgb:0.0833, loss_depth:0.1558, loss_ib:0.5768, acc_both:1.0000, acc_rgb:0.9975, acc_depth:0.9861
INFO - 06/10/26 08:21:09 - 0:07:09 - Epoch 7: Clean - Acc: 0.6697
INFO - 06/10/26 08:21:09 - 0:07:09 - No clean accuracy improvement for 3/3 epochs.
INFO - 06/10/26 08:21:09 - 0:07:09 - Stopping early at epoch 7: clean accuracy did not improve by at least 0.0 for 3 epochs.
INFO - 06/10/26 08:21:09 - 0:07:09 - Loading best model for final robust evaluation on Test sets...
INFO - 06/10/26 08:21:09 - 0:07:10 - Generating and Evaluating on dataset for: Clean Test ...
INFO - 06/10/26 08:21:34 - 0:07:34 - Generating and Evaluating on dataset for: Salt & Pepper (Lvl 5.0) ...
INFO - 06/10/26 08:21:59 - 0:07:59 - Generating and Evaluating on dataset for: Salt & Pepper (Lvl 10.0) ...
INFO - 06/10/26 08:22:24 - 0:08:24 - Generating and Evaluating on dataset for: Gaussian (Lvl 5.0) ...
INFO - 06/10/26 08:22:49 - 0:08:49 - Generating and Evaluating on dataset for: Gaussian (Lvl 10.0) ...
INFO - 06/10/26 08:23:14 - 0:09:14 - 
                                     ============================================================
INFO - 06/10/26 08:23:14 - 0:09:14 -       FINAL ROBUSTNESS EVALUATION RESULTS ON TEST SET       
INFO - 06/10/26 08:23:14 - 0:09:14 - ============================================================
INFO - 06/10/26 08:23:14 - 0:09:14 - | Test Scenario                       | Score (Acc)        |
INFO - 06/10/26 08:23:14 - 0:09:14 - |-------------------------------------|--------------------|
INFO - 06/10/26 08:23:14 - 0:09:14 - | Clean Test                          |             0.6942 |
INFO - 06/10/26 08:23:14 - 0:09:14 - | Salt & Pepper (Lvl 5.0)             |             0.5321 |
INFO - 06/10/26 08:23:14 - 0:09:14 - | Salt & Pepper (Lvl 10.0)            |             0.4281 |
INFO - 06/10/26 08:23:14 - 0:09:14 - | Gaussian (Lvl 5.0)                  |             0.6055 |
INFO - 06/10/26 08:23:14 - 0:09:14 - | Gaussian (Lvl 10.0)                 |             0.5092 |
INFO - 06/10/26 08:23:14 - 0:09:14 - ============================================================
                                     
INFO - 06/10/26 08:23:14 - 0:09:14 - Saved final results to e:\Paper_Experiment\DML\DML_v1\RGB_v2\savepath\nyud\dml_nyu_seed0_lr0.00024\final_results.json
INFO - 06/10/26 08:23:14 - 0:09:14 - Best Clean Model: epoch=4, clean_acc=0.6942
INFO - 06/10/26 08:23:14 - 0:09:14 - Appended experiment record to e:\Paper_Experiment\DML\DML_v1\RGB_v2\savepath\nyud\all_experiments.json
INFO - 06/12/26 14:48:40 - 0:00:00 - CONTENT_MODEL_PATH: e:\Paper_Experiment\DML\DML_v1\RGB_v5\checkpoint\resnet18_pretrained.pth
                                     FINE_SIZE: 224
                                     LOAD_SIZE: 256
                                     batch_sz: 64
                                     data_path: e:\Paper_Experiment\DML\DML_v1\datasets_shared\nyud2_trainvaltest
                                     dropout: 0.3
                                     early_stop_min_delta: 0.0
                                     early_stop_patience: 3
                                     ib_beta: 0.001
                                     ib_eps_scale: 1.0
                                     img_embed_pool_type: avg
                                     img_hidden_sz: 512
                                     lr: 0.00024
                                     lr_factor: 0.3
                                     lr_patience: 10
                                     max_epochs: 50
                                     n_classes: 19
                                     n_workers: 8
                                     name: dml_nyu_seed0_lr0.00024
                                     note: 
                                     num_image_embeds: 1
                                     savedir: e:\Paper_Experiment\DML\DML_v1\RGB_v5\savepath\nyud\dml_nyu_seed0_lr0.00024
                                     seed: 0
INFO - 06/12/26 14:48:41 - 0:00:01 - Epoch 0 training started...
INFO - 06/12/26 14:49:10 - 0:00:30 - Epoch 0: Total Loss: 6.4210, loss_both:1.9292, loss_rgb:2.0299, loss_depth:2.0717, loss_ib:0.3901, acc_both:0.3552, acc_rgb:0.3451, acc_depth:0.3198
INFO - 06/12/26 14:49:35 - 0:00:55 - Epoch 0: Clean - Acc: 0.5489
INFO - 06/12/26 14:49:36 - 0:00:55 -  *** NEW BEST CLEAN ACC *** Epoch 0 | Clean Acc: 0.5489
INFO - 06/12/26 14:49:36 - 0:00:55 - Epoch 1 training started...
INFO - 06/12/26 14:50:03 - 0:01:22 - Epoch 1: Total Loss: 3.6222, loss_both:0.9447, loss_rgb:0.9253, loss_depth:1.2670, loss_ib:0.4851, acc_both:0.7130, acc_rgb:0.7042, acc_depth:0.5727
INFO - 06/12/26 14:50:27 - 0:01:47 - Epoch 1: Clean - Acc: 0.6284
INFO - 06/12/26 14:50:27 - 0:01:47 -  *** NEW BEST CLEAN ACC *** Epoch 1 | Clean Acc: 0.6284
INFO - 06/12/26 14:50:27 - 0:01:47 - Epoch 2 training started...
INFO - 06/12/26 14:50:54 - 0:02:14 - Epoch 2: Total Loss: 2.2344, loss_both:0.4696, loss_rgb:0.4322, loss_depth:0.8568, loss_ib:0.4758, acc_both:0.8887, acc_rgb:0.8710, acc_depth:0.7155
INFO - 06/12/26 14:51:18 - 0:02:38 - Epoch 2: Clean - Acc: 0.6453
INFO - 06/12/26 14:51:19 - 0:02:38 -  *** NEW BEST CLEAN ACC *** Epoch 2 | Clean Acc: 0.6453
INFO - 06/12/26 14:51:19 - 0:02:38 - Epoch 3 training started...
INFO - 06/12/26 14:51:45 - 0:03:05 - Epoch 3: Total Loss: 1.3228, loss_both:0.1925, loss_rgb:0.1887, loss_depth:0.5082, loss_ib:0.4334, acc_both:0.9747, acc_rgb:0.9633, acc_depth:0.8584
INFO - 06/12/26 14:52:12 - 0:03:32 - Epoch 3: Clean - Acc: 0.6774
INFO - 06/12/26 14:52:12 - 0:03:32 -  *** NEW BEST CLEAN ACC *** Epoch 3 | Clean Acc: 0.6774
INFO - 06/12/26 14:52:12 - 0:03:32 - Epoch 4 training started...
INFO - 06/12/26 14:52:41 - 0:04:00 - Epoch 4: Total Loss: 0.9243, loss_both:0.0908, loss_rgb:0.0904, loss_depth:0.3402, loss_ib:0.4029, acc_both:0.9949, acc_rgb:0.9810, acc_depth:0.9216
INFO - 06/12/26 14:53:06 - 0:04:26 - Epoch 4: Clean - Acc: 0.6636
INFO - 06/12/26 14:53:06 - 0:04:26 - No clean accuracy improvement for 1/3 epochs.
INFO - 06/12/26 14:53:06 - 0:04:26 - Epoch 5 training started...
INFO - 06/12/26 14:53:33 - 0:04:52 - Epoch 5: Total Loss: 0.6617, loss_both:0.0439, loss_rgb:0.0457, loss_depth:0.2036, loss_ib:0.3685, acc_both:1.0000, acc_rgb:0.9949, acc_depth:0.9595
INFO - 06/12/26 14:53:59 - 0:05:19 - Epoch 5: Clean - Acc: 0.6896
INFO - 06/12/26 14:53:59 - 0:05:19 -  *** NEW BEST CLEAN ACC *** Epoch 5 | Clean Acc: 0.6896
INFO - 06/12/26 14:53:59 - 0:05:19 - Epoch 6 training started...
INFO - 06/12/26 14:54:26 - 0:05:46 - Epoch 6: Total Loss: 0.5898, loss_both:0.0361, loss_rgb:0.0481, loss_depth:0.1592, loss_ib:0.3463, acc_both:1.0000, acc_rgb:0.9949, acc_depth:0.9595
INFO - 06/12/26 14:54:52 - 0:06:12 - Epoch 6: Clean - Acc: 0.6743
INFO - 06/12/26 14:54:52 - 0:06:12 - No clean accuracy improvement for 1/3 epochs.
INFO - 06/12/26 14:54:52 - 0:06:12 - Epoch 7 training started...
INFO - 06/12/26 14:55:20 - 0:06:40 - Epoch 7: Total Loss: 0.4948, loss_both:0.0253, loss_rgb:0.0296, loss_depth:0.1117, loss_ib:0.3282, acc_both:1.0000, acc_rgb:0.9987, acc_depth:0.9747
INFO - 06/12/26 14:55:46 - 0:07:06 - Epoch 7: Clean - Acc: 0.6820
INFO - 06/12/26 14:55:46 - 0:07:06 - No clean accuracy improvement for 2/3 epochs.
INFO - 06/12/26 14:55:46 - 0:07:06 - Epoch 8 training started...
INFO - 06/12/26 14:56:15 - 0:07:35 - Epoch 8: Total Loss: 0.4783, loss_both:0.0282, loss_rgb:0.0468, loss_depth:0.0972, loss_ib:0.3061, acc_both:1.0000, acc_rgb:0.9975, acc_depth:0.9874
INFO - 06/12/26 14:56:41 - 0:08:00 - Epoch 8: Clean - Acc: 0.6560
INFO - 06/12/26 14:56:41 - 0:08:00 - No clean accuracy improvement for 3/3 epochs.
INFO - 06/12/26 14:56:41 - 0:08:00 - Stopping early at epoch 8: clean accuracy did not improve by at least 0.0 for 3 epochs.
INFO - 06/12/26 14:56:41 - 0:08:00 - Loading best model for final robust evaluation on Test sets...
INFO - 06/12/26 14:56:41 - 0:08:01 - Generating and Evaluating on dataset for: Clean Test ...
INFO - 06/12/26 14:57:07 - 0:08:27 - Generating and Evaluating on dataset for: Salt & Pepper (Lvl 5.0) ...
INFO - 06/12/26 14:57:34 - 0:08:54 - Generating and Evaluating on dataset for: Salt & Pepper (Lvl 10.0) ...
INFO - 06/12/26 14:58:01 - 0:09:21 - Generating and Evaluating on dataset for: Gaussian (Lvl 5.0) ...
INFO - 06/12/26 14:58:28 - 0:09:48 - Generating and Evaluating on dataset for: Gaussian (Lvl 10.0) ...
INFO - 06/12/26 14:58:55 - 0:10:15 - 
                                     ============================================================
INFO - 06/12/26 14:58:55 - 0:10:15 -       FINAL ROBUSTNESS EVALUATION RESULTS ON TEST SET       
INFO - 06/12/26 14:58:55 - 0:10:15 - ============================================================
INFO - 06/12/26 14:58:55 - 0:10:15 - | Test Scenario                       | Score (Acc)        |
INFO - 06/12/26 14:58:55 - 0:10:15 - |-------------------------------------|--------------------|
INFO - 06/12/26 14:58:55 - 0:10:15 - | Clean Test                          |             0.6896 |
INFO - 06/12/26 14:58:55 - 0:10:15 - | Salt & Pepper (Lvl 5.0)             |             0.5489 |
INFO - 06/12/26 14:58:55 - 0:10:15 - | Salt & Pepper (Lvl 10.0)            |             0.4205 |
INFO - 06/12/26 14:58:55 - 0:10:15 - | Gaussian (Lvl 5.0)                  |             0.6086 |
INFO - 06/12/26 14:58:55 - 0:10:15 - | Gaussian (Lvl 10.0)                 |             0.5382 |
INFO - 06/12/26 14:58:55 - 0:10:15 - ============================================================
                                     
INFO - 06/12/26 14:58:55 - 0:10:15 - Saved final results to e:\Paper_Experiment\DML\DML_v1\RGB_v5\savepath\nyud\dml_nyu_seed0_lr0.00024\final_results.json
INFO - 06/12/26 14:58:55 - 0:10:15 - Best Clean Model: epoch=5, clean_acc=0.6896
INFO - 06/12/26 14:58:55 - 0:10:15 - Appended experiment record to e:\Paper_Experiment\DML\DML_v1\RGB_v5\savepath\nyud\all_experiments.json
INFO - 06/12/26 15:03:46 - 0:00:00 - CONTENT_MODEL_PATH: e:\Paper_Experiment\DML\DML_v1\RGB_v5\checkpoint\resnet18_pretrained.pth
                                     FINE_SIZE: 224
                                     LOAD_SIZE: 256
                                     batch_sz: 64
                                     data_path: e:\Paper_Experiment\DML\DML_v1\datasets_shared\nyud2_trainvaltest
                                     dropout: 0.3
                                     early_stop_min_delta: 0.0
                                     early_stop_patience: 3
                                     ib_beta: 0.0001
                                     ib_eps_scale: 1.0
                                     img_embed_pool_type: avg
                                     img_hidden_sz: 512
                                     lr: 0.00024
                                     lr_factor: 0.3
                                     lr_patience: 10
                                     max_epochs: 50
                                     n_classes: 19
                                     n_workers: 8
                                     name: dml_nyu_seed0_lr0.00024
                                     note: 
                                     num_image_embeds: 1
                                     savedir: e:\Paper_Experiment\DML\DML_v1\RGB_v5\savepath\nyud\dml_nyu_seed0_lr0.00024
                                     seed: 0
INFO - 06/12/26 15:03:47 - 0:00:00 - Epoch 0 training started...
INFO - 06/12/26 15:04:18 - 0:00:32 - Epoch 0: Total Loss: 6.0861, loss_both:1.9319, loss_rgb:2.0341, loss_depth:2.0775, loss_ib:0.0426, acc_both:0.3540, acc_rgb:0.3388, acc_depth:0.3173
INFO - 06/12/26 15:04:46 - 0:00:59 - Epoch 0: Clean - Acc: 0.5413
INFO - 06/12/26 15:04:46 - 0:01:00 -  *** NEW BEST CLEAN ACC *** Epoch 0 | Clean Acc: 0.5413
INFO - 06/12/26 15:04:46 - 0:01:00 - Epoch 1 training started...
INFO - 06/12/26 15:05:14 - 0:01:28 - Epoch 1: Total Loss: 3.1998, loss_both:0.9425, loss_rgb:0.9252, loss_depth:1.2695, loss_ib:0.0627, acc_both:0.7067, acc_rgb:0.7054, acc_depth:0.5689
INFO - 06/12/26 15:05:38 - 0:01:52 - Epoch 1: Clean - Acc: 0.6239
INFO - 06/12/26 15:05:38 - 0:01:52 -  *** NEW BEST CLEAN ACC *** Epoch 1 | Clean Acc: 0.6239
INFO - 06/12/26 15:05:38 - 0:01:52 - Epoch 2 training started...
INFO - 06/12/26 15:06:05 - 0:02:19 - Epoch 2: Total Loss: 1.8283, loss_both:0.4653, loss_rgb:0.4336, loss_depth:0.8574, loss_ib:0.0720, acc_both:0.8824, acc_rgb:0.8660, acc_depth:0.6953
INFO - 06/12/26 15:06:31 - 0:02:44 - Epoch 2: Clean - Acc: 0.6391
INFO - 06/12/26 15:06:31 - 0:02:45 -  *** NEW BEST CLEAN ACC *** Epoch 2 | Clean Acc: 0.6391
INFO - 06/12/26 15:06:31 - 0:02:45 - Epoch 3 training started...
INFO - 06/12/26 15:07:00 - 0:03:14 - Epoch 3: Total Loss: 0.9411, loss_both:0.1811, loss_rgb:0.1831, loss_depth:0.5006, loss_ib:0.0762, acc_both:0.9722, acc_rgb:0.9608, acc_depth:0.8597
INFO - 06/12/26 15:07:27 - 0:03:40 - Epoch 3: Clean - Acc: 0.6774
INFO - 06/12/26 15:07:27 - 0:03:41 -  *** NEW BEST CLEAN ACC *** Epoch 3 | Clean Acc: 0.6774
INFO - 06/12/26 15:07:27 - 0:03:41 - Epoch 4 training started...
INFO - 06/12/26 15:07:55 - 0:04:09 - Epoch 4: Total Loss: 0.5931, loss_both:0.0814, loss_rgb:0.0811, loss_depth:0.3506, loss_ib:0.0800, acc_both:0.9962, acc_rgb:0.9785, acc_depth:0.9001
INFO - 06/12/26 15:08:20 - 0:04:34 - Epoch 4: Clean - Acc: 0.6682
INFO - 06/12/26 15:08:20 - 0:04:34 - No clean accuracy improvement for 1/3 epochs.
INFO - 06/12/26 15:08:20 - 0:04:34 - Epoch 5 training started...
INFO - 06/12/26 15:08:47 - 0:05:00 - Epoch 5: Total Loss: 0.3475, loss_both:0.0319, loss_rgb:0.0354, loss_depth:0.1993, loss_ib:0.0809, acc_both:1.0000, acc_rgb:0.9962, acc_depth:0.9494
INFO - 06/12/26 15:09:19 - 0:05:33 - Epoch 5: Clean - Acc: 0.6835
INFO - 06/12/26 15:09:19 - 0:05:33 -  *** NEW BEST CLEAN ACC *** Epoch 5 | Clean Acc: 0.6835
INFO - 06/12/26 15:09:19 - 0:05:33 - Epoch 6 training started...
INFO - 06/12/26 15:09:51 - 0:06:05 - Epoch 6: Total Loss: 0.2754, loss_both:0.0219, loss_rgb:0.0330, loss_depth:0.1399, loss_ib:0.0806, acc_both:1.0000, acc_rgb:0.9949, acc_depth:0.9621
INFO - 06/12/26 15:10:21 - 0:06:35 - Epoch 6: Clean - Acc: 0.6713
INFO - 06/12/26 15:10:21 - 0:06:35 - No clean accuracy improvement for 1/3 epochs.
INFO - 06/12/26 15:10:21 - 0:06:35 - Epoch 7 training started...
INFO - 06/12/26 15:10:53 - 0:07:07 - Epoch 7: Total Loss: 0.1983, loss_both:0.0128, loss_rgb:0.0147, loss_depth:0.0908, loss_ib:0.0800, acc_both:1.0000, acc_rgb:0.9975, acc_depth:0.9798
INFO - 06/12/26 15:11:21 - 0:07:35 - Epoch 7: Clean - Acc: 0.6988
INFO - 06/12/26 15:11:22 - 0:07:35 -  *** NEW BEST CLEAN ACC *** Epoch 7 | Clean Acc: 0.6988
INFO - 06/12/26 15:11:22 - 0:07:35 - Epoch 8 training started...
INFO - 06/12/26 15:11:52 - 0:08:06 - Epoch 8: Total Loss: 0.1874, loss_both:0.0120, loss_rgb:0.0253, loss_depth:0.0726, loss_ib:0.0775, acc_both:1.0000, acc_rgb:0.9962, acc_depth:0.9899
INFO - 06/12/26 15:12:20 - 0:08:34 - Epoch 8: Clean - Acc: 0.6927
INFO - 06/12/26 15:12:20 - 0:08:34 - No clean accuracy improvement for 1/3 epochs.
INFO - 06/12/26 15:12:20 - 0:08:34 - Epoch 9 training started...
INFO - 06/12/26 15:12:51 - 0:09:04 - Epoch 9: Total Loss: 0.1598, loss_both:0.0094, loss_rgb:0.0205, loss_depth:0.0534, loss_ib:0.0766, acc_both:1.0000, acc_rgb:0.9949, acc_depth:0.9886
INFO - 06/12/26 15:13:19 - 0:09:33 - Epoch 9: Clean - Acc: 0.6835
INFO - 06/12/26 15:13:19 - 0:09:33 - No clean accuracy improvement for 2/3 epochs.
INFO - 06/12/26 15:13:19 - 0:09:33 - Epoch 10 training started...
INFO - 06/12/26 15:13:49 - 0:10:03 - Epoch 10: Total Loss: 0.1512, loss_both:0.0094, loss_rgb:0.0264, loss_depth:0.0418, loss_ib:0.0737, acc_both:0.9987, acc_rgb:0.9949, acc_depth:0.9949
INFO - 06/12/26 15:14:17 - 0:10:30 - Epoch 10: Clean - Acc: 0.7003
INFO - 06/12/26 15:14:17 - 0:10:31 -  *** NEW BEST CLEAN ACC *** Epoch 10 | Clean Acc: 0.7003
INFO - 06/12/26 15:14:17 - 0:10:31 - Epoch 11 training started...
INFO - 06/12/26 15:14:47 - 0:11:01 - Epoch 11: Total Loss: 0.1302, loss_both:0.0061, loss_rgb:0.0201, loss_depth:0.0323, loss_ib:0.0718, acc_both:1.0000, acc_rgb:0.9962, acc_depth:0.9975
INFO - 06/12/26 15:15:15 - 0:11:29 - Epoch 11: Clean - Acc: 0.6865
INFO - 06/12/26 15:15:15 - 0:11:29 - No clean accuracy improvement for 1/3 epochs.
INFO - 06/12/26 15:15:15 - 0:11:29 - Epoch 12 training started...
INFO - 06/12/26 15:15:45 - 0:11:58 - Epoch 12: Total Loss: 0.1142, loss_both:0.0056, loss_rgb:0.0089, loss_depth:0.0292, loss_ib:0.0704, acc_both:1.0000, acc_rgb:1.0000, acc_depth:0.9962
INFO - 06/12/26 15:16:13 - 0:12:26 - Epoch 12: Clean - Acc: 0.6728
INFO - 06/12/26 15:16:13 - 0:12:26 - No clean accuracy improvement for 2/3 epochs.
INFO - 06/12/26 15:16:13 - 0:12:26 - Epoch 13 training started...
INFO - 06/12/26 15:16:43 - 0:12:57 - Epoch 13: Total Loss: 0.1297, loss_both:0.0063, loss_rgb:0.0108, loss_depth:0.0445, loss_ib:0.0681, acc_both:1.0000, acc_rgb:1.0000, acc_depth:0.9861
INFO - 06/12/26 15:17:10 - 0:13:24 - Epoch 13: Clean - Acc: 0.6789
INFO - 06/12/26 15:17:10 - 0:13:24 - No clean accuracy improvement for 3/3 epochs.
INFO - 06/12/26 15:17:10 - 0:13:24 - Stopping early at epoch 13: clean accuracy did not improve by at least 0.0 for 3 epochs.
INFO - 06/12/26 15:17:10 - 0:13:24 - Loading best model for final robust evaluation on Test sets...
INFO - 06/12/26 15:17:11 - 0:13:25 - Generating and Evaluating on dataset for: Clean Test ...
INFO - 06/12/26 15:17:42 - 0:13:55 - Generating and Evaluating on dataset for: Salt & Pepper (Lvl 5.0) ...
INFO - 06/12/26 15:18:09 - 0:14:23 - Generating and Evaluating on dataset for: Salt & Pepper (Lvl 10.0) ...
INFO - 06/12/26 15:18:37 - 0:14:51 - Generating and Evaluating on dataset for: Gaussian (Lvl 5.0) ...
INFO - 06/12/26 15:19:07 - 0:15:21 - Generating and Evaluating on dataset for: Gaussian (Lvl 10.0) ...
INFO - 06/12/26 15:19:37 - 0:15:51 - 
                                     ============================================================
INFO - 06/12/26 15:19:37 - 0:15:51 -       FINAL ROBUSTNESS EVALUATION RESULTS ON TEST SET       
INFO - 06/12/26 15:19:37 - 0:15:51 - ============================================================
INFO - 06/12/26 15:19:37 - 0:15:51 - | Test Scenario                       | Score (Acc)        |
INFO - 06/12/26 15:19:37 - 0:15:51 - |-------------------------------------|--------------------|
INFO - 06/12/26 15:19:37 - 0:15:51 - | Clean Test                          |             0.7003 |
INFO - 06/12/26 15:19:37 - 0:15:51 - | Salt & Pepper (Lvl 5.0)             |             0.5673 |
INFO - 06/12/26 15:19:37 - 0:15:51 - | Salt & Pepper (Lvl 10.0)            |             0.3869 |
INFO - 06/12/26 15:19:37 - 0:15:51 - | Gaussian (Lvl 5.0)                  |             0.6300 |
INFO - 06/12/26 15:19:37 - 0:15:51 - | Gaussian (Lvl 10.0)                 |             0.5902 |
INFO - 06/12/26 15:19:37 - 0:15:51 - ============================================================
                                     
INFO - 06/12/26 15:19:37 - 0:15:51 - Saved final results to e:\Paper_Experiment\DML\DML_v1\RGB_v5\savepath\nyud\dml_nyu_seed0_lr0.00024\final_results.json
INFO - 06/12/26 15:19:37 - 0:15:51 - Best Clean Model: epoch=10, clean_acc=0.7003
INFO - 06/12/26 15:19:37 - 0:15:51 - Appended experiment record to e:\Paper_Experiment\DML\DML_v1\RGB_v5\savepath\nyud\all_experiments.json
