INFO - 05/25/26 21:28:17 - 0:00:00 - CONTENT_MODEL_PATH: ./checkpoint/resnet18_pretrained.pth
                                     FINE_SIZE: 224
                                     LOAD_SIZE: 256
                                     batch_sz: 2
                                     data_path: ../../CPSC_RGB/data/nyud2_trainvaltest
                                     dropout: 0.3
                                     img_embed_pool_type: avg
                                     img_hidden_sz: 512
                                     lr: 0.00024
                                     lr_factor: 0.3
                                     lr_patience: 10
                                     max_epochs: 1
                                     n_classes: 19
                                     n_workers: 0
                                     name: dml_nyu_seed0_lr0.00024
                                     num_image_embeds: 1
                                     savedir: ./savepath/nyud\dml_nyu_seed0_lr0.00024
                                     seed: 0
INFO - 05/25/26 21:28:17 - 0:00:00 - Epoch 0 training started...
INFO - 05/25/26 21:28:39 - 0:00:22 - Epoch 0: Total Loss: 6.1873
INFO - 05/25/26 21:28:53 - 0:00:36 - Epoch 0: Clean - Acc: 0.4572
INFO - 05/25/26 21:28:53 - 0:00:36 -  *** NEW BEST CLEAN ACC *** Epoch 0 | Clean Acc: 0.4572
INFO - 05/25/26 21:28:53 - 0:00:36 - Loading best model for final robust evaluation on Test sets...
INFO - 05/25/26 21:28:54 - 0:00:37 - Generating and Evaluating on dataset for: Clean Test ...
INFO - 05/25/26 21:29:09 - 0:00:52 - Generating and Evaluating on dataset for: Salt & Pepper (Lvl 5.0) ...
INFO - 05/25/26 21:29:22 - 0:01:06 - Generating and Evaluating on dataset for: Salt & Pepper (Lvl 10.0) ...
INFO - 05/25/26 21:29:38 - 0:01:21 - Generating and Evaluating on dataset for: Gaussian (Lvl 5.0) ...
INFO - 05/25/26 21:29:55 - 0:01:39 - Generating and Evaluating on dataset for: Gaussian (Lvl 10.0) ...
INFO - 05/25/26 21:30:12 - 0:01:56 - 
                                     ============================================================
INFO - 05/25/26 21:30:12 - 0:01:56 -       FINAL ROBUSTNESS EVALUATION RESULTS ON TEST SET       
INFO - 05/25/26 21:30:12 - 0:01:56 - ============================================================
INFO - 05/25/26 21:30:12 - 0:01:56 - | Test Scenario                       | Score (Acc)        |
INFO - 05/25/26 21:30:12 - 0:01:56 - |-------------------------------------|--------------------|
INFO - 05/25/26 21:30:12 - 0:01:56 - | Clean Test                          |             0.4572 |
INFO - 05/25/26 21:30:12 - 0:01:56 - | Salt & Pepper (Lvl 5.0)             |             0.3135 |
INFO - 05/25/26 21:30:12 - 0:01:56 - | Salt & Pepper (Lvl 10.0)            |             0.2309 |
INFO - 05/25/26 21:30:12 - 0:01:56 - | Gaussian (Lvl 5.0)                  |             0.3670 |
INFO - 05/25/26 21:30:12 - 0:01:56 - | Gaussian (Lvl 10.0)                 |             0.3502 |
INFO - 05/25/26 21:30:12 - 0:01:56 - ============================================================
                                     
INFO - 05/25/26 21:30:12 - 0:01:56 - Saved final results to ./savepath/nyud\dml_nyu_seed0_lr0.00024\final_results.json
INFO - 05/25/26 21:30:12 - 0:01:56 - Best Clean Model: epoch=0, clean_acc=0.4572
INFO - 05/26/26 10:23:37 - 0:00:00 - CONTENT_MODEL_PATH: e:\Paper_Experiment\DML\DML_v1\RGB\checkpoint\resnet18_pretrained.pth
                                     FINE_SIZE: 224
                                     LOAD_SIZE: 256
                                     batch_sz: 64
                                     data_path: e:\Paper_Experiment\DML\DML_v1\RGB\data\nyud2_trainvaltest
                                     dropout: 0.3
                                     img_embed_pool_type: avg
                                     img_hidden_sz: 512
                                     lr: 0.00024
                                     lr_factor: 0.3
                                     lr_patience: 10
                                     max_epochs: 50
                                     n_classes: 19
                                     n_workers: 8
                                     name: dml_nyu_seed0_lr0.00024
                                     note: 
                                     num_image_embeds: 1
                                     savedir: e:\Paper_Experiment\DML\DML_v1\RGB\savepath\nyud\dml_nyu_seed0_lr0.00024
                                     seed: 0
INFO - 05/26/26 10:23:38 - 0:00:00 - Epoch 0 training started...
INFO - 05/26/26 10:24:05 - 0:00:27 - Epoch 0: Total Loss: 5.7636
INFO - 05/26/26 10:24:29 - 0:00:52 - Epoch 0: Clean - Acc: 0.5795
INFO - 05/26/26 10:24:30 - 0:00:52 -  *** NEW BEST CLEAN ACC *** Epoch 0 | Clean Acc: 0.5795
INFO - 05/26/26 10:24:30 - 0:00:52 - Epoch 1 training started...
INFO - 05/26/26 10:24:56 - 0:01:19 - Epoch 1: Total Loss: 2.1960
INFO - 05/26/26 10:25:21 - 0:01:44 - Epoch 1: Clean - Acc: 0.6713
INFO - 05/26/26 10:25:21 - 0:01:44 -  *** NEW BEST CLEAN ACC *** Epoch 1 | Clean Acc: 0.6713
INFO - 05/26/26 10:25:21 - 0:01:44 - Epoch 2 training started...
INFO - 05/26/26 10:25:48 - 0:02:11 - Epoch 2: Total Loss: 1.0930
INFO - 05/26/26 10:26:14 - 0:02:36 - Epoch 2: Clean - Acc: 0.6300
INFO - 05/26/26 10:26:14 - 0:02:36 - Epoch 3 training started...
INFO - 05/26/26 10:26:42 - 0:03:04 - Epoch 3: Total Loss: 0.5647
INFO - 05/26/26 10:27:06 - 0:03:29 - Epoch 3: Clean - Acc: 0.6728
INFO - 05/26/26 10:27:07 - 0:03:29 -  *** NEW BEST CLEAN ACC *** Epoch 3 | Clean Acc: 0.6728
INFO - 05/26/26 10:27:07 - 0:03:29 - Epoch 4 training started...
INFO - 05/26/26 10:27:33 - 0:03:56 - Epoch 4: Total Loss: 0.3173
INFO - 05/26/26 10:28:00 - 0:04:23 - Epoch 4: Clean - Acc: 0.6835
INFO - 05/26/26 10:28:00 - 0:04:23 -  *** NEW BEST CLEAN ACC *** Epoch 4 | Clean Acc: 0.6835
INFO - 05/26/26 10:28:00 - 0:04:23 - Epoch 5 training started...
INFO - 05/26/26 10:28:28 - 0:04:51 - Epoch 5: Total Loss: 0.1757
INFO - 05/26/26 10:28:53 - 0:05:16 - Epoch 5: Clean - Acc: 0.6820
INFO - 05/26/26 10:28:53 - 0:05:16 - Epoch 6 training started...
INFO - 05/26/26 10:29:20 - 0:05:42 - Epoch 6: Total Loss: 0.1321
INFO - 05/26/26 10:29:44 - 0:06:07 - Epoch 6: Clean - Acc: 0.6820
INFO - 05/26/26 10:29:44 - 0:06:07 - Epoch 7 training started...
INFO - 05/26/26 10:30:11 - 0:06:33 - Epoch 7: Total Loss: 0.0767
INFO - 05/26/26 10:30:35 - 0:06:58 - Epoch 7: Clean - Acc: 0.6850
INFO - 05/26/26 10:30:35 - 0:06:58 -  *** NEW BEST CLEAN ACC *** Epoch 7 | Clean Acc: 0.6850
INFO - 05/26/26 10:30:35 - 0:06:58 - Epoch 8 training started...
INFO - 05/26/26 10:31:01 - 0:07:24 - Epoch 8: Total Loss: 0.0750
INFO - 05/26/26 10:31:25 - 0:07:48 - Epoch 8: Clean - Acc: 0.6911
INFO - 05/26/26 10:31:26 - 0:07:48 -  *** NEW BEST CLEAN ACC *** Epoch 8 | Clean Acc: 0.6911
INFO - 05/26/26 10:31:26 - 0:07:48 - Epoch 9 training started...
INFO - 05/26/26 10:31:51 - 0:08:14 - Epoch 9: Total Loss: 0.0555
INFO - 05/26/26 10:32:16 - 0:08:38 - Epoch 9: Clean - Acc: 0.6881
INFO - 05/26/26 10:32:16 - 0:08:38 - Epoch 10 training started...
INFO - 05/26/26 10:32:42 - 0:09:04 - Epoch 10: Total Loss: 0.0414
INFO - 05/26/26 10:33:06 - 0:09:29 - Epoch 10: Clean - Acc: 0.6988
INFO - 05/26/26 10:33:06 - 0:09:29 -  *** NEW BEST CLEAN ACC *** Epoch 10 | Clean Acc: 0.6988
INFO - 05/26/26 10:33:06 - 0:09:29 - Epoch 11 training started...
INFO - 05/26/26 10:33:32 - 0:09:55 - Epoch 11: Total Loss: 0.0337
INFO - 05/26/26 10:33:57 - 0:10:20 - Epoch 11: Clean - Acc: 0.7018
INFO - 05/26/26 10:33:57 - 0:10:20 -  *** NEW BEST CLEAN ACC *** Epoch 11 | Clean Acc: 0.7018
INFO - 05/26/26 10:33:57 - 0:10:20 - Epoch 12 training started...
INFO - 05/26/26 10:34:24 - 0:10:47 - Epoch 12: Total Loss: 0.0302
INFO - 05/26/26 10:34:50 - 0:11:13 - Epoch 12: Clean - Acc: 0.6835
INFO - 05/26/26 10:34:50 - 0:11:13 - Epoch 13 training started...
INFO - 05/26/26 10:35:17 - 0:11:39 - Epoch 13: Total Loss: 0.0234
INFO - 05/26/26 10:35:41 - 0:12:03 - Epoch 13: Clean - Acc: 0.7187
INFO - 05/26/26 10:35:41 - 0:12:04 -  *** NEW BEST CLEAN ACC *** Epoch 13 | Clean Acc: 0.7187
INFO - 05/26/26 10:35:41 - 0:12:04 - Epoch 14 training started...
INFO - 05/26/26 10:36:07 - 0:12:30 - Epoch 14: Total Loss: 0.0178
INFO - 05/26/26 10:36:31 - 0:12:54 - Epoch 14: Clean - Acc: 0.7003
INFO - 05/26/26 10:36:31 - 0:12:54 - Epoch 15 training started...
INFO - 05/26/26 10:36:57 - 0:13:20 - Epoch 15: Total Loss: 0.0158
INFO - 05/26/26 10:37:21 - 0:13:44 - Epoch 15: Clean - Acc: 0.7018
INFO - 05/26/26 10:37:21 - 0:13:44 - Epoch 16 training started...
INFO - 05/26/26 10:37:48 - 0:14:10 - Epoch 16: Total Loss: 0.0151
INFO - 05/26/26 10:38:13 - 0:14:35 - Epoch 16: Clean - Acc: 0.6758
INFO - 05/26/26 10:38:13 - 0:14:35 - Epoch 17 training started...
INFO - 05/26/26 10:38:39 - 0:15:02 - Epoch 17: Total Loss: 0.0158
INFO - 05/26/26 10:39:04 - 0:15:27 - Epoch 17: Clean - Acc: 0.7064
INFO - 05/26/26 10:39:04 - 0:15:27 - Epoch 18 training started...
INFO - 05/26/26 10:39:31 - 0:15:53 - Epoch 18: Total Loss: 0.0131
INFO - 05/26/26 10:39:56 - 0:16:19 - Epoch 18: Clean - Acc: 0.7034
INFO - 05/26/26 10:39:56 - 0:16:19 - Epoch 19 training started...
INFO - 05/26/26 10:40:23 - 0:16:45 - Epoch 19: Total Loss: 0.0130
INFO - 05/26/26 10:40:48 - 0:17:11 - Epoch 19: Clean - Acc: 0.7034
INFO - 05/26/26 10:40:48 - 0:17:11 - Epoch 20 training started...
INFO - 05/26/26 10:41:15 - 0:17:37 - Epoch 20: Total Loss: 0.0161
INFO - 05/26/26 10:41:40 - 0:18:02 - Epoch 20: Clean - Acc: 0.7110
INFO - 05/26/26 10:41:40 - 0:18:02 - Epoch 21 training started...
INFO - 05/26/26 10:42:06 - 0:18:29 - Epoch 21: Total Loss: 0.0242
INFO - 05/26/26 10:42:31 - 0:18:53 - Epoch 21: Clean - Acc: 0.7018
INFO - 05/26/26 10:42:31 - 0:18:53 - Epoch 22 training started...
INFO - 05/26/26 10:42:58 - 0:19:20 - Epoch 22: Total Loss: 0.0303
INFO - 05/26/26 10:43:23 - 0:19:45 - Epoch 22: Clean - Acc: 0.7003
INFO - 05/26/26 10:43:23 - 0:19:45 - Epoch 23 training started...
INFO - 05/26/26 10:43:50 - 0:20:12 - Epoch 23: Total Loss: 0.0256
INFO - 05/26/26 10:44:15 - 0:20:38 - Epoch 23: Clean - Acc: 0.6728
INFO - 05/26/26 10:44:15 - 0:20:38 - Epoch 24 training started...
INFO - 05/26/26 10:44:42 - 0:21:05 - Epoch 24: Total Loss: 0.0160
INFO - 05/26/26 10:45:06 - 0:21:29 - Epoch 24: Clean - Acc: 0.6651
INFO - 05/26/26 10:45:06 - 0:21:29 - Epoch 25 training started...
INFO - 05/26/26 10:45:33 - 0:21:55 - Epoch 25: Total Loss: 0.0145
INFO - 05/26/26 10:45:58 - 0:22:21 - Epoch 25: Clean - Acc: 0.6789
INFO - 05/26/26 10:45:58 - 0:22:21 - Epoch 26 training started...
INFO - 05/26/26 10:46:24 - 0:22:47 - Epoch 26: Total Loss: 0.0139
INFO - 05/26/26 10:46:49 - 0:23:12 - Epoch 26: Clean - Acc: 0.6927
INFO - 05/26/26 10:46:49 - 0:23:12 - Epoch 27 training started...
INFO - 05/26/26 10:47:15 - 0:23:38 - Epoch 27: Total Loss: 0.0108
INFO - 05/26/26 10:47:40 - 0:24:03 - Epoch 27: Clean - Acc: 0.7018
INFO - 05/26/26 10:47:40 - 0:24:03 - Epoch 28 training started...
INFO - 05/26/26 10:48:06 - 0:24:29 - Epoch 28: Total Loss: 0.0077
INFO - 05/26/26 10:48:31 - 0:24:53 - Epoch 28: Clean - Acc: 0.6972
INFO - 05/26/26 10:48:31 - 0:24:53 - Epoch 29 training started...
INFO - 05/26/26 10:48:57 - 0:25:20 - Epoch 29: Total Loss: 0.0072
INFO - 05/26/26 10:49:22 - 0:25:44 - Epoch 29: Clean - Acc: 0.6988
INFO - 05/26/26 10:49:22 - 0:25:44 - Epoch 30 training started...
INFO - 05/26/26 10:49:48 - 0:26:11 - Epoch 30: Total Loss: 0.0092
INFO - 05/26/26 10:50:13 - 0:26:36 - Epoch 30: Clean - Acc: 0.6942
INFO - 05/26/26 10:50:13 - 0:26:36 - Epoch 31 training started...
INFO - 05/26/26 10:50:39 - 0:27:02 - Epoch 31: Total Loss: 0.0076
INFO - 05/26/26 10:51:05 - 0:27:27 - Epoch 31: Clean - Acc: 0.6911
INFO - 05/26/26 10:51:05 - 0:27:27 - Epoch 32 training started...
INFO - 05/26/26 10:51:31 - 0:27:54 - Epoch 32: Total Loss: 0.0063
INFO - 05/26/26 10:51:55 - 0:28:18 - Epoch 32: Clean - Acc: 0.7064
INFO - 05/26/26 10:51:55 - 0:28:18 - Epoch 33 training started...
INFO - 05/26/26 10:52:22 - 0:28:44 - Epoch 33: Total Loss: 0.0086
INFO - 05/26/26 10:52:46 - 0:29:09 - Epoch 33: Clean - Acc: 0.7049
INFO - 05/26/26 10:52:46 - 0:29:09 - Epoch 34 training started...
INFO - 05/26/26 10:53:13 - 0:29:36 - Epoch 34: Total Loss: 0.0059
INFO - 05/26/26 10:53:38 - 0:30:01 - Epoch 34: Clean - Acc: 0.7095
INFO - 05/26/26 10:53:38 - 0:30:01 - Epoch 35 training started...
INFO - 05/26/26 10:54:05 - 0:30:28 - Epoch 35: Total Loss: 0.0070
INFO - 05/26/26 10:54:30 - 0:30:53 - Epoch 35: Clean - Acc: 0.7034
INFO - 05/26/26 10:54:30 - 0:30:53 - Epoch 36 training started...
INFO - 05/26/26 10:54:57 - 0:31:19 - Epoch 36: Total Loss: 0.0062
INFO - 05/26/26 10:55:21 - 0:31:44 - Epoch 36: Clean - Acc: 0.7095
INFO - 05/26/26 10:55:21 - 0:31:44 - Epoch 37 training started...
INFO - 05/26/26 10:55:47 - 0:32:10 - Epoch 37: Total Loss: 0.0077
INFO - 05/26/26 10:56:11 - 0:32:34 - Epoch 37: Clean - Acc: 0.7018
INFO - 05/26/26 10:56:11 - 0:32:34 - Epoch 38 training started...
INFO - 05/26/26 10:56:38 - 0:33:00 - Epoch 38: Total Loss: 0.0069
INFO - 05/26/26 10:57:02 - 0:33:24 - Epoch 38: Clean - Acc: 0.7080
INFO - 05/26/26 10:57:02 - 0:33:24 - Epoch 39 training started...
INFO - 05/26/26 10:57:28 - 0:33:51 - Epoch 39: Total Loss: 0.0054
INFO - 05/26/26 10:57:53 - 0:34:16 - Epoch 39: Clean - Acc: 0.7095
INFO - 05/26/26 10:57:53 - 0:34:16 - Epoch 40 training started...
INFO - 05/26/26 10:58:21 - 0:34:44 - Epoch 40: Total Loss: 0.0066
INFO - 05/26/26 10:58:46 - 0:35:08 - Epoch 40: Clean - Acc: 0.7034
INFO - 05/26/26 10:58:46 - 0:35:08 - Epoch 41 training started...
INFO - 05/26/26 10:59:13 - 0:35:35 - Epoch 41: Total Loss: 0.0057
INFO - 05/26/26 10:59:37 - 0:36:00 - Epoch 41: Clean - Acc: 0.7018
INFO - 05/26/26 10:59:37 - 0:36:00 - Epoch 42 training started...
INFO - 05/26/26 11:00:04 - 0:36:27 - Epoch 42: Total Loss: 0.0063
INFO - 05/26/26 11:00:29 - 0:36:51 - Epoch 42: Clean - Acc: 0.7018
INFO - 05/26/26 11:00:29 - 0:36:51 - Epoch 43 training started...
INFO - 05/26/26 11:00:56 - 0:37:18 - Epoch 43: Total Loss: 0.0065
INFO - 05/26/26 11:01:21 - 0:37:44 - Epoch 43: Clean - Acc: 0.6988
INFO - 05/26/26 11:01:21 - 0:37:44 - Epoch 44 training started...
INFO - 05/26/26 11:01:51 - 0:38:13 - Epoch 44: Total Loss: 0.0068
INFO - 05/26/26 11:02:18 - 0:38:40 - Epoch 44: Clean - Acc: 0.7049
INFO - 05/26/26 11:02:18 - 0:38:40 - Epoch 45 training started...
INFO - 05/26/26 11:02:45 - 0:39:08 - Epoch 45: Total Loss: 0.0046
INFO - 05/26/26 11:03:11 - 0:39:33 - Epoch 45: Clean - Acc: 0.7034
INFO - 05/26/26 11:03:11 - 0:39:33 - Epoch 46 training started...
INFO - 05/26/26 11:03:38 - 0:40:01 - Epoch 46: Total Loss: 0.0071
INFO - 05/26/26 11:04:04 - 0:40:26 - Epoch 46: Clean - Acc: 0.7049
INFO - 05/26/26 11:04:04 - 0:40:26 - Epoch 47 training started...
INFO - 05/26/26 11:04:31 - 0:40:54 - Epoch 47: Total Loss: 0.0066
INFO - 05/26/26 11:04:56 - 0:41:19 - Epoch 47: Clean - Acc: 0.7049
INFO - 05/26/26 11:04:56 - 0:41:19 - Epoch 48 training started...
INFO - 05/26/26 11:05:24 - 0:41:47 - Epoch 48: Total Loss: 0.0071
INFO - 05/26/26 11:05:49 - 0:42:12 - Epoch 48: Clean - Acc: 0.7125
INFO - 05/26/26 11:05:49 - 0:42:12 - Epoch 49 training started...
INFO - 05/26/26 11:06:17 - 0:42:39 - Epoch 49: Total Loss: 0.0058
INFO - 05/26/26 11:06:42 - 0:43:05 - Epoch 49: Clean - Acc: 0.7095
INFO - 05/26/26 11:06:42 - 0:43:05 - Loading best model for final robust evaluation on Test sets...
INFO - 05/26/26 11:06:43 - 0:43:05 - Generating and Evaluating on dataset for: Clean Test ...
INFO - 05/26/26 11:07:08 - 0:43:31 - Generating and Evaluating on dataset for: Salt & Pepper (Lvl 5.0) ...
INFO - 05/26/26 11:07:33 - 0:43:56 - Generating and Evaluating on dataset for: Salt & Pepper (Lvl 10.0) ...
INFO - 05/26/26 11:07:59 - 0:44:22 - Generating and Evaluating on dataset for: Gaussian (Lvl 5.0) ...
INFO - 05/26/26 11:08:25 - 0:44:48 - Generating and Evaluating on dataset for: Gaussian (Lvl 10.0) ...
INFO - 05/26/26 11:08:51 - 0:45:14 - 
                                     ============================================================
INFO - 05/26/26 11:08:51 - 0:45:14 -       FINAL ROBUSTNESS EVALUATION RESULTS ON TEST SET       
INFO - 05/26/26 11:08:51 - 0:45:14 - ============================================================
INFO - 05/26/26 11:08:51 - 0:45:14 - | Test Scenario                       | Score (Acc)        |
INFO - 05/26/26 11:08:51 - 0:45:14 - |-------------------------------------|--------------------|
INFO - 05/26/26 11:08:51 - 0:45:14 - | Clean Test                          |             0.7187 |
INFO - 05/26/26 11:08:51 - 0:45:14 - | Salt & Pepper (Lvl 5.0)             |             0.5810 |
INFO - 05/26/26 11:08:51 - 0:45:14 - | Salt & Pepper (Lvl 10.0)            |             0.4404 |
INFO - 05/26/26 11:08:51 - 0:45:14 - | Gaussian (Lvl 5.0)                  |             0.6376 |
INFO - 05/26/26 11:08:51 - 0:45:14 - | Gaussian (Lvl 10.0)                 |             0.5719 |
INFO - 05/26/26 11:08:51 - 0:45:14 - ============================================================
                                     
INFO - 05/26/26 11:08:51 - 0:45:14 - Saved final results to e:\Paper_Experiment\DML\DML_v1\RGB\savepath\nyud\dml_nyu_seed0_lr0.00024\final_results.json
INFO - 05/26/26 11:08:51 - 0:45:14 - Best Clean Model: epoch=13, clean_acc=0.7187
INFO - 05/26/26 11:08:51 - 0:45:14 - Appended experiment record to e:\Paper_Experiment\DML\DML_v1\RGB\savepath\nyud\all_experiments.json
INFO - 05/30/26 21:16:39 - 0:00:00 - CONTENT_MODEL_PATH: e:\Paper_Experiment\DML\DML_v1\RGB_v2\checkpoint\resnet18_pretrained.pth
                                     FINE_SIZE: 224
                                     LOAD_SIZE: 256
                                     batch_sz: 64
                                     data_path: e:\Paper_Experiment\DML\DML_v1\RGB_v2\data\nyud2_trainvaltest
                                     dropout: 0.3
                                     ib_beta: 0.001
                                     ib_eps_scale: 1.0
                                     img_embed_pool_type: avg
                                     img_hidden_sz: 512
                                     lr: 0.00024
                                     lr_factor: 0.3
                                     lr_patience: 10
                                     max_epochs: 50
                                     n_classes: 19
                                     n_workers: 8
                                     name: dml_nyu_seed0_lr0.00024
                                     note: 
                                     num_image_embeds: 1
                                     savedir: e:\Paper_Experiment\DML\DML_v1\RGB_v2\savepath\nyud\dml_nyu_seed0_lr0.00024
                                     seed: 0
INFO - 05/30/26 21:16:40 - 0:00:01 - Epoch 0 training started...
INFO - 05/30/26 21:17:12 - 0:00:32 - Epoch 0: Total Loss: 6.7762
INFO - 05/30/26 21:17:40 - 0:01:01 - Epoch 0: Clean - Acc: 0.5749
INFO - 05/30/26 21:17:41 - 0:01:01 -  *** NEW BEST CLEAN ACC *** Epoch 0 | Clean Acc: 0.5749
INFO - 05/30/26 21:17:41 - 0:01:01 - Epoch 1 training started...
INFO - 06/01/26 16:32:10 - 0:00:00 - CONTENT_MODEL_PATH: e:\Paper_Experiment\DML\DML_v1\RGB_v2\checkpoint\resnet18_pretrained.pth
                                     FINE_SIZE: 224
                                     LOAD_SIZE: 256
                                     batch_sz: 64
                                     data_path: e:\Paper_Experiment\DML\DML_v1\datasets_shared\nyud2_trainvaltest
                                     dropout: 0.3
                                     ib_beta: 0.001
                                     ib_eps_scale: 1.0
                                     img_embed_pool_type: avg
                                     img_hidden_sz: 512
                                     lr: 0.00024
                                     lr_factor: 0.3
                                     lr_patience: 10
                                     max_epochs: 50
                                     n_classes: 19
                                     n_workers: 8
                                     name: dml_nyu_seed0_lr0.00024
                                     note: 
                                     num_image_embeds: 1
                                     savedir: e:\Paper_Experiment\DML\DML_v1\RGB_v2\savepath\nyud\dml_nyu_seed0_lr0.00024
                                     seed: 0
INFO - 06/01/26 16:32:11 - 0:00:01 - Epoch 0 training started...
INFO - 06/01/26 16:32:46 - 0:00:36 - Epoch 0: Total Loss: 6.7762
INFO - 06/07/26 21:43:30 - 0:00:00 - CONTENT_MODEL_PATH: e:\Paper_Experiment\DML\DML_v1\RGB_v4\checkpoint\resnet18_pretrained.pth
                                     FINE_SIZE: 224
                                     LOAD_SIZE: 256
                                     batch_sz: 64
                                     calib_size: 0
                                     conformal_alpha: 0.1
                                     data_path: e:\Paper_Experiment\DML\DML_v1\datasets_shared\nyud2_trainvaltest
                                     dropout: 0.3
                                     ib_beta: 0.001
                                     ib_eps_scale: 1.0
                                     img_embed_pool_type: avg
                                     img_hidden_sz: 512
                                     lr: 0.00024
                                     lr_factor: 0.3
                                     lr_patience: 10
                                     max_epochs: 50
                                     n_classes: 19
                                     n_workers: 8
                                     name: dml_nyu_seed0_lr0.00024
                                     note: 
                                     num_image_embeds: 1
                                     savedir: e:\Paper_Experiment\DML\DML_v1\RGB_v4\savepath\nyud\dml_nyu_seed0_lr0.00024
                                     seed: 0
                                     uncertainty_tau: 1.0
INFO - 06/07/26 21:43:30 - 0:00:00 - Epoch 0 training started...
INFO - 06/07/26 21:44:28 - 0:00:58 - Epoch 0: Total Loss: 7.0062, loss_both:2.1583, loss_rgb:2.4183, loss_depth:2.3957, loss_ib:0.0338, loss_ib_rgb:0.0152, loss_ib_depth:0.0185, beta_rgb:0.001533, beta_depth:0.001441, uncertainty_rgb:0.5328, uncertainty_depth:0.4407, acc_both:0.3409, acc_rgb:0.2818, acc_depth:0.3069
INFO - 06/07/26 21:44:54 - 0:01:24 - Epoch 0: Val - Acc: 0.5314
INFO - 06/07/26 21:44:54 - 0:01:24 -  *** NEW BEST VAL ACC *** Epoch 0 | Val Acc: 0.5314
INFO - 06/07/26 21:44:54 - 0:01:24 - Epoch 1 training started...
INFO - 06/07/26 21:45:48 - 0:02:19 - Epoch 1: Total Loss: 2.7998, loss_both:0.7780, loss_rgb:0.7715, loss_depth:1.1644, loss_ib:0.0860, loss_ib_rgb:0.0381, loss_ib_depth:0.0479, beta_rgb:0.001106, beta_depth:0.001337, uncertainty_rgb:0.1060, uncertainty_depth:0.3370, acc_both:0.7748, acc_rgb:0.7522, acc_depth:0.6239
INFO - 06/07/26 21:46:14 - 0:02:45 - Epoch 1: Val - Acc: 0.9106
INFO - 06/07/26 21:46:15 - 0:02:45 -  *** NEW BEST VAL ACC *** Epoch 1 | Val Acc: 0.9106
INFO - 06/07/26 21:46:15 - 0:02:45 - Epoch 2 training started...
INFO - 06/07/26 21:47:09 - 0:03:39 - Epoch 2: Total Loss: 1.4532, loss_both:0.3391, loss_rgb:0.3030, loss_depth:0.7016, loss_ib:0.1094, loss_ib_rgb:0.0551, loss_ib_depth:0.0543, beta_rgb:0.001053, beta_depth:0.001099, uncertainty_rgb:0.0534, uncertainty_depth:0.0989, acc_both:0.9484, acc_rgb:0.9333, acc_depth:0.7912
INFO - 06/07/26 21:47:35 - 0:04:05 - Epoch 2: Val - Acc: 0.9855
INFO - 06/07/26 21:47:35 - 0:04:06 -  *** NEW BEST VAL ACC *** Epoch 2 | Val Acc: 0.9855
INFO - 06/07/26 21:47:35 - 0:04:06 - Epoch 3 training started...
INFO - 06/07/26 21:48:29 - 0:05:00 - Epoch 3: Total Loss: 0.8515, loss_both:0.1591, loss_rgb:0.1437, loss_depth:0.4234, loss_ib:0.1253, loss_ib_rgb:0.0643, loss_ib_depth:0.0610, beta_rgb:0.001049, beta_depth:0.001061, uncertainty_rgb:0.0493, uncertainty_depth:0.0606, acc_both:0.9824, acc_rgb:0.9686, acc_depth:0.8843
INFO - 06/07/26 21:48:56 - 0:05:26 - Epoch 3: Val - Acc: 1.0000
INFO - 06/07/26 21:48:56 - 0:05:27 -  *** NEW BEST VAL ACC *** Epoch 3 | Val Acc: 1.0000
INFO - 06/07/26 21:48:56 - 0:05:27 - Epoch 4 training started...
INFO - 06/08/26 11:34:43 - 0:00:00 - CONTENT_MODEL_PATH: e:\Paper_Experiment\DML\DML_v1\RGB_v4\checkpoint\resnet18_pretrained.pth
                                     FINE_SIZE: 224
                                     LOAD_SIZE: 256
                                     batch_sz: 64
                                     calib_size: 0
                                     conformal_alpha: 0.1
                                     data_path: e:\Paper_Experiment\DML\DML_v1\datasets_shared\nyud2_trainvaltest
                                     dropout: 0.3
                                     ib_beta: 0.001
                                     ib_eps_scale: 1.0
                                     img_embed_pool_type: avg
                                     img_hidden_sz: 512
                                     lr: 0.00024
                                     lr_factor: 0.3
                                     lr_patience: 10
                                     max_epochs: 50
                                     n_classes: 19
                                     n_workers: 8
                                     name: dml_nyu_seed0_lr0.00024
                                     note: 
                                     num_image_embeds: 1
                                     savedir: e:\Paper_Experiment\DML\DML_v1\RGB_v4\savepath\nyud\dml_nyu_seed0_lr0.00024
                                     seed: 0
                                     uncertainty_tau: 1.0
INFO - 06/08/26 11:34:43 - 0:00:01 - Epoch 0 training started...
INFO - 06/08/26 11:35:45 - 0:01:02 - Epoch 0: Total Loss: 7.0062, loss_both:2.1583, loss_rgb:2.4183, loss_depth:2.3957, loss_ib:0.0338, loss_ib_rgb:0.0152, loss_ib_depth:0.0185, beta_rgb:0.001533, beta_depth:0.001441, uncertainty_rgb:0.5328, uncertainty_depth:0.4407, acc_both:0.3409, acc_rgb:0.2818, acc_depth:0.3069
INFO - 06/08/26 11:36:11 - 0:01:28 - Epoch 0: Val - Acc: 0.5314
INFO - 06/08/26 11:36:12 - 0:01:29 -  *** NEW BEST VAL ACC *** Epoch 0 | Val Acc: 0.5314
INFO - 06/08/26 11:36:12 - 0:01:29 - Epoch 1 training started...
INFO - 06/08/26 11:37:04 - 0:02:21 - Epoch 1: Total Loss: 2.7998, loss_both:0.7780, loss_rgb:0.7715, loss_depth:1.1644, loss_ib:0.0860, loss_ib_rgb:0.0381, loss_ib_depth:0.0479, beta_rgb:0.001106, beta_depth:0.001337, uncertainty_rgb:0.1060, uncertainty_depth:0.3370, acc_both:0.7748, acc_rgb:0.7522, acc_depth:0.6239
INFO - 06/08/26 11:37:30 - 0:02:47 - Epoch 1: Val - Acc: 0.9106
INFO - 06/08/26 11:37:30 - 0:02:47 -  *** NEW BEST VAL ACC *** Epoch 1 | Val Acc: 0.9106
INFO - 06/08/26 11:37:30 - 0:02:47 - Epoch 2 training started...
INFO - 06/08/26 11:38:23 - 0:03:41 - Epoch 2: Total Loss: 1.4532, loss_both:0.3391, loss_rgb:0.3030, loss_depth:0.7016, loss_ib:0.1094, loss_ib_rgb:0.0551, loss_ib_depth:0.0543, beta_rgb:0.001053, beta_depth:0.001099, uncertainty_rgb:0.0534, uncertainty_depth:0.0989, acc_both:0.9484, acc_rgb:0.9333, acc_depth:0.7912
INFO - 06/08/26 11:38:48 - 0:04:05 - Epoch 2: Val - Acc: 0.9855
INFO - 06/08/26 11:38:48 - 0:04:05 -  *** NEW BEST VAL ACC *** Epoch 2 | Val Acc: 0.9855
INFO - 06/08/26 11:38:48 - 0:04:05 - Epoch 3 training started...
INFO - 06/08/26 11:39:40 - 0:04:57 - Epoch 3: Total Loss: 0.8515, loss_both:0.1591, loss_rgb:0.1437, loss_depth:0.4234, loss_ib:0.1253, loss_ib_rgb:0.0643, loss_ib_depth:0.0610, beta_rgb:0.001049, beta_depth:0.001061, uncertainty_rgb:0.0493, uncertainty_depth:0.0606, acc_both:0.9824, acc_rgb:0.9686, acc_depth:0.8843
INFO - 06/08/26 11:40:05 - 0:05:22 - Epoch 3: Val - Acc: 1.0000
INFO - 06/08/26 11:40:05 - 0:05:22 -  *** NEW BEST VAL ACC *** Epoch 3 | Val Acc: 1.0000
INFO - 06/08/26 11:40:05 - 0:05:22 - Epoch 4 training started...
INFO - 06/08/26 11:41:03 - 0:06:20 - Epoch 4: Total Loss: 0.6088, loss_both:0.0883, loss_rgb:0.0864, loss_depth:0.3029, loss_ib:0.1313, loss_ib_rgb:0.0681, loss_ib_depth:0.0631, beta_rgb:0.001048, beta_depth:0.001053, uncertainty_rgb:0.0478, uncertainty_depth:0.0526, acc_both:0.9962, acc_rgb:0.9874, acc_depth:0.9208
INFO - 06/08/26 11:41:31 - 0:06:48 - Epoch 4: Val - Acc: 0.9976
INFO - 06/08/26 11:41:31 - 0:06:48 - Epoch 5 training started...
INFO - 06/08/26 11:42:22 - 0:07:39 - Epoch 5: Total Loss: 0.4230, loss_both:0.0502, loss_rgb:0.0514, loss_depth:0.1897, loss_ib:0.1318, loss_ib_rgb:0.0688, loss_ib_depth:0.0630, beta_rgb:0.001047, beta_depth:0.001050, uncertainty_rgb:0.0470, uncertainty_depth:0.0495, acc_both:0.9962, acc_rgb:0.9937, acc_depth:0.9673
INFO - 06/08/26 11:42:47 - 0:08:04 - Epoch 5: Val - Acc: 1.0000
INFO - 06/08/26 11:42:47 - 0:08:04 - Epoch 6 training started...
INFO - 06/08/26 11:43:39 - 0:08:56 - Epoch 6: Total Loss: 0.3075, loss_both:0.0301, loss_rgb:0.0297, loss_depth:0.1186, loss_ib:0.1291, loss_ib_rgb:0.0669, loss_ib_depth:0.0622, beta_rgb:0.001049, beta_depth:0.001048, uncertainty_rgb:0.0490, uncertainty_depth:0.0481, acc_both:1.0000, acc_rgb:0.9987, acc_depth:0.9836
INFO - 06/08/26 11:44:04 - 0:09:21 - Epoch 6: Val - Acc: 1.0000
INFO - 06/08/26 11:44:04 - 0:09:21 - Epoch 7 training started...
INFO - 06/08/26 11:44:57 - 0:10:14 - Epoch 7: Total Loss: 0.2721, loss_both:0.0229, loss_rgb:0.0255, loss_depth:0.0959, loss_ib:0.1278, loss_ib_rgb:0.0658, loss_ib_depth:0.0619, beta_rgb:0.001049, beta_depth:0.001048, uncertainty_rgb:0.0491, uncertainty_depth:0.0484, acc_both:1.0000, acc_rgb:0.9975, acc_depth:0.9836
INFO - 06/08/26 11:45:26 - 0:10:43 - Epoch 7: Val - Acc: 1.0000
INFO - 06/08/26 11:45:26 - 0:10:43 - Epoch 8 training started...
INFO - 06/08/26 11:46:27 - 0:11:44 - Epoch 8: Total Loss: 0.2212, loss_both:0.0156, loss_rgb:0.0175, loss_depth:0.0619, loss_ib:0.1262, loss_ib_rgb:0.0650, loss_ib_depth:0.0613, beta_rgb:0.001049, beta_depth:0.001048, uncertainty_rgb:0.0488, uncertainty_depth:0.0483, acc_both:1.0000, acc_rgb:1.0000, acc_depth:0.9912
INFO - 06/08/26 11:46:55 - 0:12:12 - Epoch 8: Val - Acc: 1.0000
INFO - 06/08/26 11:46:55 - 0:12:12 - Epoch 9 training started...
INFO - 06/08/26 11:47:54 - 0:13:11 - Epoch 9: Total Loss: 0.2028, loss_both:0.0131, loss_rgb:0.0158, loss_depth:0.0502, loss_ib:0.1236, loss_ib_rgb:0.0628, loss_ib_depth:0.0608, beta_rgb:0.001046, beta_depth:0.001049, uncertainty_rgb:0.0459, uncertainty_depth:0.0490, acc_both:1.0000, acc_rgb:1.0000, acc_depth:0.9962
INFO - 06/08/26 11:48:23 - 0:13:40 - Epoch 9: Val - Acc: 1.0000
INFO - 06/08/26 11:48:23 - 0:13:40 - Epoch 10 training started...
INFO - 06/08/26 11:49:24 - 0:14:41 - Epoch 10: Total Loss: 0.1874, loss_both:0.0120, loss_rgb:0.0136, loss_depth:0.0423, loss_ib:0.1195, loss_ib_rgb:0.0607, loss_ib_depth:0.0588, beta_rgb:0.001046, beta_depth:0.001050, uncertainty_rgb:0.0457, uncertainty_depth:0.0495, acc_both:1.0000, acc_rgb:1.0000, acc_depth:0.9987
INFO - 06/08/26 11:49:52 - 0:15:09 - Epoch 10: Val - Acc: 1.0000
INFO - 06/08/26 11:49:52 - 0:15:09 - Epoch 11 training started...
INFO - 06/08/26 11:50:45 - 0:16:02 - Epoch 11: Total Loss: 0.1756, loss_both:0.0108, loss_rgb:0.0138, loss_depth:0.0341, loss_ib:0.1169, loss_ib_rgb:0.0590, loss_ib_depth:0.0580, beta_rgb:0.001045, beta_depth:0.001048, uncertainty_rgb:0.0455, uncertainty_depth:0.0482, acc_both:1.0000, acc_rgb:0.9987, acc_depth:0.9987
INFO - 06/08/26 11:51:09 - 0:16:26 - Epoch 11: Val - Acc: 1.0000
INFO - 06/08/26 11:51:09 - 0:16:26 - Epoch 12 training started...
INFO - 06/08/26 11:52:01 - 0:17:18 - Epoch 12: Total Loss: 0.1620, loss_both:0.0088, loss_rgb:0.0109, loss_depth:0.0276, loss_ib:0.1148, loss_ib_rgb:0.0577, loss_ib_depth:0.0571, beta_rgb:0.001046, beta_depth:0.001049, uncertainty_rgb:0.0461, uncertainty_depth:0.0495, acc_both:1.0000, acc_rgb:1.0000, acc_depth:0.9987
INFO - 06/08/26 11:52:26 - 0:17:43 - Epoch 12: Val - Acc: 1.0000
INFO - 06/08/26 11:52:26 - 0:17:43 - Epoch 13 training started...
INFO - 06/08/26 11:53:18 - 0:18:35 - Epoch 13: Total Loss: 0.1594, loss_both:0.0086, loss_rgb:0.0118, loss_depth:0.0257, loss_ib:0.1133, loss_ib_rgb:0.0566, loss_ib_depth:0.0567, beta_rgb:0.001046, beta_depth:0.001048, uncertainty_rgb:0.0458, uncertainty_depth:0.0482, acc_both:1.0000, acc_rgb:0.9987, acc_depth:0.9975
INFO - 06/08/26 11:53:43 - 0:19:00 - Epoch 13: Val - Acc: 1.0000
INFO - 06/08/26 11:53:43 - 0:19:00 - Epoch 14 training started...
INFO - 06/08/26 11:54:36 - 0:19:53 - Epoch 14: Total Loss: 0.1510, loss_both:0.0082, loss_rgb:0.0115, loss_depth:0.0211, loss_ib:0.1102, loss_ib_rgb:0.0545, loss_ib_depth:0.0557, beta_rgb:0.001043, beta_depth:0.001047, uncertainty_rgb:0.0428, uncertainty_depth:0.0475, acc_both:1.0000, acc_rgb:1.0000, acc_depth:1.0000
INFO - 06/08/26 11:55:00 - 0:20:17 - Epoch 14: Val - Acc: 1.0000
INFO - 06/08/26 11:55:00 - 0:20:17 - Epoch 15 training started...
INFO - 06/08/26 11:55:59 - 0:21:16 - Epoch 15: Total Loss: 0.1441, loss_both:0.0073, loss_rgb:0.0108, loss_depth:0.0171, loss_ib:0.1089, loss_ib_rgb:0.0537, loss_ib_depth:0.0551, beta_rgb:0.001047, beta_depth:0.001048, uncertainty_rgb:0.0465, uncertainty_depth:0.0480, acc_both:1.0000, acc_rgb:1.0000, acc_depth:1.0000
INFO - 06/08/26 11:56:28 - 0:21:45 - Epoch 15: Val - Acc: 1.0000
INFO - 06/08/26 11:56:28 - 0:21:45 - Epoch 16 training started...
INFO - 06/08/26 18:43:47 - 0:00:00 - CONTENT_MODEL_PATH: e:\Paper_Experiment\DML\DML_v1\RGB_v4\checkpoint\resnet18_pretrained.pth
                                     FINE_SIZE: 224
                                     LOAD_SIZE: 256
                                     batch_sz: 64
                                     calib_size: 0
                                     conformal_alpha: 0.1
                                     data_path: e:\Paper_Experiment\DML\DML_v1\datasets_shared\nyud2_trainvaltest
                                     dropout: 0.3
                                     ib_beta: 0.001
                                     ib_eps_scale: 1.0
                                     img_embed_pool_type: avg
                                     img_hidden_sz: 512
                                     lr: 0.00024
                                     lr_factor: 0.3
                                     lr_patience: 10
                                     max_epochs: 50
                                     n_classes: 19
                                     n_workers: 8
                                     name: dml_nyu_seed0_lr0.00024
                                     note: 
                                     num_image_embeds: 1
                                     patience: 3
                                     savedir: e:\Paper_Experiment\DML\DML_v1\RGB_v4\savepath\nyud\dml_nyu_seed0_lr0.00024
                                     seed: 0
                                     uncertainty_tau: 1.0
INFO - 06/08/26 18:43:48 - 0:00:00 - Epoch 0 training started...
INFO - 06/08/26 18:44:46 - 0:00:58 - Epoch 0: Total Loss: 7.0062, loss_both:2.1583, loss_rgb:2.4183, loss_depth:2.3957, loss_ib:0.0338, loss_ib_rgb:0.0152, loss_ib_depth:0.0185, beta_rgb:0.001533, beta_depth:0.001441, uncertainty_rgb:0.5328, uncertainty_depth:0.4407, acc_both:0.3409, acc_rgb:0.2818, acc_depth:0.3069
INFO - 06/08/26 18:45:12 - 0:01:25 - Epoch 0: Val - Acc: 0.5314
INFO - 06/08/26 18:45:12 - 0:01:25 -  *** NEW BEST VAL ACC *** Epoch 0 | Val Acc: 0.5314
INFO - 06/08/26 18:45:12 - 0:01:25 - Epoch 1 training started...
INFO - 06/08/26 18:46:08 - 0:02:21 - Epoch 1: Total Loss: 2.7998, loss_both:0.7780, loss_rgb:0.7715, loss_depth:1.1644, loss_ib:0.0860, loss_ib_rgb:0.0381, loss_ib_depth:0.0479, beta_rgb:0.001106, beta_depth:0.001337, uncertainty_rgb:0.1060, uncertainty_depth:0.3370, acc_both:0.7748, acc_rgb:0.7522, acc_depth:0.6239
INFO - 06/08/26 18:46:36 - 0:02:48 - Epoch 1: Val - Acc: 0.9106
INFO - 06/08/26 18:46:36 - 0:02:49 -  *** NEW BEST VAL ACC *** Epoch 1 | Val Acc: 0.9106
INFO - 06/08/26 18:46:36 - 0:02:49 - Epoch 2 training started...
INFO - 06/08/26 18:47:41 - 0:03:54 - Epoch 2: Total Loss: 1.4532, loss_both:0.3391, loss_rgb:0.3030, loss_depth:0.7016, loss_ib:0.1094, loss_ib_rgb:0.0551, loss_ib_depth:0.0543, beta_rgb:0.001053, beta_depth:0.001099, uncertainty_rgb:0.0534, uncertainty_depth:0.0989, acc_both:0.9484, acc_rgb:0.9333, acc_depth:0.7912
INFO - 06/08/26 18:48:10 - 0:04:22 - Epoch 2: Val - Acc: 0.9855
INFO - 06/08/26 18:48:10 - 0:04:23 -  *** NEW BEST VAL ACC *** Epoch 2 | Val Acc: 0.9855
INFO - 06/08/26 18:48:10 - 0:04:23 - Epoch 3 training started...
INFO - 06/08/26 18:49:11 - 0:05:24 - Epoch 3: Total Loss: 0.8515, loss_both:0.1591, loss_rgb:0.1437, loss_depth:0.4234, loss_ib:0.1253, loss_ib_rgb:0.0643, loss_ib_depth:0.0610, beta_rgb:0.001049, beta_depth:0.001061, uncertainty_rgb:0.0493, uncertainty_depth:0.0606, acc_both:0.9824, acc_rgb:0.9686, acc_depth:0.8843
INFO - 06/08/26 18:49:42 - 0:05:55 - Epoch 3: Val - Acc: 1.0000
INFO - 06/08/26 18:49:42 - 0:05:55 -  *** NEW BEST VAL ACC *** Epoch 3 | Val Acc: 1.0000
INFO - 06/08/26 18:49:42 - 0:05:55 - Epoch 4 training started...
INFO - 06/08/26 18:50:50 - 0:07:03 - Epoch 4: Total Loss: 0.6088, loss_both:0.0883, loss_rgb:0.0864, loss_depth:0.3029, loss_ib:0.1313, loss_ib_rgb:0.0681, loss_ib_depth:0.0631, beta_rgb:0.001048, beta_depth:0.001053, uncertainty_rgb:0.0478, uncertainty_depth:0.0526, acc_both:0.9962, acc_rgb:0.9874, acc_depth:0.9208
INFO - 06/08/26 18:51:22 - 0:07:35 - Epoch 4: Val - Acc: 0.9976
INFO - 06/08/26 18:51:22 - 0:07:35 - Epoch 5 training started...
INFO - 06/08/26 18:52:38 - 0:08:51 - Epoch 5: Total Loss: 0.4230, loss_both:0.0502, loss_rgb:0.0514, loss_depth:0.1897, loss_ib:0.1318, loss_ib_rgb:0.0688, loss_ib_depth:0.0630, beta_rgb:0.001047, beta_depth:0.001050, uncertainty_rgb:0.0470, uncertainty_depth:0.0495, acc_both:0.9962, acc_rgb:0.9937, acc_depth:0.9673
INFO - 06/08/26 18:55:00 - 0:11:12 - Epoch 5: Val - Acc: 1.0000
INFO - 06/08/26 18:55:00 - 0:11:12 - Epoch 6 training started...
INFO - 06/08/26 18:56:24 - 0:12:36 - Epoch 6: Total Loss: 0.3075, loss_both:0.0301, loss_rgb:0.0297, loss_depth:0.1186, loss_ib:0.1291, loss_ib_rgb:0.0669, loss_ib_depth:0.0622, beta_rgb:0.001049, beta_depth:0.001048, uncertainty_rgb:0.0490, uncertainty_depth:0.0481, acc_both:1.0000, acc_rgb:0.9987, acc_depth:0.9836
INFO - 06/08/26 18:57:00 - 0:13:13 - Epoch 6: Val - Acc: 1.0000
INFO - 06/08/26 18:57:00 - 0:13:13 - No improvement for 3 epochs. Stopping early.
INFO - 06/08/26 18:57:00 - 0:13:13 - Loading best model for final robust evaluation on Test sets...
INFO - 06/08/26 18:57:35 - 0:13:48 - Generating and Evaluating on dataset for: Clean Test ...
INFO - 06/08/26 18:58:07 - 0:14:19 - Generating and Evaluating on dataset for: Salt & Pepper (Lvl 5.0) ...
INFO - 06/08/26 18:58:39 - 0:14:52 - Generating and Evaluating on dataset for: Salt & Pepper (Lvl 10.0) ...
INFO - 06/08/26 18:59:12 - 0:15:25 - Generating and Evaluating on dataset for: Gaussian (Lvl 5.0) ...
INFO - 06/08/26 18:59:45 - 0:15:58 - Generating and Evaluating on dataset for: Gaussian (Lvl 10.0) ...
INFO - 06/08/26 19:00:18 - 0:16:30 - 
                                     ============================================================
INFO - 06/08/26 19:00:18 - 0:16:30 -       FINAL ROBUSTNESS EVALUATION RESULTS ON TEST SET       
INFO - 06/08/26 19:00:18 - 0:16:30 - ============================================================
INFO - 06/08/26 19:00:18 - 0:16:30 - | Test Scenario                       | Score (Acc)        |
INFO - 06/08/26 19:00:18 - 0:16:30 - |-------------------------------------|--------------------|
INFO - 06/08/26 19:00:18 - 0:16:30 - | Clean Test                          |             0.6896 |
INFO - 06/08/26 19:00:18 - 0:16:30 - | Salt & Pepper (Lvl 5.0)             |             0.5596 |
INFO - 06/08/26 19:00:18 - 0:16:30 - | Salt & Pepper (Lvl 10.0)            |             0.4159 |
INFO - 06/08/26 19:00:18 - 0:16:30 - | Gaussian (Lvl 5.0)                  |             0.5612 |
INFO - 06/08/26 19:00:18 - 0:16:30 - | Gaussian (Lvl 10.0)                 |             0.5153 |
INFO - 06/08/26 19:00:18 - 0:16:30 - ============================================================
                                     
INFO - 06/08/26 19:00:18 - 0:16:30 - Saved final results to e:\Paper_Experiment\DML\DML_v1\RGB_v4\savepath\nyud\dml_nyu_seed0_lr0.00024\final_results.json
INFO - 06/08/26 19:00:18 - 0:16:30 - Best Val Model: epoch=3, val_acc=1.0000, clean_test_acc=0.6896
INFO - 06/08/26 19:00:18 - 0:16:30 - Appended experiment record to e:\Paper_Experiment\DML\DML_v1\RGB_v4\savepath\nyud\all_experiments.json
